[32m
[QUARK-INFO]: Checking custom ops library ...[0m
[33m
[QUARK-WARNING]: The custom ops library C:\Users\vishn\anaconda3\envs\ryzen-ai-1.8.0-quark\Lib\site-packages\quark\onnx\operators\custom_ops\lib\custom_ops.dll does NOT exist.[0m
[32m
[QUARK-INFO]: Start compiling CPU version of custom ops library.[0m
C:\Users\vishn\anaconda3\envs\ryzen-ai-1.8.0-quark\Lib\site-packages\torch\utils\cpp_extension.py:380: UserWarning: Error checking compiler version for cl: [WinError 2] The system cannot find the file specified
  warnings.warn(f'Error checking compiler version for {compiler}: {error}')
INFO: Could not find files for the given pattern(s).
[31m
[QUARK-ERROR]: CPU version of custom ops library compilation failed:Command '['where', 'cl']' returned non-zero exit status 1.[0m
[33m
[QUARK-WARNING]: Custom ops library compilation failed: CPU version of custom ops library compilation failed:Command '['where', 'cl']' returned non-zero exit status 1..[0m
Traceback (most recent call last):
  File "C:\Users\vishn\anaconda3\envs\ryzen-ai-1.8.0-quark\Lib\site-packages\quark\onnx\operators\custom_ops\build_custom_ops.py", line 58, in compile_custom_op_cpu
    load(
  File "C:\Users\vishn\anaconda3\envs\ryzen-ai-1.8.0-quark\Lib\site-packages\torch\utils\cpp_extension.py", line 1312, in load
    return _jit_compile(
           ^^^^^^^^^^^^^
  File "C:\Users\vishn\anaconda3\envs\ryzen-ai-1.8.0-quark\Lib\site-packages\torch\utils\cpp_extension.py", line 1722, in _jit_compile
    _write_ninja_file_and_build_library(
  File "C:\Users\vishn\anaconda3\envs\ryzen-ai-1.8.0-quark\Lib\site-packages\torch\utils\cpp_extension.py", line 1821, in _write_ninja_file_and_build_library
    _write_ninja_file_to_build_library(
  File "C:\Users\vishn\anaconda3\envs\ryzen-ai-1.8.0-quark\Lib\site-packages\torch\utils\cpp_extension.py", line 2246, in _write_ninja_file_to_build_library
    _write_ninja_file(
  File "C:\Users\vishn\anaconda3\envs\ryzen-ai-1.8.0-quark\Lib\site-packages\torch\utils\cpp_extension.py", line 2382, in _write_ninja_file
    cl_paths = subprocess.check_output(['where',
               ^^^^^^^^^^^^^^^^^^^^^^^^^^^^^^^^^
  File "C:\Users\vishn\anaconda3\envs\ryzen-ai-1.8.0-quark\Lib\subprocess.py", line 466, in check_output
    return run(*popenargs, stdout=PIPE, timeout=timeout, check=True,
           ^^^^^^^^^^^^^^^^^^^^^^^^^^^^^^^^^^^^^^^^^^^^^^^^^^^^^^^^^
  File "C:\Users\vishn\anaconda3\envs\ryzen-ai-1.8.0-quark\Lib\subprocess.py", line 571, in run
    raise CalledProcessError(retcode, process.args,
subprocess.CalledProcessError: Command '['where', 'cl']' returned non-zero exit status 1.

During handling of the above exception, another exception occurred:

Traceback (most recent call last):
  File "C:\Users\vishn\anaconda3\envs\ryzen-ai-1.8.0-quark\Lib\site-packages\quark\onnx\operators\custom_ops\build_custom_ops.py", line 291, in compile_library
    compile_library_core("CPU", extra_cuda_cflags, extra_cflags)
  File "C:\Users\vishn\anaconda3\envs\ryzen-ai-1.8.0-quark\Lib\site-packages\quark\onnx\operators\custom_ops\build_custom_ops.py", line 257, in compile_library_core
    compile_custom_op_cpu(file_name, build_directory, extra_cuda_cflags, extra_cflags)
  File "C:\Users\vishn\anaconda3\envs\ryzen-ai-1.8.0-quark\Lib\site-packages\quark\shares\utils\log.py", line 136, in wrapper
    return func(*args, **kwargs)
           ^^^^^^^^^^^^^^^^^^^^^
  File "C:\Users\vishn\anaconda3\envs\ryzen-ai-1.8.0-quark\Lib\site-packages\quark\onnx\operators\custom_ops\build_custom_ops.py", line 72, in compile_custom_op_cpu
    raise RuntimeError("CPU version of custom ops library compilation failed:" + str(e))
RuntimeError: CPU version of custom ops library compilation failed:Command '['where', 'cl']' returned non-zero exit status 1.
[32m
[QUARK-INFO]: Checked custom ops library.[0m
[33m
[QUARK-WARNING]: The custom ops library C:\Users\vishn\anaconda3\envs\ryzen-ai-1.8.0-quark\Lib\site-packages\quark\onnx\operators\custom_ops\lib\custom_ops.dll does NOT exist.[0m
[33m
[QUARK-WARNING]: Config has been replaced by QConfig. The old API will be removed in the next release.[0m
[33m
[QUARK-WARNING]: The algorithm API is algo_config in QConfig. The old API will be removed in the next release.[0m
[32m
[QUARK-INFO]: The input ONNX model can create InferenceSession successfully[0m
[32m
[QUARK-INFO]: Folding or fusing operators for better accuracy and performance.[0m
[33m
[QUARK-WARNING]: The opset version is 13 < 17. Skipping fusing layer normalization.[0m
[33m
[QUARK-WARNING]: The opset version is 13 < 20. Skipping fusing Gelu.[0m
[32m
[QUARK-INFO]: Optimizing the model for a better hardware compatibility.[0m
[32m
[QUARK-INFO]: The input ONNX model can run inference successfully[0m
[32m
[QUARK-INFO]: Start running calibration on 8 samples with extra options {}...[0m
[32m
[QUARK-INFO]: Data collection of CalibrationMethod.MinMax in progress. Runtime will depend on your model and data size.[0m
[QUARK_INFO]: Time information:
2026-09-24 13:13:54.402980
[QUARK_INFO]: OS and CPU information:
                                        system --- Windows
                                          node --- Vishnu
                                       release --- 11
                                       version --- 10.0.26200
                                       machine --- AMD64
                                     processor --- AMD64 Family 26 Model 36 Stepping 0, AuthenticAMD
[QUARK_INFO]: Tools version information:
                                        python --- 3.12.11
                                          onnx --- 1.19.0
                                   onnxruntime --- 1.27.0
                                    quark.onnx --- 0.11.2
[QUARK_INFO]: Quantized Configuration information:
                                   model_input --- C:\Users\vishn\stereo_depth_vision\stage_e_recipe\int8_e3\e3_seed0_best_fp32.onnx
                                  model_output --- C:\Users\vishn\stereo_depth_vision\stage_e_recipe\npu_quark\Q3_xint8.onnx
                       calibration_data_reader --- <__main__.quark_reader.<locals>.Reader object at 0x0000027439477EC0>
                         calibration_data_path --- None
                                  quant_format --- QDQ
                                   input_nodes --- []
                                  output_nodes --- []
                          op_types_to_quantize --- []
                    extra_op_types_to_quantize --- []
                                   per_channel --- False
                                  reduce_range --- False
                               activation_type --- QUInt8
                                   weight_type --- QInt8
                             nodes_to_quantize --- []
                              nodes_to_exclude --- ['/refinement/Concat', '/refinement/blocks/blocks.0/Add', '/refinement/blocks/blocks.0/act/LeakyRelu', '/refinement/blocks/blocks.0/act_1/LeakyRelu', '/refinement/blocks/blocks.0/conv1/Conv', '/refinement/blocks/blocks.0/conv2/Conv', '/refinement/blocks/blocks.1/Add', '/refinement/blocks/blocks.1/act/LeakyRelu', '/refinement/blocks/blocks.1/act_1/LeakyRelu', '/refinement/blocks/blocks.1/conv1/Conv', '/refinement/blocks/blocks.1/conv2/Conv', '/refinement/blocks/blocks.2/Add', '/refinement/blocks/blocks.2/act/LeakyRelu', '/refinement/blocks/blocks.2/act_1/LeakyRelu', '/refinement/blocks/blocks.2/conv1/Conv', '/refinement/blocks/blocks.2/conv2/Conv', '/refinement/blocks/blocks.3/Add', '/refinement/blocks/blocks.3/act/LeakyRelu', '/refinement/blocks/blocks.3/act_1/LeakyRelu', '/refinement/blocks/blocks.3/conv1/Conv', '/refinement/blocks/blocks.3/conv2/Conv', '/refinement/blocks/blocks.4/Add', '/refinement/blocks/blocks.4/act/LeakyRelu', '/refinement/blocks/blocks.4/act_1/LeakyRelu', '/refinement/blocks/blocks.4/conv1/Conv', '/refinement/blocks/blocks.4/conv2/Conv', '/refinement/blocks/blocks.5/Add', '/refinement/blocks/blocks.5/act/LeakyRelu', '/refinement/blocks/blocks.5/act_1/LeakyRelu', '/refinement/blocks/blocks.5/conv1/Conv', '/refinement/blocks/blocks.5/conv2/Conv', '/refinement/input_conv/Conv', '/refinement/output_conv/Conv', '/regression/Add', '/regression/Cast', '/regression/Cast_1', '/regression/Concat', '/regression/Constant', '/regression/Constant_1', '/regression/Constant_10', '/regression/Constant_2', '/regression/Constant_3', '/regression/Constant_4', '/regression/Constant_5', '/regression/Constant_6', '/regression/Constant_7', '/regression/Constant_8', '/regression/Constant_9', '/regression/Div', '/regression/Div_1', '/regression/Gather', '/regression/Gather_1', '/regression/Mul', '/regression/Mul_1', '/regression/Mul_2', '/regression/Neg', '/regression/Range', '/regression/ReduceMean', '/regression/ReduceMean_1', '/regression/ReduceMean_2', '/regression/ReduceProd', '/regression/ReduceSum', '/regression/Reshape', '/regression/Resize', '/regression/Shape', '/regression/Shape_1', '/regression/Shape_2', '/regression/Slice', '/regression/Softmax', '/regression/Sqrt', '/regression/Sub', '/regression/Sub_1', '/regression/Sub_2']
                          subgraphs_to_exclude --- []
                                optimize_model --- True
                      use_external_data_format --- True
                              calibrate_method --- CalibrationMethod.MinMax
                           execution_providers --- ['CPUExecutionProvider']
                                enable_npu_cnn --- True
                        enable_npu_transformer --- False
                     specific_tensor_precision --- False
                                    debug_mode --- False
                          convert_fp16_to_fp32 --- False
                          convert_nchw_to_nhwc --- False
                                   include_cle --- False
                                    include_sq --- False
                              include_rotation --- False
                               include_fast_ft --- False
                                 extra_options --- {'ActivationSymmetric': True}
  0%|          | 0/8 [00:00<?, ?it/s] 12%|#2        | 1/8 [00:01<00:09,  1.34s/it] 25%|##5       | 2/8 [00:02<00:07,  1.31s/it] 38%|###7      | 3/8 [00:04<00:06,  1.35s/it] 50%|#####     | 4/8 [00:05<00:05,  1.35s/it] 62%|######2   | 5/8 [00:06<00:04,  1.35s/it] 75%|#######5  | 6/8 [00:08<00:02,  1.35s/it] 88%|########7 | 7/8 [00:09<00:01,  1.35s/it]100%|##########| 8/8 [00:10<00:00,  1.36s/it]100%|##########| 8/8 [00:10<00:00,  1.35s/it]
[32m
[QUARK-INFO]: The calibration has been finished. It took 11.6s to complete.[0m
[33m
[QUARK-WARNING]: rmax is set to inf, replacing with a very large value.[0m
[33m
[QUARK-WARNING]: rmax is set to inf, replacing with a very large value.[0m
[33m
[QUARK-WARNING]: failed to infer the type of tensor: . Skip to quantize it. Please check if it is expected.[0m
[33m
[QUARK-WARNING]: failed to infer the type of tensor: . Skip to quantize it. Please check if it is expected.[0m
[33m
[QUARK-WARNING]: failed to infer the type of tensor: . Skip to quantize it. Please check if it is expected.[0m
[33m
[QUARK-WARNING]: failed to infer the type of tensor: . Skip to quantize it. Please check if it is expected.[0m
[33m
[QUARK-WARNING]: failed to infer the type of tensor: . Skip to quantize it. Please check if it is expected.[0m
[33m
[QUARK-WARNING]: failed to infer the type of tensor: . Skip to quantize it. Please check if it is expected.[0m
[33m
[QUARK-WARNING]: failed to infer the type of tensor: . Skip to quantize it. Please check if it is expected.[0m
[33m
[QUARK-WARNING]: failed to infer the type of tensor: . Skip to quantize it. Please check if it is expected.[0m
[33m
[QUARK-WARNING]: failed to infer the type of tensor: . Skip to quantize it. Please check if it is expected.[0m
[33m
[QUARK-WARNING]: failed to infer the type of tensor: . Skip to quantize it. Please check if it is expected.[0m
[33m
[QUARK-WARNING]: failed to infer the type of tensor: . Skip to quantize it. Please check if it is expected.[0m
[33m
[QUARK-WARNING]: failed to infer the type of tensor: . Skip to quantize it. Please check if it is expected.[0m
[33m
[QUARK-WARNING]: failed to infer the type of tensor: . Skip to quantize it. Please check if it is expected.[0m
[33m
[QUARK-WARNING]: failed to infer the type of tensor: . Skip to quantize it. Please check if it is expected.[0m
[33m
[QUARK-WARNING]: failed to infer the type of tensor: . Skip to quantize it. Please check if it is expected.[0m
[33m
[QUARK-WARNING]: failed to infer the type of tensor: . Skip to quantize it. Please check if it is expected.[0m
[33m
[QUARK-WARNING]: failed to infer the type of tensor: . Skip to quantize it. Please check if it is expected.[0m
[33m
[QUARK-WARNING]: failed to infer the type of tensor: . Skip to quantize it. Please check if it is expected.[0m
[33m
[QUARK-WARNING]: failed to infer the type of tensor: . Skip to quantize it. Please check if it is expected.[0m
[33m
[QUARK-WARNING]: failed to infer the type of tensor: . Skip to quantize it. Please check if it is expected.[0m
[33m
[QUARK-WARNING]: failed to infer the type of tensor: . Skip to quantize it. Please check if it is expected.[0m
[33m
[QUARK-WARNING]: failed to infer the type of tensor: . Skip to quantize it. Please check if it is expected.[0m
[33m
[QUARK-WARNING]: failed to infer the type of tensor: . Skip to quantize it. Please check if it is expected.[0m
[32m
[QUARK-INFO]: Remove QuantizeLinear & DequantizeLinear on certain operations(such as conv-relu).[0m
[32m
[QUARK-INFO]: Quark_latency_profiler: e2e quantization time consumed:17.172648[0m
[32m
[QUARK-INFO]: The operation types and their corresponding quantities of the input float model is shown in the table below.[0m
+-----------------------------------------------------------------------------+
| Op Type              | Float Model                                          |
|----------------------+------------------------------------------------------|
| Conv                 | 51                                                   |
| LeakyRelu            | 40                                                   |
| Add                  | 20                                                   |
| Sub                  | 27                                                   |
| Constant             | 313                                                  |
| ConstantOfShape      | 23                                                   |
| Concat               | 26                                                   |
| Reshape              | 47                                                   |
| Slice                | 47                                                   |
| Transpose            | 24                                                   |
| Cast                 | 25                                                   |
| Pad                  | 23                                                   |
| Unsqueeze            | 24                                                   |
| Squeeze              | 1                                                    |
| Shape                | 3                                                    |
| Resize               | 1                                                    |
| ReduceMean           | 3                                                    |
| Gather               | 2                                                    |
| ReduceProd           | 1                                                    |
| Mul                  | 3                                                    |
| Div                  | 2                                                    |
| Sqrt                 | 1                                                    |
| Neg                  | 1                                                    |
| Softmax              | 1                                                    |
| Range                | 1                                                    |
| ReduceSum            | 1                                                    |
| Relu                 | 1                                                    |
|----------------------+------------------------------------------------------|
| Quantized model path | C:\Users\vishn\stereo_depth_vision\stage_e_recipe\n… |
+-----------------------------------------------------------------------------+
[32m
[QUARK-INFO]: The quantized information for all operation types is shown in the table below.[0m
[32m
[QUARK-INFO]: The discrepancy between the operation types in the quantized model and the float model is due to the application of graph optimization.[0m
+-----------------------------------------------+
| Op Type   | Activation | Weights  | Bias      |
|-----------+------------+----------+-----------|
| Conv      | UINT8(37)  | INT8(37) | INT32(37) |
| Add       | UINT8(13)  |          |           |
| Sub       | UINT8(24)  |          |           |
| Pad       | UINT8(23)  |          |           |
| Unsqueeze | UINT8(24)  |          |           |
| Slice     | UINT8(23)  |          |           |
| Concat    | UINT8(2)   |          |           |
| Transpose | UINT8(1)   |          |           |
| Squeeze   | UINT8(1)   |          |           |
| Resize    | UINT8(1)   |          |           |
+-----------------------------------------------+
FULL Q3: quantized 260722 bytes (+732128 sidecar) sha d6f1d32e86c3 in 18.0s
FULL Q3: CPU EPE 1.3319438 contract=True
FULL Q3: NPU OK EPE 27.3178597 delta +25.9859158
