[{"stream_name":"stdout","time":9.280296505,"data":"PASS  G1_environment  (6.92s)\n"}
,{"stream_name":"stdout","time":9.364649422,"data":"PASS  G2_source_integrity  (0.08s)\n"}
,{"stream_name":"stdout","time":14.733300621,"data":"PASS  G3_init_integrity  (5.37s)\n"}
,{"stream_name":"stdout","time":17.515784722,"data":"PASS  G4_contract  (2.78s)\n"}
,{"stream_name":"stderr","time":19.897292448,"data":"/kaggle/src/script.py:230: UserWarning: Converting a tensor with requires_grad=True to a scalar may lead to unexpected behavior.\n"}
,{"stream_name":"stderr","time":19.897352921,"data":"Consider using tensor.detach() first. (Triggered internally at /pytorch/torch/csrc/autograd/generated/python_variable_methods.cpp:836.)\n"}
,{"stream_name":"stderr","time":19.897369793,"data":"  \"loss\": float(loss), \"valid_pixels_in_batch\": int(n),\n"}
,{"stream_name":"stdout","time":19.899637085,"data":"PASS  G5_one_batch  (2.38s)\n"}
,{"stream_name":"stdout","time":20.928922552,"data":"PASS  G6_memory  (1.03s)\n"}
,{"stream_name":"stdout","time":44.079752853,"data":"PASS  G7_rate  (23.15s)\n"}
,{"stream_name":"stdout","time":44.080425187,"data":"\n"}
,{"stream_name":"stdout","time":44.080461855,"data":"ALL GATES: PASS\n"}
,{"stream_name":"stdout","time":44.080465903,"data":"wrote /kaggle/working/stage_e_gates.json\n"}
,{"stream_name":"stderr","time":48.912351928,"data":"/usr/local/lib/python3.12/dist-packages/mistune.py:435: SyntaxWarning: invalid escape sequence '\\|'\n"}
,{"stream_name":"stderr","time":48.91238277,"data":"  cells[i][c] = re.sub('\\\\\\\\\\|', '|', cell)\n"}
,{"stream_name":"stderr","time":49.201494466,"data":"/usr/local/lib/python3.12/dist-packages/nbconvert/filters/filter_links.py:36: SyntaxWarning: invalid escape sequence '\\_'\n"}
,{"stream_name":"stderr","time":49.201530788,"data":"  text = re.sub(r'_', '\\_', text) # Escape underscores in display text\n"}
,{"stream_name":"stderr","time":49.855551794,"data":"[NbConvertApp] Converting notebook __script__.ipynb to html\n"}
,{"stream_name":"stderr","time":51.285286109,"data":"[NbConvertApp] Writing 376766 bytes to __results__.html\n"}
]