integrity guard: {"param_count": 397954, "param_count_ok": true, "all_ok": true}
init: {"source": "/kaggle/working/repo/checkpoints/armp_stage1_best.pth", "strict": true, "sha256": "3ae6fb3be6b2bda9287b325ccbe6d1397744c8f20ef5e56c046176d9f1a29be7", "n_keys": 70, "param_count": 397954}
/kaggle/working/repo/stage_e_recipe/run/scripts/finetune_pilot.py:303: UserWarning: Converting a tensor with requires_grad=True to a scalar may lead to unexpected behavior.
Consider using tensor.detach() first. (Triggered internally at /pytorch/torch/csrc/autograd/generated/python_variable_methods.cpp:836.)
  epoch_loss += float(loss)
epoch   0 loss   2.7264 lr 1.00e-03 val EPE 3.908 D1 25.39%
epoch   1 loss   2.0982 lr 1.00e-03
epoch   2 loss   1.7570 lr 9.99e-04
epoch   3 loss   1.7407 lr 9.99e-04
epoch   4 loss   1.4278 lr 9.98e-04
epoch   5 loss   1.3635 lr 9.98e-04 val EPE 2.251 D1 15.18%
epoch   6 loss   1.4170 lr 9.97e-04
epoch   7 loss   1.5250 lr 9.96e-04
epoch   8 loss   1.4757 lr 9.95e-04
epoch   9 loss   1.4169 lr 9.94e-04
epoch  10 loss   1.1642 lr 9.93e-04 val EPE 2.161 D1 13.87%
epoch  11 loss   1.1219 lr 9.91e-04
epoch  12 loss   1.2876 lr 9.90e-04
epoch  13 loss   1.3941 lr 9.88e-04
epoch  14 loss   1.2015 lr 9.86e-04
epoch  15 loss   1.1036 lr 9.84e-04 val EPE 2.144 D1 13.75%
epoch  16 loss   1.1367 lr 9.82e-04
epoch  17 loss   1.0603 lr 9.80e-04
epoch  18 loss   1.1396 lr 9.78e-04
epoch  19 loss   1.0673 lr 9.76e-04
epoch  20 loss   1.0866 lr 9.73e-04 val EPE 1.901 D1 11.76%
epoch  21 loss   1.4029 lr 9.70e-04
epoch  22 loss   1.3949 lr 9.68e-04
epoch  23 loss   1.2553 lr 9.65e-04
epoch  24 loss   1.1720 lr 9.62e-04
epoch  25 loss   1.1531 lr 9.59e-04 val EPE 1.978 D1 12.01%
epoch  26 loss   1.1592 lr 9.56e-04
epoch  27 loss   1.2439 lr 9.52e-04
epoch  28 loss   1.0600 lr 9.49e-04
epoch  29 loss   1.2674 lr 9.46e-04
epoch  30 loss   1.0232 lr 9.42e-04 val EPE 2.056 D1 12.40%
epoch  31 loss   1.0718 lr 9.38e-04
epoch  32 loss   0.9946 lr 9.34e-04
epoch  33 loss   0.9834 lr 9.30e-04
epoch  34 loss   1.0982 lr 9.26e-04
epoch  35 loss   1.0118 lr 9.22e-04 val EPE 2.247 D1 12.95%
epoch  36 loss   1.0078 lr 9.18e-04
epoch  37 loss   0.9587 lr 9.14e-04
epoch  38 loss   1.1845 lr 9.09e-04
epoch  39 loss   1.1151 lr 9.05e-04
epoch  40 loss   0.8667 lr 9.00e-04 val EPE 1.966 D1 10.93%
epoch  41 loss   0.8562 lr 8.95e-04
epoch  42 loss   1.0322 lr 8.90e-04
epoch  43 loss   0.9256 lr 8.85e-04
epoch  44 loss   0.8726 lr 8.80e-04
epoch  45 loss   1.0040 lr 8.75e-04 val EPE 1.885 D1 11.32%
epoch  46 loss   1.0061 lr 8.70e-04
epoch  47 loss   1.0823 lr 8.64e-04
epoch  48 loss   1.0943 lr 8.59e-04
epoch  49 loss   1.0652 lr 8.54e-04
epoch  50 loss   0.9945 lr 8.48e-04 val EPE 1.946 D1 10.97%
epoch  51 loss   1.0337 lr 8.42e-04
epoch  52 loss   0.8776 lr 8.37e-04
epoch  53 loss   0.8036 lr 8.31e-04
epoch  54 loss   0.8970 lr 8.25e-04
epoch  55 loss   0.8688 lr 8.19e-04 val EPE 1.762 D1 10.19%
epoch  56 loss   1.0668 lr 8.13e-04
epoch  57 loss   0.9746 lr 8.06e-04
epoch  58 loss   1.1755 lr 8.00e-04
epoch  59 loss   1.0114 lr 7.94e-04
epoch  60 loss   0.9640 lr 7.88e-04 val EPE 1.879 D1 10.72%
epoch  61 loss   0.9842 lr 7.81e-04
epoch  62 loss   0.9554 lr 7.75e-04
epoch  63 loss   0.9700 lr 7.68e-04
epoch  64 loss   0.9722 lr 7.61e-04
epoch  65 loss   0.9459 lr 7.55e-04 val EPE 2.098 D1 12.61%
epoch  66 loss   1.0380 lr 7.48e-04
epoch  67 loss   0.8888 lr 7.41e-04
epoch  68 loss   0.9366 lr 7.34e-04
epoch  69 loss   1.0690 lr 7.27e-04
epoch  70 loss   0.9379 lr 7.20e-04 val EPE 1.708 D1 10.00%
epoch  71 loss   1.2399 lr 7.13e-04
epoch  72 loss   1.0526 lr 7.06e-04
epoch  73 loss   1.0057 lr 6.99e-04
epoch  74 loss   0.9293 lr 6.91e-04
epoch  75 loss   1.0274 lr 6.84e-04 val EPE 1.856 D1 11.03%
epoch  76 loss   0.9433 lr 6.77e-04
epoch  77 loss   0.9926 lr 6.69e-04
epoch  78 loss   0.8678 lr 6.62e-04
epoch  79 loss   0.8718 lr 6.55e-04
epoch  80 loss   0.8195 lr 6.47e-04 val EPE 1.652 D1 9.57%
epoch  81 loss   0.8487 lr 6.39e-04
epoch  82 loss   0.8097 lr 6.32e-04
epoch  83 loss   0.9974 lr 6.24e-04
epoch  84 loss   0.9061 lr 6.17e-04
epoch  85 loss   0.9075 lr 6.09e-04 val EPE 1.892 D1 10.90%
epoch  86 loss   0.8321 lr 6.01e-04
epoch  87 loss   1.0261 lr 5.94e-04
epoch  88 loss   0.9067 lr 5.86e-04
epoch  89 loss   0.9285 lr 5.78e-04
epoch  90 loss   1.0390 lr 5.70e-04 val EPE 1.756 D1 9.91%
epoch  91 loss   0.9754 lr 5.63e-04
epoch  92 loss   0.8602 lr 5.55e-04
epoch  93 loss   0.7628 lr 5.47e-04
epoch  94 loss   0.7708 lr 5.39e-04
epoch  95 loss   0.8715 lr 5.31e-04 val EPE 1.715 D1 9.74%
epoch  96 loss   0.8832 lr 5.24e-04
epoch  97 loss   1.0913 lr 5.16e-04
epoch  98 loss   0.8950 lr 5.08e-04
epoch  99 loss   0.7652 lr 5.00e-04
epoch 100 loss   1.0041 lr 4.92e-04 val EPE 1.795 D1 10.40%
epoch 101 loss   0.8854 lr 4.84e-04
epoch 102 loss   0.6578 lr 4.76e-04
epoch 103 loss   0.7984 lr 4.69e-04
epoch 104 loss   0.7543 lr 4.61e-04
epoch 105 loss   0.8278 lr 4.53e-04 val EPE 1.690 D1 9.81%
epoch 106 loss   0.8198 lr 4.45e-04
epoch 107 loss   0.7079 lr 4.37e-04
epoch 108 loss   0.8112 lr 4.30e-04
epoch 109 loss   0.9089 lr 4.22e-04
epoch 110 loss   0.8357 lr 4.14e-04 val EPE 1.864 D1 10.68%
epoch 111 loss   0.8387 lr 4.06e-04
epoch 112 loss   0.8361 lr 3.99e-04
epoch 113 loss   0.9829 lr 3.91e-04
epoch 114 loss   0.9166 lr 3.83e-04
epoch 115 loss   1.0631 lr 3.76e-04 val EPE 1.650 D1 9.57%
epoch 116 loss   0.7481 lr 3.68e-04
epoch 117 loss   0.9260 lr 3.61e-04
epoch 118 loss   0.8016 lr 3.53e-04
epoch 119 loss   0.8666 lr 3.45e-04
epoch 120 loss   0.8230 lr 3.38e-04 val EPE 1.714 D1 9.70%
epoch 121 loss   0.7502 lr 3.31e-04
epoch 122 loss   0.8119 lr 3.23e-04
epoch 123 loss   0.7736 lr 3.16e-04
epoch 124 loss   0.8415 lr 3.09e-04
epoch 125 loss   0.9755 lr 3.01e-04 val EPE 1.639 D1 8.93%
epoch 126 loss   0.9725 lr 2.94e-04
epoch 127 loss   0.7835 lr 2.87e-04
epoch 128 loss   0.7402 lr 2.80e-04
epoch 129 loss   0.7919 lr 2.73e-04
epoch 130 loss   0.9066 lr 2.66e-04 val EPE 1.697 D1 9.79%
epoch 131 loss   0.6797 lr 2.59e-04
epoch 132 loss   0.7236 lr 2.52e-04
epoch 133 loss   0.7184 lr 2.45e-04
epoch 134 loss   0.8817 lr 2.39e-04
epoch 135 loss   0.7402 lr 2.32e-04 val EPE 1.661 D1 9.57%
epoch 136 loss   0.7425 lr 2.25e-04
epoch 137 loss   0.7448 lr 2.19e-04
epoch 138 loss   0.8562 lr 2.12e-04
epoch 139 loss   0.8487 lr 2.06e-04
epoch 140 loss   0.7261 lr 2.00e-04 val EPE 1.719 D1 9.83%
epoch 141 loss   0.7238 lr 1.94e-04
epoch 142 loss   0.8030 lr 1.87e-04
epoch 143 loss   0.8040 lr 1.81e-04
epoch 144 loss   0.7974 lr 1.75e-04
epoch 145 loss   0.9166 lr 1.69e-04 val EPE 1.673 D1 9.33%
epoch 146 loss   0.8349 lr 1.63e-04
epoch 147 loss   0.7838 lr 1.58e-04
epoch 148 loss   0.7418 lr 1.52e-04
epoch 149 loss   0.6903 lr 1.46e-04
epoch 150 loss   0.7155 lr 1.41e-04 val EPE 1.765 D1 9.72%
epoch 151 loss   0.8121 lr 1.36e-04
epoch 152 loss   0.7774 lr 1.30e-04
epoch 153 loss   0.6973 lr 1.25e-04
epoch 154 loss   0.7354 lr 1.20e-04
epoch 155 loss   0.8491 lr 1.15e-04 val EPE 1.687 D1 9.32%
epoch 156 loss   0.7851 lr 1.10e-04
epoch 157 loss   0.8128 lr 1.05e-04
epoch 158 loss   0.7686 lr 1.00e-04
epoch 159 loss   0.7436 lr 9.55e-05
epoch 160 loss   0.7089 lr 9.09e-05 val EPE 1.829 D1 10.03%
epoch 161 loss   0.7795 lr 8.65e-05
epoch 162 loss   0.7032 lr 8.21e-05
epoch 163 loss   0.7581 lr 7.78e-05
epoch 164 loss   0.8937 lr 7.37e-05
epoch 165 loss   0.7144 lr 6.96e-05 val EPE 1.621 D1 8.86%
epoch 166 loss   0.7592 lr 6.57e-05
epoch 167 loss   0.8797 lr 6.18e-05
epoch 168 loss   0.7588 lr 5.81e-05
epoch 169 loss   0.6574 lr 5.45e-05
epoch 170 loss   0.7439 lr 5.10e-05 val EPE 1.649 D1 9.02%
epoch 171 loss   0.7695 lr 4.76e-05
epoch 172 loss   0.6993 lr 4.43e-05
epoch 173 loss   0.7375 lr 4.11e-05
epoch 174 loss   0.7467 lr 3.81e-05
epoch 175 loss   0.7348 lr 3.51e-05 val EPE 1.678 D1 9.36%
epoch 176 loss   0.8194 lr 3.23e-05
epoch 177 loss   0.8491 lr 2.96e-05
epoch 178 loss   0.9068 lr 2.70e-05
epoch 179 loss   0.6858 lr 2.45e-05
epoch 180 loss   0.7467 lr 2.21e-05 val EPE 1.682 D1 9.36%
epoch 181 loss   0.7777 lr 1.99e-05
epoch 182 loss   0.6247 lr 1.77e-05
epoch 183 loss   0.7258 lr 1.57e-05
epoch 184 loss   0.6976 lr 1.38e-05
epoch 185 loss   0.7454 lr 1.20e-05 val EPE 1.651 D1 9.11%
epoch 186 loss   0.7683 lr 1.04e-05
epoch 187 loss   0.6023 lr 8.86e-06
epoch 188 loss   0.7512 lr 7.45e-06
epoch 189 loss   0.8626 lr 6.16e-06
epoch 190 loss   0.8082 lr 4.99e-06 val EPE 1.647 D1 9.02%
epoch 191 loss   0.7171 lr 3.94e-06
epoch 192 loss   0.8300 lr 3.02e-06
epoch 193 loss   0.7099 lr 2.22e-06
epoch 194 loss   0.7064 lr 1.54e-06
epoch 195 loss   0.7585 lr 9.87e-07 val EPE 1.666 D1 9.16%
epoch 196 loss   0.8744 lr 5.55e-07
epoch 197 loss   0.7247 lr 2.47e-07
epoch 198 loss   0.7737 lr 6.17e-08
epoch 199 loss   0.7118 lr 0.00e+00 val EPE 1.661 D1 9.14%
P2A seed 1 done: wall 4149.4s best10 EPE 1.6207 @epoch 165
