integrity guard: {"param_count": 397954, "param_count_ok": true, "all_ok": true}
init: {"source": "random", "note": "PyTorch defaults, random (P2A recipe)"}
/kaggle/working/repo/stage_b_armp/seed2/scripts/finetune_pilot.py:303: UserWarning: Converting a tensor with requires_grad=True to a scalar may lead to unexpected behavior.
Consider using tensor.detach() first. (Triggered internally at /pytorch/torch/csrc/autograd/generated/python_variable_methods.cpp:836.)
  epoch_loss += float(loss)
epoch   0 loss  12.2710 lr 1.00e-03 val EPE 17.399 D1 89.41%
epoch   1 loss  11.7274 lr 1.00e-03
epoch   2 loss  10.5172 lr 9.99e-04
epoch   3 loss  11.4582 lr 9.99e-04
epoch   4 loss  11.8361 lr 9.98e-04
epoch   5 loss   9.7084 lr 9.98e-04 val EPE 16.164 D1 85.57%
epoch   6 loss  11.1816 lr 9.97e-04
epoch   7 loss   8.9269 lr 9.96e-04
epoch   8 loss   8.4731 lr 9.95e-04
epoch   9 loss   7.6136 lr 9.94e-04
epoch  10 loss   5.9509 lr 9.93e-04 val EPE 7.991 D1 62.14%
epoch  11 loss   4.7666 lr 9.91e-04
epoch  12 loss   4.4355 lr 9.90e-04
epoch  13 loss   4.1967 lr 9.88e-04
epoch  14 loss   4.2957 lr 9.86e-04
epoch  15 loss   4.1504 lr 9.84e-04 val EPE 7.074 D1 55.73%
epoch  16 loss   3.4877 lr 9.82e-04
epoch  17 loss   3.7887 lr 9.80e-04
epoch  18 loss   4.1762 lr 9.78e-04
epoch  19 loss   4.1642 lr 9.76e-04
epoch  20 loss   3.5797 lr 9.73e-04 val EPE 6.229 D1 47.59%
epoch  21 loss   3.2284 lr 9.70e-04
epoch  22 loss   4.2973 lr 9.68e-04
epoch  23 loss   3.2717 lr 9.65e-04
epoch  24 loss   2.8899 lr 9.62e-04
epoch  25 loss   3.1614 lr 9.59e-04 val EPE 5.594 D1 41.74%
epoch  26 loss   2.6005 lr 9.56e-04
epoch  27 loss   2.8935 lr 9.52e-04
epoch  28 loss   2.7208 lr 9.49e-04
epoch  29 loss   2.6507 lr 9.46e-04
epoch  30 loss   2.7005 lr 9.42e-04 val EPE 5.231 D1 38.08%
epoch  31 loss   3.4225 lr 9.38e-04
epoch  32 loss   3.9905 lr 9.34e-04
epoch  33 loss   3.0186 lr 9.30e-04
epoch  34 loss   3.4205 lr 9.26e-04
epoch  35 loss   2.6437 lr 9.22e-04 val EPE 5.026 D1 38.17%
epoch  36 loss   2.6272 lr 9.18e-04
epoch  37 loss   2.4923 lr 9.14e-04
epoch  38 loss   2.4416 lr 9.09e-04
epoch  39 loss   2.2338 lr 9.05e-04
epoch  40 loss   2.8225 lr 9.00e-04 val EPE 4.609 D1 35.53%
epoch  41 loss   3.1327 lr 8.95e-04
epoch  42 loss   3.2995 lr 8.90e-04
epoch  43 loss   2.2191 lr 8.85e-04
epoch  44 loss   1.9913 lr 8.80e-04
epoch  45 loss   2.2791 lr 8.75e-04 val EPE 4.487 D1 32.56%
epoch  46 loss   2.2251 lr 8.70e-04
epoch  47 loss   2.3951 lr 8.64e-04
epoch  48 loss   2.1087 lr 8.59e-04
epoch  49 loss   2.4169 lr 8.54e-04
epoch  50 loss   2.5377 lr 8.48e-04 val EPE 4.247 D1 29.51%
epoch  51 loss   2.3652 lr 8.42e-04
epoch  52 loss   2.1149 lr 8.37e-04
epoch  53 loss   3.1158 lr 8.31e-04
epoch  54 loss   2.1852 lr 8.25e-04
epoch  55 loss   2.0620 lr 8.19e-04 val EPE 4.559 D1 35.68%
epoch  56 loss   2.3345 lr 8.13e-04
epoch  57 loss   2.1533 lr 8.06e-04
epoch  58 loss   2.0284 lr 8.00e-04
epoch  59 loss   2.0049 lr 7.94e-04
epoch  60 loss   2.0094 lr 7.88e-04 val EPE 4.153 D1 26.83%
epoch  61 loss   1.9525 lr 7.81e-04
epoch  62 loss   2.3388 lr 7.75e-04
epoch  63 loss   2.0849 lr 7.68e-04
epoch  64 loss   2.2400 lr 7.61e-04
epoch  65 loss   2.1168 lr 7.55e-04 val EPE 3.260 D1 24.44%
epoch  66 loss   1.9408 lr 7.48e-04
epoch  67 loss   2.2454 lr 7.41e-04
epoch  68 loss   2.1215 lr 7.34e-04
epoch  69 loss   2.1564 lr 7.27e-04
epoch  70 loss   1.6728 lr 7.20e-04 val EPE 3.156 D1 22.60%
epoch  71 loss   1.9345 lr 7.13e-04
epoch  72 loss   1.7376 lr 7.06e-04
epoch  73 loss   1.6832 lr 6.99e-04
epoch  74 loss   1.6886 lr 6.91e-04
epoch  75 loss   1.5507 lr 6.84e-04 val EPE 3.448 D1 25.00%
epoch  76 loss   1.5751 lr 6.77e-04
epoch  77 loss   1.4558 lr 6.69e-04
epoch  78 loss   1.5837 lr 6.62e-04
epoch  79 loss   1.6890 lr 6.55e-04
epoch  80 loss   1.6143 lr 6.47e-04 val EPE 2.935 D1 19.72%
epoch  81 loss   1.5624 lr 6.39e-04
epoch  82 loss   1.6878 lr 6.32e-04
epoch  83 loss   1.6537 lr 6.24e-04
epoch  84 loss   1.7419 lr 6.17e-04
epoch  85 loss   1.7375 lr 6.09e-04 val EPE 3.190 D1 22.12%
epoch  86 loss   1.5875 lr 6.01e-04
epoch  87 loss   1.6731 lr 5.94e-04
epoch  88 loss   1.5679 lr 5.86e-04
epoch  89 loss   1.6592 lr 5.78e-04
epoch  90 loss   1.4889 lr 5.70e-04 val EPE 2.895 D1 20.36%
epoch  91 loss   1.6330 lr 5.63e-04
epoch  92 loss   1.4331 lr 5.55e-04
epoch  93 loss   1.4879 lr 5.47e-04
epoch  94 loss   1.4858 lr 5.39e-04
epoch  95 loss   1.4397 lr 5.31e-04 val EPE 2.913 D1 18.26%
epoch  96 loss   1.2879 lr 5.24e-04
epoch  97 loss   1.4389 lr 5.16e-04
epoch  98 loss   1.4623 lr 5.08e-04
epoch  99 loss   1.5821 lr 5.00e-04
epoch 100 loss   1.4786 lr 4.92e-04 val EPE 2.818 D1 19.89%
epoch 101 loss   1.5877 lr 4.84e-04
epoch 102 loss   1.5293 lr 4.76e-04
epoch 103 loss   1.5656 lr 4.69e-04
epoch 104 loss   1.7172 lr 4.61e-04
epoch 105 loss   1.4940 lr 4.53e-04 val EPE 2.981 D1 20.91%
epoch 106 loss   1.2335 lr 4.45e-04
epoch 107 loss   1.3769 lr 4.37e-04
epoch 108 loss   1.4605 lr 4.30e-04
epoch 109 loss   1.4510 lr 4.22e-04
epoch 110 loss   1.4753 lr 4.14e-04 val EPE 2.364 D1 16.15%
epoch 111 loss   1.3746 lr 4.06e-04
epoch 112 loss   1.3121 lr 3.99e-04
epoch 113 loss   1.2913 lr 3.91e-04
epoch 114 loss   1.2723 lr 3.83e-04
epoch 115 loss   1.3980 lr 3.76e-04 val EPE 2.438 D1 15.11%
epoch 116 loss   1.3335 lr 3.68e-04
epoch 117 loss   1.1325 lr 3.61e-04
epoch 118 loss   1.4124 lr 3.53e-04
epoch 119 loss   1.2709 lr 3.45e-04
epoch 120 loss   1.3688 lr 3.38e-04 val EPE 2.444 D1 16.36%
epoch 121 loss   1.1746 lr 3.31e-04
epoch 122 loss   1.2309 lr 3.23e-04
epoch 123 loss   1.2922 lr 3.16e-04
epoch 124 loss   1.2358 lr 3.09e-04
epoch 125 loss   1.4044 lr 3.01e-04 val EPE 2.307 D1 14.65%
epoch 126 loss   1.2095 lr 2.94e-04
epoch 127 loss   1.1598 lr 2.87e-04
epoch 128 loss   1.0988 lr 2.80e-04
epoch 129 loss   1.2220 lr 2.73e-04
epoch 130 loss   1.1192 lr 2.66e-04 val EPE 2.334 D1 15.12%
epoch 131 loss   1.3229 lr 2.59e-04
epoch 132 loss   1.0786 lr 2.52e-04
epoch 133 loss   1.1109 lr 2.45e-04
epoch 134 loss   1.0908 lr 2.39e-04
epoch 135 loss   1.0438 lr 2.32e-04 val EPE 2.255 D1 14.07%
epoch 136 loss   1.2201 lr 2.25e-04
epoch 137 loss   0.9796 lr 2.19e-04
epoch 138 loss   1.2399 lr 2.12e-04
epoch 139 loss   1.0583 lr 2.06e-04
epoch 140 loss   1.1576 lr 2.00e-04 val EPE 2.231 D1 14.33%
epoch 141 loss   1.1433 lr 1.94e-04
epoch 142 loss   1.0479 lr 1.87e-04
epoch 143 loss   1.2325 lr 1.81e-04
epoch 144 loss   1.1293 lr 1.75e-04
epoch 145 loss   1.1344 lr 1.69e-04 val EPE 2.151 D1 12.98%
epoch 146 loss   1.1030 lr 1.63e-04
epoch 147 loss   1.0906 lr 1.58e-04
epoch 148 loss   0.9930 lr 1.52e-04
epoch 149 loss   1.1956 lr 1.46e-04
epoch 150 loss   1.0142 lr 1.41e-04 val EPE 2.158 D1 13.24%
epoch 151 loss   1.1033 lr 1.36e-04
epoch 152 loss   1.0107 lr 1.30e-04
epoch 153 loss   1.3356 lr 1.25e-04
epoch 154 loss   1.2046 lr 1.20e-04
epoch 155 loss   1.0219 lr 1.15e-04 val EPE 2.273 D1 14.78%
epoch 156 loss   1.1488 lr 1.10e-04
epoch 157 loss   0.9604 lr 1.05e-04
epoch 158 loss   0.9529 lr 1.00e-04
epoch 159 loss   1.1142 lr 9.55e-05
epoch 160 loss   1.1251 lr 9.09e-05 val EPE 2.101 D1 13.31%
epoch 161 loss   0.9223 lr 8.65e-05
epoch 162 loss   0.9659 lr 8.21e-05
epoch 163 loss   1.2568 lr 7.78e-05
epoch 164 loss   0.8966 lr 7.37e-05
epoch 165 loss   0.9610 lr 6.96e-05 val EPE 2.104 D1 13.31%
epoch 166 loss   1.0174 lr 6.57e-05
epoch 167 loss   0.8428 lr 6.18e-05
epoch 168 loss   0.9051 lr 5.81e-05
epoch 169 loss   1.0406 lr 5.45e-05
epoch 170 loss   0.9260 lr 5.10e-05 val EPE 2.105 D1 13.28%
epoch 171 loss   1.0924 lr 4.76e-05
epoch 172 loss   1.0529 lr 4.43e-05
epoch 173 loss   1.0227 lr 4.11e-05
epoch 174 loss   1.0603 lr 3.81e-05
epoch 175 loss   0.9553 lr 3.51e-05 val EPE 2.104 D1 13.12%
epoch 176 loss   1.0104 lr 3.23e-05
epoch 177 loss   1.1038 lr 2.96e-05
epoch 178 loss   1.0086 lr 2.70e-05
epoch 179 loss   0.9577 lr 2.45e-05
epoch 180 loss   0.9606 lr 2.21e-05 val EPE 2.047 D1 12.84%
epoch 181 loss   1.1832 lr 1.99e-05
epoch 182 loss   1.0299 lr 1.77e-05
epoch 183 loss   0.9850 lr 1.57e-05
epoch 184 loss   1.1104 lr 1.38e-05
epoch 185 loss   0.9444 lr 1.20e-05 val EPE 2.103 D1 13.03%
epoch 186 loss   1.0170 lr 1.04e-05
epoch 187 loss   0.8833 lr 8.86e-06
epoch 188 loss   0.9754 lr 7.45e-06
epoch 189 loss   0.9668 lr 6.16e-06
epoch 190 loss   0.9825 lr 4.99e-06 val EPE 2.074 D1 13.01%
epoch 191 loss   0.9283 lr 3.94e-06
epoch 192 loss   1.0960 lr 3.02e-06
epoch 193 loss   1.0310 lr 2.22e-06
epoch 194 loss   0.9969 lr 1.54e-06
epoch 195 loss   0.8635 lr 9.87e-07 val EPE 2.069 D1 12.91%
epoch 196 loss   0.9812 lr 5.55e-07
epoch 197 loss   1.0967 lr 2.47e-07
epoch 198 loss   0.9490 lr 6.17e-08
epoch 199 loss   0.9064 lr 0.00e+00 val EPE 2.056 D1 12.82%
P2A seed 2 done: wall 4662.3s best10 EPE 2.0473 @epoch 180
