RUN arm=armp init=/kaggle/working/repo/checkpoints/armp_stage1_best.pth pid=22 cmd=['/usr/bin/python3', '/kaggle/working/repo/stage_b_armp/seed1/scripts/finetune_pilot.py', '--init', '/kaggle/working/repo/checkpoints/armp_stage1_best.pth', '--arm', 'armp']
integrity guard: {"param_count": 397954, "param_count_ok": true, "all_ok": true}
init: {"source": "/kaggle/working/repo/checkpoints/armp_stage1_best.pth", "strict": true, "sha256": "3ae6fb3be6b2bda9287b325ccbe6d1397744c8f20ef5e56c046176d9f1a29be7", "n_keys": 70, "param_count": 397954}
/kaggle/working/repo/stage_b_armp/seed1/scripts/finetune_pilot.py:303: UserWarning: Converting a tensor with requires_grad=True to a scalar may lead to unexpected behavior.
Consider using tensor.detach() first. (Triggered internally at /pytorch/torch/csrc/autograd/generated/python_variable_methods.cpp:836.)
  epoch_loss += float(loss)
epoch   0 loss   2.4508 lr 1.00e-03 val EPE 4.532 D1 48.74%
epoch   1 loss   2.1488 lr 1.00e-03
epoch   2 loss   1.6406 lr 9.99e-04
epoch   3 loss   1.6792 lr 9.99e-04
epoch   4 loss   1.5158 lr 9.98e-04
epoch   5 loss   1.3341 lr 9.98e-04 val EPE 2.115 D1 13.50%
epoch   6 loss   1.5819 lr 9.97e-04
epoch   7 loss   1.5337 lr 9.96e-04
epoch   8 loss   1.7199 lr 9.95e-04
epoch   9 loss   1.3689 lr 9.94e-04
epoch  10 loss   1.2507 lr 9.93e-04 val EPE 2.266 D1 14.29%
epoch  11 loss   1.2006 lr 9.91e-04
epoch  12 loss   1.2680 lr 9.90e-04
epoch  13 loss   1.3201 lr 9.88e-04
epoch  14 loss   1.2177 lr 9.86e-04
epoch  15 loss   1.1559 lr 9.84e-04 val EPE 1.982 D1 12.06%
epoch  16 loss   1.2231 lr 9.82e-04
epoch  17 loss   1.1488 lr 9.80e-04
epoch  18 loss   1.1062 lr 9.78e-04
epoch  19 loss   1.0061 lr 9.76e-04
epoch  20 loss   1.0726 lr 9.73e-04 val EPE 1.886 D1 11.55%
epoch  21 loss   1.3149 lr 9.70e-04
epoch  22 loss   1.3498 lr 9.68e-04
epoch  23 loss   1.3861 lr 9.65e-04
epoch  24 loss   1.4017 lr 9.62e-04
epoch  25 loss   1.2526 lr 9.59e-04 val EPE 2.078 D1 12.35%
epoch  26 loss   1.2694 lr 9.56e-04
epoch  27 loss   1.2711 lr 9.52e-04
epoch  28 loss   1.1519 lr 9.49e-04
epoch  29 loss   1.2841 lr 9.46e-04
epoch  30 loss   1.0713 lr 9.42e-04 val EPE 1.967 D1 11.72%
epoch  31 loss   1.1056 lr 9.38e-04
epoch  32 loss   1.0426 lr 9.34e-04
epoch  33 loss   0.9587 lr 9.30e-04
epoch  34 loss   1.1585 lr 9.26e-04
epoch  35 loss   0.9933 lr 9.22e-04 val EPE 2.161 D1 12.56%
epoch  36 loss   1.1371 lr 9.18e-04
epoch  37 loss   1.0506 lr 9.14e-04
epoch  38 loss   1.2234 lr 9.09e-04
epoch  39 loss   1.2580 lr 9.05e-04
epoch  40 loss   1.0870 lr 9.00e-04 val EPE 2.036 D1 11.30%
epoch  41 loss   0.9931 lr 8.95e-04
epoch  42 loss   1.1380 lr 8.90e-04
epoch  43 loss   1.1314 lr 8.85e-04
epoch  44 loss   0.9873 lr 8.80e-04
epoch  45 loss   1.1277 lr 8.75e-04 val EPE 2.884 D1 18.64%
epoch  46 loss   1.2703 lr 8.70e-04
epoch  47 loss   1.3079 lr 8.64e-04
epoch  48 loss   1.2341 lr 8.59e-04
epoch  49 loss   1.1415 lr 8.54e-04
epoch  50 loss   1.0010 lr 8.48e-04 val EPE 1.865 D1 11.07%
epoch  51 loss   0.9880 lr 8.42e-04
epoch  52 loss   0.9104 lr 8.37e-04
epoch  53 loss   0.9082 lr 8.31e-04
epoch  54 loss   1.0221 lr 8.25e-04
epoch  55 loss   0.9666 lr 8.19e-04 val EPE 1.914 D1 11.23%
epoch  56 loss   1.2768 lr 8.13e-04
epoch  57 loss   1.0912 lr 8.06e-04
epoch  58 loss   1.1682 lr 8.00e-04
epoch  59 loss   1.1658 lr 7.94e-04
epoch  60 loss   1.0825 lr 7.88e-04 val EPE 2.063 D1 12.09%
epoch  61 loss   1.2477 lr 7.81e-04
epoch  62 loss   1.0919 lr 7.75e-04
epoch  63 loss   1.0320 lr 7.68e-04
epoch  64 loss   1.1099 lr 7.61e-04
epoch  65 loss   1.0543 lr 7.55e-04 val EPE 1.806 D1 10.90%
epoch  66 loss   1.0295 lr 7.48e-04
epoch  67 loss   1.0317 lr 7.41e-04
epoch  68 loss   1.0891 lr 7.34e-04
epoch  69 loss   1.2701 lr 7.27e-04
epoch  70 loss   0.9917 lr 7.20e-04 val EPE 1.831 D1 10.86%
epoch  71 loss   1.6374 lr 7.13e-04
epoch  72 loss   1.1138 lr 7.06e-04
epoch  73 loss   1.2466 lr 6.99e-04
epoch  74 loss   1.0673 lr 6.91e-04
epoch  75 loss   1.2186 lr 6.84e-04 val EPE 1.985 D1 10.99%
epoch  76 loss   1.1340 lr 6.77e-04
epoch  77 loss   1.0623 lr 6.69e-04
epoch  78 loss   0.8523 lr 6.62e-04
epoch  79 loss   0.9502 lr 6.55e-04
epoch  80 loss   0.8980 lr 6.47e-04 val EPE 1.909 D1 10.88%
epoch  81 loss   0.8868 lr 6.39e-04
epoch  82 loss   0.8598 lr 6.32e-04
epoch  83 loss   1.1727 lr 6.24e-04
epoch  84 loss   1.0779 lr 6.17e-04
epoch  85 loss   0.9699 lr 6.09e-04 val EPE 1.782 D1 10.40%
epoch  86 loss   0.9664 lr 6.01e-04
epoch  87 loss   1.1059 lr 5.94e-04
epoch  88 loss   0.8812 lr 5.86e-04
epoch  89 loss   0.9418 lr 5.78e-04
epoch  90 loss   1.0890 lr 5.70e-04 val EPE 1.986 D1 11.64%
epoch  91 loss   0.9723 lr 5.63e-04
epoch  92 loss   0.8848 lr 5.55e-04
epoch  93 loss   0.8068 lr 5.47e-04
epoch  94 loss   0.7904 lr 5.39e-04
epoch  95 loss   0.9263 lr 5.31e-04 val EPE 1.757 D1 9.67%
epoch  96 loss   0.9330 lr 5.24e-04
epoch  97 loss   1.1216 lr 5.16e-04
epoch  98 loss   0.9443 lr 5.08e-04
epoch  99 loss   0.8084 lr 5.00e-04
epoch 100 loss   1.0872 lr 4.92e-04 val EPE 1.889 D1 11.37%
epoch 101 loss   0.9058 lr 4.84e-04
epoch 102 loss   0.7220 lr 4.76e-04
epoch 103 loss   0.8595 lr 4.69e-04
epoch 104 loss   0.7977 lr 4.61e-04
epoch 105 loss   0.8274 lr 4.53e-04 val EPE 1.817 D1 10.76%
epoch 106 loss   0.8746 lr 4.45e-04
epoch 107 loss   0.7555 lr 4.37e-04
epoch 108 loss   0.8899 lr 4.30e-04
epoch 109 loss   0.9563 lr 4.22e-04
epoch 110 loss   0.8948 lr 4.14e-04 val EPE 1.791 D1 10.37%
epoch 111 loss   0.8864 lr 4.06e-04
epoch 112 loss   0.9466 lr 3.99e-04
epoch 113 loss   1.0005 lr 3.91e-04
epoch 114 loss   0.9731 lr 3.83e-04
epoch 115 loss   1.1214 lr 3.76e-04 val EPE 1.707 D1 9.39%
epoch 116 loss   0.7553 lr 3.68e-04
epoch 117 loss   1.0583 lr 3.61e-04
epoch 118 loss   0.8424 lr 3.53e-04
epoch 119 loss   0.8948 lr 3.45e-04
epoch 120 loss   0.9134 lr 3.38e-04 val EPE 1.712 D1 9.29%
epoch 121 loss   0.7739 lr 3.31e-04
epoch 122 loss   0.8648 lr 3.23e-04
epoch 123 loss   0.8095 lr 3.16e-04
epoch 124 loss   0.8694 lr 3.09e-04
epoch 125 loss   1.0223 lr 3.01e-04 val EPE 1.725 D1 9.51%
epoch 126 loss   1.0023 lr 2.94e-04
epoch 127 loss   0.7802 lr 2.87e-04
epoch 128 loss   0.7480 lr 2.80e-04
epoch 129 loss   0.8078 lr 2.73e-04
epoch 130 loss   0.9607 lr 2.66e-04 val EPE 1.781 D1 9.84%
epoch 131 loss   0.6539 lr 2.59e-04
epoch 132 loss   0.7065 lr 2.52e-04
epoch 133 loss   0.7558 lr 2.45e-04
epoch 134 loss   0.9046 lr 2.39e-04
epoch 135 loss   0.7839 lr 2.32e-04 val EPE 1.664 D1 9.51%
epoch 136 loss   0.8006 lr 2.25e-04
epoch 137 loss   0.7910 lr 2.19e-04
epoch 138 loss   0.8225 lr 2.12e-04
epoch 139 loss   0.8222 lr 2.06e-04
epoch 140 loss   0.7559 lr 2.00e-04 val EPE 1.825 D1 10.10%
epoch 141 loss   0.7321 lr 1.94e-04
epoch 142 loss   0.8156 lr 1.87e-04
epoch 143 loss   0.8255 lr 1.81e-04
epoch 144 loss   0.8029 lr 1.75e-04
epoch 145 loss   0.8981 lr 1.69e-04 val EPE 1.773 D1 9.40%
epoch 146 loss   0.8864 lr 1.63e-04
epoch 147 loss   0.8092 lr 1.58e-04
epoch 148 loss   0.7777 lr 1.52e-04
epoch 149 loss   0.7063 lr 1.46e-04
epoch 150 loss   0.6866 lr 1.41e-04 val EPE 1.628 D1 9.16%
epoch 151 loss   0.8476 lr 1.36e-04
epoch 152 loss   0.7970 lr 1.30e-04
epoch 153 loss   0.7315 lr 1.25e-04
epoch 154 loss   0.7338 lr 1.20e-04
epoch 155 loss   0.8078 lr 1.15e-04 val EPE 1.806 D1 9.84%
epoch 156 loss   0.7606 lr 1.10e-04
epoch 157 loss   0.7819 lr 1.05e-04
epoch 158 loss   0.7802 lr 1.00e-04
epoch 159 loss   0.7196 lr 9.55e-05
epoch 160 loss   0.6813 lr 9.09e-05 val EPE 1.615 D1 8.93%
epoch 161 loss   0.8050 lr 8.65e-05
epoch 162 loss   0.6927 lr 8.21e-05
epoch 163 loss   0.7660 lr 7.78e-05
epoch 164 loss   0.8768 lr 7.37e-05
epoch 165 loss   0.7054 lr 6.96e-05 val EPE 1.657 D1 9.15%
epoch 166 loss   0.8162 lr 6.57e-05
epoch 167 loss   0.8930 lr 6.18e-05
epoch 168 loss   0.7535 lr 5.81e-05
epoch 169 loss   0.6283 lr 5.45e-05
epoch 170 loss   0.7197 lr 5.10e-05 val EPE 1.576 D1 8.75%
epoch 171 loss   0.7638 lr 4.76e-05
epoch 172 loss   0.7219 lr 4.43e-05
epoch 173 loss   0.6971 lr 4.11e-05
epoch 174 loss   0.7276 lr 3.81e-05
epoch 175 loss   0.7576 lr 3.51e-05 val EPE 1.669 D1 9.33%
epoch 176 loss   0.8543 lr 3.23e-05
epoch 177 loss   0.8044 lr 2.96e-05
epoch 178 loss   0.8751 lr 2.70e-05
epoch 179 loss   0.6545 lr 2.45e-05
epoch 180 loss   0.7077 lr 2.21e-05 val EPE 1.669 D1 9.30%
epoch 181 loss   0.7734 lr 1.99e-05
epoch 182 loss   0.6034 lr 1.77e-05
epoch 183 loss   0.6981 lr 1.57e-05
epoch 184 loss   0.6744 lr 1.38e-05
epoch 185 loss   0.6819 lr 1.20e-05 val EPE 1.586 D1 8.71%
epoch 186 loss   0.7459 lr 1.04e-05
epoch 187 loss   0.5867 lr 8.86e-06
epoch 188 loss   0.7264 lr 7.45e-06
epoch 189 loss   0.8576 lr 6.16e-06
epoch 190 loss   0.7374 lr 4.99e-06 val EPE 1.600 D1 8.73%
epoch 191 loss   0.6993 lr 3.94e-06
epoch 192 loss   0.7977 lr 3.02e-06
epoch 193 loss   0.6931 lr 2.22e-06
epoch 194 loss   0.6853 lr 1.54e-06
epoch 195 loss   0.7245 lr 9.87e-07 val EPE 1.609 D1 8.80%
epoch 196 loss   0.8063 lr 5.55e-07
epoch 197 loss   0.7124 lr 2.47e-07
epoch 198 loss   0.7751 lr 6.17e-08
epoch 199 loss   0.7547 lr 0.00e+00 val EPE 1.605 D1 8.77%
P2A seed 1 done: wall 4587.4s best10 EPE 1.5765 @epoch 170
ARM armp COMPLETE wall=4597.4s best10=1.5765@170 final_lr=0.00e+00
