integrity guard: {"param_count": 397954, "param_count_ok": true, "all_ok": true}
init: {"source": "/kaggle/working/repo/checkpoints/armp_stage1_best.pth", "strict": true, "sha256": "3ae6fb3be6b2bda9287b325ccbe6d1397744c8f20ef5e56c046176d9f1a29be7", "n_keys": 70, "param_count": 397954}
/kaggle/working/repo/stage_e_recipe/run/scripts/finetune_pilot.py:303: UserWarning: Converting a tensor with requires_grad=True to a scalar may lead to unexpected behavior.
Consider using tensor.detach() first. (Triggered internally at /pytorch/torch/csrc/autograd/generated/python_variable_methods.cpp:836.)
  epoch_loss += float(loss)
epoch   0 loss   2.3367 lr 1.00e-03 val EPE 2.665 D1 19.08%
epoch   1 loss   1.7136 lr 1.00e-03
epoch   2 loss   1.4862 lr 1.00e-03
epoch   3 loss   1.6242 lr 1.00e-03
epoch   4 loss   1.4330 lr 1.00e-03
epoch   5 loss   1.2752 lr 9.99e-04 val EPE 2.183 D1 14.18%
epoch   6 loss   1.4186 lr 9.99e-04
epoch   7 loss   1.2451 lr 9.99e-04
epoch   8 loss   1.4243 lr 9.99e-04
epoch   9 loss   1.3146 lr 9.98e-04
epoch  10 loss   1.1914 lr 9.98e-04 val EPE 2.534 D1 17.84%
epoch  11 loss   1.1041 lr 9.98e-04
epoch  12 loss   1.4499 lr 9.97e-04
epoch  13 loss   1.1655 lr 9.97e-04
epoch  14 loss   1.1885 lr 9.97e-04
epoch  15 loss   1.2349 lr 9.96e-04 val EPE 2.055 D1 12.50%
epoch  16 loss   1.2660 lr 9.96e-04
epoch  17 loss   1.2604 lr 9.95e-04
epoch  18 loss   1.2279 lr 9.94e-04
epoch  19 loss   1.1858 lr 9.94e-04
epoch  20 loss   1.7157 lr 9.93e-04 val EPE 2.941 D1 21.13%
epoch  21 loss   1.3571 lr 9.93e-04
epoch  22 loss   1.4979 lr 9.92e-04
epoch  23 loss   1.2568 lr 9.91e-04
epoch  24 loss   1.3565 lr 9.90e-04
epoch  25 loss   1.1792 lr 9.90e-04 val EPE 1.969 D1 11.57%
epoch  26 loss   1.5548 lr 9.89e-04
epoch  27 loss   1.1383 lr 9.88e-04
epoch  28 loss   1.2843 lr 9.87e-04
epoch  29 loss   1.2332 lr 9.86e-04
epoch  30 loss   1.0151 lr 9.85e-04 val EPE 2.066 D1 11.76%
epoch  31 loss   1.2342 lr 9.84e-04
epoch  32 loss   1.3878 lr 9.83e-04
epoch  33 loss   1.2372 lr 9.82e-04
epoch  34 loss   0.9821 lr 9.81e-04
epoch  35 loss   1.0808 lr 9.80e-04 val EPE 2.349 D1 15.04%
epoch  36 loss   0.9987 lr 9.79e-04
epoch  37 loss   0.9300 lr 9.78e-04
epoch  38 loss   0.9575 lr 9.77e-04
epoch  39 loss   1.0422 lr 9.76e-04
epoch  40 loss   1.3397 lr 9.74e-04 val EPE 2.288 D1 13.29%
epoch  41 loss   1.3679 lr 9.73e-04
epoch  42 loss   1.0479 lr 9.72e-04
epoch  43 loss   1.1047 lr 9.70e-04
epoch  44 loss   1.2342 lr 9.69e-04
epoch  45 loss   1.2848 lr 9.68e-04 val EPE 1.984 D1 11.54%
epoch  46 loss   1.3125 lr 9.66e-04
epoch  47 loss   1.2421 lr 9.65e-04
epoch  48 loss   1.2316 lr 9.63e-04
epoch  49 loss   1.4483 lr 9.62e-04
epoch  50 loss   1.0893 lr 9.60e-04 val EPE 2.315 D1 15.36%
epoch  51 loss   1.1098 lr 9.59e-04
epoch  52 loss   1.1875 lr 9.57e-04
epoch  53 loss   1.0511 lr 9.56e-04
epoch  54 loss   1.0502 lr 9.54e-04
epoch  55 loss   1.1519 lr 9.52e-04 val EPE 1.810 D1 11.23%
epoch  56 loss   0.9924 lr 9.51e-04
epoch  57 loss   1.1944 lr 9.49e-04
epoch  58 loss   0.9758 lr 9.47e-04
epoch  59 loss   1.1947 lr 9.46e-04
epoch  60 loss   1.1978 lr 9.44e-04 val EPE 2.036 D1 12.08%
epoch  61 loss   1.0736 lr 9.42e-04
epoch  62 loss   1.2567 lr 9.40e-04
epoch  63 loss   1.0524 lr 9.38e-04
epoch  64 loss   1.1643 lr 9.36e-04
epoch  65 loss   1.1453 lr 9.34e-04 val EPE 1.911 D1 11.42%
epoch  66 loss   1.2243 lr 9.32e-04
epoch  67 loss   1.0775 lr 9.30e-04
epoch  68 loss   0.9999 lr 9.28e-04
epoch  69 loss   1.3171 lr 9.26e-04
epoch  70 loss   1.1487 lr 9.24e-04 val EPE 1.825 D1 11.47%
epoch  71 loss   1.0739 lr 9.22e-04
epoch  72 loss   0.9945 lr 9.20e-04
epoch  73 loss   1.1576 lr 9.18e-04
epoch  74 loss   1.0826 lr 9.16e-04
epoch  75 loss   1.0348 lr 9.14e-04 val EPE 2.408 D1 15.62%
epoch  76 loss   1.0415 lr 9.11e-04
epoch  77 loss   1.0295 lr 9.09e-04
epoch  78 loss   1.0708 lr 9.07e-04
epoch  79 loss   1.0690 lr 9.05e-04
epoch  80 loss   1.0846 lr 9.02e-04 val EPE 1.909 D1 10.89%
epoch  81 loss   1.1228 lr 9.00e-04
epoch  82 loss   1.0736 lr 8.97e-04
epoch  83 loss   0.9708 lr 8.95e-04
epoch  84 loss   0.9572 lr 8.93e-04
epoch  85 loss   0.9465 lr 8.90e-04 val EPE 1.783 D1 10.31%
epoch  86 loss   0.9853 lr 8.88e-04
epoch  87 loss   1.0861 lr 8.85e-04
epoch  88 loss   1.0842 lr 8.83e-04
epoch  89 loss   1.1317 lr 8.80e-04
epoch  90 loss   1.2813 lr 8.78e-04 val EPE 3.271 D1 20.96%
epoch  91 loss   1.2581 lr 8.75e-04
epoch  92 loss   1.1305 lr 8.72e-04
epoch  93 loss   0.8175 lr 8.70e-04
epoch  94 loss   1.0646 lr 8.67e-04
epoch  95 loss   0.9958 lr 8.64e-04 val EPE 2.161 D1 12.48%
epoch  96 loss   0.8713 lr 8.62e-04
epoch  97 loss   0.9749 lr 8.59e-04
epoch  98 loss   1.0405 lr 8.56e-04
epoch  99 loss   0.9039 lr 8.54e-04
epoch 100 loss   0.9554 lr 8.51e-04 val EPE 1.898 D1 11.58%
epoch 101 loss   1.1261 lr 8.48e-04
epoch 102 loss   0.9888 lr 8.45e-04
epoch 103 loss   1.3809 lr 8.42e-04
epoch 104 loss   1.8295 lr 8.39e-04
epoch 105 loss   1.1099 lr 8.37e-04 val EPE 2.088 D1 11.41%
epoch 106 loss   0.9774 lr 8.34e-04
epoch 107 loss   0.9797 lr 8.31e-04
epoch 108 loss   0.8476 lr 8.28e-04
epoch 109 loss   1.0909 lr 8.25e-04
epoch 110 loss   0.9548 lr 8.22e-04 val EPE 1.991 D1 11.02%
epoch 111 loss   0.9097 lr 8.19e-04
epoch 112 loss   1.0416 lr 8.16e-04
epoch 113 loss   1.0851 lr 8.13e-04
epoch 114 loss   1.0895 lr 8.10e-04
epoch 115 loss   0.9840 lr 8.06e-04 val EPE 2.029 D1 11.80%
epoch 116 loss   1.0989 lr 8.03e-04
epoch 117 loss   1.0399 lr 8.00e-04
epoch 118 loss   1.0435 lr 7.97e-04
epoch 119 loss   1.1249 lr 7.94e-04
epoch 120 loss   0.9272 lr 7.91e-04 val EPE 1.842 D1 10.39%
epoch 121 loss   0.8281 lr 7.88e-04
epoch 122 loss   0.8919 lr 7.84e-04
epoch 123 loss   0.9178 lr 7.81e-04
epoch 124 loss   1.0244 lr 7.78e-04
epoch 125 loss   0.8509 lr 7.75e-04 val EPE 1.719 D1 9.74%
epoch 126 loss   1.0084 lr 7.71e-04
epoch 127 loss   1.0125 lr 7.68e-04
epoch 128 loss   0.8436 lr 7.65e-04
epoch 129 loss   0.8553 lr 7.61e-04
epoch 130 loss   0.8476 lr 7.58e-04 val EPE 1.889 D1 10.58%
epoch 131 loss   0.7730 lr 7.55e-04
epoch 132 loss   0.9315 lr 7.51e-04
epoch 133 loss   0.9834 lr 7.48e-04
epoch 134 loss   0.9700 lr 7.44e-04
epoch 135 loss   1.0128 lr 7.41e-04 val EPE 1.891 D1 10.35%
epoch 136 loss   0.9909 lr 7.37e-04
epoch 137 loss   0.8927 lr 7.34e-04
epoch 138 loss   1.0413 lr 7.30e-04
epoch 139 loss   1.2510 lr 7.27e-04
epoch 140 loss   1.2526 lr 7.23e-04 val EPE 2.173 D1 11.88%
epoch 141 loss   0.9078 lr 7.20e-04
epoch 142 loss   1.0439 lr 7.16e-04
epoch 143 loss   0.9969 lr 7.13e-04
epoch 144 loss   0.9375 lr 7.09e-04
epoch 145 loss   0.9026 lr 7.06e-04 val EPE 1.754 D1 9.92%
epoch 146 loss   0.7403 lr 7.02e-04
epoch 147 loss   1.0922 lr 6.99e-04
epoch 148 loss   0.9210 lr 6.95e-04
epoch 149 loss   1.0756 lr 6.91e-04
epoch 150 loss   0.8263 lr 6.88e-04 val EPE 1.670 D1 9.63%
epoch 151 loss   0.8486 lr 6.84e-04
epoch 152 loss   0.8339 lr 6.80e-04
epoch 153 loss   0.8632 lr 6.77e-04
epoch 154 loss   1.0595 lr 6.73e-04
epoch 155 loss   1.1779 lr 6.69e-04 val EPE 1.958 D1 11.62%
epoch 156 loss   0.8982 lr 6.66e-04
epoch 157 loss   1.0208 lr 6.62e-04
epoch 158 loss   1.0398 lr 6.58e-04
epoch 159 loss   0.9274 lr 6.55e-04
epoch 160 loss   0.9892 lr 6.51e-04 val EPE 1.938 D1 11.00%
epoch 161 loss   0.9030 lr 6.47e-04
epoch 162 loss   0.8974 lr 6.43e-04
epoch 163 loss   0.9532 lr 6.39e-04
epoch 164 loss   0.8645 lr 6.36e-04
epoch 165 loss   1.0593 lr 6.32e-04 val EPE 1.832 D1 9.87%
epoch 166 loss   0.9003 lr 6.28e-04
epoch 167 loss   0.8204 lr 6.24e-04
epoch 168 loss   0.8988 lr 6.21e-04
epoch 169 loss   0.8867 lr 6.17e-04
epoch 170 loss   0.8667 lr 6.13e-04 val EPE 1.796 D1 10.17%
epoch 171 loss   0.7753 lr 6.09e-04
epoch 172 loss   0.9814 lr 6.05e-04
epoch 173 loss   0.7617 lr 6.01e-04
epoch 174 loss   0.8960 lr 5.98e-04
epoch 175 loss   0.8590 lr 5.94e-04 val EPE 1.998 D1 10.07%
epoch 176 loss   1.0463 lr 5.90e-04
epoch 177 loss   0.8618 lr 5.86e-04
epoch 178 loss   0.7884 lr 5.82e-04
epoch 179 loss   0.8364 lr 5.78e-04
epoch 180 loss   0.9812 lr 5.74e-04 val EPE 1.954 D1 10.30%
epoch 181 loss   0.8420 lr 5.70e-04
epoch 182 loss   0.8468 lr 5.67e-04
epoch 183 loss   0.8908 lr 5.63e-04
epoch 184 loss   0.7932 lr 5.59e-04
epoch 185 loss   0.9521 lr 5.55e-04 val EPE 1.830 D1 10.29%
epoch 186 loss   0.7611 lr 5.51e-04
epoch 187 loss   0.8514 lr 5.47e-04
epoch 188 loss   0.8202 lr 5.43e-04
epoch 189 loss   0.8801 lr 5.39e-04
epoch 190 loss   0.8699 lr 5.35e-04 val EPE 1.834 D1 10.13%
epoch 191 loss   0.8436 lr 5.31e-04
epoch 192 loss   0.8570 lr 5.27e-04
epoch 193 loss   0.9325 lr 5.24e-04
epoch 194 loss   0.8688 lr 5.20e-04
epoch 195 loss   0.8316 lr 5.16e-04 val EPE 1.732 D1 9.41%
epoch 196 loss   1.0092 lr 5.12e-04
epoch 197 loss   0.8187 lr 5.08e-04
epoch 198 loss   0.8661 lr 5.04e-04
epoch 199 loss   0.9143 lr 5.00e-04
epoch 200 loss   0.7618 lr 4.96e-04 val EPE 1.730 D1 9.39%
epoch 201 loss   0.7957 lr 4.92e-04
epoch 202 loss   0.9041 lr 4.88e-04
epoch 203 loss   0.7152 lr 4.84e-04
epoch 204 loss   0.8348 lr 4.80e-04
epoch 205 loss   0.6964 lr 4.76e-04 val EPE 1.773 D1 9.66%
epoch 206 loss   0.8782 lr 4.73e-04
epoch 207 loss   0.8034 lr 4.69e-04
epoch 208 loss   0.9084 lr 4.65e-04
epoch 209 loss   0.7855 lr 4.61e-04
epoch 210 loss   0.6917 lr 4.57e-04 val EPE 1.735 D1 9.35%
epoch 211 loss   0.7128 lr 4.53e-04
epoch 212 loss   0.7821 lr 4.49e-04
epoch 213 loss   0.8333 lr 4.45e-04
epoch 214 loss   0.8271 lr 4.41e-04
epoch 215 loss   0.9669 lr 4.37e-04 val EPE 2.326 D1 14.25%
epoch 216 loss   0.7152 lr 4.33e-04
epoch 217 loss   0.8885 lr 4.30e-04
epoch 218 loss   0.7796 lr 4.26e-04
epoch 219 loss   0.8315 lr 4.22e-04
epoch 220 loss   0.6866 lr 4.18e-04 val EPE 1.644 D1 8.99%
epoch 221 loss   0.6673 lr 4.14e-04
epoch 222 loss   0.8904 lr 4.10e-04
epoch 223 loss   0.7317 lr 4.06e-04
epoch 224 loss   0.7737 lr 4.02e-04
epoch 225 loss   0.9124 lr 3.99e-04 val EPE 2.097 D1 11.46%
epoch 226 loss   0.8981 lr 3.95e-04
epoch 227 loss   0.7920 lr 3.91e-04
epoch 228 loss   0.7528 lr 3.87e-04
epoch 229 loss   0.8655 lr 3.83e-04
epoch 230 loss   0.9116 lr 3.79e-04 val EPE 1.620 D1 8.71%
epoch 231 loss   0.7530 lr 3.76e-04
epoch 232 loss   0.8195 lr 3.72e-04
epoch 233 loss   0.6590 lr 3.68e-04
epoch 234 loss   0.7682 lr 3.64e-04
epoch 235 loss   0.7582 lr 3.61e-04 val EPE 1.584 D1 8.58%
epoch 236 loss   0.7662 lr 3.57e-04
epoch 237 loss   0.7661 lr 3.53e-04
epoch 238 loss   0.7025 lr 3.49e-04
epoch 239 loss   0.7532 lr 3.45e-04
epoch 240 loss   0.6981 lr 3.42e-04 val EPE 1.663 D1 8.55%
epoch 241 loss   1.0055 lr 3.38e-04
epoch 242 loss   0.7514 lr 3.34e-04
epoch 243 loss   0.7547 lr 3.31e-04
epoch 244 loss   0.7796 lr 3.27e-04
epoch 245 loss   0.7583 lr 3.23e-04 val EPE 1.658 D1 9.17%
epoch 246 loss   0.7719 lr 3.20e-04
epoch 247 loss   0.9022 lr 3.16e-04
epoch 248 loss   0.7141 lr 3.12e-04
epoch 249 loss   0.7337 lr 3.09e-04
epoch 250 loss   0.8638 lr 3.05e-04 val EPE 1.782 D1 9.93%
epoch 251 loss   0.7204 lr 3.01e-04
epoch 252 loss   0.8014 lr 2.98e-04
epoch 253 loss   0.7544 lr 2.94e-04
epoch 254 loss   0.7726 lr 2.91e-04
epoch 255 loss   0.6642 lr 2.87e-04 val EPE 1.642 D1 8.89%
epoch 256 loss   0.8104 lr 2.84e-04
epoch 257 loss   0.7137 lr 2.80e-04
epoch 258 loss   0.7467 lr 2.77e-04
epoch 259 loss   0.7796 lr 2.73e-04
epoch 260 loss   0.7970 lr 2.70e-04 val EPE 1.548 D1 8.40%
epoch 261 loss   0.7630 lr 2.66e-04
epoch 262 loss   0.8315 lr 2.63e-04
epoch 263 loss   0.7621 lr 2.59e-04
epoch 264 loss   0.8118 lr 2.56e-04
epoch 265 loss   0.8272 lr 2.52e-04 val EPE 1.667 D1 9.47%
epoch 266 loss   0.7591 lr 2.49e-04
epoch 267 loss   0.7926 lr 2.45e-04
epoch 268 loss   0.7273 lr 2.42e-04
epoch 269 loss   0.6829 lr 2.39e-04
epoch 270 loss   0.7799 lr 2.35e-04 val EPE 1.677 D1 8.85%
epoch 271 loss   0.6622 lr 2.32e-04
epoch 272 loss   0.6771 lr 2.29e-04
epoch 273 loss   0.7266 lr 2.25e-04
epoch 274 loss   0.7511 lr 2.22e-04
epoch 275 loss   0.7154 lr 2.19e-04 val EPE 1.918 D1 10.40%
epoch 276 loss   0.7875 lr 2.16e-04
epoch 277 loss   0.6402 lr 2.12e-04
epoch 278 loss   0.6873 lr 2.09e-04
epoch 279 loss   0.6250 lr 2.06e-04
epoch 280 loss   0.6872 lr 2.03e-04 val EPE 1.596 D1 8.57%
epoch 281 loss   0.7169 lr 2.00e-04
epoch 282 loss   0.6634 lr 1.97e-04
epoch 283 loss   0.7075 lr 1.94e-04
epoch 284 loss   0.6794 lr 1.90e-04
epoch 285 loss   0.6619 lr 1.87e-04 val EPE 1.724 D1 9.39%
epoch 286 loss   0.8364 lr 1.84e-04
epoch 287 loss   0.7338 lr 1.81e-04
epoch 288 loss   0.7619 lr 1.78e-04
epoch 289 loss   0.6738 lr 1.75e-04
epoch 290 loss   0.6917 lr 1.72e-04 val EPE 1.667 D1 9.03%
epoch 291 loss   0.7300 lr 1.69e-04
epoch 292 loss   0.7901 lr 1.66e-04
epoch 293 loss   0.7717 lr 1.63e-04
epoch 294 loss   0.7454 lr 1.61e-04
epoch 295 loss   0.6561 lr 1.58e-04 val EPE 1.582 D1 8.48%
epoch 296 loss   0.6431 lr 1.55e-04
epoch 297 loss   0.7387 lr 1.52e-04
epoch 298 loss   0.6827 lr 1.49e-04
epoch 299 loss   0.6062 lr 1.46e-04
epoch 300 loss   0.7134 lr 1.44e-04 val EPE 1.585 D1 8.40%
epoch 301 loss   0.7534 lr 1.41e-04
epoch 302 loss   0.7196 lr 1.38e-04
epoch 303 loss   0.7835 lr 1.36e-04
epoch 304 loss   0.6556 lr 1.33e-04
epoch 305 loss   0.7307 lr 1.30e-04 val EPE 1.589 D1 8.60%
epoch 306 loss   0.6543 lr 1.28e-04
epoch 307 loss   0.6521 lr 1.25e-04
epoch 308 loss   0.6514 lr 1.22e-04
epoch 309 loss   0.7783 lr 1.20e-04
epoch 310 loss   0.9434 lr 1.17e-04 val EPE 1.618 D1 8.76%
epoch 311 loss   0.7059 lr 1.15e-04
epoch 312 loss   0.7093 lr 1.12e-04
epoch 313 loss   0.7486 lr 1.10e-04
epoch 314 loss   0.6840 lr 1.07e-04
epoch 315 loss   0.7596 lr 1.05e-04 val EPE 1.705 D1 9.33%
epoch 316 loss   0.5947 lr 1.03e-04
epoch 317 loss   0.6676 lr 1.00e-04
epoch 318 loss   0.6762 lr 9.78e-05
epoch 319 loss   0.7184 lr 9.55e-05
epoch 320 loss   0.7132 lr 9.32e-05 val EPE 1.770 D1 9.33%
epoch 321 loss   0.6205 lr 9.09e-05
epoch 322 loss   0.5947 lr 8.87e-05
epoch 323 loss   0.6581 lr 8.65e-05
epoch 324 loss   0.6399 lr 8.43e-05
epoch 325 loss   0.7058 lr 8.21e-05 val EPE 1.685 D1 8.91%
epoch 326 loss   0.6191 lr 8.00e-05
epoch 327 loss   0.6512 lr 7.78e-05
epoch 328 loss   0.5779 lr 7.57e-05
epoch 329 loss   0.5757 lr 7.37e-05
epoch 330 loss   0.7219 lr 7.16e-05 val EPE 1.564 D1 8.38%
epoch 331 loss   0.6466 lr 6.96e-05
epoch 332 loss   0.6524 lr 6.76e-05
epoch 333 loss   0.6867 lr 6.57e-05
epoch 334 loss   0.6948 lr 6.38e-05
epoch 335 loss   0.5871 lr 6.18e-05 val EPE 1.658 D1 8.74%
epoch 336 loss   0.6735 lr 6.00e-05
epoch 337 loss   0.6201 lr 5.81e-05
epoch 338 loss   0.6784 lr 5.63e-05
epoch 339 loss   0.7991 lr 5.45e-05
epoch 340 loss   0.6488 lr 5.27e-05 val EPE 1.652 D1 8.88%
epoch 341 loss   0.6548 lr 5.10e-05
epoch 342 loss   0.5703 lr 4.93e-05
epoch 343 loss   0.5739 lr 4.76e-05
epoch 344 loss   0.6520 lr 4.59e-05
epoch 345 loss   0.6843 lr 4.43e-05 val EPE 1.649 D1 8.68%
epoch 346 loss   0.6732 lr 4.27e-05
epoch 347 loss   0.6128 lr 4.11e-05
epoch 348 loss   0.6766 lr 3.96e-05
epoch 349 loss   0.5659 lr 3.81e-05
epoch 350 loss   0.6506 lr 3.66e-05 val EPE 1.623 D1 8.67%
epoch 351 loss   0.6374 lr 3.51e-05
epoch 352 loss   0.6892 lr 3.37e-05
epoch 353 loss   0.6605 lr 3.23e-05
epoch 354 loss   0.6668 lr 3.09e-05
epoch 355 loss   0.7386 lr 2.96e-05 val EPE 1.563 D1 8.34%
epoch 356 loss   0.6192 lr 2.82e-05
epoch 357 loss   0.6607 lr 2.70e-05
epoch 358 loss   0.6823 lr 2.57e-05
epoch 359 loss   0.6261 lr 2.45e-05
epoch 360 loss   0.6605 lr 2.33e-05 val EPE 1.619 D1 8.54%
epoch 361 loss   0.7488 lr 2.21e-05
epoch 362 loss   0.5709 lr 2.10e-05
epoch 363 loss   0.6960 lr 1.99e-05
epoch 364 loss   0.6506 lr 1.88e-05
epoch 365 loss   0.7481 lr 1.77e-05 val EPE 1.643 D1 8.73%
epoch 366 loss   0.6359 lr 1.67e-05
epoch 367 loss   0.6407 lr 1.57e-05
epoch 368 loss   0.6460 lr 1.47e-05
epoch 369 loss   0.5375 lr 1.38e-05
epoch 370 loss   0.7792 lr 1.29e-05 val EPE 1.635 D1 8.70%
epoch 371 loss   0.6850 lr 1.20e-05
epoch 372 loss   0.6572 lr 1.12e-05
epoch 373 loss   0.7704 lr 1.04e-05
epoch 374 loss   0.5587 lr 9.61e-06
epoch 375 loss   0.5940 lr 8.86e-06 val EPE 1.603 D1 8.56%
epoch 376 loss   0.7168 lr 8.14e-06
epoch 377 loss   0.6164 lr 7.45e-06
epoch 378 loss   0.6666 lr 6.79e-06
epoch 379 loss   0.6175 lr 6.16e-06
epoch 380 loss   0.6837 lr 5.56e-06 val EPE 1.576 D1 8.33%
epoch 381 loss   0.7433 lr 4.99e-06
epoch 382 loss   0.5544 lr 4.45e-06
epoch 383 loss   0.6813 lr 3.94e-06
epoch 384 loss   0.6470 lr 3.47e-06
epoch 385 loss   0.6315 lr 3.02e-06 val EPE 1.572 D1 8.33%
epoch 386 loss   0.5523 lr 2.60e-06
epoch 387 loss   0.6222 lr 2.22e-06
epoch 388 loss   0.6176 lr 1.86e-06
epoch 389 loss   0.5783 lr 1.54e-06
epoch 390 loss   0.6123 lr 1.25e-06 val EPE 1.577 D1 8.37%
epoch 391 loss   0.8296 lr 9.87e-07
epoch 392 loss   0.6687 lr 7.55e-07
epoch 393 loss   0.6238 lr 5.55e-07
epoch 394 loss   0.7834 lr 3.85e-07
epoch 395 loss   0.6416 lr 2.47e-07 val EPE 1.582 D1 8.41%
epoch 396 loss   0.6624 lr 1.39e-07
epoch 397 loss   0.6247 lr 6.17e-08
epoch 398 loss   0.6285 lr 1.54e-08
epoch 399 loss   0.5765 lr 0.00e+00 val EPE 1.581 D1 8.40%
P2A seed 0 done: wall 9237.5s best10 EPE 1.5475 @epoch 260
