[{"stream_name":"stdout","time":13.309318038,"data":"{\"python\": \"3.12.13\", \"torch\": \"2.10.0+cu128\", \"cuda\": \"12.8\", \"cudnn\": 91002, \"gpu\": \"Tesla T4\", \"device_count\": 2}\n"}
,{"stream_name":"stdout","time":13.309384663,"data":"+ /usr/bin/python3 /kaggle/working/repo/stage_e_recipe/run/scripts/run_arm.py --arm armp --init /kaggle/working/repo/checkpoints/armp_stage1_best.pth --outdir /kaggle/working/repo/stage_e_recipe/run/armp --seed 0 --epochs 400 --timeout_s 18000.0\n"}
,{"stream_name":"stdout","time":13.408865388,"data":"RUN arm=armp init=/kaggle/working/repo/checkpoints/armp_stage1_best.pth pid=20 cmd=['/usr/bin/python3', '/kaggle/working/repo/stage_e_recipe/run/scripts/finetune_pilot.py', '--init', '/kaggle/working/repo/checkpoints/armp_stage1_best.pth', '--arm', 'armp']\n"}
,{"stream_name":"stdout","time":16.051619751,"data":"integrity guard: {\"param_count\": 397954, \"param_count_ok\": true, \"all_ok\": true}\n"}
,{"stream_name":"stdout","time":16.063442417,"data":"init: {\"source\": \"/kaggle/working/repo/checkpoints/armp_stage1_best.pth\", \"strict\": true, \"sha256\": \"3ae6fb3be6b2bda9287b325ccbe6d1397744c8f20ef5e56c046176d9f1a29be7\", \"n_keys\": 70, \"param_count\": 397954}\n"}
,{"stream_name":"stdout","time":25.25365243,"data":"/kaggle/working/repo/stage_e_recipe/run/scripts/finetune_pilot.py:303: UserWarning: Converting a tensor with requires_grad=True to a scalar may lead to unexpected behavior.\n"}
,{"stream_name":"stdout","time":25.253694302,"data":"Consider using tensor.detach() first. (Triggered internally at /pytorch/torch/csrc/autograd/generated/python_variable_methods.cpp:836.)\n"}
,{"stream_name":"stdout","time":25.253700381,"data":"  epoch_loss += float(loss)\n"}
,{"stream_name":"stdout","time":52.29998719,"data":"epoch   0 loss   2.3367 lr 1.00e-03 val EPE 2.665 D1 19.08%\n"}
,{"stream_name":"stdout","time":74.557827394,"data":"epoch   1 loss   1.7136 lr 1.00e-03\n"}
,{"stream_name":"stdout","time":97.117149122,"data":"epoch   2 loss   1.4862 lr 1.00e-03\n"}
,{"stream_name":"stdout","time":120.301553212,"data":"epoch   3 loss   1.6242 lr 1.00e-03\n"}
,{"stream_name":"stdout","time":143.475126199,"data":"epoch   4 loss   1.4330 lr 1.00e-03\n"}
,{"stream_name":"stdout","time":167.573937247,"data":"epoch   5 loss   1.2752 lr 9.99e-04 val EPE 2.183 D1 14.18%\n"}
,{"stream_name":"stdout","time":190.440445292,"data":"epoch   6 loss   1.4186 lr 9.99e-04\n"}
,{"stream_name":"stdout","time":213.518060095,"data":"epoch   7 loss   1.2451 lr 9.99e-04\n"}
,{"stream_name":"stdout","time":236.38735154,"data":"epoch   8 loss   1.4243 lr 9.99e-04\n"}
,{"stream_name":"stdout","time":259.275367701,"data":"epoch   9 loss   1.3146 lr 9.98e-04\n"}
,{"stream_name":"stdout","time":283.57667929,"data":"epoch  10 loss   1.1914 lr 9.98e-04 val EPE 2.534 D1 17.84%\n"}
,{"stream_name":"stdout","time":306.435053634,"data":"epoch  11 loss   1.1041 lr 9.98e-04\n"}
,{"stream_name":"stdout","time":329.285726146,"data":"epoch  12 loss   1.4499 lr 9.97e-04\n"}
,{"stream_name":"stdout","time":352.194396889,"data":"epoch  13 loss   1.1655 lr 9.97e-04\n"}
,{"stream_name":"stdout","time":375.025118191,"data":"epoch  14 loss   1.1885 lr 9.97e-04\n"}
,{"stream_name":"stdout","time":399.202248058,"data":"epoch  15 loss   1.2349 lr 9.96e-04 val EPE 2.055 D1 12.50%\n"}
,{"stream_name":"stdout","time":422.092474182,"data":"epoch  16 loss   1.2660 lr 9.96e-04\n"}
,{"stream_name":"stdout","time":444.816446153,"data":"epoch  17 loss   1.2604 lr 9.95e-04\n"}
,{"stream_name":"stdout","time":467.583040016,"data":"epoch  18 loss   1.2279 lr 9.94e-04\n"}
,{"stream_name":"stdout","time":490.31074821,"data":"epoch  19 loss   1.1858 lr 9.94e-04\n"}
,{"stream_name":"stdout","time":514.523522354,"data":"epoch  20 loss   1.7157 lr 9.93e-04 val EPE 2.941 D1 21.13%\n"}
,{"stream_name":"stdout","time":537.372023615,"data":"epoch  21 loss   1.3571 lr 9.93e-04\n"}
,{"stream_name":"stdout","time":560.033822995,"data":"epoch  22 loss   1.4979 lr 9.92e-04\n"}
,{"stream_name":"stdout","time":582.788979999,"data":"epoch  23 loss   1.2568 lr 9.91e-04\n"}
,{"stream_name":"stdout","time":605.547227674,"data":"epoch  24 loss   1.3565 lr 9.90e-04\n"}
,{"stream_name":"stdout","time":629.655245824,"data":"epoch  25 loss   1.1792 lr 9.90e-04 val EPE 1.969 D1 11.57%\n"}
,{"stream_name":"stdout","time":652.343348528,"data":"epoch  26 loss   1.5548 lr 9.89e-04\n"}
,{"stream_name":"stdout","time":675.161923113,"data":"epoch  27 loss   1.1383 lr 9.88e-04\n"}
,{"stream_name":"stdout","time":697.901665063,"data":"epoch  28 loss   1.2843 lr 9.87e-04\n"}
,{"stream_name":"stdout","time":720.55246814,"data":"epoch  29 loss   1.2332 lr 9.86e-04\n"}
,{"stream_name":"stdout","time":744.574111185,"data":"epoch  30 loss   1.0151 lr 9.85e-04 val EPE 2.066 D1 11.76%\n"}
,{"stream_name":"stdout","time":767.625798143,"data":"epoch  31 loss   1.2342 lr 9.84e-04\n"}
,{"stream_name":"stdout","time":790.44425158,"data":"epoch  32 loss   1.3878 lr 9.83e-04\n"}
,{"stream_name":"stdout","time":813.497398559,"data":"epoch  33 loss   1.2372 lr 9.82e-04\n"}
,{"stream_name":"stdout","time":836.287682175,"data":"epoch  34 loss   0.9821 lr 9.81e-04\n"}
,{"stream_name":"stdout","time":860.316000036,"data":"epoch  35 loss   1.0808 lr 9.80e-04 val EPE 2.349 D1 15.04%\n"}
,{"stream_name":"stdout","time":882.926319331,"data":"epoch  36 loss   0.9987 lr 9.79e-04\n"}
,{"stream_name":"stdout","time":905.657496268,"data":"epoch  37 loss   0.9300 lr 9.78e-04\n"}
,{"stream_name":"stdout","time":928.460124086,"data":"epoch  38 loss   0.9575 lr 9.77e-04\n"}
,{"stream_name":"stdout","time":951.535578411,"data":"epoch  39 loss   1.0422 lr 9.76e-04\n"}
,{"stream_name":"stdout","time":975.87528583,"data":"epoch  40 loss   1.3397 lr 9.74e-04 val EPE 2.288 D1 13.29%\n"}
,{"stream_name":"stdout","time":998.899210093,"data":"epoch  41 loss   1.3679 lr 9.73e-04\n"}
,{"stream_name":"stdout","time":1021.838531162,"data":"epoch  42 loss   1.0479 lr 9.72e-04\n"}
,{"stream_name":"stdout","time":1044.831746836,"data":"epoch  43 loss   1.1047 lr 9.70e-04\n"}
,{"stream_name":"stdout","time":1067.734504364,"data":"epoch  44 loss   1.2342 lr 9.69e-04\n"}
,{"stream_name":"stdout","time":1091.960652353,"data":"epoch  45 loss   1.2848 lr 9.68e-04 val EPE 1.984 D1 11.54%\n"}
,{"stream_name":"stdout","time":1115.0447172,"data":"epoch  46 loss   1.3125 lr 9.66e-04\n"}
,{"stream_name":"stdout","time":1138.09122747,"data":"epoch  47 loss   1.2421 lr 9.65e-04\n"}
,{"stream_name":"stdout","time":1160.968866988,"data":"epoch  48 loss   1.2316 lr 9.63e-04\n"}
,{"stream_name":"stdout","time":1183.711996231,"data":"epoch  49 loss   1.4483 lr 9.62e-04\n"}
,{"stream_name":"stdout","time":1207.762828962,"data":"epoch  50 loss   1.0893 lr 9.60e-04 val EPE 2.315 D1 15.36%\n"}
,{"stream_name":"stdout","time":1230.526219127,"data":"epoch  51 loss   1.1098 lr 9.59e-04\n"}
,{"stream_name":"stdout","time":1253.265691213,"data":"epoch  52 loss   1.1875 lr 9.57e-04\n"}
,{"stream_name":"stdout","time":1276.184383052,"data":"epoch  53 loss   1.0511 lr 9.56e-04\n"}
,{"stream_name":"stdout","time":1298.860359258,"data":"epoch  54 loss   1.0502 lr 9.54e-04\n"}
,{"stream_name":"stdout","time":1322.808142663,"data":"epoch  55 loss   1.1519 lr 9.52e-04 val EPE 1.810 D1 11.23%\n"}
,{"stream_name":"stdout","time":1345.468963761,"data":"epoch  56 loss   0.9924 lr 9.51e-04\n"}
,{"stream_name":"stdout","time":1368.177149271,"data":"epoch  57 loss   1.1944 lr 9.49e-04\n"}
,{"stream_name":"stdout","time":1391.016783652,"data":"epoch  58 loss   0.9758 lr 9.47e-04\n"}
,{"stream_name":"stdout","time":1413.775268132,"data":"epoch  59 loss   1.1947 lr 9.46e-04\n"}
,{"stream_name":"stdout","time":1437.917801912,"data":"epoch  60 loss   1.1978 lr 9.44e-04 val EPE 2.036 D1 12.08%\n"}
,{"stream_name":"stdout","time":1460.650104111,"data":"epoch  61 loss   1.0736 lr 9.42e-04\n"}
,{"stream_name":"stdout","time":1483.387620336,"data":"epoch  62 loss   1.2567 lr 9.40e-04\n"}
,{"stream_name":"stdout","time":1506.07779479,"data":"epoch  63 loss   1.0524 lr 9.38e-04\n"}
,{"stream_name":"stdout","time":1528.865022273,"data":"epoch  64 loss   1.1643 lr 9.36e-04\n"}
,{"stream_name":"stdout","time":1552.992930789,"data":"epoch  65 loss   1.1453 lr 9.34e-04 val EPE 1.911 D1 11.42%\n"}
,{"stream_name":"stdout","time":1575.630212927,"data":"epoch  66 loss   1.2243 lr 9.32e-04\n"}
,{"stream_name":"stdout","time":1598.424206209,"data":"epoch  67 loss   1.0775 lr 9.30e-04\n"}
,{"stream_name":"stdout","time":1621.074387053,"data":"epoch  68 loss   0.9999 lr 9.28e-04\n"}
,{"stream_name":"stdout","time":1643.790967131,"data":"epoch  69 loss   1.3171 lr 9.26e-04\n"}
,{"stream_name":"stdout","time":1667.789656452,"data":"epoch  70 loss   1.1487 lr 9.24e-04 val EPE 1.825 D1 11.47%\n"}
,{"stream_name":"stdout","time":1690.555498433,"data":"epoch  71 loss   1.0739 lr 9.22e-04\n"}
,{"stream_name":"stdout","time":1713.291870715,"data":"epoch  72 loss   0.9945 lr 9.20e-04\n"}
,{"stream_name":"stdout","time":1735.946557603,"data":"epoch  73 loss   1.1576 lr 9.18e-04\n"}
,{"stream_name":"stdout","time":1758.548202917,"data":"epoch  74 loss   1.0826 lr 9.16e-04\n"}
,{"stream_name":"stdout","time":1782.63184909,"data":"epoch  75 loss   1.0348 lr 9.14e-04 val EPE 2.408 D1 15.62%\n"}
,{"stream_name":"stdout","time":1805.372294066,"data":"epoch  76 loss   1.0415 lr 9.11e-04\n"}
,{"stream_name":"stdout","time":1827.974431019,"data":"epoch  77 loss   1.0295 lr 9.09e-04\n"}
,{"stream_name":"stdout","time":1850.522024472,"data":"epoch  78 loss   1.0708 lr 9.07e-04\n"}
,{"stream_name":"stdout","time":1873.042279663,"data":"epoch  79 loss   1.0690 lr 9.05e-04\n"}
,{"stream_name":"stdout","time":1897.008973002,"data":"epoch  80 loss   1.0846 lr 9.02e-04 val EPE 1.909 D1 10.89%\n"}
,{"stream_name":"stdout","time":1919.847761908,"data":"epoch  81 loss   1.1228 lr 9.00e-04\n"}
,{"stream_name":"stdout","time":1942.7991193,"data":"epoch  82 loss   1.0736 lr 8.97e-04\n"}
,{"stream_name":"stdout","time":1965.884336565,"data":"epoch  83 loss   0.9708 lr 8.95e-04\n"}
,{"stream_name":"stdout","time":1988.875700501,"data":"epoch  84 loss   0.9572 lr 8.93e-04\n"}
,{"stream_name":"stdout","time":2013.141133687,"data":"epoch  85 loss   0.9465 lr 8.90e-04 val EPE 1.783 D1 10.31%\n"}
,{"stream_name":"stdout","time":2036.134930643,"data":"epoch  86 loss   0.9853 lr 8.88e-04\n"}
,{"stream_name":"stdout","time":2059.021970989,"data":"epoch  87 loss   1.0861 lr 8.85e-04\n"}
,{"stream_name":"stdout","time":2081.782124713,"data":"epoch  88 loss   1.0842 lr 8.83e-04\n"}
,{"stream_name":"stdout","time":2104.588333677,"data":"epoch  89 loss   1.1317 lr 8.80e-04\n"}
,{"stream_name":"stdout","time":2128.488622318,"data":"epoch  90 loss   1.2813 lr 8.78e-04 val EPE 3.271 D1 20.96%\n"}
,{"stream_name":"stdout","time":2151.18342726,"data":"epoch  91 loss   1.2581 lr 8.75e-04\n"}
,{"stream_name":"stdout","time":2173.906478643,"data":"epoch  92 loss   1.1305 lr 8.72e-04\n"}
,{"stream_name":"stdout","time":2196.754513664,"data":"epoch  93 loss   0.8175 lr 8.70e-04\n"}
,{"stream_name":"stdout","time":2219.628066807,"data":"epoch  94 loss   1.0646 lr 8.67e-04\n"}
,{"stream_name":"stdout","time":2243.980937838,"data":"epoch  95 loss   0.9958 lr 8.64e-04 val EPE 2.161 D1 12.48%\n"}
,{"stream_name":"stdout","time":2266.916577851,"data":"epoch  96 loss   0.8713 lr 8.62e-04\n"}
,{"stream_name":"stdout","time":2290.016152608,"data":"epoch  97 loss   0.9749 lr 8.59e-04\n"}
,{"stream_name":"stdout","time":2312.915142067,"data":"epoch  98 loss   1.0405 lr 8.56e-04\n"}
,{"stream_name":"stdout","time":2335.778295061,"data":"epoch  99 loss   0.9039 lr 8.54e-04\n"}
,{"stream_name":"stdout","time":2359.936452275,"data":"epoch 100 loss   0.9554 lr 8.51e-04 val EPE 1.898 D1 11.58%\n"}
,{"stream_name":"stdout","time":2382.603759671,"data":"epoch 101 loss   1.1261 lr 8.48e-04\n"}
,{"stream_name":"stdout","time":2405.393893055,"data":"epoch 102 loss   0.9888 lr 8.45e-04\n"}
,{"stream_name":"stdout","time":2428.14553552,"data":"epoch 103 loss   1.3809 lr 8.42e-04\n"}
,{"stream_name":"stdout","time":2450.824070849,"data":"epoch 104 loss   1.8295 lr 8.39e-04\n"}
,{"stream_name":"stdout","time":2474.724106183,"data":"epoch 105 loss   1.1099 lr 8.37e-04 val EPE 2.088 D1 11.41%\n"}
,{"stream_name":"stdout","time":2497.402640954,"data":"epoch 106 loss   0.9774 lr 8.34e-04\n"}
,{"stream_name":"stdout","time":2520.248096482,"data":"epoch 107 loss   0.9797 lr 8.31e-04\n"}
,{"stream_name":"stdout","time":2543.13559667,"data":"epoch 108 loss   0.8476 lr 8.28e-04\n"}
,{"stream_name":"stdout","time":2565.976210657,"data":"epoch 109 loss   1.0909 lr 8.25e-04\n"}
,{"stream_name":"stdout","time":2590.028362778,"data":"epoch 110 loss   0.9548 lr 8.22e-04 val EPE 1.991 D1 11.02%\n"}
,{"stream_name":"stdout","time":2612.840724832,"data":"epoch 111 loss   0.9097 lr 8.19e-04\n"}
,{"stream_name":"stdout","time":2635.468452679,"data":"epoch 112 loss   1.0416 lr 8.16e-04\n"}
,{"stream_name":"stdout","time":2658.088661824,"data":"epoch 113 loss   1.0851 lr 8.13e-04\n"}
,{"stream_name":"stdout","time":2680.792280094,"data":"epoch 114 loss   1.0895 lr 8.10e-04\n"}
,{"stream_name":"stdout","time":2704.909669369,"data":"epoch 115 loss   0.9840 lr 8.06e-04 val EPE 2.029 D1 11.80%\n"}
,{"stream_name":"stdout","time":2727.687954385,"data":"epoch 116 loss   1.0989 lr 8.03e-04\n"}
,{"stream_name":"stdout","time":2750.355536284,"data":"epoch 117 loss   1.0399 lr 8.00e-04\n"}
,{"stream_name":"stdout","time":2773.005309712,"data":"epoch 118 loss   1.0435 lr 7.97e-04\n"}
,{"stream_name":"stdout","time":2795.698598437,"data":"epoch 119 loss   1.1249 lr 7.94e-04\n"}
,{"stream_name":"stdout","time":2819.76160716,"data":"epoch 120 loss   0.9272 lr 7.91e-04 val EPE 1.842 D1 10.39%\n"}
,{"stream_name":"stdout","time":2842.470757996,"data":"epoch 121 loss   0.8281 lr 7.88e-04\n"}
,{"stream_name":"stdout","time":2865.1662718,"data":"epoch 122 loss   0.8919 lr 7.84e-04\n"}
,{"stream_name":"stdout","time":2887.813735925,"data":"epoch 123 loss   0.9178 lr 7.81e-04\n"}
,{"stream_name":"stdout","time":2910.510666345,"data":"epoch 124 loss   1.0244 lr 7.78e-04\n"}
,{"stream_name":"stdout","time":2934.485685527,"data":"epoch 125 loss   0.8509 lr 7.75e-04 val EPE 1.719 D1 9.74%\n"}
,{"stream_name":"stdout","time":2957.137571057,"data":"epoch 126 loss   1.0084 lr 7.71e-04\n"}
,{"stream_name":"stdout","time":2979.836917929,"data":"epoch 127 loss   1.0125 lr 7.68e-04\n"}
,{"stream_name":"stdout","time":3002.566471923,"data":"epoch 128 loss   0.8436 lr 7.65e-04\n"}
,{"stream_name":"stdout","time":3025.364919297,"data":"epoch 129 loss   0.8553 lr 7.61e-04\n"}
,{"stream_name":"stdout","time":3049.552583205,"data":"epoch 130 loss   0.8476 lr 7.58e-04 val EPE 1.889 D1 10.58%\n"}
,{"stream_name":"stdout","time":3072.358552852,"data":"epoch 131 loss   0.7730 lr 7.55e-04\n"}
,{"stream_name":"stdout","time":3095.215382588,"data":"epoch 132 loss   0.9315 lr 7.51e-04\n"}
,{"stream_name":"stdout","time":3118.024719886,"data":"epoch 133 loss   0.9834 lr 7.48e-04\n"}
,{"stream_name":"stdout","time":3140.818355174,"data":"epoch 134 loss   0.9700 lr 7.44e-04\n"}
,{"stream_name":"stdout","time":3164.974422767,"data":"epoch 135 loss   1.0128 lr 7.41e-04 val EPE 1.891 D1 10.35%\n"}
,{"stream_name":"stdout","time":3187.777102056,"data":"epoch 136 loss   0.9909 lr 7.37e-04\n"}
,{"stream_name":"stdout","time":3210.549896368,"data":"epoch 137 loss   0.8927 lr 7.34e-04\n"}
,{"stream_name":"stdout","time":3233.351240279,"data":"epoch 138 loss   1.0413 lr 7.30e-04\n"}
,{"stream_name":"stdout","time":3256.571355105,"data":"epoch 139 loss   1.2510 lr 7.27e-04\n"}
,{"stream_name":"stdout","time":3281.630219421,"data":"epoch 140 loss   1.2526 lr 7.23e-04 val EPE 2.173 D1 11.88%\n"}
,{"stream_name":"stdout","time":3305.201717914,"data":"epoch 141 loss   0.9078 lr 7.20e-04\n"}
,{"stream_name":"stdout","time":3328.526141954,"data":"epoch 142 loss   1.0439 lr 7.16e-04\n"}
,{"stream_name":"stdout","time":3351.777572304,"data":"epoch 143 loss   0.9969 lr 7.13e-04\n"}
,{"stream_name":"stdout","time":3374.69934696,"data":"epoch 144 loss   0.9375 lr 7.09e-04\n"}
,{"stream_name":"stdout","time":3398.779918935,"data":"epoch 145 loss   0.9026 lr 7.06e-04 val EPE 1.754 D1 9.92%\n"}
,{"stream_name":"stdout","time":3421.466201931,"data":"epoch 146 loss   0.7403 lr 7.02e-04\n"}
,{"stream_name":"stdout","time":3444.194346597,"data":"epoch 147 loss   1.0922 lr 6.99e-04\n"}
,{"stream_name":"stdout","time":3466.897387749,"data":"epoch 148 loss   0.9210 lr 6.95e-04\n"}
,{"stream_name":"stdout","time":3489.571921189,"data":"epoch 149 loss   1.0756 lr 6.91e-04\n"}
,{"stream_name":"stdout","time":3513.732726175,"data":"epoch 150 loss   0.8263 lr 6.88e-04 val EPE 1.670 D1 9.63%\n"}
,{"stream_name":"stdout","time":3536.416733633,"data":"epoch 151 loss   0.8486 lr 6.84e-04\n"}
,{"stream_name":"stdout","time":3559.103757041,"data":"epoch 152 loss   0.8339 lr 6.80e-04\n"}
,{"stream_name":"stdout","time":3581.925821551,"data":"epoch 153 loss   0.8632 lr 6.77e-04\n"}
,{"stream_name":"stdout","time":3604.741205981,"data":"epoch 154 loss   1.0595 lr 6.73e-04\n"}
,{"stream_name":"stdout","time":3628.752514013,"data":"epoch 155 loss   1.1779 lr 6.69e-04 val EPE 1.958 D1 11.62%\n"}
,{"stream_name":"stdout","time":3651.460338976,"data":"epoch 156 loss   0.8982 lr 6.66e-04\n"}
,{"stream_name":"stdout","time":3674.174226327,"data":"epoch 157 loss   1.0208 lr 6.62e-04\n"}
,{"stream_name":"stdout","time":3696.852866953,"data":"epoch 158 loss   1.0398 lr 6.58e-04\n"}
,{"stream_name":"stdout","time":3719.46500886,"data":"epoch 159 loss   0.9274 lr 6.55e-04\n"}
,{"stream_name":"stdout","time":3743.408681916,"data":"epoch 160 loss   0.9892 lr 6.51e-04 val EPE 1.938 D1 11.00%\n"}
,{"stream_name":"stdout","time":3766.092054891,"data":"epoch 161 loss   0.9030 lr 6.47e-04\n"}
,{"stream_name":"stdout","time":3788.76247822,"data":"epoch 162 loss   0.8974 lr 6.43e-04\n"}
,{"stream_name":"stdout","time":3811.587447892,"data":"epoch 163 loss   0.9532 lr 6.39e-04\n"}
,{"stream_name":"stdout","time":3834.536339382,"data":"epoch 164 loss   0.8645 lr 6.36e-04\n"}
,{"stream_name":"stdout","time":3858.499840414,"data":"epoch 165 loss   1.0593 lr 6.32e-04 val EPE 1.832 D1 9.87%\n"}
,{"stream_name":"stdout","time":3881.091778008,"data":"epoch 166 loss   0.9003 lr 6.28e-04\n"}
,{"stream_name":"stdout","time":3904.055520798,"data":"epoch 167 loss   0.8204 lr 6.24e-04\n"}
,{"stream_name":"stdout","time":3926.848079473,"data":"epoch 168 loss   0.8988 lr 6.21e-04\n"}
,{"stream_name":"stdout","time":3949.665235422,"data":"epoch 169 loss   0.8867 lr 6.17e-04\n"}
,{"stream_name":"stdout","time":3974.275041379,"data":"epoch 170 loss   0.8667 lr 6.13e-04 val EPE 1.796 D1 10.17%\n"}
,{"stream_name":"stdout","time":3997.520139435,"data":"epoch 171 loss   0.7753 lr 6.09e-04\n"}
,{"stream_name":"stdout","time":4020.835993275,"data":"epoch 172 loss   0.9814 lr 6.05e-04\n"}
,{"stream_name":"stdout","time":4043.928709308,"data":"epoch 173 loss   0.7617 lr 6.01e-04\n"}
,{"stream_name":"stdout","time":4067.130875509,"data":"epoch 174 loss   0.8960 lr 5.98e-04\n"}
,{"stream_name":"stdout","time":4091.567646752,"data":"epoch 175 loss   0.8590 lr 5.94e-04 val EPE 1.998 D1 10.07%\n"}
,{"stream_name":"stdout","time":4114.416980221,"data":"epoch 176 loss   1.0463 lr 5.90e-04\n"}
,{"stream_name":"stdout","time":4137.2128281,"data":"epoch 177 loss   0.8618 lr 5.86e-04\n"}
,{"stream_name":"stdout","time":4159.933423583,"data":"epoch 178 loss   0.7884 lr 5.82e-04\n"}
,{"stream_name":"stdout","time":4182.697077869,"data":"epoch 179 loss   0.8364 lr 5.78e-04\n"}
,{"stream_name":"stdout","time":4206.711950263,"data":"epoch 180 loss   0.9812 lr 5.74e-04 val EPE 1.954 D1 10.30%\n"}
,{"stream_name":"stdout","time":4229.437594112,"data":"epoch 181 loss   0.8420 lr 5.70e-04\n"}
,{"stream_name":"stdout","time":4252.213850815,"data":"epoch 182 loss   0.8468 lr 5.67e-04\n"}
,{"stream_name":"stdout","time":4274.936377815,"data":"epoch 183 loss   0.8908 lr 5.63e-04\n"}
,{"stream_name":"stdout","time":4297.580993708,"data":"epoch 184 loss   0.7932 lr 5.59e-04\n"}
,{"stream_name":"stdout","time":4321.610676717,"data":"epoch 185 loss   0.9521 lr 5.55e-04 val EPE 1.830 D1 10.29%\n"}
,{"stream_name":"stdout","time":4344.321378339,"data":"epoch 186 loss   0.7611 lr 5.51e-04\n"}
,{"stream_name":"stdout","time":4366.988446315,"data":"epoch 187 loss   0.8514 lr 5.47e-04\n"}
,{"stream_name":"stdout","time":4389.690749143,"data":"epoch 188 loss   0.8202 lr 5.43e-04\n"}
,{"stream_name":"stdout","time":4412.288003681,"data":"epoch 189 loss   0.8801 lr 5.39e-04\n"}
,{"stream_name":"stdout","time":4436.328901075,"data":"epoch 190 loss   0.8699 lr 5.35e-04 val EPE 1.834 D1 10.13%\n"}
,{"stream_name":"stdout","time":4458.986048484,"data":"epoch 191 loss   0.8436 lr 5.31e-04\n"}
,{"stream_name":"stdout","time":4481.727235463,"data":"epoch 192 loss   0.8570 lr 5.27e-04\n"}
,{"stream_name":"stdout","time":4504.434161469,"data":"epoch 193 loss   0.9325 lr 5.24e-04\n"}
,{"stream_name":"stdout","time":4527.138355857,"data":"epoch 194 loss   0.8688 lr 5.20e-04\n"}
,{"stream_name":"stdout","time":4551.153010897,"data":"epoch 195 loss   0.8316 lr 5.16e-04 val EPE 1.732 D1 9.41%\n"}
,{"stream_name":"stdout","time":4574.013548062,"data":"epoch 196 loss   1.0092 lr 5.12e-04\n"}
,{"stream_name":"stdout","time":4596.711886271,"data":"epoch 197 loss   0.8187 lr 5.08e-04\n"}
,{"stream_name":"stdout","time":4620.190420486,"data":"epoch 198 loss   0.8661 lr 5.04e-04\n"}
,{"stream_name":"stdout","time":4644.026130867,"data":"epoch 199 loss   0.9143 lr 5.00e-04\n"}
,{"stream_name":"stdout","time":4668.144445804,"data":"epoch 200 loss   0.7618 lr 4.96e-04 val EPE 1.730 D1 9.39%\n"}
,{"stream_name":"stdout","time":4690.990303361,"data":"epoch 201 loss   0.7957 lr 4.92e-04\n"}
,{"stream_name":"stdout","time":4713.917222646,"data":"epoch 202 loss   0.9041 lr 4.88e-04\n"}
,{"stream_name":"stdout","time":4736.845109393,"data":"epoch 203 loss   0.7152 lr 4.84e-04\n"}
,{"stream_name":"stdout","time":4759.738655981,"data":"epoch 204 loss   0.8348 lr 4.80e-04\n"}
,{"stream_name":"stdout","time":4783.98436284,"data":"epoch 205 loss   0.6964 lr 4.76e-04 val EPE 1.773 D1 9.66%\n"}
,{"stream_name":"stdout","time":4806.922462547,"data":"epoch 206 loss   0.8782 lr 4.73e-04\n"}
,{"stream_name":"stdout","time":4829.671873024,"data":"epoch 207 loss   0.8034 lr 4.69e-04\n"}
,{"stream_name":"stdout","time":4852.551415343,"data":"epoch 208 loss   0.9084 lr 4.65e-04\n"}
,{"stream_name":"stdout","time":4875.367794929,"data":"epoch 209 loss   0.7855 lr 4.61e-04\n"}
,{"stream_name":"stdout","time":4899.489997206,"data":"epoch 210 loss   0.6917 lr 4.57e-04 val EPE 1.735 D1 9.35%\n"}
,{"stream_name":"stdout","time":4922.333761065,"data":"epoch 211 loss   0.7128 lr 4.53e-04\n"}
,{"stream_name":"stdout","time":4945.136012393,"data":"epoch 212 loss   0.7821 lr 4.49e-04\n"}
,{"stream_name":"stdout","time":4968.013754409,"data":"epoch 213 loss   0.8333 lr 4.45e-04\n"}
,{"stream_name":"stdout","time":4990.849824831,"data":"epoch 214 loss   0.8271 lr 4.41e-04\n"}
,{"stream_name":"stdout","time":5014.954450178,"data":"epoch 215 loss   0.9669 lr 4.37e-04 val EPE 2.326 D1 14.25%\n"}
,{"stream_name":"stdout","time":5037.5942948,"data":"epoch 216 loss   0.7152 lr 4.33e-04\n"}
,{"stream_name":"stdout","time":5060.254475497,"data":"epoch 217 loss   0.8885 lr 4.30e-04\n"}
,{"stream_name":"stdout","time":5082.956988297,"data":"epoch 218 loss   0.7796 lr 4.26e-04\n"}
,{"stream_name":"stdout","time":5105.66357063,"data":"epoch 219 loss   0.8315 lr 4.22e-04\n"}
,{"stream_name":"stdout","time":5129.664136487,"data":"epoch 220 loss   0.6866 lr 4.18e-04 val EPE 1.644 D1 8.99%\n"}
,{"stream_name":"stdout","time":5152.307621914,"data":"epoch 221 loss   0.6673 lr 4.14e-04\n"}
,{"stream_name":"stdout","time":5174.877099645,"data":"epoch 222 loss   0.8904 lr 4.10e-04\n"}
,{"stream_name":"stdout","time":5197.512610416,"data":"epoch 223 loss   0.7317 lr 4.06e-04\n"}
,{"stream_name":"stdout","time":5220.221761161,"data":"epoch 224 loss   0.7737 lr 4.02e-04\n"}
,{"stream_name":"stdout","time":5244.074722621,"data":"epoch 225 loss   0.9124 lr 3.99e-04 val EPE 2.097 D1 11.46%\n"}
,{"stream_name":"stdout","time":5266.630465725,"data":"epoch 226 loss   0.8981 lr 3.95e-04\n"}
,{"stream_name":"stdout","time":5289.270287433,"data":"epoch 227 loss   0.7920 lr 3.91e-04\n"}
,{"stream_name":"stdout","time":5311.88845464,"data":"epoch 228 loss   0.7528 lr 3.87e-04\n"}
,{"stream_name":"stdout","time":5334.502426554,"data":"epoch 229 loss   0.8655 lr 3.83e-04\n"}
,{"stream_name":"stdout","time":5358.707927939,"data":"epoch 230 loss   0.9116 lr 3.79e-04 val EPE 1.620 D1 8.71%\n"}
,{"stream_name":"stdout","time":5381.566505168,"data":"epoch 231 loss   0.7530 lr 3.76e-04\n"}
,{"stream_name":"stdout","time":5404.358030179,"data":"epoch 232 loss   0.8195 lr 3.72e-04\n"}
,{"stream_name":"stdout","time":5427.008916325,"data":"epoch 233 loss   0.6590 lr 3.68e-04\n"}
,{"stream_name":"stdout","time":5449.604811674,"data":"epoch 234 loss   0.7682 lr 3.64e-04\n"}
,{"stream_name":"stdout","time":5473.572906901,"data":"epoch 235 loss   0.7582 lr 3.61e-04 val EPE 1.584 D1 8.58%\n"}
,{"stream_name":"stdout","time":5496.164651485,"data":"epoch 236 loss   0.7662 lr 3.57e-04\n"}
,{"stream_name":"stdout","time":5518.825304375,"data":"epoch 237 loss   0.7661 lr 3.53e-04\n"}
,{"stream_name":"stdout","time":5541.434334411,"data":"epoch 238 loss   0.7025 lr 3.49e-04\n"}
,{"stream_name":"stdout","time":5564.128223595,"data":"epoch 239 loss   0.7532 lr 3.45e-04\n"}
,{"stream_name":"stdout","time":5588.137923987,"data":"epoch 240 loss   0.6981 lr 3.42e-04 val EPE 1.663 D1 8.55%\n"}
,{"stream_name":"stdout","time":5610.796937995,"data":"epoch 241 loss   1.0055 lr 3.38e-04\n"}
,{"stream_name":"stdout","time":5633.448546051,"data":"epoch 242 loss   0.7514 lr 3.34e-04\n"}
,{"stream_name":"stdout","time":5656.001347719,"data":"epoch 243 loss   0.7547 lr 3.31e-04\n"}
,{"stream_name":"stdout","time":5678.77525934,"data":"epoch 244 loss   0.7796 lr 3.27e-04\n"}
,{"stream_name":"stdout","time":5702.906804683,"data":"epoch 245 loss   0.7583 lr 3.23e-04 val EPE 1.658 D1 9.17%\n"}
,{"stream_name":"stdout","time":5725.851563016,"data":"epoch 246 loss   0.7719 lr 3.20e-04\n"}
,{"stream_name":"stdout","time":5748.722438761,"data":"epoch 247 loss   0.9022 lr 3.16e-04\n"}
,{"stream_name":"stdout","time":5771.608955568,"data":"epoch 248 loss   0.7141 lr 3.12e-04\n"}
,{"stream_name":"stdout","time":5794.539479526,"data":"epoch 249 loss   0.7337 lr 3.09e-04\n"}
,{"stream_name":"stdout","time":5818.805815722,"data":"epoch 250 loss   0.8638 lr 3.05e-04 val EPE 1.782 D1 9.93%\n"}
,{"stream_name":"stdout","time":5841.535224995,"data":"epoch 251 loss   0.7204 lr 3.01e-04\n"}
,{"stream_name":"stdout","time":5864.279829202,"data":"epoch 252 loss   0.8014 lr 2.98e-04\n"}
,{"stream_name":"stdout","time":5887.072615871,"data":"epoch 253 loss   0.7544 lr 2.94e-04\n"}
,{"stream_name":"stdout","time":5909.738127345,"data":"epoch 254 loss   0.7726 lr 2.91e-04\n"}
,{"stream_name":"stdout","time":5933.662471975,"data":"epoch 255 loss   0.6642 lr 2.87e-04 val EPE 1.642 D1 8.89%\n"}
,{"stream_name":"stdout","time":5956.347189909,"data":"epoch 256 loss   0.8104 lr 2.84e-04\n"}
,{"stream_name":"stdout","time":5979.115693523,"data":"epoch 257 loss   0.7137 lr 2.80e-04\n"}
,{"stream_name":"stdout","time":6001.838781037,"data":"epoch 258 loss   0.7467 lr 2.77e-04\n"}
,{"stream_name":"stdout","time":6024.557602286,"data":"epoch 259 loss   0.7796 lr 2.73e-04\n"}
,{"stream_name":"stdout","time":6048.555419302,"data":"epoch 260 loss   0.7970 lr 2.70e-04 val EPE 1.548 D1 8.40%\n"}
,{"stream_name":"stdout","time":6071.352831881,"data":"epoch 261 loss   0.7630 lr 2.66e-04\n"}
,{"stream_name":"stdout","time":6094.211968602,"data":"epoch 262 loss   0.8315 lr 2.63e-04\n"}
,{"stream_name":"stdout","time":6116.962519883,"data":"epoch 263 loss   0.7621 lr 2.59e-04\n"}
,{"stream_name":"stdout","time":6139.881544382,"data":"epoch 264 loss   0.8118 lr 2.56e-04\n"}
,{"stream_name":"stdout","time":6164.105243896,"data":"epoch 265 loss   0.8272 lr 2.52e-04 val EPE 1.667 D1 9.47%\n"}
,{"stream_name":"stdout","time":6186.992976185,"data":"epoch 266 loss   0.7591 lr 2.49e-04\n"}
,{"stream_name":"stdout","time":6209.805367502,"data":"epoch 267 loss   0.7926 lr 2.45e-04\n"}
,{"stream_name":"stdout","time":6232.577458275,"data":"epoch 268 loss   0.7273 lr 2.42e-04\n"}
,{"stream_name":"stdout","time":6255.311862378,"data":"epoch 269 loss   0.6829 lr 2.39e-04\n"}
,{"stream_name":"stdout","time":6279.339527919,"data":"epoch 270 loss   0.7799 lr 2.35e-04 val EPE 1.677 D1 8.85%\n"}
,{"stream_name":"stdout","time":6301.983950912,"data":"epoch 271 loss   0.6622 lr 2.32e-04\n"}
,{"stream_name":"stdout","time":6324.597080642,"data":"epoch 272 loss   0.6771 lr 2.29e-04\n"}
,{"stream_name":"stdout","time":6347.218839171,"data":"epoch 273 loss   0.7266 lr 2.25e-04\n"}
,{"stream_name":"stdout","time":6369.811019575,"data":"epoch 274 loss   0.7511 lr 2.22e-04\n"}
,{"stream_name":"stdout","time":6393.792725612,"data":"epoch 275 loss   0.7154 lr 2.19e-04 val EPE 1.918 D1 10.40%\n"}
,{"stream_name":"stdout","time":6416.519228638,"data":"epoch 276 loss   0.7875 lr 2.16e-04\n"}
,{"stream_name":"stdout","time":6439.295214854,"data":"epoch 277 loss   0.6402 lr 2.12e-04\n"}
,{"stream_name":"stdout","time":6462.037569529,"data":"epoch 278 loss   0.6873 lr 2.09e-04\n"}
,{"stream_name":"stdout","time":6484.720150782,"data":"epoch 279 loss   0.6250 lr 2.06e-04\n"}
,{"stream_name":"stdout","time":6508.72509152,"data":"epoch 280 loss   0.6872 lr 2.03e-04 val EPE 1.596 D1 8.57%\n"}
,{"stream_name":"stdout","time":6531.406538656,"data":"epoch 281 loss   0.7169 lr 2.00e-04\n"}
,{"stream_name":"stdout","time":6554.082989541,"data":"epoch 282 loss   0.6634 lr 1.97e-04\n"}
,{"stream_name":"stdout","time":6576.740032062,"data":"epoch 283 loss   0.7075 lr 1.94e-04\n"}
,{"stream_name":"stdout","time":6599.398383281,"data":"epoch 284 loss   0.6794 lr 1.90e-04\n"}
,{"stream_name":"stdout","time":6623.440707,"data":"epoch 285 loss   0.6619 lr 1.87e-04 val EPE 1.724 D1 9.39%\n"}
,{"stream_name":"stdout","time":6646.316842839,"data":"epoch 286 loss   0.8364 lr 1.84e-04\n"}
,{"stream_name":"stdout","time":6669.11453802,"data":"epoch 287 loss   0.7338 lr 1.81e-04\n"}
,{"stream_name":"stdout","time":6691.943192375,"data":"epoch 288 loss   0.7619 lr 1.78e-04\n"}
,{"stream_name":"stdout","time":6714.973516281,"data":"epoch 289 loss   0.6738 lr 1.75e-04\n"}
,{"stream_name":"stdout","time":6739.176253206,"data":"epoch 290 loss   0.6917 lr 1.72e-04 val EPE 1.667 D1 9.03%\n"}
,{"stream_name":"stdout","time":6761.950402148,"data":"epoch 291 loss   0.7300 lr 1.69e-04\n"}
,{"stream_name":"stdout","time":6784.627227369,"data":"epoch 292 loss   0.7901 lr 1.66e-04\n"}
,{"stream_name":"stdout","time":6807.429018887,"data":"epoch 293 loss   0.7717 lr 1.63e-04\n"}
,{"stream_name":"stdout","time":6830.273661672,"data":"epoch 294 loss   0.7454 lr 1.61e-04\n"}
,{"stream_name":"stdout","time":6854.378327092,"data":"epoch 295 loss   0.6561 lr 1.58e-04 val EPE 1.582 D1 8.48%\n"}
,{"stream_name":"stdout","time":6877.118690097,"data":"epoch 296 loss   0.6431 lr 1.55e-04\n"}
,{"stream_name":"stdout","time":6899.822886161,"data":"epoch 297 loss   0.7387 lr 1.52e-04\n"}
,{"stream_name":"stdout","time":6922.436878695,"data":"epoch 298 loss   0.6827 lr 1.49e-04\n"}
,{"stream_name":"stdout","time":6945.217042895,"data":"epoch 299 loss   0.6062 lr 1.46e-04\n"}
,{"stream_name":"stdout","time":6969.317042867,"data":"epoch 300 loss   0.7134 lr 1.44e-04 val EPE 1.585 D1 8.40%\n"}
,{"stream_name":"stdout","time":6992.027249745,"data":"epoch 301 loss   0.7534 lr 1.41e-04\n"}
,{"stream_name":"stdout","time":7014.576784279,"data":"epoch 302 loss   0.7196 lr 1.38e-04\n"}
,{"stream_name":"stdout","time":7037.165512262,"data":"epoch 303 loss   0.7835 lr 1.36e-04\n"}
,{"stream_name":"stdout","time":7059.8992453,"data":"epoch 304 loss   0.6556 lr 1.33e-04\n"}
,{"stream_name":"stdout","time":7083.907745404,"data":"epoch 305 loss   0.7307 lr 1.30e-04 val EPE 1.589 D1 8.60%\n"}
,{"stream_name":"stdout","time":7106.603639158,"data":"epoch 306 loss   0.6543 lr 1.28e-04\n"}
,{"stream_name":"stdout","time":7129.313708295,"data":"epoch 307 loss   0.6521 lr 1.25e-04\n"}
,{"stream_name":"stdout","time":7151.958733863,"data":"epoch 308 loss   0.6514 lr 1.22e-04\n"}
,{"stream_name":"stdout","time":7174.89602218,"data":"epoch 309 loss   0.7783 lr 1.20e-04\n"}
,{"stream_name":"stdout","time":7199.020402272,"data":"epoch 310 loss   0.9434 lr 1.17e-04 val EPE 1.618 D1 8.76%\n"}
,{"stream_name":"stdout","time":7221.928453048,"data":"epoch 311 loss   0.7059 lr 1.15e-04\n"}
,{"stream_name":"stdout","time":7244.649065139,"data":"epoch 312 loss   0.7093 lr 1.12e-04\n"}
,{"stream_name":"stdout","time":7267.590679228,"data":"epoch 313 loss   0.7486 lr 1.10e-04\n"}
,{"stream_name":"stdout","time":7290.454853008,"data":"epoch 314 loss   0.6840 lr 1.07e-04\n"}
,{"stream_name":"stdout","time":7314.573368491,"data":"epoch 315 loss   0.7596 lr 1.05e-04 val EPE 1.705 D1 9.33%\n"}
,{"stream_name":"stdout","time":7337.55992526,"data":"epoch 316 loss   0.5947 lr 1.03e-04\n"}
,{"stream_name":"stdout","time":7360.435009769,"data":"epoch 317 loss   0.6676 lr 1.00e-04\n"}
,{"stream_name":"stdout","time":7383.21239276,"data":"epoch 318 loss   0.6762 lr 9.78e-05\n"}
,{"stream_name":"stdout","time":7405.811657723,"data":"epoch 319 loss   0.7184 lr 9.55e-05\n"}
,{"stream_name":"stdout","time":7430.092418054,"data":"epoch 320 loss   0.7132 lr 9.32e-05 val EPE 1.770 D1 9.33%\n"}
,{"stream_name":"stdout","time":7452.94690592,"data":"epoch 321 loss   0.6205 lr 9.09e-05\n"}
,{"stream_name":"stdout","time":7475.839672781,"data":"epoch 322 loss   0.5947 lr 8.87e-05\n"}
,{"stream_name":"stdout","time":7498.59096698,"data":"epoch 323 loss   0.6581 lr 8.65e-05\n"}
,{"stream_name":"stdout","time":7521.330813529,"data":"epoch 324 loss   0.6399 lr 8.43e-05\n"}
,{"stream_name":"stdout","time":7545.369442631,"data":"epoch 325 loss   0.7058 lr 8.21e-05 val EPE 1.685 D1 8.91%\n"}
,{"stream_name":"stdout","time":7568.166075771,"data":"epoch 326 loss   0.6191 lr 8.00e-05\n"}
,{"stream_name":"stdout","time":7590.912716844,"data":"epoch 327 loss   0.6512 lr 7.78e-05\n"}
,{"stream_name":"stdout","time":7613.735441147,"data":"epoch 328 loss   0.5779 lr 7.57e-05\n"}
,{"stream_name":"stdout","time":7636.521826295,"data":"epoch 329 loss   0.5757 lr 7.37e-05\n"}
,{"stream_name":"stdout","time":7660.657478109,"data":"epoch 330 loss   0.7219 lr 7.16e-05 val EPE 1.564 D1 8.38%\n"}
,{"stream_name":"stdout","time":7683.531532255,"data":"epoch 331 loss   0.6466 lr 6.96e-05\n"}
,{"stream_name":"stdout","time":7706.507240432,"data":"epoch 332 loss   0.6524 lr 6.76e-05\n"}
,{"stream_name":"stdout","time":7729.51182584,"data":"epoch 333 loss   0.6867 lr 6.57e-05\n"}
,{"stream_name":"stdout","time":7752.261936992,"data":"epoch 334 loss   0.6948 lr 6.38e-05\n"}
,{"stream_name":"stdout","time":7776.552861621,"data":"epoch 335 loss   0.5871 lr 6.18e-05 val EPE 1.658 D1 8.74%\n"}
,{"stream_name":"stdout","time":7799.319417353,"data":"epoch 336 loss   0.6735 lr 6.00e-05\n"}
,{"stream_name":"stdout","time":7822.199262517,"data":"epoch 337 loss   0.6201 lr 5.81e-05\n"}
,{"stream_name":"stdout","time":7845.1214431,"data":"epoch 338 loss   0.6784 lr 5.63e-05\n"}
,{"stream_name":"stdout","time":7867.867663667,"data":"epoch 339 loss   0.7991 lr 5.45e-05\n"}
,{"stream_name":"stdout","time":7892.044820907,"data":"epoch 340 loss   0.6488 lr 5.27e-05 val EPE 1.652 D1 8.88%\n"}
,{"stream_name":"stdout","time":7914.737576566,"data":"epoch 341 loss   0.6548 lr 5.10e-05\n"}
,{"stream_name":"stdout","time":7937.412522137,"data":"epoch 342 loss   0.5703 lr 4.93e-05\n"}
,{"stream_name":"stdout","time":7959.960336005,"data":"epoch 343 loss   0.5739 lr 4.76e-05\n"}
,{"stream_name":"stdout","time":7982.800316712,"data":"epoch 344 loss   0.6520 lr 4.59e-05\n"}
,{"stream_name":"stdout","time":8006.989546562,"data":"epoch 345 loss   0.6843 lr 4.43e-05 val EPE 1.649 D1 8.68%\n"}
,{"stream_name":"stdout","time":8029.7986195,"data":"epoch 346 loss   0.6732 lr 4.27e-05\n"}
,{"stream_name":"stdout","time":8052.70844392,"data":"epoch 347 loss   0.6128 lr 4.11e-05\n"}
,{"stream_name":"stdout","time":8075.485836781,"data":"epoch 348 loss   0.6766 lr 3.96e-05\n"}
,{"stream_name":"stdout","time":8098.293837464,"data":"epoch 349 loss   0.5659 lr 3.81e-05\n"}
,{"stream_name":"stdout","time":8122.372312686,"data":"epoch 350 loss   0.6506 lr 3.66e-05 val EPE 1.623 D1 8.67%\n"}
,{"stream_name":"stdout","time":8145.138266147,"data":"epoch 351 loss   0.6374 lr 3.51e-05\n"}
,{"stream_name":"stdout","time":8167.957396083,"data":"epoch 352 loss   0.6892 lr 3.37e-05\n"}
,{"stream_name":"stdout","time":8190.812488327,"data":"epoch 353 loss   0.6605 lr 3.23e-05\n"}
,{"stream_name":"stdout","time":8213.602259927,"data":"epoch 354 loss   0.6668 lr 3.09e-05\n"}
,{"stream_name":"stdout","time":8237.636954416,"data":"epoch 355 loss   0.7386 lr 2.96e-05 val EPE 1.563 D1 8.34%\n"}
,{"stream_name":"stdout","time":8260.51712477,"data":"epoch 356 loss   0.6192 lr 2.82e-05\n"}
,{"stream_name":"stdout","time":8283.524314787,"data":"epoch 357 loss   0.6607 lr 2.70e-05\n"}
,{"stream_name":"stdout","time":8306.409029861,"data":"epoch 358 loss   0.6823 lr 2.57e-05\n"}
,{"stream_name":"stdout","time":8329.151915474,"data":"epoch 359 loss   0.6261 lr 2.45e-05\n"}
,{"stream_name":"stdout","time":8353.657106232,"data":"epoch 360 loss   0.6605 lr 2.33e-05 val EPE 1.619 D1 8.54%\n"}
,{"stream_name":"stdout","time":8376.782830259,"data":"epoch 361 loss   0.7488 lr 2.21e-05\n"}
,{"stream_name":"stdout","time":8399.77207267,"data":"epoch 362 loss   0.5709 lr 2.10e-05\n"}
,{"stream_name":"stdout","time":8422.644766431,"data":"epoch 363 loss   0.6960 lr 1.99e-05\n"}
,{"stream_name":"stdout","time":8445.758385346,"data":"epoch 364 loss   0.6506 lr 1.88e-05\n"}
,{"stream_name":"stdout","time":8470.007074244,"data":"epoch 365 loss   0.7481 lr 1.77e-05 val EPE 1.643 D1 8.73%\n"}
,{"stream_name":"stdout","time":8492.903052811,"data":"epoch 366 loss   0.6359 lr 1.67e-05\n"}
,{"stream_name":"stdout","time":8515.826027587,"data":"epoch 367 loss   0.6407 lr 1.57e-05\n"}
,{"stream_name":"stdout","time":8538.748877065,"data":"epoch 368 loss   0.6460 lr 1.47e-05\n"}
,{"stream_name":"stdout","time":8561.754471517,"data":"epoch 369 loss   0.5375 lr 1.38e-05\n"}
,{"stream_name":"stdout","time":8586.274052165,"data":"epoch 370 loss   0.7792 lr 1.29e-05 val EPE 1.635 D1 8.70%\n"}
,{"stream_name":"stdout","time":8609.222474065,"data":"epoch 371 loss   0.6850 lr 1.20e-05\n"}
,{"stream_name":"stdout","time":8632.375483686,"data":"epoch 372 loss   0.6572 lr 1.12e-05\n"}
,{"stream_name":"stdout","time":8655.463131626,"data":"epoch 373 loss   0.7704 lr 1.04e-05\n"}
,{"stream_name":"stdout","time":8678.952822274,"data":"epoch 374 loss   0.5587 lr 9.61e-06\n"}
,{"stream_name":"stdout","time":8703.425964189,"data":"epoch 375 loss   0.5940 lr 8.86e-06 val EPE 1.603 D1 8.56%\n"}
,{"stream_name":"stdout","time":8726.380251882,"data":"epoch 376 loss   0.7168 lr 8.14e-06\n"}
,{"stream_name":"stdout","time":8749.649641701,"data":"epoch 377 loss   0.6164 lr 7.45e-06\n"}
,{"stream_name":"stdout","time":8772.686209616,"data":"epoch 378 loss   0.6666 lr 6.79e-06\n"}
,{"stream_name":"stdout","time":8795.81960796,"data":"epoch 379 loss   0.6175 lr 6.16e-06\n"}
,{"stream_name":"stdout","time":8820.234232806,"data":"epoch 380 loss   0.6837 lr 5.56e-06 val EPE 1.576 D1 8.33%\n"}
,{"stream_name":"stdout","time":8843.043508851,"data":"epoch 381 loss   0.7433 lr 4.99e-06\n"}
,{"stream_name":"stdout","time":8866.122023513,"data":"epoch 382 loss   0.5544 lr 4.45e-06\n"}
,{"stream_name":"stdout","time":8889.240897587,"data":"epoch 383 loss   0.6813 lr 3.94e-06\n"}
,{"stream_name":"stdout","time":8912.248419609,"data":"epoch 384 loss   0.6470 lr 3.47e-06\n"}
,{"stream_name":"stdout","time":8936.829835362,"data":"epoch 385 loss   0.6315 lr 3.02e-06 val EPE 1.572 D1 8.33%\n"}
,{"stream_name":"stdout","time":8959.952985192,"data":"epoch 386 loss   0.5523 lr 2.60e-06\n"}
,{"stream_name":"stdout","time":8983.013281123,"data":"epoch 387 loss   0.6222 lr 2.22e-06\n"}
,{"stream_name":"stdout","time":9006.002271112,"data":"epoch 388 loss   0.6176 lr 1.86e-06\n"}
,{"stream_name":"stdout","time":9029.160541774,"data":"epoch 389 loss   0.5783 lr 1.54e-06\n"}
,{"stream_name":"stdout","time":9053.566992311,"data":"epoch 390 loss   0.6123 lr 1.25e-06 val EPE 1.577 D1 8.37%\n"}
,{"stream_name":"stdout","time":9076.159725185,"data":"epoch 391 loss   0.8296 lr 9.87e-07\n"}
,{"stream_name":"stdout","time":9098.808061938,"data":"epoch 392 loss   0.6687 lr 7.55e-07\n"}
,{"stream_name":"stdout","time":9121.407330401,"data":"epoch 393 loss   0.6238 lr 5.55e-07\n"}
,{"stream_name":"stdout","time":9143.953533369,"data":"epoch 394 loss   0.7834 lr 3.85e-07\n"}
,{"stream_name":"stdout","time":9167.885932076,"data":"epoch 395 loss   0.6416 lr 2.47e-07 val EPE 1.582 D1 8.41%\n"}
,{"stream_name":"stdout","time":9190.506326178,"data":"epoch 396 loss   0.6624 lr 1.39e-07\n"}
,{"stream_name":"stdout","time":9213.1528804,"data":"epoch 397 loss   0.6247 lr 6.17e-08\n"}
,{"stream_name":"stdout","time":9235.81533654,"data":"epoch 398 loss   0.6285 lr 1.54e-08\n"}
,{"stream_name":"stdout","time":9259.754041821,"data":"epoch 399 loss   0.5765 lr 0.00e+00 val EPE 1.581 D1 8.40%\n"}
,{"stream_name":"stdout","time":9259.788733925,"data":"P2A seed 0 done: wall 9237.5s best10 EPE 1.5475 @epoch 260\n"}
,{"stream_name":"stdout","time":9263.692457334,"data":"STOP[armp]: epochs_incomplete {\"rows\": 400}\n"}
,{"stream_name":"stderr","time":9263.708092998,"data":"E0 STOPPED: {\"arm\": \"armp\", \"status\": \"STOPPED\", \"reason\": \"epochs_incomplete\", \"detail\": {\"rows\": 400}, \"utc\": \"2026-09-21T19:00:51Z\"}\n"}
,{"stream_name":"stderr","time":9266.792979061,"data":"/usr/local/lib/python3.12/dist-packages/mistune.py:435: SyntaxWarning: invalid escape sequence '\\|'\n"}
,{"stream_name":"stderr","time":9266.793012277,"data":"  cells[i][c] = re.sub('\\\\\\\\\\|', '|', cell)\n"}
,{"stream_name":"stderr","time":9267.259364741,"data":"/usr/local/lib/python3.12/dist-packages/nbconvert/filters/filter_links.py:36: SyntaxWarning: invalid escape sequence '\\_'\n"}
,{"stream_name":"stderr","time":9267.259403772,"data":"  text = re.sub(r'_', '\\_', text) # Escape underscores in display text\n"}
,{"stream_name":"stderr","time":9268.079740881,"data":"[NbConvertApp] Converting notebook __script__.ipynb to html\n"}
,{"stream_name":"stderr","time":9269.721624817,"data":"[NbConvertApp] Writing 308962 bytes to __results__.html\n"}
]