EXP-H1-WORKING-v2 [05:07:03] note: H1: a genuinely shifted stereo correspondence volume, everything else held fixed, changes accuracy by a measurable amount versus Phase 1's frozen degenerate volume (docs/research_questions.md, H1).
EXP-H1-WORKING-v2 [05:07:03] note: 160 scenes from random init is a convergence-pipeline proof (Phase 1 EXP-016), not a competitive accuracy result. Both H1 arms share this budget, so the A/B comparison is valid; neither arm's absolute number is a ceiling.
EXP-H1-WORKING-v2 [05:07:03] note: no batch normalisation, because the model reproduces the BN-folded exported artifact rather than the training-time upstream model
EXP-H1-WORKING-v2 [05:07:23] epoch   0  loss  11.3789  grad    42.282  lr 1.00e-03  val EPE 18.474  D1 89.50%
EXP-H1-WORKING-v2 [05:07:41] epoch   1  loss  10.4104  grad    49.185  lr 1.00e-03
EXP-H1-WORKING-v2 [05:07:59] epoch   2  loss   9.4915  grad    43.594  lr 9.99e-04
EXP-H1-WORKING-v2 [05:08:17] epoch   3  loss  10.3046  grad    33.325  lr 9.99e-04
EXP-H1-WORKING-v2 [05:08:34] epoch   4  loss   9.3278  grad    28.241  lr 9.98e-04
EXP-H1-WORKING-v2 [05:08:53] epoch   5  loss   9.4514  grad    30.243  lr 9.98e-04  val EPE 20.137  D1 89.93%
EXP-H1-WORKING-v2 [05:09:11] epoch   6  loss   9.5651  grad    24.570  lr 9.97e-04
EXP-H1-WORKING-v2 [05:09:29] epoch   7  loss   8.9645  grad    23.683  lr 9.96e-04
EXP-H1-WORKING-v2 [05:09:46] epoch   8  loss   9.0724  grad    20.165  lr 9.95e-04
EXP-H1-WORKING-v2 [05:10:04] epoch   9  loss   8.8434  grad    18.923  lr 9.94e-04
EXP-H1-WORKING-v2 [05:10:23] epoch  10  loss   8.4902  grad    22.449  lr 9.93e-04  val EPE 19.313  D1 89.23%
EXP-H1-WORKING-v2 [05:10:40] epoch  11  loss   9.1007  grad    21.042  lr 9.91e-04
EXP-H1-WORKING-v2 [05:10:58] epoch  12  loss   9.4347  grad    25.185  lr 9.90e-04
EXP-H1-WORKING-v2 [05:11:15] epoch  13  loss   8.7442  grad    24.382  lr 9.88e-04
EXP-H1-WORKING-v2 [05:11:33] epoch  14  loss   8.9833  grad    19.861  lr 9.86e-04
EXP-H1-WORKING-v2 [05:11:52] epoch  15  loss   9.4488  grad    16.090  lr 9.84e-04  val EPE 18.600  D1 87.67%
EXP-H1-WORKING-v2 [05:12:09] epoch  16  loss   8.9822  grad    22.699  lr 9.82e-04
EXP-H1-WORKING-v2 [05:12:27] epoch  17  loss   9.2029  grad    18.248  lr 9.80e-04
EXP-H1-WORKING-v2 [05:12:44] epoch  18  loss   9.2520  grad    22.707  lr 9.78e-04
EXP-H1-WORKING-v2 [05:13:02] epoch  19  loss   8.8939  grad    22.338  lr 9.76e-04
EXP-H1-WORKING-v2 [05:13:20] epoch  20  loss   8.3572  grad    18.406  lr 9.73e-04  val EPE 18.742  D1 88.68%
EXP-H1-WORKING-v2 [05:13:38] epoch  21  loss   8.9860  grad    21.341  lr 9.70e-04
EXP-H1-WORKING-v2 [05:13:55] epoch  22  loss   9.1916  grad    20.716  lr 9.68e-04
EXP-H1-WORKING-v2 [05:14:13] epoch  23  loss   9.1224  grad    15.967  lr 9.65e-04
EXP-H1-WORKING-v2 [05:14:30] epoch  24  loss   8.9491  grad    20.615  lr 9.62e-04
EXP-H1-WORKING-v2 [05:14:49] epoch  25  loss   8.9572  grad    22.331  lr 9.59e-04  val EPE 18.310  D1 87.99%
EXP-H1-WORKING-v2 [05:15:07] epoch  26  loss   8.5037  grad    19.113  lr 9.56e-04
EXP-H1-WORKING-v2 [05:15:24] epoch  27  loss   8.8116  grad    25.042  lr 9.52e-04
EXP-H1-WORKING-v2 [05:15:42] epoch  28  loss   9.0519  grad    26.112  lr 9.49e-04
EXP-H1-WORKING-v2 [05:16:00] epoch  29  loss   9.1821  grad    21.272  lr 9.46e-04
EXP-H1-WORKING-v2 [05:16:18] epoch  30  loss   9.0754  grad    24.971  lr 9.42e-04  val EPE 19.112  D1 89.38%
EXP-H1-WORKING-v2 [05:16:36] epoch  31  loss   9.2921  grad    23.729  lr 9.38e-04
EXP-H1-WORKING-v2 [05:16:53] epoch  32  loss   8.6235  grad    26.005  lr 9.34e-04
EXP-H1-WORKING-v2 [05:17:11] epoch  33  loss   9.0383  grad    22.937  lr 9.30e-04
EXP-H1-WORKING-v2 [05:17:29] epoch  34  loss   8.5976  grad    27.814  lr 9.26e-04
EXP-H1-WORKING-v2 [05:17:49] epoch  35  loss   8.6461  grad    24.489  lr 9.22e-04  val EPE 18.157  D1 89.26%
EXP-H1-WORKING-v2 [05:18:08] epoch  36  loss   9.1098  grad    30.447  lr 9.18e-04
EXP-H1-WORKING-v2 [05:18:26] epoch  37  loss   9.0365  grad    25.119  lr 9.14e-04
EXP-H1-WORKING-v2 [05:18:44] epoch  38  loss   8.7578  grad    19.991  lr 9.09e-04
EXP-H1-WORKING-v2 [05:19:02] epoch  39  loss   8.1769  grad    22.859  lr 9.05e-04
EXP-H1-WORKING-v2 [05:19:22] epoch  40  loss   7.8313  grad    23.055  lr 9.00e-04  val EPE 16.859  D1 87.79%
EXP-H1-WORKING-v2 [05:19:40] epoch  41  loss   8.2357  grad    26.823  lr 8.95e-04
EXP-H1-WORKING-v2 [05:19:59] epoch  42  loss   8.5095  grad    23.892  lr 8.90e-04
EXP-H1-WORKING-v2 [05:20:17] epoch  43  loss   8.1837  grad    25.775  lr 8.85e-04
EXP-H1-WORKING-v2 [05:20:36] epoch  44  loss   7.9713  grad    26.520  lr 8.80e-04
EXP-H1-WORKING-v2 [05:20:56] epoch  45  loss   7.8331  grad    24.084  lr 8.75e-04  val EPE 19.279  D1 88.99%
EXP-H1-WORKING-v2 [05:21:14] epoch  46  loss   8.2906  grad    27.207  lr 8.70e-04
EXP-H1-WORKING-v2 [05:21:32] epoch  47  loss   7.7276  grad    25.665  lr 8.64e-04
EXP-H1-WORKING-v2 [05:21:51] epoch  48  loss   7.9941  grad    23.763  lr 8.59e-04
EXP-H1-WORKING-v2 [05:22:09] epoch  49  loss   7.7469  grad    25.431  lr 8.54e-04
EXP-H1-WORKING-v2 [05:22:29] epoch  50  loss  10.0982  grad    25.973  lr 8.48e-04  val EPE 21.041  D1 90.70%
EXP-H1-WORKING-v2 [05:22:47] epoch  51  loss  11.0193  grad    42.463  lr 8.42e-04
EXP-H1-WORKING-v2 [05:23:04] epoch  52  loss   9.5509  grad    42.588  lr 8.37e-04
EXP-H1-WORKING-v2 [05:23:22] epoch  53  loss   9.4424  grad    41.969  lr 8.31e-04
EXP-H1-WORKING-v2 [05:23:40] epoch  54  loss   8.9248  grad    42.216  lr 8.25e-04
EXP-H1-WORKING-v2 [05:23:59] epoch  55  loss   8.4297  grad    45.050  lr 8.19e-04  val EPE 17.612  D1 89.29%
EXP-H1-WORKING-v2 [05:24:17] epoch  56  loss   7.9195  grad    41.852  lr 8.13e-04
EXP-H1-WORKING-v2 [05:24:35] epoch  57  loss   7.9566  grad    33.485  lr 8.06e-04
EXP-H1-WORKING-v2 [05:24:53] epoch  58  loss   7.4400  grad    37.283  lr 8.00e-04
EXP-H1-WORKING-v2 [05:25:11] epoch  59  loss   7.8914  grad    42.758  lr 7.94e-04
EXP-H1-WORKING-v2 [05:25:30] epoch  60  loss   7.2796  grad    38.544  lr 7.88e-04  val EPE 16.420  D1 87.99%
EXP-H1-WORKING-v2 [05:25:48] epoch  61  loss   7.4106  grad    41.610  lr 7.81e-04
EXP-H1-WORKING-v2 [05:26:06] epoch  62  loss   7.7105  grad    39.451  lr 7.75e-04
EXP-H1-WORKING-v2 [05:26:24] epoch  63  loss   7.5167  grad    32.896  lr 7.68e-04
EXP-H1-WORKING-v2 [05:26:42] epoch  64  loss   7.3579  grad    35.275  lr 7.61e-04
EXP-H1-WORKING-v2 [05:27:01] epoch  65  loss   7.5876  grad    39.912  lr 7.55e-04  val EPE 18.483  D1 89.28%
EXP-H1-WORKING-v2 [05:27:19] epoch  66  loss   7.9611  grad    39.131  lr 7.48e-04
EXP-H1-WORKING-v2 [05:27:37] epoch  67  loss   7.5759  grad    35.922  lr 7.41e-04
EXP-H1-WORKING-v2 [05:27:55] epoch  68  loss   7.6941  grad    36.436  lr 7.34e-04
EXP-H1-WORKING-v2 [05:28:13] epoch  69  loss   7.2751  grad    36.516  lr 7.27e-04
EXP-H1-WORKING-v2 [05:28:32] epoch  70  loss   7.4744  grad    35.907  lr 7.20e-04  val EPE 16.523  D1 86.71%
EXP-H1-WORKING-v2 [05:28:51] epoch  71  loss   7.1460  grad    34.911  lr 7.13e-04
EXP-H1-WORKING-v2 [05:29:08] epoch  72  loss   7.9837  grad    37.990  lr 7.06e-04
EXP-H1-WORKING-v2 [05:29:26] epoch  73  loss   7.1199  grad    32.405  lr 6.99e-04
EXP-H1-WORKING-v2 [05:29:44] epoch  74  loss   7.1824  grad    37.117  lr 6.91e-04
EXP-H1-WORKING-v2 [05:30:03] epoch  75  loss   7.1721  grad    38.353  lr 6.84e-04  val EPE 14.392  D1 84.24%
EXP-H1-WORKING-v2 [05:30:21] epoch  76  loss   7.2874  grad    36.391  lr 6.77e-04
EXP-H1-WORKING-v2 [05:30:39] epoch  77  loss   7.1956  grad    32.721  lr 6.69e-04
EXP-H1-WORKING-v2 [05:30:57] epoch  78  loss   6.8942  grad    39.771  lr 6.62e-04
EXP-H1-WORKING-v2 [05:31:15] epoch  79  loss   6.6560  grad    34.840  lr 6.55e-04
EXP-H1-WORKING-v2 [05:31:34] epoch  80  loss   7.4377  grad    34.893  lr 6.47e-04  val EPE 15.341  D1 85.54%
EXP-H1-WORKING-v2 [05:31:52] epoch  81  loss   7.3920  grad    34.778  lr 6.39e-04
EXP-H1-WORKING-v2 [05:32:09] epoch  82  loss   6.8056  grad    35.748  lr 6.32e-04
EXP-H1-WORKING-v2 [05:32:27] epoch  83  loss   7.0457  grad    34.500  lr 6.24e-04
EXP-H1-WORKING-v2 [05:32:44] epoch  84  loss   6.9062  grad    34.962  lr 6.17e-04
EXP-H1-WORKING-v2 [05:33:03] epoch  85  loss   6.9228  grad    38.417  lr 6.09e-04  val EPE 17.103  D1 87.28%
EXP-H1-WORKING-v2 [05:33:21] epoch  86  loss   6.6835  grad    30.790  lr 6.01e-04
EXP-H1-WORKING-v2 [05:33:38] epoch  87  loss   6.8169  grad    33.467  lr 5.94e-04
EXP-H1-WORKING-v2 [05:33:56] epoch  88  loss   6.5094  grad    34.159  lr 5.86e-04
EXP-H1-WORKING-v2 [05:34:14] epoch  89  loss   6.5712  grad    34.730  lr 5.78e-04
EXP-H1-WORKING-v2 [05:34:33] epoch  90  loss   6.8312  grad    38.595  lr 5.70e-04  val EPE 16.401  D1 86.15%
EXP-H1-WORKING-v2 [05:34:50] epoch  91  loss   6.2998  grad    34.790  lr 5.63e-04
EXP-H1-WORKING-v2 [05:35:08] epoch  92  loss   5.9777  grad    32.478  lr 5.55e-04
EXP-H1-WORKING-v2 [05:35:26] epoch  93  loss   6.4307  grad    31.977  lr 5.47e-04
EXP-H1-WORKING-v2 [05:35:44] epoch  94  loss   6.3982  grad    34.825  lr 5.39e-04
EXP-H1-WORKING-v2 [05:36:04] epoch  95  loss   6.2048  grad    37.259  lr 5.31e-04  val EPE 17.154  D1 86.17%
EXP-H1-WORKING-v2 [05:36:22] epoch  96  loss   6.1389  grad    33.898  lr 5.24e-04
EXP-H1-WORKING-v2 [05:36:39] epoch  97  loss   6.4276  grad    35.623  lr 5.16e-04
EXP-H1-WORKING-v2 [05:36:57] epoch  98  loss   6.6341  grad    35.319  lr 5.08e-04
EXP-H1-WORKING-v2 [05:37:15] epoch  99  loss   5.9917  grad    34.380  lr 5.00e-04
EXP-H1-WORKING-v2 [05:37:35] epoch 100  loss   6.4505  grad    32.795  lr 4.92e-04  val EPE 16.151  D1 85.39%
EXP-H1-WORKING-v2 [05:37:53] epoch 101  loss   6.3137  grad    35.428  lr 4.84e-04
EXP-H1-WORKING-v2 [05:38:11] epoch 102  loss   6.1996  grad    36.211  lr 4.76e-04
EXP-H1-WORKING-v2 [05:38:29] epoch 103  loss   6.0620  grad    35.572  lr 4.69e-04
EXP-H1-WORKING-v2 [05:38:47] epoch 104  loss   6.3589  grad    36.552  lr 4.61e-04
EXP-H1-WORKING-v2 [05:39:06] epoch 105  loss   6.7197  grad    39.928  lr 4.53e-04  val EPE 17.749  D1 86.53%
EXP-H1-WORKING-v2 [05:39:24] epoch 106  loss   6.0590  grad    33.196  lr 4.45e-04
EXP-H1-WORKING-v2 [05:39:42] epoch 107  loss   5.9291  grad    34.640  lr 4.37e-04
EXP-H1-WORKING-v2 [05:40:00] epoch 108  loss   6.5244  grad    41.554  lr 4.30e-04
EXP-H1-WORKING-v2 [05:40:18] epoch 109  loss   6.0995  grad    31.750  lr 4.22e-04
EXP-H1-WORKING-v2 [05:40:37] epoch 110  loss   5.9662  grad    35.382  lr 4.14e-04  val EPE 15.722  D1 84.24%
EXP-H1-WORKING-v2 [05:40:55] epoch 111  loss   6.2015  grad    37.075  lr 4.06e-04
EXP-H1-WORKING-v2 [05:41:13] epoch 112  loss   6.0995  grad    34.776  lr 3.99e-04
EXP-H1-WORKING-v2 [05:41:30] epoch 113  loss   6.8845  grad    42.153  lr 3.91e-04
EXP-H1-WORKING-v2 [05:41:48] epoch 114  loss   6.4574  grad    48.669  lr 3.83e-04
EXP-H1-WORKING-v2 [05:42:07] epoch 115  loss   6.3575  grad    52.497  lr 3.76e-04  val EPE 15.342  D1 83.55%
EXP-H1-WORKING-v2 [05:42:24] epoch 116  loss   5.9245  grad    37.747  lr 3.68e-04
EXP-H1-WORKING-v2 [05:42:42] epoch 117  loss   5.6986  grad    34.565  lr 3.61e-04
EXP-H1-WORKING-v2 [05:42:59] epoch 118  loss   5.9031  grad    36.702  lr 3.53e-04
EXP-H1-WORKING-v2 [05:43:17] epoch 119  loss   5.6553  grad    31.416  lr 3.45e-04
EXP-H1-WORKING-v2 [05:43:36] epoch 120  loss   5.7297  grad    45.227  lr 3.38e-04  val EPE 17.011  D1 85.83%
EXP-H1-WORKING-v2 [05:43:54] epoch 121  loss   5.9638  grad    48.188  lr 3.31e-04
EXP-H1-WORKING-v2 [05:44:12] epoch 122  loss   5.7295  grad    42.714  lr 3.23e-04
EXP-H1-WORKING-v2 [05:44:29] epoch 123  loss   6.2091  grad    42.444  lr 3.16e-04
EXP-H1-WORKING-v2 [05:44:47] epoch 124  loss   5.4796  grad    38.561  lr 3.09e-04
EXP-H1-WORKING-v2 [05:45:06] epoch 125  loss   5.8824  grad    38.123  lr 3.01e-04  val EPE 14.294  D1 80.40%
EXP-H1-WORKING-v2 [05:45:23] epoch 126  loss   6.0244  grad    38.035  lr 2.94e-04
EXP-H1-WORKING-v2 [05:45:41] epoch 127  loss   5.6526  grad    37.177  lr 2.87e-04
EXP-H1-WORKING-v2 [05:45:58] epoch 128  loss   5.4704  grad    37.738  lr 2.80e-04
EXP-H1-WORKING-v2 [05:46:16] epoch 129  loss   6.1587  grad    46.462  lr 2.73e-04
EXP-H1-WORKING-v2 [05:46:35] epoch 130  loss   5.5474  grad    41.519  lr 2.66e-04  val EPE 15.999  D1 83.97%
EXP-H1-WORKING-v2 [05:46:52] epoch 131  loss   5.7392  grad    41.095  lr 2.59e-04
EXP-H1-WORKING-v2 [05:47:10] epoch 132  loss   5.9408  grad    46.699  lr 2.52e-04
EXP-H1-WORKING-v2 [05:47:28] epoch 133  loss   5.4495  grad    49.387  lr 2.45e-04
EXP-H1-WORKING-v2 [05:47:45] epoch 134  loss   5.6128  grad    40.078  lr 2.39e-04
EXP-H1-WORKING-v2 [05:48:04] epoch 135  loss   5.6233  grad    46.263  lr 2.32e-04  val EPE 15.142  D1 82.03%
EXP-H1-WORKING-v2 [05:48:22] epoch 136  loss   5.8222  grad    45.548  lr 2.25e-04
EXP-H1-WORKING-v2 [05:48:39] epoch 137  loss   5.3661  grad    42.997  lr 2.19e-04
EXP-H1-WORKING-v2 [05:48:57] epoch 138  loss   5.6225  grad    47.347  lr 2.12e-04
EXP-H1-WORKING-v2 [05:49:14] epoch 139  loss   5.5595  grad    42.534  lr 2.06e-04
EXP-H1-WORKING-v2 [05:49:34] epoch 140  loss   5.4272  grad    49.479  lr 2.00e-04  val EPE 15.302  D1 82.32%
EXP-H1-WORKING-v2 [05:49:52] epoch 141  loss   5.3957  grad    48.670  lr 1.94e-04
EXP-H1-WORKING-v2 [05:50:10] epoch 142  loss   5.5654  grad    44.111  lr 1.87e-04
EXP-H1-WORKING-v2 [05:50:27] epoch 143  loss   5.3891  grad    43.021  lr 1.81e-04
EXP-H1-WORKING-v2 [05:50:45] epoch 144  loss   5.2337  grad    40.135  lr 1.75e-04
EXP-H1-WORKING-v2 [05:51:05] epoch 145  loss   5.4945  grad    44.778  lr 1.69e-04  val EPE 14.409  D1 81.40%
EXP-H1-WORKING-v2 [05:51:25] epoch 146  loss   5.3652  grad    52.000  lr 1.63e-04
EXP-H1-WORKING-v2 [05:51:44] epoch 147  loss   5.2618  grad    41.549  lr 1.58e-04
EXP-H1-WORKING-v2 [05:52:03] epoch 148  loss   5.3585  grad    50.192  lr 1.52e-04
EXP-H1-WORKING-v2 [05:52:21] epoch 149  loss   5.4600  grad    57.935  lr 1.46e-04
EXP-H1-WORKING-v2 [05:52:40] epoch 150  loss   5.7979  grad    53.604  lr 1.41e-04  val EPE 14.844  D1 81.08%
EXP-H1-WORKING-v2 [05:52:58] epoch 151  loss   5.1204  grad    46.202  lr 1.36e-04
EXP-H1-WORKING-v2 [05:53:16] epoch 152  loss   5.0920  grad    50.821  lr 1.30e-04
EXP-H1-WORKING-v2 [05:53:35] epoch 153  loss   4.9884  grad    45.600  lr 1.25e-04
EXP-H1-WORKING-v2 [05:53:53] epoch 154  loss   5.3072  grad    45.835  lr 1.20e-04
EXP-H1-WORKING-v2 [05:54:12] epoch 155  loss   5.4160  grad    52.435  lr 1.15e-04  val EPE 14.369  D1 80.44%
EXP-H1-WORKING-v2 [05:54:30] epoch 156  loss   4.5761  grad    44.422  lr 1.10e-04
EXP-H1-WORKING-v2 [05:54:47] epoch 157  loss   5.1958  grad    50.755  lr 1.05e-04
EXP-H1-WORKING-v2 [05:55:05] epoch 158  loss   5.1914  grad    51.410  lr 1.00e-04
EXP-H1-WORKING-v2 [05:55:23] epoch 159  loss   5.1900  grad    51.159  lr 9.55e-05
EXP-H1-WORKING-v2 [05:55:42] epoch 160  loss   4.8143  grad    46.879  lr 9.09e-05  val EPE 14.797  D1 81.59%
EXP-H1-WORKING-v2 [05:55:59] epoch 161  loss   5.0553  grad    50.403  lr 8.65e-05
EXP-H1-WORKING-v2 [05:56:17] epoch 162  loss   4.9571  grad    52.718  lr 8.21e-05
EXP-H1-WORKING-v2 [05:56:34] epoch 163  loss   5.3765  grad    51.728  lr 7.78e-05
EXP-H1-WORKING-v2 [05:56:52] epoch 164  loss   5.3579  grad    57.793  lr 7.37e-05
EXP-H1-WORKING-v2 [05:57:11] epoch 165  loss   5.2221  grad    47.684  lr 6.96e-05  val EPE 14.506  D1 80.60%
EXP-H1-WORKING-v2 [05:57:28] epoch 166  loss   5.0758  grad    56.426  lr 6.57e-05
EXP-H1-WORKING-v2 [05:57:46] epoch 167  loss   4.7319  grad    47.114  lr 6.18e-05
EXP-H1-WORKING-v2 [05:58:04] epoch 168  loss   4.7056  grad    52.434  lr 5.81e-05
EXP-H1-WORKING-v2 [05:58:21] epoch 169  loss   5.3163  grad    52.885  lr 5.45e-05
EXP-H1-WORKING-v2 [05:58:40] epoch 170  loss   5.1568  grad    50.954  lr 5.10e-05  val EPE 14.139  D1 80.39%
EXP-H1-WORKING-v2 [05:58:58] epoch 171  loss   4.7656  grad    50.765  lr 4.76e-05
EXP-H1-WORKING-v2 [05:59:16] epoch 172  loss   5.2298  grad    47.550  lr 4.43e-05
EXP-H1-WORKING-v2 [05:59:33] epoch 173  loss   4.5587  grad    49.350  lr 4.11e-05
EXP-H1-WORKING-v2 [05:59:51] epoch 174  loss   5.1813  grad    44.695  lr 3.81e-05
EXP-H1-WORKING-v2 [06:00:11] epoch 175  loss   4.7545  grad    48.452  lr 3.51e-05  val EPE 14.267  D1 80.33%
EXP-H1-WORKING-v2 [06:00:29] epoch 176  loss   4.8672  grad    49.343  lr 3.23e-05
EXP-H1-WORKING-v2 [06:00:47] epoch 177  loss   4.5904  grad    50.382  lr 2.96e-05
EXP-H1-WORKING-v2 [06:01:06] epoch 178  loss   5.1568  grad    49.522  lr 2.70e-05
EXP-H1-WORKING-v2 [06:01:24] epoch 179  loss   4.8958  grad    51.306  lr 2.45e-05
EXP-H1-WORKING-v2 [06:01:44] epoch 180  loss   5.2727  grad    51.365  lr 2.21e-05  val EPE 14.440  D1 81.25%
EXP-H1-WORKING-v2 [06:02:01] epoch 181  loss   4.5209  grad    50.055  lr 1.99e-05
EXP-H1-WORKING-v2 [06:02:19] epoch 182  loss   5.1866  grad    54.811  lr 1.77e-05
EXP-H1-WORKING-v2 [06:02:37] epoch 183  loss   4.5849  grad    50.580  lr 1.57e-05
EXP-H1-WORKING-v2 [06:02:56] epoch 184  loss   5.0307  grad    55.256  lr 1.38e-05
EXP-H1-WORKING-v2 [06:03:15] epoch 185  loss   4.7553  grad    52.849  lr 1.20e-05  val EPE 14.350  D1 80.72%
EXP-H1-WORKING-v2 [06:03:33] epoch 186  loss   4.7268  grad    46.934  lr 1.04e-05
EXP-H1-WORKING-v2 [06:03:52] epoch 187  loss   4.9142  grad    55.448  lr 8.86e-06
EXP-H1-WORKING-v2 [06:04:10] epoch 188  loss   4.7782  grad    50.975  lr 7.45e-06
EXP-H1-WORKING-v2 [06:04:28] epoch 189  loss   4.6030  grad    46.896  lr 6.16e-06
EXP-H1-WORKING-v2 [06:04:47] epoch 190  loss   5.0200  grad    55.093  lr 4.99e-06  val EPE 14.175  D1 80.44%
EXP-H1-WORKING-v2 [06:05:06] epoch 191  loss   4.9192  grad    50.440  lr 3.94e-06
EXP-H1-WORKING-v2 [06:05:23] epoch 192  loss   5.1183  grad    55.216  lr 3.02e-06
EXP-H1-WORKING-v2 [06:05:41] epoch 193  loss   4.7084  grad    47.671  lr 2.22e-06
EXP-H1-WORKING-v2 [06:05:59] epoch 194  loss   5.0193  grad    54.001  lr 1.54e-06
EXP-H1-WORKING-v2 [06:06:18] epoch 195  loss   4.9936  grad    59.461  lr 9.87e-07  val EPE 14.330  D1 80.73%
EXP-H1-WORKING-v2 [06:06:36] epoch 196  loss   4.5876  grad    50.718  lr 5.55e-07
EXP-H1-WORKING-v2 [06:06:54] epoch 197  loss   4.7951  grad    46.162  lr 2.47e-07
EXP-H1-WORKING-v2 [06:07:11] epoch 198  loss   4.7863  grad    57.306  lr 6.17e-08
EXP-H1-WORKING-v2 [06:07:30] epoch 199  loss   4.9021  grad    53.181  lr 0.00e+00  val EPE 14.340  D1 80.74%
EXP-H1-WORKING-v2 [06:07:30] metric history = [{'epoch': 0, 'mean_loss': 11.378938388824462, 'valid_pixels': 5077447, 'lr': 0.0009999383162408303, 'median_grad_norm': 42.281883239746094, 'val_epe': 18.47408318147597, 'val_d1': 89.5006538251187}, {'epoch': 1, 'mean_loss': 10.410410290956497, 'valid_pixels': 5235120, 'lr': 0.0009997532801828658, 'median_grad_norm': 49.18485641479492}, {'epoch': 2, 'mean_loss': 9.491526448726654, 'valid_pixels': 4921340, 'lr': 0.0009994449374809851, 'median_grad_norm': 43.593698501586914}, {'epoch': 3, 'mean_loss': 10.304568654298782, 'valid_pixels': 5070525, 'lr': 0.0009990133642141358, 'median_grad_norm': 33.32489585876465}, {'epoch': 4, 'mean_loss': 9.327803426980973, 'valid_pixels': 4915605, 'lr': 0.000998458666866564, 'median_grad_norm': 28.241244316101074}, {'epoch': 5, 'mean_loss': 9.45142034292221, 'valid_pixels': 4868518, 'lr': 0.00099778098230154, 'median_grad_norm': 30.242958068847656, 'val_epe': 20.13749101904495, 'val_d1': 89.9305559286412}, {'epoch': 6, 'mean_loss': 9.565119355916977, 'valid_pixels': 5061000, 'lr': 0.0009969804777275899, 'median_grad_norm': 24.570486068725586}, {'epoch': 7, 'mean_loss': 8.964494866132735, 'valid_pixels': 4880738, 'lr': 0.000996057350657239, 'median_grad_norm': 23.683093070983887}, {'epoch': 8, 'mean_loss': 9.072405982017518, 'valid_pixels': 5088028, 'lr': 0.0009950118288582787, 'median_grad_norm': 20.16543960571289}, {'epoch': 9, 'mean_loss': 8.84336347579956, 'valid_pixels': 4936565, 'lr': 0.0009938441702975688, 'median_grad_norm': 18.92335796356201}, {'epoch': 10, 'mean_loss': 8.490249317884444, 'valid_pixels': 4870989, 'lr': 0.000992554663077387, 'median_grad_norm': 22.448674201965332, 'val_epe': 19.312672659381775, 'val_d1': 89.2293459492391}, {'epoch': 11, 'mean_loss': 9.10065599679947, 'valid_pixels': 4870503, 'lr': 0.0009911436253643444, 'median_grad_norm': 21.04162311553955}, {'epoch': 12, 'mean_loss': 9.434724134206771, 'valid_pixels': 5072344, 'lr': 0.0009896114053108828, 'median_grad_norm': 25.185283660888672}, {'epoch': 13, 'mean_loss': 8.744201743602753, 'valid_pixels': 4936729, 'lr': 0.0009879583809693736, 'median_grad_norm': 24.381672859191895}, {'epoch': 14, 'mean_loss': 8.983262521028518, 'valid_pixels': 4864560, 'lr': 0.0009861849601988382, 'median_grad_norm': 19.86095142364502}, {'epoch': 15, 'mean_loss': 9.448844799399376, 'valid_pixels': 4978769, 'lr': 0.0009842915805643154, 'median_grad_norm': 16.09042453765869, 'val_epe': 18.599563018156452, 'val_d1': 87.67166267136719}, {'epoch': 16, 'mean_loss': 8.98220893740654, 'valid_pixels': 4963620, 'lr': 0.000982278709228899, 'median_grad_norm': 22.69943904876709}, {'epoch': 17, 'mean_loss': 9.2028768658638, 'valid_pixels': 5117354, 'lr': 0.0009801468428384714, 'median_grad_norm': 18.24802875518799}, {'epoch': 18, 'mean_loss': 9.25204963684082, 'valid_pixels': 4961080, 'lr': 0.0009778965073991648, 'median_grad_norm': 22.706631660461426}, {'epoch': 19, 'mean_loss': 8.893934243917466, 'valid_pixels': 4911398, 'lr': 0.0009755282581475766, 'median_grad_norm': 22.338363647460938}, {'epoch': 20, 'mean_loss': 8.357182085514069, 'valid_pixels': 4932745, 'lr': 0.0009730426794137723, 'median_grad_norm': 18.40592098236084, 'val_epe': 18.742428808290352, 'val_d1': 88.67963858567472}, {'epoch': 21, 'mean_loss': 8.985999649763107, 'valid_pixels': 4947012, 'lr': 0.0009704403844771124, 'median_grad_norm': 21.341334342956543}, {'epoch': 22, 'mean_loss': 9.19157322049141, 'valid_pixels': 4921837, 'lr': 0.0009677220154149334, 'median_grad_norm': 20.71643829345703}, {'epoch': 23, 'mean_loss': 9.122350442409516, 'valid_pixels': 4911327, 'lr': 0.0009648882429441253, 'median_grad_norm': 15.966790676116943}, {'epoch': 24, 'mean_loss': 8.94906871020794, 'valid_pixels': 5015970, 'lr': 0.000961939766255643, 'median_grad_norm': 20.615342140197754}, {'epoch': 25, 'mean_loss': 8.957215708494186, 'valid_pixels': 5098413, 'lr': 0.0009588773128419901, 'median_grad_norm': 22.33072566986084, 'val_epe': 18.30993718324847, 'val_d1': 87.98680960204238}, {'epoch': 26, 'mean_loss': 8.503729021549224, 'valid_pixels': 4781015, 'lr': 0.0009557016383177221, 'median_grad_norm': 19.11294174194336}, {'epoch': 27, 'mean_loss': 8.811632889509202, 'valid_pixels': 5027374, 'lr': 0.0009524135262330093, 'median_grad_norm': 25.041643142700195}, {'epoch': 28, 'mean_loss': 9.051909804344177, 'valid_pixels': 5016059, 'lr': 0.0009490137878803073, 'median_grad_norm': 26.112248420715332}, {'epoch': 29, 'mean_loss': 9.182137387990952, 'valid_pixels': 5001126, 'lr': 0.0009455032620941834, 'median_grad_norm': 21.27164363861084}, {'epoch': 30, 'mean_loss': 9.075382426381111, 'valid_pixels': 4807407, 'lr': 0.0009418828150443463, 'median_grad_norm': 24.971436500549316, 'val_epe': 19.112304717914938, 'val_d1': 89.38160070572282}, {'epoch': 31, 'mean_loss': 9.292144960165023, 'valid_pixels': 4970115, 'lr': 0.0009381533400219311, 'median_grad_norm': 23.72863006591797}, {'epoch': 32, 'mean_loss': 8.623548698425292, 'valid_pixels': 5009147, 'lr': 0.0009343157572190951, 'median_grad_norm': 26.005390167236328}, {'epoch': 33, 'mean_loss': 9.038255488872528, 'valid_pixels': 5029991, 'lr': 0.0009303710135019713, 'median_grad_norm': 22.937271118164062}, {'epoch': 34, 'mean_loss': 8.597635757923126, 'valid_pixels': 4947957, 'lr': 0.0009263200821770456, 'median_grad_norm': 27.813709259033203}, {'epoch': 35, 'mean_loss': 8.646080958843232, 'valid_pixels': 4972279, 'lr': 0.000922163962751007, 'median_grad_norm': 24.488815307617188, 'val_epe': 18.157405118923375, 'val_d1': 89.25814219111464}, {'epoch': 36, 'mean_loss': 9.10981273651123, 'valid_pixels': 5018420, 'lr': 0.0009179036806841347, 'median_grad_norm': 30.44650363922119}, {'epoch': 37, 'mean_loss': 9.036494594812392, 'valid_pixels': 5106995, 'lr': 0.0009135402871372803, 'median_grad_norm': 25.119352340698242}, {'epoch': 38, 'mean_loss': 8.757796162366867, 'valid_pixels': 4990935, 'lr': 0.0009090748587125112, 'median_grad_norm': 19.991483688354492}, {'epoch': 39, 'mean_loss': 8.17686224579811, 'valid_pixels': 4932900, 'lr': 0.0009045084971874732, 'median_grad_norm': 22.858643531799316}, {'epoch': 40, 'mean_loss': 7.831295707821846, 'valid_pixels': 5017188, 'lr': 0.0008998423292435448, 'median_grad_norm': 23.05503273010254, 'val_epe': 16.85882561566708, 'val_d1': 87.79275731537365}, {'epoch': 41, 'mean_loss': 8.235749769210816, 'valid_pixels': 5029797, 'lr': 0.0008950775061878447, 'median_grad_norm': 26.82345199584961}, {'epoch': 42, 'mean_loss': 8.50954286456108, 'valid_pixels': 5103535, 'lr': 0.0008902152036691643, 'median_grad_norm': 23.891714096069336}, {'epoch': 43, 'mean_loss': 8.183704853057861, 'valid_pixels': 5050131, 'lr': 0.000885256621387894, 'median_grad_norm': 25.774736404418945}, {'epoch': 44, 'mean_loss': 7.971311131119728, 'valid_pixels': 4858018, 'lr': 0.0008802029828000149, 'median_grad_norm': 26.52042293548584}, {'epoch': 45, 'mean_loss': 7.833053207397461, 'valid_pixels': 4982629, 'lr': 0.0008750555348152292, 'median_grad_norm': 24.083706855773926, 'val_epe': 19.279101285808576, 'val_d1': 88.98887583984562}, {'epoch': 46, 'mean_loss': 8.29064171910286, 'valid_pixels': 5056572, 'lr': 0.0008698155474893041, 'median_grad_norm': 27.20698356628418}, {'epoch': 47, 'mean_loss': 7.72756460905075, 'valid_pixels': 4897172, 'lr': 0.0008644843137107051, 'median_grad_norm': 25.664897918701172}, {'epoch': 48, 'mean_loss': 7.994066089391708, 'valid_pixels': 4950884, 'lr': 0.0008590631488815939, 'median_grad_norm': 23.762638092041016}, {'epoch': 49, 'mean_loss': 7.746939578652382, 'valid_pixels': 5102709, 'lr': 0.0008535533905932731, 'median_grad_norm': 25.430672645568848}, {'epoch': 50, 'mean_loss': 10.098177626729012, 'valid_pixels': 4820305, 'lr': 0.0008479563982961564, 'median_grad_norm': 25.973106384277344, 'val_epe': 21.0414781676909, 'val_d1': 90.69859897687382}, {'epoch': 51, 'mean_loss': 11.019348955154419, 'valid_pixels': 5072142, 'lr': 0.0008422735529643437, 'median_grad_norm': 42.46315383911133}, {'epoch': 52, 'mean_loss': 9.550882178544999, 'valid_pixels': 4897120, 'lr': 0.000836506256754886, 'median_grad_norm': 42.58844566345215}, {'epoch': 53, 'mean_loss': 9.442391490936279, 'valid_pixels': 5061048, 'lr': 0.0008306559326618253, 'median_grad_norm': 41.96869087219238}, {'epoch': 54, 'mean_loss': 8.9248026907444, 'valid_pixels': 5051208, 'lr': 0.0008247240241650912, 'median_grad_norm': 42.21579170227051}, {'epoch': 55, 'mean_loss': 8.429725742340088, 'valid_pixels': 5084771, 'lr': 0.0008187119948743442, 'median_grad_norm': 45.04970932006836, 'val_epe': 17.611505677361844, 'val_d1': 89.2937076988042}, {'epoch': 56, 'mean_loss': 7.919463872909546, 'valid_pixels': 4803776, 'lr': 0.000812621328167852, 'median_grad_norm': 41.85187530517578}, {'epoch': 57, 'mean_loss': 7.956583482027054, 'valid_pixels': 4938736, 'lr': 0.0008064535268264877, 'median_grad_norm': 33.485172271728516}, {'epoch': 58, 'mean_loss': 7.439983612298965, 'valid_pixels': 4856886, 'lr': 0.0008002101126629415, 'median_grad_norm': 37.28265953063965}, {'epoch': 59, 'mean_loss': 7.891383934020996, 'valid_pixels': 4913703, 'lr': 0.000793892626146236, 'median_grad_norm': 42.75773239135742}, {'epoch': 60, 'mean_loss': 7.27956315279007, 'valid_pixels': 5067822, 'lr': 0.0007875026260216388, 'median_grad_norm': 38.54353332519531, 'val_epe': 16.42009140427707, 'val_d1': 87.98895857531667}, {'epoch': 61, 'mean_loss': 7.410578930377961, 'valid_pixels': 4881033, 'lr': 0.0007810416889260649, 'median_grad_norm': 41.60983085632324}, {'epoch': 62, 'mean_loss': 7.710510104894638, 'valid_pixels': 5019350, 'lr': 0.0007745114089990654, 'median_grad_norm': 39.45060348510742}, {'epoch': 63, 'mean_loss': 7.5166521817445755, 'valid_pixels': 4763922, 'lr': 0.0007679133974894978, 'median_grad_norm': 32.89597511291504}, {'epoch': 64, 'mean_loss': 7.357867497205734, 'valid_pixels': 5076698, 'lr': 0.0007612492823579739, 'median_grad_norm': 35.275123596191406}, {'epoch': 65, 'mean_loss': 7.587625253200531, 'valid_pixels': 4782169, 'lr': 0.0007545207078751852, 'median_grad_norm': 39.912092208862305, 'val_epe': 18.482916596712098, 'val_d1': 89.27597866929128}, {'epoch': 66, 'mean_loss': 7.961085462570191, 'valid_pixels': 5068932, 'lr': 0.0007477293342162034, 'median_grad_norm': 39.13123321533203}, {'epoch': 67, 'mean_loss': 7.575935763120651, 'valid_pixels': 5143632, 'lr': 0.0007408768370508571, 'median_grad_norm': 35.92175483703613}, {'epoch': 68, 'mean_loss': 7.6941311120986935, 'valid_pixels': 5141594, 'lr': 0.0007339649071302863, 'median_grad_norm': 36.43564987182617}, {'epoch': 69, 'mean_loss': 7.275120657682419, 'valid_pixels': 5010359, 'lr': 0.0007269952498697729, 'median_grad_norm': 36.51643753051758}, {'epoch': 70, 'mean_loss': 7.474410107731819, 'valid_pixels': 4903218, 'lr': 0.000719969584927957, 'median_grad_norm': 35.90669822692871, 'val_epe': 16.522874812542415, 'val_d1': 86.71203865573126}, {'epoch': 71, 'mean_loss': 7.146049523353577, 'valid_pixels': 5060608, 'lr': 0.0007128896457825358, 'median_grad_norm': 34.9107608795166}, {'epoch': 72, 'mean_loss': 7.983722922205925, 'valid_pixels': 5050636, 'lr': 0.0007057571793025539, 'median_grad_norm': 37.99029541015625}, {'epoch': 73, 'mean_loss': 7.119871911406517, 'valid_pixels': 5006409, 'lr': 0.0006985739453173898, 'median_grad_norm': 32.405181884765625}, {'epoch': 74, 'mean_loss': 7.182364222407341, 'valid_pixels': 5030455, 'lr': 0.0006913417161825444, 'median_grad_norm': 37.11651611328125}, {'epoch': 75, 'mean_loss': 7.172065079212189, 'valid_pixels': 4953093, 'lr': 0.0006840622763423385, 'median_grad_norm': 38.353097915649414, 'val_epe': 14.39221505225934, 'val_d1': 84.2369586870633}, {'epoch': 76, 'mean_loss': 7.2874258130788805, 'valid_pixels': 5063202, 'lr': 0.000676737421889628, 'median_grad_norm': 36.39149475097656}, {'epoch': 77, 'mean_loss': 7.195618429780007, 'valid_pixels': 5098169, 'lr': 0.0006693689601226452, 'median_grad_norm': 32.72066307067871}, {'epoch': 78, 'mean_loss': 6.894177070260048, 'valid_pixels': 5055379, 'lr': 0.0006619587090990741, 'median_grad_norm': 39.77068519592285}, {'epoch': 79, 'mean_loss': 6.655964371562004, 'valid_pixels': 5227319, 'lr': 0.0006545084971874731, 'median_grad_norm': 34.84011268615723}, {'epoch': 80, 'mean_loss': 7.437710911035538, 'valid_pixels': 4901617, 'lr': 0.0006470201626161514, 'median_grad_norm': 34.892934799194336, 'val_epe': 15.341162912138897, 'val_d1': 85.53998863193138}, {'epoch': 81, 'mean_loss': 7.39200030863285, 'valid_pixels': 5011228, 'lr': 0.0006394955530196142, 'median_grad_norm': 34.77849006652832}, {'epoch': 82, 'mean_loss': 6.805560800433159, 'valid_pixels': 4991070, 'lr': 0.0006319365249826858, 'median_grad_norm': 35.747671127319336}, {'epoch': 83, 'mean_loss': 7.04573293030262, 'valid_pixels': 5131183, 'lr': 0.0006243449435824268, 'median_grad_norm': 34.499855041503906}, {'epoch': 84, 'mean_loss': 6.906179654598236, 'valid_pixels': 5027979, 'lr': 0.0006167226819279523, 'median_grad_norm': 34.962196350097656}, {'epoch': 85, 'mean_loss': 6.922797620296478, 'valid_pixels': 4976054, 'lr': 0.0006090716206982709, 'median_grad_norm': 38.41664123535156, 'val_epe': 17.10306119503201, 'val_d1': 87.2797973947997}, {'epoch': 86, 'mean_loss': 6.683453580737114, 'valid_pixels': 5004505, 'lr': 0.0006013936476782558, 'median_grad_norm': 30.790226936340332}, {'epoch': 87, 'mean_loss': 6.8168645083904265, 'valid_pixels': 4789965, 'lr': 0.000593690657292862, 'median_grad_norm': 33.466861724853516}, {'epoch': 88, 'mean_loss': 6.509385710954666, 'valid_pixels': 4776926, 'lr': 0.0005859645501397043, 'median_grad_norm': 34.15935134887695}, {'epoch': 89, 'mean_loss': 6.571166849136352, 'valid_pixels': 5130169, 'lr': 0.000578217232520115, 'median_grad_norm': 34.73036766052246}, {'epoch': 90, 'mean_loss': 6.831164205074311, 'valid_pixels': 4997810, 'lr': 0.000570450615968791, 'median_grad_norm': 38.594600677490234, 'val_epe': 16.401370123218182, 'val_d1': 86.15459498837943}, {'epoch': 91, 'mean_loss': 6.2997708261013035, 'valid_pixels': 4765863, 'lr': 0.0005626666167821518, 'median_grad_norm': 34.7899055480957}, {'epoch': 92, 'mean_loss': 5.977691701054573, 'valid_pixels': 4928083, 'lr': 0.0005548671555455222, 'median_grad_norm': 32.477888107299805}, {'epoch': 93, 'mean_loss': 6.430666029453278, 'valid_pixels': 4903528, 'lr': 0.0005470541566592567, 'median_grad_norm': 31.976765632629395}, {'epoch': 94, 'mean_loss': 6.398197501897812, 'valid_pixels': 4921190, 'lr': 0.000539229547863922, 'median_grad_norm': 34.82501983642578}, {'epoch': 95, 'mean_loss': 6.204814395308494, 'valid_pixels': 5021754, 'lr': 0.0005313952597646562, 'median_grad_norm': 37.25886917114258, 'val_epe': 17.15408932103254, 'val_d1': 86.1668441360429}, {'epoch': 96, 'mean_loss': 6.1388885140419, 'valid_pixels': 4890819, 'lr': 0.0005235532253548208, 'median_grad_norm': 33.89811134338379}, {'epoch': 97, 'mean_loss': 6.427618193626404, 'valid_pixels': 4814306, 'lr': 0.0005157053795390637, 'median_grad_norm': 35.6232967376709}, {'epoch': 98, 'mean_loss': 6.634137693047523, 'valid_pixels': 5076141, 'lr': 0.0005078536586559099, 'median_grad_norm': 35.31858825683594}, {'epoch': 99, 'mean_loss': 5.991699209809303, 'valid_pixels': 4839763, 'lr': 0.0004999999999999996, 'median_grad_norm': 34.38038635253906}, {'epoch': 100, 'mean_loss': 6.450528880953788, 'valid_pixels': 5144991, 'lr': 0.0004921463413440893, 'median_grad_norm': 32.79513168334961, 'val_epe': 16.150855448010837, 'val_d1': 85.38816367010251}, {'epoch': 101, 'mean_loss': 6.313745853304863, 'valid_pixels': 5004673, 'lr': 0.0004842946204609354, 'median_grad_norm': 35.42795944213867}, {'epoch': 102, 'mean_loss': 6.199560189247132, 'valid_pixels': 4971218, 'lr': 0.00047644677464517824, 'median_grad_norm': 36.21061706542969}, {'epoch': 103, 'mean_loss': 6.061986893415451, 'valid_pixels': 5144436, 'lr': 0.00046860474023534287, 'median_grad_norm': 35.57193946838379}, {'epoch': 104, 'mean_loss': 6.358893969655037, 'valid_pixels': 4948553, 'lr': 0.00046077045213607716, 'median_grad_norm': 36.55196952819824}, {'epoch': 105, 'mean_loss': 6.719685801863671, 'valid_pixels': 4932428, 'lr': 0.0004529458433407424, 'median_grad_norm': 39.927669525146484, 'val_epe': 17.748970815206935, 'val_d1': 86.52711950547827}, {'epoch': 106, 'mean_loss': 6.059036511182785, 'valid_pixels': 4951709, 'lr': 0.000445132844454477, 'median_grad_norm': 33.195608139038086}, {'epoch': 107, 'mean_loss': 5.92908624112606, 'valid_pixels': 5132647, 'lr': 0.0004373333832178475, 'median_grad_norm': 34.64012145996094}, {'epoch': 108, 'mean_loss': 6.524382010102272, 'valid_pixels': 5069128, 'lr': 0.0004295493840312084, 'median_grad_norm': 41.554203033447266}, {'epoch': 109, 'mean_loss': 6.099471545219421, 'valid_pixels': 5044278, 'lr': 0.0004217827674798842, 'median_grad_norm': 31.749878883361816}, {'epoch': 110, 'mean_loss': 5.9662117749452594, 'valid_pixels': 5161406, 'lr': 0.00041403544986029484, 'median_grad_norm': 35.38234519958496, 'val_epe': 15.721538411827616, 'val_d1': 84.24426519619588}, {'epoch': 111, 'mean_loss': 6.201483032107353, 'valid_pixels': 5108011, 'lr': 0.0004063093427071374, 'median_grad_norm': 37.07477951049805}, {'epoch': 112, 'mean_loss': 6.099502444267273, 'valid_pixels': 4786939, 'lr': 0.00039860635232174353, 'median_grad_norm': 34.776145935058594}, {'epoch': 113, 'mean_loss': 6.884546610713005, 'valid_pixels': 4930275, 'lr': 0.0003909283793017286, 'median_grad_norm': 42.15292930603027}, {'epoch': 114, 'mean_loss': 6.457381415367126, 'valid_pixels': 5148058, 'lr': 0.000383277318072047, 'median_grad_norm': 48.66880226135254}, {'epoch': 115, 'mean_loss': 6.357512027025223, 'valid_pixels': 4852270, 'lr': 0.00037565505641757235, 'median_grad_norm': 52.497365951538086, 'val_epe': 15.342033157889404, 'val_d1': 83.55079152058126}, {'epoch': 116, 'mean_loss': 5.924456104636192, 'valid_pixels': 5045972, 'lr': 0.0003680634750173133, 'median_grad_norm': 37.74690628051758}, {'epoch': 117, 'mean_loss': 5.698596313595772, 'valid_pixels': 5174262, 'lr': 0.00036050444698038515, 'median_grad_norm': 34.56508255004883}, {'epoch': 118, 'mean_loss': 5.903071251511574, 'valid_pixels': 4887484, 'lr': 0.0003529798373838478, 'median_grad_norm': 36.70189666748047}, {'epoch': 119, 'mean_loss': 5.655335330963135, 'valid_pixels': 5003031, 'lr': 0.0003454915028125262, 'median_grad_norm': 31.416035652160645}, {'epoch': 120, 'mean_loss': 5.729728418588638, 'valid_pixels': 4960269, 'lr': 0.00033804129090092506, 'median_grad_norm': 45.22687530517578, 'val_epe': 17.010836689723, 'val_d1': 85.83128195926191}, {'epoch': 121, 'mean_loss': 5.963774037361145, 'valid_pixels': 4907704, 'lr': 0.0003306310398773541, 'median_grad_norm': 48.18782615661621}, {'epoch': 122, 'mean_loss': 5.729473608732223, 'valid_pixels': 5128005, 'lr': 0.00032326257811037126, 'median_grad_norm': 42.71386909484863}, {'epoch': 123, 'mean_loss': 6.209123116731644, 'valid_pixels': 5130671, 'lr': 0.0003159377236576609, 'median_grad_norm': 42.44423294067383}, {'epoch': 124, 'mean_loss': 5.4795760184526445, 'valid_pixels': 5048428, 'lr': 0.000308658283817455, 'median_grad_norm': 38.56096076965332}, {'epoch': 125, 'mean_loss': 5.882363075017929, 'valid_pixels': 4854616, 'lr': 0.0003014260546826094, 'median_grad_norm': 38.12347984313965, 'val_epe': 14.294005880528895, 'val_d1': 80.40404995503273}, {'epoch': 126, 'mean_loss': 6.024372157454491, 'valid_pixels': 4909423, 'lr': 0.0002942428206974454, 'median_grad_norm': 38.0353889465332}, {'epoch': 127, 'mean_loss': 5.652629700303078, 'valid_pixels': 4910645, 'lr': 0.00028711035421746345, 'median_grad_norm': 37.17683029174805}, {'epoch': 128, 'mean_loss': 5.470390492677689, 'valid_pixels': 4965674, 'lr': 0.0002800304150720422, 'median_grad_norm': 37.737783432006836}, {'epoch': 129, 'mean_loss': 6.158741816878319, 'valid_pixels': 5172404, 'lr': 0.0002730047501302264, 'median_grad_norm': 46.462249755859375}, {'epoch': 130, 'mean_loss': 5.547367221117019, 'valid_pixels': 4968784, 'lr': 0.0002660350928697132, 'median_grad_norm': 41.51914978027344, 'val_epe': 15.999385454580768, 'val_d1': 83.96973386040484}, {'epoch': 131, 'mean_loss': 5.739161014556885, 'valid_pixels': 4892261, 'lr': 0.0002591231629491421, 'median_grad_norm': 41.095224380493164}, {'epoch': 132, 'mean_loss': 5.9407920211553575, 'valid_pixels': 4912547, 'lr': 0.00025227066578379596, 'median_grad_norm': 46.6994514465332}, {'epoch': 133, 'mean_loss': 5.449532529711723, 'valid_pixels': 5159862, 'lr': 0.0002454792921248141, 'median_grad_norm': 49.38719177246094}, {'epoch': 134, 'mean_loss': 5.612752240896225, 'valid_pixels': 4864921, 'lr': 0.00023875071764202534, 'median_grad_norm': 40.07766151428223}, {'epoch': 135, 'mean_loss': 5.623337954282761, 'valid_pixels': 5103674, 'lr': 0.0002320866025105013, 'median_grad_norm': 46.26276397705078, 'val_epe': 15.142271441335051, 'val_d1': 82.02512794449632}, {'epoch': 136, 'mean_loss': 5.822240024805069, 'valid_pixels': 5292420, 'lr': 0.0002254885910009338, 'median_grad_norm': 45.54848861694336}, {'epoch': 137, 'mean_loss': 5.366065180301666, 'valid_pixels': 5025672, 'lr': 0.0002189583110739344, 'median_grad_norm': 42.99662780761719}, {'epoch': 138, 'mean_loss': 5.622495344281196, 'valid_pixels': 4967500, 'lr': 0.00021249737397836048, 'median_grad_norm': 47.346588134765625}, {'epoch': 139, 'mean_loss': 5.559480983018875, 'valid_pixels': 5024175, 'lr': 0.00020610737385376327, 'median_grad_norm': 42.53445053100586}, {'epoch': 140, 'mean_loss': 5.427180340886116, 'valid_pixels': 5031609, 'lr': 0.00019978988733705783, 'median_grad_norm': 49.47871017456055, 'val_epe': 15.30218818209317, 'val_d1': 82.319752180402}, {'epoch': 141, 'mean_loss': 5.3956759691238405, 'valid_pixels': 5020855, 'lr': 0.00019354647317351147, 'median_grad_norm': 48.66975021362305}, {'epoch': 142, 'mean_loss': 5.565374228358269, 'valid_pixels': 5082220, 'lr': 0.00018737867183214719, 'median_grad_norm': 44.111276626586914}, {'epoch': 143, 'mean_loss': 5.38910186290741, 'valid_pixels': 5091035, 'lr': 0.0001812880051256549, 'median_grad_norm': 43.021446228027344}, {'epoch': 144, 'mean_loss': 5.233732920885086, 'valid_pixels': 5146589, 'lr': 0.00017527597583490801, 'median_grad_norm': 40.134605407714844}, {'epoch': 145, 'mean_loss': 5.494524198770523, 'valid_pixels': 4948222, 'lr': 0.00016934406733817395, 'median_grad_norm': 44.77770233154297, 'val_epe': 14.408615795618667, 'val_d1': 81.39741285107507}, {'epoch': 146, 'mean_loss': 5.365198624134064, 'valid_pixels': 4722401, 'lr': 0.0001634937432451131, 'median_grad_norm': 52.000478744506836}, {'epoch': 147, 'mean_loss': 5.26183021068573, 'valid_pixels': 5107071, 'lr': 0.00015772644703565544, 'median_grad_norm': 41.54889488220215}, {'epoch': 148, 'mean_loss': 5.358539929986, 'valid_pixels': 4967030, 'lr': 0.00015204360170384266, 'median_grad_norm': 50.192399978637695}, {'epoch': 149, 'mean_loss': 5.460031566023827, 'valid_pixels': 5069463, 'lr': 0.0001464466094067261, 'median_grad_norm': 57.935237884521484}, {'epoch': 150, 'mean_loss': 5.797946572303772, 'valid_pixels': 5154049, 'lr': 0.00014093685111840547, 'median_grad_norm': 53.604305267333984, 'val_epe': 14.843885511765789, 'val_d1': 81.08140633109016}, {'epoch': 151, 'mean_loss': 5.1204322427511215, 'valid_pixels': 5023595, 'lr': 0.00013551568628929414, 'median_grad_norm': 46.202327728271484}, {'epoch': 152, 'mean_loss': 5.092022597789764, 'valid_pixels': 4879341, 'lr': 0.00013018445251069497, 'median_grad_norm': 50.82123374938965}, {'epoch': 153, 'mean_loss': 4.9884311854839325, 'valid_pixels': 4914889, 'lr': 0.0001249444651847701, 'median_grad_norm': 45.59952735900879}, {'epoch': 154, 'mean_loss': 5.307220208644867, 'valid_pixels': 4932784, 'lr': 0.00011979701719998438, 'median_grad_norm': 45.83480644226074}, {'epoch': 155, 'mean_loss': 5.415975794196129, 'valid_pixels': 5142096, 'lr': 0.00011474337861210527, 'median_grad_norm': 52.4346866607666, 'val_epe': 14.368822299078563, 'val_d1': 80.44133464134174}, {'epoch': 156, 'mean_loss': 4.576116368174553, 'valid_pixels': 4916469, 'lr': 0.00010978479633083506, 'median_grad_norm': 44.42227745056152}, {'epoch': 157, 'mean_loss': 5.195833685994148, 'valid_pixels': 5053202, 'lr': 0.00010492249381215464, 'median_grad_norm': 50.75486755371094}, {'epoch': 158, 'mean_loss': 5.191358298063278, 'valid_pixels': 4992131, 'lr': 0.00010015767075645462, 'median_grad_norm': 51.410491943359375}, {'epoch': 159, 'mean_loss': 5.189958959817886, 'valid_pixels': 5027334, 'lr': 9.549150281252619e-05, 'median_grad_norm': 51.15878486633301}, {'epoch': 160, 'mean_loss': 4.814345449209213, 'valid_pixels': 5032938, 'lr': 9.092514128748822e-05, 'median_grad_norm': 46.87887001037598, 'val_epe': 14.797036745273, 'val_d1': 81.58534056391208}, {'epoch': 161, 'mean_loss': 5.0553071141242985, 'valid_pixels': 5074879, 'lr': 8.645971286271907e-05, 'median_grad_norm': 50.4025993347168}, {'epoch': 162, 'mean_loss': 4.957116037607193, 'valid_pixels': 4983546, 'lr': 8.209631931586485e-05, 'median_grad_norm': 52.717586517333984}, {'epoch': 163, 'mean_loss': 5.376490253210068, 'valid_pixels': 5071679, 'lr': 7.783603724899246e-05, 'median_grad_norm': 51.728126525878906}, {'epoch': 164, 'mean_loss': 5.357855179905892, 'valid_pixels': 4934294, 'lr': 7.367991782295392e-05, 'median_grad_norm': 57.79343223571777}, {'epoch': 165, 'mean_loss': 5.222085323929787, 'valid_pixels': 4973272, 'lr': 6.962898649802802e-05, 'median_grad_norm': 47.68373680114746, 'val_epe': 14.506497232522822, 'val_d1': 80.5961681657546}, {'epoch': 166, 'mean_loss': 5.075840863585472, 'valid_pixels': 4949958, 'lr': 6.568424278090424e-05, 'median_grad_norm': 56.426368713378906}, {'epoch': 167, 'mean_loss': 4.731874254345894, 'valid_pixels': 4869396, 'lr': 6.184665997806812e-05, 'median_grad_norm': 47.11408042907715}, {'epoch': 168, 'mean_loss': 4.705597373843193, 'valid_pixels': 4914102, 'lr': 5.811718495565318e-05, 'median_grad_norm': 52.43449401855469}, {'epoch': 169, 'mean_loss': 5.31630810201168, 'valid_pixels': 5163219, 'lr': 5.449673790581603e-05, 'median_grad_norm': 52.885101318359375}, {'epoch': 170, 'mean_loss': 5.156827449798584, 'valid_pixels': 4983771, 'lr': 5.098621211969216e-05, 'median_grad_norm': 50.95443344116211, 'val_epe': 14.13863106087699, 'val_d1': 80.38782520681181}, {'epoch': 171, 'mean_loss': 4.765635813772678, 'valid_pixels': 4809672, 'lr': 4.7586473766990253e-05, 'median_grad_norm': 50.765403747558594}, {'epoch': 172, 'mean_loss': 5.229824873805046, 'valid_pixels': 5096425, 'lr': 4.4298361682277405e-05, 'median_grad_norm': 47.549577713012695}, {'epoch': 173, 'mean_loss': 4.5587381541728975, 'valid_pixels': 5099463, 'lr': 4.1122687158009486e-05, 'median_grad_norm': 49.349870681762695}, {'epoch': 174, 'mean_loss': 5.181336140632629, 'valid_pixels': 4893598, 'lr': 3.8060233744356686e-05, 'median_grad_norm': 44.6950626373291}, {'epoch': 175, 'mean_loss': 4.754498517513275, 'valid_pixels': 5103601, 'lr': 3.511175705587427e-05, 'median_grad_norm': 48.45199012756348, 'val_epe': 14.266922664764184, 'val_d1': 80.3314146583616}, {'epoch': 176, 'mean_loss': 4.867213505506515, 'valid_pixels': 4845755, 'lr': 3.2277984585066264e-05, 'median_grad_norm': 49.342952728271484}, {'epoch': 177, 'mean_loss': 4.590429201722145, 'valid_pixels': 4849343, 'lr': 2.955961552288723e-05, 'median_grad_norm': 50.381919860839844}, {'epoch': 178, 'mean_loss': 5.156835383176803, 'valid_pixels': 4809661, 'lr': 2.6957320586227313e-05, 'median_grad_norm': 49.521562576293945}, {'epoch': 179, 'mean_loss': 4.895772868394852, 'valid_pixels': 5098424, 'lr': 2.44717418524232e-05, 'median_grad_norm': 51.305809020996094}, {'epoch': 180, 'mean_loss': 5.2726815700531, 'valid_pixels': 4906824, 'lr': 2.210349260083491e-05, 'median_grad_norm': 51.3648567199707, 'val_epe': 14.439972040297212, 'val_d1': 81.25418378234339}, {'epoch': 181, 'mean_loss': 4.520858816802502, 'valid_pixels': 4821388, 'lr': 1.9853157161528496e-05, 'median_grad_norm': 50.05454444885254}, {'epoch': 182, 'mean_loss': 5.186569839715958, 'valid_pixels': 4933831, 'lr': 1.7721290771100992e-05, 'median_grad_norm': 54.8110466003418}, {'epoch': 183, 'mean_loss': 4.584883654117585, 'valid_pixels': 5070330, 'lr': 1.5708419435684497e-05, 'median_grad_norm': 50.579668045043945}, {'epoch': 184, 'mean_loss': 5.030732506513596, 'valid_pixels': 5022070, 'lr': 1.3815039801161704e-05, 'median_grad_norm': 55.255760192871094}, {'epoch': 185, 'mean_loss': 4.755254885554313, 'valid_pixels': 5097096, 'lr': 1.2041619030626323e-05, 'median_grad_norm': 52.84878158569336, 'val_epe': 14.350093168114752, 'val_d1': 80.72360228092023}, {'epoch': 186, 'mean_loss': 4.726753666996956, 'valid_pixels': 5039208, 'lr': 1.0388594689117057e-05, 'median_grad_norm': 46.93356704711914}, {'epoch': 187, 'mean_loss': 4.914179828763008, 'valid_pixels': 5020149, 'lr': 8.856374635655629e-06, 'median_grad_norm': 55.447662353515625}, {'epoch': 188, 'mean_loss': 4.778189885616302, 'valid_pixels': 4908842, 'lr': 7.445336922613057e-06, 'median_grad_norm': 50.97533416748047}, {'epoch': 189, 'mean_loss': 4.602969294786453, 'valid_pixels': 5157426, 'lr': 6.155829702431163e-06, 'median_grad_norm': 46.895944595336914}, {'epoch': 190, 'mean_loss': 5.019992509484291, 'valid_pixels': 5046021, 'lr': 4.988171141721226e-06, 'median_grad_norm': 55.09330749511719, 'val_epe': 14.174706071487291, 'val_d1': 80.4433761659523}, {'epoch': 191, 'mean_loss': 4.919211307168007, 'valid_pixels': 5131438, 'lr': 3.942649342761113e-06, 'median_grad_norm': 50.4400577545166}, {'epoch': 192, 'mean_loss': 5.118348184227943, 'valid_pixels': 5109846, 'lr': 3.0195222724101985e-06, 'median_grad_norm': 55.2159481048584}, {'epoch': 193, 'mean_loss': 4.708370053768158, 'valid_pixels': 4926718, 'lr': 2.219017698459999e-06, 'median_grad_norm': 47.670522689819336}, {'epoch': 194, 'mean_loss': 5.019274134933949, 'valid_pixels': 4933967, 'lr': 1.5413331334360161e-06, 'median_grad_norm': 54.001264572143555}, {'epoch': 195, 'mean_loss': 4.993633189797402, 'valid_pixels': 4997806, 'lr': 9.866357858642194e-07, 'median_grad_norm': 59.46113586425781, 'val_epe': 14.329554268967824, 'val_d1': 80.73477694194656}, {'epoch': 196, 'mean_loss': 4.587632137537002, 'valid_pixels': 4920227, 'lr': 5.550625190150475e-07, 'median_grad_norm': 50.71811294555664}, {'epoch': 197, 'mean_loss': 4.795143705606461, 'valid_pixels': 4777847, 'lr': 2.4671981713419966e-07, 'median_grad_norm': 46.162227630615234}, {'epoch': 198, 'mean_loss': 4.786349523067474, 'valid_pixels': 5037848, 'lr': 6.168375916970607e-08, 'median_grad_norm': 57.305715560913086}, {'epoch': 199, 'mean_loss': 4.902063900232315, 'valid_pixels': 5089371, 'lr': 0.0, 'median_grad_norm': 53.18102264404297, 'val_epe': 14.340359526591794, 'val_d1': 80.73767805586685}]
EXP-H1-WORKING-v2 [06:07:30] metric wall_clock_s = 3627.3945593833923
EXP-H1-WORKING-v2 [06:07:30] metric first_epoch_loss = 11.378938388824462
EXP-H1-WORKING-v2 [06:07:30] metric final_epoch_loss = 4.902063900232315
EXP-H1-WORKING-v2 [06:07:30] metric loss_reduction_factor = 2.32125460222687
EXP-H1-WORKING-v2 [06:07:30] metric min_loss = 4.520858816802502
EXP-H1-WORKING-v2 [06:07:30] metric loss_decreased_monotonically_over_halves = True
EXP-H1-WORKING-v2 [06:07:30] metric gradient_norms = {'median': 37.25349807739258, 'max': 35668222803968.0, 'any_nan': False}
EXP-H1-WORKING-v2 [06:07:30] metric parameter_count_unique = 423586
EXP-H1-WORKING-v2 [06:07:30] metric cost_volume_bytes_per_image = 2720256
EXP-H1-WORKING-v2 [06:07:30] metric checkpoint = phase2\results\training\EXP-H1-WORKING-v2_checkpoint.pth
EXP-H1-WORKING-v2 [06:07:30] metric validation_epe_series = [{'epoch': 0, 'val_epe': 18.47408318147597, 'val_d1': 89.5006538251187}, {'epoch': 5, 'val_epe': 20.13749101904495, 'val_d1': 89.9305559286412}, {'epoch': 10, 'val_epe': 19.312672659381775, 'val_d1': 89.2293459492391}, {'epoch': 15, 'val_epe': 18.599563018156452, 'val_d1': 87.67166267136719}, {'epoch': 20, 'val_epe': 18.742428808290352, 'val_d1': 88.67963858567472}, {'epoch': 25, 'val_epe': 18.30993718324847, 'val_d1': 87.98680960204238}, {'epoch': 30, 'val_epe': 19.112304717914938, 'val_d1': 89.38160070572282}, {'epoch': 35, 'val_epe': 18.157405118923375, 'val_d1': 89.25814219111464}, {'epoch': 40, 'val_epe': 16.85882561566708, 'val_d1': 87.79275731537365}, {'epoch': 45, 'val_epe': 19.279101285808576, 'val_d1': 88.98887583984562}, {'epoch': 50, 'val_epe': 21.0414781676909, 'val_d1': 90.69859897687382}, {'epoch': 55, 'val_epe': 17.611505677361844, 'val_d1': 89.2937076988042}, {'epoch': 60, 'val_epe': 16.42009140427707, 'val_d1': 87.98895857531667}, {'epoch': 65, 'val_epe': 18.482916596712098, 'val_d1': 89.27597866929128}, {'epoch': 70, 'val_epe': 16.522874812542415, 'val_d1': 86.71203865573126}, {'epoch': 75, 'val_epe': 14.39221505225934, 'val_d1': 84.2369586870633}, {'epoch': 80, 'val_epe': 15.341162912138897, 'val_d1': 85.53998863193138}, {'epoch': 85, 'val_epe': 17.10306119503201, 'val_d1': 87.2797973947997}, {'epoch': 90, 'val_epe': 16.401370123218182, 'val_d1': 86.15459498837943}, {'epoch': 95, 'val_epe': 17.15408932103254, 'val_d1': 86.1668441360429}, {'epoch': 100, 'val_epe': 16.150855448010837, 'val_d1': 85.38816367010251}, {'epoch': 105, 'val_epe': 17.748970815206935, 'val_d1': 86.52711950547827}, {'epoch': 110, 'val_epe': 15.721538411827616, 'val_d1': 84.24426519619588}, {'epoch': 115, 'val_epe': 15.342033157889404, 'val_d1': 83.55079152058126}, {'epoch': 120, 'val_epe': 17.010836689723, 'val_d1': 85.83128195926191}, {'epoch': 125, 'val_epe': 14.294005880528895, 'val_d1': 80.40404995503273}, {'epoch': 130, 'val_epe': 15.999385454580768, 'val_d1': 83.96973386040484}, {'epoch': 135, 'val_epe': 15.142271441335051, 'val_d1': 82.02512794449632}, {'epoch': 140, 'val_epe': 15.30218818209317, 'val_d1': 82.319752180402}, {'epoch': 145, 'val_epe': 14.408615795618667, 'val_d1': 81.39741285107507}, {'epoch': 150, 'val_epe': 14.843885511765789, 'val_d1': 81.08140633109016}, {'epoch': 155, 'val_epe': 14.368822299078563, 'val_d1': 80.44133464134174}, {'epoch': 160, 'val_epe': 14.797036745273, 'val_d1': 81.58534056391208}, {'epoch': 165, 'val_epe': 14.506497232522822, 'val_d1': 80.5961681657546}, {'epoch': 170, 'val_epe': 14.13863106087699, 'val_d1': 80.38782520681181}, {'epoch': 175, 'val_epe': 14.266922664764184, 'val_d1': 80.3314146583616}, {'epoch': 180, 'val_epe': 14.439972040297212, 'val_d1': 81.25418378234339}, {'epoch': 185, 'val_epe': 14.350093168114752, 'val_d1': 80.72360228092023}, {'epoch': 190, 'val_epe': 14.174706071487291, 'val_d1': 80.4433761659523}, {'epoch': 195, 'val_epe': 14.329554268967824, 'val_d1': 80.73477694194656}, {'epoch': 199, 'val_epe': 14.340359526591794, 'val_d1': 80.73767805586685}]
EXP-H1-WORKING-v2 [06:07:30] metric validation_epe_initial = 18.47408318147597
EXP-H1-WORKING-v2 [06:07:30] metric validation_epe_final = 14.340359526591794
EXP-H1-WORKING-v2 [06:07:30] metric validation_epe_best = 14.13863106087699
EXP-H1-WORKING-v2 [06:07:30] metric validation_epe_best_epoch = 170
EXP-H1-WORKING-v2 [06:07:30] metric validation_change = improved
EXP-H1-WORKING-v2 [06:07:30] metric loss_change = improved
EXP-H1-WORKING-v2 [06:07:30] metric non_finite_gradient_count = 0
EXP-H1-WORKING-v2 [06:07:30] note: Loss went from 11.3789 to 4.9021 over 200 epochs. Gradient norms had median 37.253 and maximum 35668222803968.000, with no non-finite values.
EXP-H1-WORKING-v2 [06:07:30] note: Validation EPE went from 18.474 px to 14.340 px, so validation improved. The best recorded value was 14.139 px at epoch 170.
EXP-H1-WORKING-v2 [06:07:30] conclusion: Training loss went from 11.3789 to 4.9021, so the loss decreased. All 16000 gradient norms were finite, with a maximum of 35668222803968.000. Validation EPE went from 18.474 px to 14.340 px, so validation improved. The best recorded value was 14.139 px at epoch 170. A checkpoint was written. cost_volume_shift='left'. Compare against the paired H1 arm before drawing any conclusion about the value of a working cost volume.

recorded as EXP-H1-WORKING-v2
EXP-H1-WORKING-v2 [06:07:30] status: completed
