EXP-H1-BASE-v2 [04:05:40] note: H1: a genuinely shifted stereo correspondence volume, everything else held fixed, changes accuracy by a measurable amount versus Phase 1's frozen degenerate volume (docs/research_questions.md, H1).
EXP-H1-BASE-v2 [04:05:40] note: 160 scenes from random init is a convergence-pipeline proof (Phase 1 EXP-016), not a competitive accuracy result. Both H1 arms share this budget, so the A/B comparison is valid; neither arm's absolute number is a ceiling.
EXP-H1-BASE-v2 [04:05:40] note: no batch normalisation, because the model reproduces the BN-folded exported artifact rather than the training-time upstream model
EXP-H1-BASE-v2 [04:06:03] epoch   0  loss  11.4917  grad    42.403  lr 1.00e-03  val EPE 17.767  D1 88.74%
EXP-H1-BASE-v2 [04:06:23] epoch   1  loss  11.2315  grad    40.283  lr 1.00e-03
EXP-H1-BASE-v2 [04:06:42] epoch   2  loss   9.9979  grad    47.785  lr 9.99e-04
EXP-H1-BASE-v2 [04:07:00] epoch   3  loss  10.0129  grad    51.351  lr 9.99e-04
EXP-H1-BASE-v2 [04:07:18] epoch   4  loss   8.9904  grad    44.044  lr 9.98e-04
EXP-H1-BASE-v2 [04:07:37] epoch   5  loss   9.2081  grad    48.854  lr 9.98e-04  val EPE 22.425  D1 91.84%
EXP-H1-BASE-v2 [04:07:55] epoch   6  loss   8.6463  grad    40.422  lr 9.97e-04
EXP-H1-BASE-v2 [04:08:13] epoch   7  loss   8.4105  grad    34.506  lr 9.96e-04
EXP-H1-BASE-v2 [04:08:31] epoch   8  loss   8.6427  grad    34.411  lr 9.95e-04
EXP-H1-BASE-v2 [04:08:49] epoch   9  loss   8.5069  grad    36.857  lr 9.94e-04
EXP-H1-BASE-v2 [04:09:08] epoch  10  loss   8.0584  grad    37.172  lr 9.93e-04  val EPE 18.718  D1 89.73%
EXP-H1-BASE-v2 [04:09:26] epoch  11  loss   8.6187  grad    30.750  lr 9.91e-04
EXP-H1-BASE-v2 [04:09:44] epoch  12  loss   8.7894  grad    38.458  lr 9.90e-04
EXP-H1-BASE-v2 [04:10:02] epoch  13  loss   9.3141  grad    40.996  lr 9.88e-04
EXP-H1-BASE-v2 [04:10:20] epoch  14  loss   9.2229  grad    29.036  lr 9.86e-04
EXP-H1-BASE-v2 [04:10:39] epoch  15  loss  10.2788  grad    31.978  lr 9.84e-04  val EPE 19.010  D1 88.12%
EXP-H1-BASE-v2 [04:10:57] epoch  16  loss   9.0711  grad    20.180  lr 9.82e-04
EXP-H1-BASE-v2 [04:11:15] epoch  17  loss   9.3117  grad    17.871  lr 9.80e-04
EXP-H1-BASE-v2 [04:11:33] epoch  18  loss   9.1846  grad    19.399  lr 9.78e-04
EXP-H1-BASE-v2 [04:11:51] epoch  19  loss   8.8600  grad    20.764  lr 9.76e-04
EXP-H1-BASE-v2 [04:12:11] epoch  20  loss   8.3434  grad    18.918  lr 9.73e-04  val EPE 19.043  D1 89.75%
EXP-H1-BASE-v2 [04:12:29] epoch  21  loss   8.9811  grad    19.167  lr 9.70e-04
EXP-H1-BASE-v2 [04:12:47] epoch  22  loss   9.0899  grad    21.026  lr 9.68e-04
EXP-H1-BASE-v2 [04:13:05] epoch  23  loss   9.1012  grad    16.826  lr 9.65e-04
EXP-H1-BASE-v2 [04:13:24] epoch  24  loss   8.9955  grad    20.256  lr 9.62e-04
EXP-H1-BASE-v2 [04:13:43] epoch  25  loss   9.0019  grad    22.942  lr 9.59e-04  val EPE 18.707  D1 88.55%
EXP-H1-BASE-v2 [04:14:01] epoch  26  loss   8.5224  grad    18.026  lr 9.56e-04
EXP-H1-BASE-v2 [04:14:19] epoch  27  loss   8.8704  grad    23.549  lr 9.52e-04
EXP-H1-BASE-v2 [04:14:37] epoch  28  loss   9.0756  grad    22.476  lr 9.49e-04
EXP-H1-BASE-v2 [04:14:56] epoch  29  loss   9.1849  grad    18.197  lr 9.46e-04
EXP-H1-BASE-v2 [04:15:15] epoch  30  loss   8.9677  grad    23.481  lr 9.42e-04  val EPE 19.280  D1 89.20%
EXP-H1-BASE-v2 [04:15:34] epoch  31  loss   9.2836  grad    23.331  lr 9.38e-04
EXP-H1-BASE-v2 [04:15:53] epoch  32  loss   8.6444  grad    23.780  lr 9.34e-04
EXP-H1-BASE-v2 [04:16:11] epoch  33  loss   9.0420  grad    21.794  lr 9.30e-04
EXP-H1-BASE-v2 [04:16:29] epoch  34  loss   8.6787  grad    24.514  lr 9.26e-04
EXP-H1-BASE-v2 [04:16:48] epoch  35  loss   8.7709  grad    22.802  lr 9.22e-04  val EPE 18.136  D1 88.85%
EXP-H1-BASE-v2 [04:17:07] epoch  36  loss   9.1323  grad    25.609  lr 9.18e-04
EXP-H1-BASE-v2 [04:17:25] epoch  37  loss   9.0088  grad    20.624  lr 9.14e-04
EXP-H1-BASE-v2 [04:17:43] epoch  38  loss   8.9380  grad    15.709  lr 9.09e-04
EXP-H1-BASE-v2 [04:18:01] epoch  39  loss   8.3758  grad    19.542  lr 9.05e-04
EXP-H1-BASE-v2 [04:18:21] epoch  40  loss   8.1893  grad    20.486  lr 9.00e-04  val EPE 19.073  D1 89.10%
EXP-H1-BASE-v2 [04:18:39] epoch  41  loss   8.6545  grad    24.064  lr 8.95e-04
EXP-H1-BASE-v2 [04:18:57] epoch  42  loss   9.1045  grad    20.590  lr 8.90e-04
EXP-H1-BASE-v2 [04:19:15] epoch  43  loss   8.6401  grad    25.953  lr 8.85e-04
EXP-H1-BASE-v2 [04:19:32] epoch  44  loss   8.5182  grad    27.942  lr 8.80e-04
EXP-H1-BASE-v2 [04:19:52] epoch  45  loss   8.2659  grad    23.006  lr 8.75e-04  val EPE 19.942  D1 89.92%
EXP-H1-BASE-v2 [04:20:10] epoch  46  loss   8.8340  grad    30.182  lr 8.70e-04
EXP-H1-BASE-v2 [04:20:28] epoch  47  loss   8.2588  grad    25.678  lr 8.64e-04
EXP-H1-BASE-v2 [04:20:46] epoch  48  loss   8.3998  grad    20.712  lr 8.59e-04
EXP-H1-BASE-v2 [04:21:03] epoch  49  loss   8.0734  grad    25.040  lr 8.54e-04
EXP-H1-BASE-v2 [04:21:22] epoch  50  loss   8.1630  grad    19.745  lr 8.48e-04  val EPE 18.069  D1 88.43%
EXP-H1-BASE-v2 [04:21:41] epoch  51  loss   7.8998  grad    25.153  lr 8.42e-04
EXP-H1-BASE-v2 [04:21:59] epoch  52  loss   8.0676  grad    24.514  lr 8.37e-04
EXP-H1-BASE-v2 [04:22:17] epoch  53  loss   8.4153  grad    22.544  lr 8.31e-04
EXP-H1-BASE-v2 [04:22:36] epoch  54  loss   8.0358  grad    21.405  lr 8.25e-04
EXP-H1-BASE-v2 [04:22:55] epoch  55  loss   8.0544  grad    27.688  lr 8.19e-04  val EPE 18.398  D1 88.99%
EXP-H1-BASE-v2 [04:23:13] epoch  56  loss   7.6117  grad    26.453  lr 8.13e-04
EXP-H1-BASE-v2 [04:23:31] epoch  57  loss   7.5943  grad    24.204  lr 8.06e-04
EXP-H1-BASE-v2 [04:23:49] epoch  58  loss   7.4310  grad    25.671  lr 8.00e-04
EXP-H1-BASE-v2 [04:24:07] epoch  59  loss   7.7338  grad    27.402  lr 7.94e-04
EXP-H1-BASE-v2 [04:24:27] epoch  60  loss   7.2174  grad    23.749  lr 7.88e-04  val EPE 16.240  D1 87.27%
EXP-H1-BASE-v2 [04:24:46] epoch  61  loss   7.3851  grad    29.942  lr 7.81e-04
EXP-H1-BASE-v2 [04:25:05] epoch  62  loss   7.8270  grad    28.699  lr 7.75e-04
EXP-H1-BASE-v2 [04:25:24] epoch  63  loss   7.4687  grad    22.189  lr 7.68e-04
EXP-H1-BASE-v2 [04:25:42] epoch  64  loss   7.4143  grad    25.025  lr 7.61e-04
EXP-H1-BASE-v2 [04:26:02] epoch  65  loss   7.4346  grad    25.394  lr 7.55e-04  val EPE 17.449  D1 87.77%
EXP-H1-BASE-v2 [04:26:21] epoch  66  loss   7.8598  grad    26.759  lr 7.48e-04
EXP-H1-BASE-v2 [04:26:39] epoch  67  loss   7.6055  grad    27.850  lr 7.41e-04
EXP-H1-BASE-v2 [04:26:57] epoch  68  loss   7.5931  grad    28.473  lr 7.34e-04
EXP-H1-BASE-v2 [04:27:15] epoch  69  loss   7.3144  grad    23.985  lr 7.27e-04
EXP-H1-BASE-v2 [04:27:35] epoch  70  loss   7.4584  grad    27.222  lr 7.20e-04  val EPE 17.594  D1 87.68%
EXP-H1-BASE-v2 [04:27:53] epoch  71  loss   7.3186  grad    26.045  lr 7.13e-04
EXP-H1-BASE-v2 [04:28:11] epoch  72  loss   7.9475  grad    31.384  lr 7.06e-04
EXP-H1-BASE-v2 [04:28:29] epoch  73  loss   7.1848  grad    25.446  lr 6.99e-04
EXP-H1-BASE-v2 [04:28:47] epoch  74  loss   7.3387  grad    29.259  lr 6.91e-04
EXP-H1-BASE-v2 [04:29:06] epoch  75  loss   7.2050  grad    26.250  lr 6.84e-04  val EPE 15.245  D1 85.83%
EXP-H1-BASE-v2 [04:29:24] epoch  76  loss   7.2755  grad    28.693  lr 6.77e-04
EXP-H1-BASE-v2 [04:29:42] epoch  77  loss   7.3865  grad    24.872  lr 6.69e-04
EXP-H1-BASE-v2 [04:29:59] epoch  78  loss   7.0609  grad    30.670  lr 6.62e-04
EXP-H1-BASE-v2 [04:30:17] epoch  79  loss   6.7426  grad    27.787  lr 6.55e-04
EXP-H1-BASE-v2 [04:30:36] epoch  80  loss   7.2293  grad    28.615  lr 6.47e-04  val EPE 18.215  D1 87.71%
EXP-H1-BASE-v2 [04:30:53] epoch  81  loss   7.5497  grad    27.481  lr 6.39e-04
EXP-H1-BASE-v2 [04:31:11] epoch  82  loss   7.0002  grad    26.768  lr 6.32e-04
EXP-H1-BASE-v2 [04:31:29] epoch  83  loss   6.9339  grad    27.876  lr 6.24e-04
EXP-H1-BASE-v2 [04:31:47] epoch  84  loss   6.9648  grad    29.210  lr 6.17e-04
EXP-H1-BASE-v2 [04:32:06] epoch  85  loss   6.9555  grad    30.415  lr 6.09e-04  val EPE 16.803  D1 87.19%
EXP-H1-BASE-v2 [04:32:24] epoch  86  loss   6.9019  grad    28.560  lr 6.01e-04
EXP-H1-BASE-v2 [04:32:41] epoch  87  loss   7.0232  grad    27.298  lr 5.94e-04
EXP-H1-BASE-v2 [04:32:59] epoch  88  loss   6.5822  grad    33.460  lr 5.86e-04
EXP-H1-BASE-v2 [04:33:17] epoch  89  loss   6.7239  grad    30.048  lr 5.78e-04
EXP-H1-BASE-v2 [04:33:35] epoch  90  loss   7.0424  grad    30.176  lr 5.70e-04  val EPE 16.953  D1 85.74%
EXP-H1-BASE-v2 [04:33:53] epoch  91  loss   6.4470  grad    28.872  lr 5.63e-04
EXP-H1-BASE-v2 [04:34:11] epoch  92  loss   6.2390  grad    28.647  lr 5.55e-04
EXP-H1-BASE-v2 [04:34:29] epoch  93  loss   6.7276  grad    28.803  lr 5.47e-04
EXP-H1-BASE-v2 [04:34:46] epoch  94  loss   6.5079  grad    30.012  lr 5.39e-04
EXP-H1-BASE-v2 [04:35:05] epoch  95  loss   6.2089  grad    31.138  lr 5.31e-04  val EPE 16.542  D1 85.29%
EXP-H1-BASE-v2 [04:35:23] epoch  96  loss   6.2965  grad    30.250  lr 5.24e-04
EXP-H1-BASE-v2 [04:35:41] epoch  97  loss   6.5905  grad    30.081  lr 5.16e-04
EXP-H1-BASE-v2 [04:35:58] epoch  98  loss   6.8331  grad    32.385  lr 5.08e-04
EXP-H1-BASE-v2 [04:36:16] epoch  99  loss   6.2466  grad    30.499  lr 5.00e-04
EXP-H1-BASE-v2 [04:36:35] epoch 100  loss   6.6996  grad    31.226  lr 4.92e-04  val EPE 16.715  D1 86.50%
EXP-H1-BASE-v2 [04:36:52] epoch 101  loss   6.5517  grad    31.336  lr 4.84e-04
EXP-H1-BASE-v2 [04:37:10] epoch 102  loss   6.4431  grad    33.646  lr 4.76e-04
EXP-H1-BASE-v2 [04:37:28] epoch 103  loss   6.2541  grad    28.647  lr 4.69e-04
EXP-H1-BASE-v2 [04:37:45] epoch 104  loss   6.4030  grad    33.160  lr 4.61e-04
EXP-H1-BASE-v2 [04:38:04] epoch 105  loss   6.7321  grad    35.101  lr 4.53e-04  val EPE 17.554  D1 87.05%
EXP-H1-BASE-v2 [04:38:22] epoch 106  loss   6.2259  grad    32.056  lr 4.45e-04
EXP-H1-BASE-v2 [04:38:39] epoch 107  loss   6.1417  grad    33.447  lr 4.37e-04
EXP-H1-BASE-v2 [04:38:57] epoch 108  loss   6.6897  grad    33.908  lr 4.30e-04
EXP-H1-BASE-v2 [04:39:15] epoch 109  loss   6.3444  grad    30.997  lr 4.22e-04
EXP-H1-BASE-v2 [04:39:34] epoch 110  loss   6.1359  grad    32.766  lr 4.14e-04  val EPE 15.478  D1 82.78%
EXP-H1-BASE-v2 [04:39:52] epoch 111  loss   6.3768  grad    31.872  lr 4.06e-04
EXP-H1-BASE-v2 [04:40:09] epoch 112  loss   6.3345  grad    34.968  lr 3.99e-04
EXP-H1-BASE-v2 [04:40:27] epoch 113  loss   6.0159  grad    27.897  lr 3.91e-04
EXP-H1-BASE-v2 [04:40:44] epoch 114  loss   6.1135  grad    33.737  lr 3.83e-04
EXP-H1-BASE-v2 [04:41:04] epoch 115  loss   6.0958  grad    31.062  lr 3.76e-04  val EPE 15.560  D1 84.97%
EXP-H1-BASE-v2 [04:41:21] epoch 116  loss   5.9185  grad    32.778  lr 3.68e-04
EXP-H1-BASE-v2 [04:41:39] epoch 117  loss   5.7126  grad    30.344  lr 3.61e-04
EXP-H1-BASE-v2 [04:41:56] epoch 118  loss   6.0197  grad    33.552  lr 3.53e-04
EXP-H1-BASE-v2 [04:42:14] epoch 119  loss   5.7032  grad    29.620  lr 3.45e-04
EXP-H1-BASE-v2 [04:42:32] epoch 120  loss   5.7211  grad    34.503  lr 3.38e-04  val EPE 16.531  D1 85.00%
EXP-H1-BASE-v2 [04:42:50] epoch 121  loss   5.9616  grad    32.338  lr 3.31e-04
EXP-H1-BASE-v2 [04:43:08] epoch 122  loss   5.6805  grad    31.620  lr 3.23e-04
EXP-H1-BASE-v2 [04:43:25] epoch 123  loss   6.1204  grad    36.188  lr 3.16e-04
EXP-H1-BASE-v2 [04:43:43] epoch 124  loss   5.5635  grad    31.269  lr 3.09e-04
EXP-H1-BASE-v2 [04:44:02] epoch 125  loss   5.9723  grad    33.332  lr 3.01e-04  val EPE 14.942  D1 82.93%
EXP-H1-BASE-v2 [04:44:20] epoch 126  loss   6.1647  grad    35.147  lr 2.94e-04
EXP-H1-BASE-v2 [04:44:37] epoch 127  loss   5.6913  grad    31.328  lr 2.87e-04
EXP-H1-BASE-v2 [04:44:55] epoch 128  loss   5.5455  grad    32.608  lr 2.80e-04
EXP-H1-BASE-v2 [04:45:12] epoch 129  loss   6.1926  grad    38.310  lr 2.73e-04
EXP-H1-BASE-v2 [04:45:31] epoch 130  loss   5.6270  grad    38.266  lr 2.66e-04  val EPE 16.444  D1 84.03%
EXP-H1-BASE-v2 [04:45:49] epoch 131  loss   5.8326  grad    32.928  lr 2.59e-04
EXP-H1-BASE-v2 [04:46:06] epoch 132  loss   6.0014  grad    38.378  lr 2.52e-04
EXP-H1-BASE-v2 [04:46:24] epoch 133  loss   5.4886  grad    38.019  lr 2.45e-04
EXP-H1-BASE-v2 [04:46:42] epoch 134  loss   5.7297  grad    34.617  lr 2.39e-04
EXP-H1-BASE-v2 [04:47:01] epoch 135  loss   5.6575  grad    34.629  lr 2.32e-04  val EPE 14.950  D1 81.88%
EXP-H1-BASE-v2 [04:47:18] epoch 136  loss   5.8214  grad    39.092  lr 2.25e-04
EXP-H1-BASE-v2 [04:47:36] epoch 137  loss   5.4584  grad    37.202  lr 2.19e-04
EXP-H1-BASE-v2 [04:47:53] epoch 138  loss   5.6921  grad    40.002  lr 2.12e-04
EXP-H1-BASE-v2 [04:48:11] epoch 139  loss   5.5499  grad    35.302  lr 2.06e-04
EXP-H1-BASE-v2 [04:48:30] epoch 140  loss   5.4785  grad    39.739  lr 2.00e-04  val EPE 15.343  D1 82.49%
EXP-H1-BASE-v2 [04:48:47] epoch 141  loss   5.4922  grad    39.169  lr 1.94e-04
EXP-H1-BASE-v2 [04:49:05] epoch 142  loss   5.6700  grad    35.794  lr 1.87e-04
EXP-H1-BASE-v2 [04:49:22] epoch 143  loss   5.4940  grad    38.776  lr 1.81e-04
EXP-H1-BASE-v2 [04:49:40] epoch 144  loss   5.2939  grad    35.428  lr 1.75e-04
EXP-H1-BASE-v2 [04:49:59] epoch 145  loss   5.5438  grad    39.589  lr 1.69e-04  val EPE 14.796  D1 81.65%
EXP-H1-BASE-v2 [04:50:17] epoch 146  loss   5.5031  grad    42.316  lr 1.63e-04
EXP-H1-BASE-v2 [04:50:35] epoch 147  loss   5.4161  grad    33.231  lr 1.58e-04
EXP-H1-BASE-v2 [04:50:53] epoch 148  loss   5.4781  grad    34.828  lr 1.52e-04
EXP-H1-BASE-v2 [04:51:11] epoch 149  loss   5.5475  grad    35.819  lr 1.46e-04
EXP-H1-BASE-v2 [04:51:30] epoch 150  loss   5.8188  grad    39.845  lr 1.41e-04  val EPE 14.604  D1 81.28%
EXP-H1-BASE-v2 [04:51:47] epoch 151  loss   5.2235  grad    38.123  lr 1.36e-04
EXP-H1-BASE-v2 [04:52:05] epoch 152  loss   5.1960  grad    38.783  lr 1.30e-04
EXP-H1-BASE-v2 [04:52:23] epoch 153  loss   5.0287  grad    36.918  lr 1.25e-04
EXP-H1-BASE-v2 [04:52:41] epoch 154  loss   5.4220  grad    36.087  lr 1.20e-04
EXP-H1-BASE-v2 [04:53:01] epoch 155  loss   5.6297  grad    39.184  lr 1.15e-04  val EPE 14.880  D1 82.47%
EXP-H1-BASE-v2 [04:53:19] epoch 156  loss   4.7422  grad    35.340  lr 1.10e-04
EXP-H1-BASE-v2 [04:53:36] epoch 157  loss   5.2228  grad    40.912  lr 1.05e-04
EXP-H1-BASE-v2 [04:53:54] epoch 158  loss   5.2657  grad    41.612  lr 1.00e-04
EXP-H1-BASE-v2 [04:54:11] epoch 159  loss   5.3009  grad    42.220  lr 9.55e-05
EXP-H1-BASE-v2 [04:54:30] epoch 160  loss   4.8818  grad    39.740  lr 9.09e-05  val EPE 14.398  D1 81.22%
EXP-H1-BASE-v2 [04:54:49] epoch 161  loss   5.1877  grad    39.498  lr 8.65e-05
EXP-H1-BASE-v2 [04:55:07] epoch 162  loss   4.9852  grad    41.219  lr 8.21e-05
EXP-H1-BASE-v2 [04:55:25] epoch 163  loss   5.4824  grad    44.700  lr 7.78e-05
EXP-H1-BASE-v2 [04:55:43] epoch 164  loss   5.3466  grad    43.634  lr 7.37e-05
EXP-H1-BASE-v2 [04:56:02] epoch 165  loss   5.2883  grad    40.935  lr 6.96e-05  val EPE 14.385  D1 81.02%
EXP-H1-BASE-v2 [04:56:20] epoch 166  loss   5.1874  grad    42.276  lr 6.57e-05
EXP-H1-BASE-v2 [04:56:38] epoch 167  loss   4.8211  grad    39.835  lr 6.18e-05
EXP-H1-BASE-v2 [04:56:56] epoch 168  loss   4.8022  grad    39.497  lr 5.81e-05
EXP-H1-BASE-v2 [04:57:14] epoch 169  loss   5.3082  grad    40.632  lr 5.45e-05
EXP-H1-BASE-v2 [04:57:33] epoch 170  loss   5.2288  grad    44.656  lr 5.10e-05  val EPE 14.159  D1 81.18%
EXP-H1-BASE-v2 [04:57:51] epoch 171  loss   4.8176  grad    43.387  lr 4.76e-05
EXP-H1-BASE-v2 [04:58:09] epoch 172  loss   5.2632  grad    39.529  lr 4.43e-05
EXP-H1-BASE-v2 [04:58:26] epoch 173  loss   4.6637  grad    41.533  lr 4.11e-05
EXP-H1-BASE-v2 [04:58:44] epoch 174  loss   5.2478  grad    40.565  lr 3.81e-05
EXP-H1-BASE-v2 [04:59:02] epoch 175  loss   4.8047  grad    39.128  lr 3.51e-05  val EPE 14.332  D1 81.21%
EXP-H1-BASE-v2 [04:59:20] epoch 176  loss   4.9366  grad    44.031  lr 3.23e-05
EXP-H1-BASE-v2 [04:59:37] epoch 177  loss   4.6477  grad    42.150  lr 2.96e-05
EXP-H1-BASE-v2 [04:59:55] epoch 178  loss   5.2677  grad    45.643  lr 2.70e-05
EXP-H1-BASE-v2 [05:00:12] epoch 179  loss   4.9855  grad    43.656  lr 2.45e-05
EXP-H1-BASE-v2 [05:00:31] epoch 180  loss   5.3757  grad    41.125  lr 2.21e-05  val EPE 14.720  D1 82.50%
EXP-H1-BASE-v2 [05:00:49] epoch 181  loss   4.6238  grad    42.129  lr 1.99e-05
EXP-H1-BASE-v2 [05:01:06] epoch 182  loss   5.2967  grad    42.507  lr 1.77e-05
EXP-H1-BASE-v2 [05:01:24] epoch 183  loss   4.6949  grad    46.006  lr 1.57e-05
EXP-H1-BASE-v2 [05:01:42] epoch 184  loss   5.1291  grad    43.719  lr 1.38e-05
EXP-H1-BASE-v2 [05:02:01] epoch 185  loss   4.8949  grad    43.395  lr 1.20e-05  val EPE 14.403  D1 81.27%
EXP-H1-BASE-v2 [05:02:18] epoch 186  loss   4.7889  grad    44.660  lr 1.04e-05
EXP-H1-BASE-v2 [05:02:36] epoch 187  loss   5.0129  grad    47.491  lr 8.86e-06
EXP-H1-BASE-v2 [05:02:54] epoch 188  loss   4.8051  grad    46.273  lr 7.45e-06
EXP-H1-BASE-v2 [05:03:12] epoch 189  loss   4.6763  grad    43.409  lr 6.16e-06
EXP-H1-BASE-v2 [05:03:31] epoch 190  loss   5.0678  grad    45.406  lr 4.99e-06  val EPE 14.122  D1 80.75%
EXP-H1-BASE-v2 [05:03:49] epoch 191  loss   4.9367  grad    43.123  lr 3.94e-06
EXP-H1-BASE-v2 [05:04:07] epoch 192  loss   5.1678  grad    45.937  lr 3.02e-06
EXP-H1-BASE-v2 [05:04:25] epoch 193  loss   4.7479  grad    43.501  lr 2.22e-06
EXP-H1-BASE-v2 [05:04:43] epoch 194  loss   5.1198  grad    49.080  lr 1.54e-06
EXP-H1-BASE-v2 [05:05:02] epoch 195  loss   5.1351  grad    47.940  lr 9.87e-07  val EPE 14.316  D1 81.27%
EXP-H1-BASE-v2 [05:05:20] epoch 196  loss   4.6601  grad    46.957  lr 5.55e-07
EXP-H1-BASE-v2 [05:05:38] epoch 197  loss   4.8576  grad    40.736  lr 2.47e-07
EXP-H1-BASE-v2 [05:05:56] epoch 198  loss   4.8571  grad    48.826  lr 6.17e-08
EXP-H1-BASE-v2 [05:06:15] epoch 199  loss   4.9830  grad    46.966  lr 0.00e+00  val EPE 14.330  D1 81.19%
EXP-H1-BASE-v2 [05:06:15] metric history = [{'epoch': 0, 'mean_loss': 11.491705977916718, 'valid_pixels': 5077447, 'lr': 0.0009999383162408303, 'median_grad_norm': 42.4030818939209, 'val_epe': 17.767112837326074, 'val_d1': 88.74292584860268}, {'epoch': 1, 'mean_loss': 11.231451976299287, 'valid_pixels': 5235120, 'lr': 0.0009997532801828658, 'median_grad_norm': 40.28269958496094}, {'epoch': 2, 'mean_loss': 9.997882986068726, 'valid_pixels': 4921340, 'lr': 0.0009994449374809851, 'median_grad_norm': 47.78499221801758}, {'epoch': 3, 'mean_loss': 10.012916600704193, 'valid_pixels': 5070525, 'lr': 0.0009990133642141358, 'median_grad_norm': 51.35122108459473}, {'epoch': 4, 'mean_loss': 8.990364149212837, 'valid_pixels': 4915605, 'lr': 0.000998458666866564, 'median_grad_norm': 44.04425048828125}, {'epoch': 5, 'mean_loss': 9.208084028959274, 'valid_pixels': 4868518, 'lr': 0.00099778098230154, 'median_grad_norm': 48.85365104675293, 'val_epe': 22.42529413369704, 'val_d1': 91.83562073630272}, {'epoch': 6, 'mean_loss': 8.646333956718445, 'valid_pixels': 5061000, 'lr': 0.0009969804777275899, 'median_grad_norm': 40.42171669006348}, {'epoch': 7, 'mean_loss': 8.410469445586205, 'valid_pixels': 4880738, 'lr': 0.000996057350657239, 'median_grad_norm': 34.50603485107422}, {'epoch': 8, 'mean_loss': 8.642723533511163, 'valid_pixels': 5088028, 'lr': 0.0009950118288582787, 'median_grad_norm': 34.41081428527832}, {'epoch': 9, 'mean_loss': 8.506866782903671, 'valid_pixels': 4936565, 'lr': 0.0009938441702975688, 'median_grad_norm': 36.85727882385254}, {'epoch': 10, 'mean_loss': 8.058392882347107, 'valid_pixels': 4870989, 'lr': 0.000992554663077387, 'median_grad_norm': 37.17158317565918, 'val_epe': 18.717709983445385, 'val_d1': 89.73274293874243}, {'epoch': 11, 'mean_loss': 8.618685054779053, 'valid_pixels': 4870503, 'lr': 0.0009911436253643444, 'median_grad_norm': 30.749777793884277}, {'epoch': 12, 'mean_loss': 8.789400392770768, 'valid_pixels': 5072344, 'lr': 0.0009896114053108828, 'median_grad_norm': 38.45816421508789}, {'epoch': 13, 'mean_loss': 9.314052671194077, 'valid_pixels': 4936729, 'lr': 0.0009879583809693736, 'median_grad_norm': 40.995920181274414}, {'epoch': 14, 'mean_loss': 9.222891163825988, 'valid_pixels': 4864560, 'lr': 0.0009861849601988382, 'median_grad_norm': 29.035897254943848}, {'epoch': 15, 'mean_loss': 10.278762555122375, 'valid_pixels': 4978769, 'lr': 0.0009842915805643154, 'median_grad_norm': 31.977540016174316, 'val_epe': 19.00953777911264, 'val_d1': 88.11918635573889}, {'epoch': 16, 'mean_loss': 9.07111878991127, 'valid_pixels': 4963620, 'lr': 0.000982278709228899, 'median_grad_norm': 20.180221557617188}, {'epoch': 17, 'mean_loss': 9.311697125434875, 'valid_pixels': 5117354, 'lr': 0.0009801468428384714, 'median_grad_norm': 17.87071132659912}, {'epoch': 18, 'mean_loss': 9.1845831990242, 'valid_pixels': 4961080, 'lr': 0.0009778965073991648, 'median_grad_norm': 19.39876079559326}, {'epoch': 19, 'mean_loss': 8.859954822063447, 'valid_pixels': 4911398, 'lr': 0.0009755282581475766, 'median_grad_norm': 20.763617515563965}, {'epoch': 20, 'mean_loss': 8.343374687433244, 'valid_pixels': 4932745, 'lr': 0.0009730426794137723, 'median_grad_norm': 18.91761016845703, 'val_epe': 19.043383222983422, 'val_d1': 89.74971982760937}, {'epoch': 21, 'mean_loss': 8.981148141622544, 'valid_pixels': 4947012, 'lr': 0.0009704403844771124, 'median_grad_norm': 19.166852951049805}, {'epoch': 22, 'mean_loss': 9.089879482984543, 'valid_pixels': 4921837, 'lr': 0.0009677220154149334, 'median_grad_norm': 21.025781631469727}, {'epoch': 23, 'mean_loss': 9.101203054189682, 'valid_pixels': 4911327, 'lr': 0.0009648882429441253, 'median_grad_norm': 16.82596778869629}, {'epoch': 24, 'mean_loss': 8.995511627197265, 'valid_pixels': 5015970, 'lr': 0.000961939766255643, 'median_grad_norm': 20.255659103393555}, {'epoch': 25, 'mean_loss': 9.001914608478547, 'valid_pixels': 5098413, 'lr': 0.0009588773128419901, 'median_grad_norm': 22.9417781829834, 'val_epe': 18.707106862369496, 'val_d1': 88.54898101059766}, {'epoch': 26, 'mean_loss': 8.522374412417411, 'valid_pixels': 4781015, 'lr': 0.0009557016383177221, 'median_grad_norm': 18.02627658843994}, {'epoch': 27, 'mean_loss': 8.870438599586487, 'valid_pixels': 5027374, 'lr': 0.0009524135262330093, 'median_grad_norm': 23.548908233642578}, {'epoch': 28, 'mean_loss': 9.075626760721207, 'valid_pixels': 5016059, 'lr': 0.0009490137878803073, 'median_grad_norm': 22.476487159729004}, {'epoch': 29, 'mean_loss': 9.184941011667252, 'valid_pixels': 5001126, 'lr': 0.0009455032620941834, 'median_grad_norm': 18.196768760681152}, {'epoch': 30, 'mean_loss': 8.967673379182816, 'valid_pixels': 4807407, 'lr': 0.0009418828150443463, 'median_grad_norm': 23.48087215423584, 'val_epe': 19.280045034308298, 'val_d1': 89.20237633464671}, {'epoch': 31, 'mean_loss': 9.283616071939468, 'valid_pixels': 4970115, 'lr': 0.0009381533400219311, 'median_grad_norm': 23.331438064575195}, {'epoch': 32, 'mean_loss': 8.644428831338882, 'valid_pixels': 5009147, 'lr': 0.0009343157572190951, 'median_grad_norm': 23.780150413513184}, {'epoch': 33, 'mean_loss': 9.041951406002045, 'valid_pixels': 5029991, 'lr': 0.0009303710135019713, 'median_grad_norm': 21.794174194335938}, {'epoch': 34, 'mean_loss': 8.67865252494812, 'valid_pixels': 4947957, 'lr': 0.0009263200821770456, 'median_grad_norm': 24.51388645172119}, {'epoch': 35, 'mean_loss': 8.770919209718704, 'valid_pixels': 4972279, 'lr': 0.000922163962751007, 'median_grad_norm': 22.801636695861816, 'val_epe': 18.135769147567775, 'val_d1': 88.84661380908736}, {'epoch': 36, 'mean_loss': 9.132282543182374, 'valid_pixels': 5018420, 'lr': 0.0009179036806841347, 'median_grad_norm': 25.60899066925049}, {'epoch': 37, 'mean_loss': 9.00879384279251, 'valid_pixels': 5106995, 'lr': 0.0009135402871372803, 'median_grad_norm': 20.624330520629883}, {'epoch': 38, 'mean_loss': 8.938036787509919, 'valid_pixels': 4990935, 'lr': 0.0009090748587125112, 'median_grad_norm': 15.709342002868652}, {'epoch': 39, 'mean_loss': 8.375816488265992, 'valid_pixels': 4932900, 'lr': 0.0009045084971874732, 'median_grad_norm': 19.542499542236328}, {'epoch': 40, 'mean_loss': 8.189255231618882, 'valid_pixels': 5017188, 'lr': 0.0008998423292435448, 'median_grad_norm': 20.485751152038574, 'val_epe': 19.073140413586678, 'val_d1': 89.0969691955426}, {'epoch': 41, 'mean_loss': 8.65453398823738, 'valid_pixels': 5029797, 'lr': 0.0008950775061878447, 'median_grad_norm': 24.06391143798828}, {'epoch': 42, 'mean_loss': 9.104530638456344, 'valid_pixels': 5103535, 'lr': 0.0008902152036691643, 'median_grad_norm': 20.589606285095215}, {'epoch': 43, 'mean_loss': 8.640119290351867, 'valid_pixels': 5050131, 'lr': 0.000885256621387894, 'median_grad_norm': 25.952550888061523}, {'epoch': 44, 'mean_loss': 8.518213543295861, 'valid_pixels': 4858018, 'lr': 0.0008802029828000149, 'median_grad_norm': 27.941844940185547}, {'epoch': 45, 'mean_loss': 8.26590441763401, 'valid_pixels': 4982629, 'lr': 0.0008750555348152292, 'median_grad_norm': 23.005563735961914, 'val_epe': 19.94244839443013, 'val_d1': 89.92421645748203}, {'epoch': 46, 'mean_loss': 8.833998942375183, 'valid_pixels': 5056572, 'lr': 0.0008698155474893041, 'median_grad_norm': 30.18175506591797}, {'epoch': 47, 'mean_loss': 8.258819878101349, 'valid_pixels': 4897172, 'lr': 0.0008644843137107051, 'median_grad_norm': 25.67776870727539}, {'epoch': 48, 'mean_loss': 8.399819272756577, 'valid_pixels': 4950884, 'lr': 0.0008590631488815939, 'median_grad_norm': 20.711931228637695}, {'epoch': 49, 'mean_loss': 8.07341049015522, 'valid_pixels': 5102709, 'lr': 0.0008535533905932731, 'median_grad_norm': 25.040324211120605}, {'epoch': 50, 'mean_loss': 8.163049361109733, 'valid_pixels': 4820305, 'lr': 0.0008479563982961564, 'median_grad_norm': 19.74466609954834, 'val_epe': 18.068777495762554, 'val_d1': 88.42960554521063}, {'epoch': 51, 'mean_loss': 7.899757885932923, 'valid_pixels': 5072142, 'lr': 0.0008422735529643437, 'median_grad_norm': 25.152642250061035}, {'epoch': 52, 'mean_loss': 8.067555493116378, 'valid_pixels': 4897120, 'lr': 0.000836506256754886, 'median_grad_norm': 24.5135440826416}, {'epoch': 53, 'mean_loss': 8.415289050340652, 'valid_pixels': 5061048, 'lr': 0.0008306559326618253, 'median_grad_norm': 22.544158935546875}, {'epoch': 54, 'mean_loss': 8.035807472467422, 'valid_pixels': 5051208, 'lr': 0.0008247240241650912, 'median_grad_norm': 21.40547466278076}, {'epoch': 55, 'mean_loss': 8.05437436401844, 'valid_pixels': 5084771, 'lr': 0.0008187119948743442, 'median_grad_norm': 27.687759399414062, 'val_epe': 18.398387783811756, 'val_d1': 88.99145460777477}, {'epoch': 56, 'mean_loss': 7.611654204130173, 'valid_pixels': 4803776, 'lr': 0.000812621328167852, 'median_grad_norm': 26.453173637390137}, {'epoch': 57, 'mean_loss': 7.594252374768257, 'valid_pixels': 4938736, 'lr': 0.0008064535268264877, 'median_grad_norm': 24.20354175567627}, {'epoch': 58, 'mean_loss': 7.431024596095085, 'valid_pixels': 4856886, 'lr': 0.0008002101126629415, 'median_grad_norm': 25.671021461486816}, {'epoch': 59, 'mean_loss': 7.733784678578377, 'valid_pixels': 4913703, 'lr': 0.000793892626146236, 'median_grad_norm': 27.401939392089844}, {'epoch': 60, 'mean_loss': 7.217406052350998, 'valid_pixels': 5067822, 'lr': 0.0007875026260216388, 'median_grad_norm': 23.748634338378906, 'val_epe': 16.23990966564108, 'val_d1': 87.26711845248136}, {'epoch': 61, 'mean_loss': 7.3851368635892864, 'valid_pixels': 4881033, 'lr': 0.0007810416889260649, 'median_grad_norm': 29.941885948181152}, {'epoch': 62, 'mean_loss': 7.826962849497795, 'valid_pixels': 5019350, 'lr': 0.0007745114089990654, 'median_grad_norm': 28.699070930480957}, {'epoch': 63, 'mean_loss': 7.468718168139458, 'valid_pixels': 4763922, 'lr': 0.0007679133974894978, 'median_grad_norm': 22.18925666809082}, {'epoch': 64, 'mean_loss': 7.414299875497818, 'valid_pixels': 5076698, 'lr': 0.0007612492823579739, 'median_grad_norm': 25.02531623840332}, {'epoch': 65, 'mean_loss': 7.434649646282196, 'valid_pixels': 4782169, 'lr': 0.0007545207078751852, 'median_grad_norm': 25.39424228668213, 'val_epe': 17.449266677427797, 'val_d1': 87.76965585267499}, {'epoch': 66, 'mean_loss': 7.859762838482856, 'valid_pixels': 5068932, 'lr': 0.0007477293342162034, 'median_grad_norm': 26.75935173034668}, {'epoch': 67, 'mean_loss': 7.605454763770103, 'valid_pixels': 5143632, 'lr': 0.0007408768370508571, 'median_grad_norm': 27.850356101989746}, {'epoch': 68, 'mean_loss': 7.593056970834732, 'valid_pixels': 5141594, 'lr': 0.0007339649071302863, 'median_grad_norm': 28.472984313964844}, {'epoch': 69, 'mean_loss': 7.3144301623106, 'valid_pixels': 5010359, 'lr': 0.0007269952498697729, 'median_grad_norm': 23.985435485839844}, {'epoch': 70, 'mean_loss': 7.458430939912796, 'valid_pixels': 4903218, 'lr': 0.000719969584927957, 'median_grad_norm': 27.221856117248535, 'val_epe': 17.59446362224455, 'val_d1': 87.6848788570041}, {'epoch': 71, 'mean_loss': 7.318568128347397, 'valid_pixels': 5060608, 'lr': 0.0007128896457825358, 'median_grad_norm': 26.045488357543945}, {'epoch': 72, 'mean_loss': 7.947535341978073, 'valid_pixels': 5050636, 'lr': 0.0007057571793025539, 'median_grad_norm': 31.383546829223633}, {'epoch': 73, 'mean_loss': 7.184821230173111, 'valid_pixels': 5006409, 'lr': 0.0006985739453173898, 'median_grad_norm': 25.446032524108887}, {'epoch': 74, 'mean_loss': 7.3387270152568815, 'valid_pixels': 5030455, 'lr': 0.0006913417161825444, 'median_grad_norm': 29.258898735046387}, {'epoch': 75, 'mean_loss': 7.204965862631798, 'valid_pixels': 4953093, 'lr': 0.0006840622763423385, 'median_grad_norm': 26.250253677368164, 'val_epe': 15.244711263302204, 'val_d1': 85.83149685658934}, {'epoch': 76, 'mean_loss': 7.275540047883988, 'valid_pixels': 5063202, 'lr': 0.000676737421889628, 'median_grad_norm': 28.693218231201172}, {'epoch': 77, 'mean_loss': 7.386471933126449, 'valid_pixels': 5098169, 'lr': 0.0006693689601226452, 'median_grad_norm': 24.872316360473633}, {'epoch': 78, 'mean_loss': 7.060883250832558, 'valid_pixels': 5055379, 'lr': 0.0006619587090990741, 'median_grad_norm': 30.670116424560547}, {'epoch': 79, 'mean_loss': 6.742572614550591, 'valid_pixels': 5227319, 'lr': 0.0006545084971874731, 'median_grad_norm': 27.787110328674316}, {'epoch': 80, 'mean_loss': 7.229266488552094, 'valid_pixels': 4901617, 'lr': 0.0006470201626161514, 'median_grad_norm': 28.615336418151855, 'val_epe': 18.215023065788763, 'val_d1': 87.7119559202602}, {'epoch': 81, 'mean_loss': 7.54968701004982, 'valid_pixels': 5011228, 'lr': 0.0006394955530196142, 'median_grad_norm': 27.481351852416992}, {'epoch': 82, 'mean_loss': 7.000230905413628, 'valid_pixels': 4991070, 'lr': 0.0006319365249826858, 'median_grad_norm': 26.76807975769043}, {'epoch': 83, 'mean_loss': 6.933919513225556, 'valid_pixels': 5131183, 'lr': 0.0006243449435824268, 'median_grad_norm': 27.875707626342773}, {'epoch': 84, 'mean_loss': 6.9648295730352405, 'valid_pixels': 5027979, 'lr': 0.0006167226819279523, 'median_grad_norm': 29.20964241027832}, {'epoch': 85, 'mean_loss': 6.955509895086289, 'valid_pixels': 4976054, 'lr': 0.0006090716206982709, 'median_grad_norm': 30.41545581817627, 'val_epe': 16.802741243239712, 'val_d1': 87.1934086691731}, {'epoch': 86, 'mean_loss': 6.901917564868927, 'valid_pixels': 5004505, 'lr': 0.0006013936476782558, 'median_grad_norm': 28.560254096984863}, {'epoch': 87, 'mean_loss': 7.0232433646917345, 'valid_pixels': 4789965, 'lr': 0.000593690657292862, 'median_grad_norm': 27.298457145690918}, {'epoch': 88, 'mean_loss': 6.582191389799118, 'valid_pixels': 4776926, 'lr': 0.0005859645501397043, 'median_grad_norm': 33.45961380004883}, {'epoch': 89, 'mean_loss': 6.723881486058235, 'valid_pixels': 5130169, 'lr': 0.000578217232520115, 'median_grad_norm': 30.04848003387451}, {'epoch': 90, 'mean_loss': 7.0423919528722765, 'valid_pixels': 4997810, 'lr': 0.000570450615968791, 'median_grad_norm': 30.17638397216797, 'val_epe': 16.953211489694535, 'val_d1': 85.73672713519298}, {'epoch': 91, 'mean_loss': 6.447046706080437, 'valid_pixels': 4765863, 'lr': 0.0005626666167821518, 'median_grad_norm': 28.871843338012695}, {'epoch': 92, 'mean_loss': 6.239012107253075, 'valid_pixels': 4928083, 'lr': 0.0005548671555455222, 'median_grad_norm': 28.64684009552002}, {'epoch': 93, 'mean_loss': 6.727633765339851, 'valid_pixels': 4903528, 'lr': 0.0005470541566592567, 'median_grad_norm': 28.803364753723145}, {'epoch': 94, 'mean_loss': 6.507915413379669, 'valid_pixels': 4921190, 'lr': 0.000539229547863922, 'median_grad_norm': 30.011557579040527}, {'epoch': 95, 'mean_loss': 6.208901259303093, 'valid_pixels': 5021754, 'lr': 0.0005313952597646562, 'median_grad_norm': 31.138270378112793, 'val_epe': 16.54248580870038, 'val_d1': 85.29317905137873}, {'epoch': 96, 'mean_loss': 6.2965290427207945, 'valid_pixels': 4890819, 'lr': 0.0005235532253548208, 'median_grad_norm': 30.249722480773926}, {'epoch': 97, 'mean_loss': 6.590451192855835, 'valid_pixels': 4814306, 'lr': 0.0005157053795390637, 'median_grad_norm': 30.08135986328125}, {'epoch': 98, 'mean_loss': 6.833128127455711, 'valid_pixels': 5076141, 'lr': 0.0005078536586559099, 'median_grad_norm': 32.384626388549805}, {'epoch': 99, 'mean_loss': 6.2466185837984085, 'valid_pixels': 4839763, 'lr': 0.0004999999999999996, 'median_grad_norm': 30.498909950256348}, {'epoch': 100, 'mean_loss': 6.699612662196159, 'valid_pixels': 5144991, 'lr': 0.0004921463413440893, 'median_grad_norm': 31.225889205932617, 'val_epe': 16.71490979485531, 'val_d1': 86.50047223687703}, {'epoch': 101, 'mean_loss': 6.551686924695969, 'valid_pixels': 5004673, 'lr': 0.0004842946204609354, 'median_grad_norm': 31.335542678833008}, {'epoch': 102, 'mean_loss': 6.4431068152189255, 'valid_pixels': 4971218, 'lr': 0.00047644677464517824, 'median_grad_norm': 33.646034240722656}, {'epoch': 103, 'mean_loss': 6.254127079248429, 'valid_pixels': 5144436, 'lr': 0.00046860474023534287, 'median_grad_norm': 28.647421836853027}, {'epoch': 104, 'mean_loss': 6.402991899847985, 'valid_pixels': 4948553, 'lr': 0.00046077045213607716, 'median_grad_norm': 33.160085678100586}, {'epoch': 105, 'mean_loss': 6.732079371809959, 'valid_pixels': 4932428, 'lr': 0.0004529458433407424, 'median_grad_norm': 35.100608825683594, 'val_epe': 17.554290647197263, 'val_d1': 87.05372540634399}, {'epoch': 106, 'mean_loss': 6.225861957669258, 'valid_pixels': 4951709, 'lr': 0.000445132844454477, 'median_grad_norm': 32.05595016479492}, {'epoch': 107, 'mean_loss': 6.1417073726654055, 'valid_pixels': 5132647, 'lr': 0.0004373333832178475, 'median_grad_norm': 33.44684600830078}, {'epoch': 108, 'mean_loss': 6.689723712205887, 'valid_pixels': 5069128, 'lr': 0.0004295493840312084, 'median_grad_norm': 33.90841102600098}, {'epoch': 109, 'mean_loss': 6.344425284862519, 'valid_pixels': 5044278, 'lr': 0.0004217827674798842, 'median_grad_norm': 30.996606826782227}, {'epoch': 110, 'mean_loss': 6.1358551442623135, 'valid_pixels': 5161406, 'lr': 0.00041403544986029484, 'median_grad_norm': 32.76640701293945, 'val_epe': 15.47844772623214, 'val_d1': 82.77888032045489}, {'epoch': 111, 'mean_loss': 6.376810872554779, 'valid_pixels': 5108011, 'lr': 0.0004063093427071374, 'median_grad_norm': 31.87201976776123}, {'epoch': 112, 'mean_loss': 6.334451800584793, 'valid_pixels': 4786939, 'lr': 0.00039860635232174353, 'median_grad_norm': 34.968252182006836}, {'epoch': 113, 'mean_loss': 6.015905445814132, 'valid_pixels': 4930275, 'lr': 0.0003909283793017286, 'median_grad_norm': 27.897448539733887}, {'epoch': 114, 'mean_loss': 6.113549247384071, 'valid_pixels': 5148058, 'lr': 0.000383277318072047, 'median_grad_norm': 33.73715400695801}, {'epoch': 115, 'mean_loss': 6.0957723528146746, 'valid_pixels': 4852270, 'lr': 0.00037565505641757235, 'median_grad_norm': 31.06245708465576, 'val_epe': 15.560483195790912, 'val_d1': 84.96943622760635}, {'epoch': 116, 'mean_loss': 5.91850312948227, 'valid_pixels': 5045972, 'lr': 0.0003680634750173133, 'median_grad_norm': 32.7776985168457}, {'epoch': 117, 'mean_loss': 5.712618839740753, 'valid_pixels': 5174262, 'lr': 0.00036050444698038515, 'median_grad_norm': 30.344056129455566}, {'epoch': 118, 'mean_loss': 6.019650906324387, 'valid_pixels': 4887484, 'lr': 0.0003529798373838478, 'median_grad_norm': 33.55208969116211}, {'epoch': 119, 'mean_loss': 5.703225409984588, 'valid_pixels': 5003031, 'lr': 0.0003454915028125262, 'median_grad_norm': 29.620030403137207}, {'epoch': 120, 'mean_loss': 5.721118766069412, 'valid_pixels': 4960269, 'lr': 0.00033804129090092506, 'median_grad_norm': 34.502723693847656, 'val_epe': 16.530872153317596, 'val_d1': 85.00231551870306}, {'epoch': 121, 'mean_loss': 5.961649540066719, 'valid_pixels': 4907704, 'lr': 0.0003306310398773541, 'median_grad_norm': 32.33757209777832}, {'epoch': 122, 'mean_loss': 5.680467793345452, 'valid_pixels': 5128005, 'lr': 0.00032326257811037126, 'median_grad_norm': 31.619823455810547}, {'epoch': 123, 'mean_loss': 6.120350459218026, 'valid_pixels': 5130671, 'lr': 0.0003159377236576609, 'median_grad_norm': 36.188310623168945}, {'epoch': 124, 'mean_loss': 5.563505938649177, 'valid_pixels': 5048428, 'lr': 0.000308658283817455, 'median_grad_norm': 31.26942729949951}, {'epoch': 125, 'mean_loss': 5.97234148979187, 'valid_pixels': 4854616, 'lr': 0.0003014260546826094, 'median_grad_norm': 33.33191108703613, 'val_epe': 14.94248745030136, 'val_d1': 82.92608498974403}, {'epoch': 126, 'mean_loss': 6.164723381400108, 'valid_pixels': 4909423, 'lr': 0.0002942428206974454, 'median_grad_norm': 35.14650917053223}, {'epoch': 127, 'mean_loss': 5.691319173574447, 'valid_pixels': 4910645, 'lr': 0.00028711035421746345, 'median_grad_norm': 31.32784652709961}, {'epoch': 128, 'mean_loss': 5.545548996329307, 'valid_pixels': 4965674, 'lr': 0.0002800304150720422, 'median_grad_norm': 32.60786437988281}, {'epoch': 129, 'mean_loss': 6.19255242049694, 'valid_pixels': 5172404, 'lr': 0.0002730047501302264, 'median_grad_norm': 38.30951499938965}, {'epoch': 130, 'mean_loss': 5.626963511109352, 'valid_pixels': 4968784, 'lr': 0.0002660350928697132, 'median_grad_norm': 38.26620674133301, 'val_epe': 16.44405810292035, 'val_d1': 84.03280622600538}, {'epoch': 131, 'mean_loss': 5.832614615559578, 'valid_pixels': 4892261, 'lr': 0.0002591231629491421, 'median_grad_norm': 32.92815399169922}, {'epoch': 132, 'mean_loss': 6.001414680480957, 'valid_pixels': 4912547, 'lr': 0.00025227066578379596, 'median_grad_norm': 38.37800979614258}, {'epoch': 133, 'mean_loss': 5.488573405146599, 'valid_pixels': 5159862, 'lr': 0.0002454792921248141, 'median_grad_norm': 38.019187927246094}, {'epoch': 134, 'mean_loss': 5.729712674021721, 'valid_pixels': 4864921, 'lr': 0.00023875071764202534, 'median_grad_norm': 34.6171875}, {'epoch': 135, 'mean_loss': 5.657539194822311, 'valid_pixels': 5103674, 'lr': 0.0002320866025105013, 'median_grad_norm': 34.62874794006348, 'val_epe': 14.949801949040294, 'val_d1': 81.87856796718947}, {'epoch': 136, 'mean_loss': 5.821412888169289, 'valid_pixels': 5292420, 'lr': 0.0002254885910009338, 'median_grad_norm': 39.09228324890137}, {'epoch': 137, 'mean_loss': 5.458368766307831, 'valid_pixels': 5025672, 'lr': 0.0002189583110739344, 'median_grad_norm': 37.20193862915039}, {'epoch': 138, 'mean_loss': 5.6921047359704975, 'valid_pixels': 4967500, 'lr': 0.00021249737397836048, 'median_grad_norm': 40.00152778625488}, {'epoch': 139, 'mean_loss': 5.549932599067688, 'valid_pixels': 5024175, 'lr': 0.00020610737385376327, 'median_grad_norm': 35.30208396911621}, {'epoch': 140, 'mean_loss': 5.47849728167057, 'valid_pixels': 5031609, 'lr': 0.00019978988733705783, 'median_grad_norm': 39.73933219909668, 'val_epe': 15.342565310080058, 'val_d1': 82.48995086372608}, {'epoch': 141, 'mean_loss': 5.4922467648983, 'valid_pixels': 5020855, 'lr': 0.00019354647317351147, 'median_grad_norm': 39.16928672790527}, {'epoch': 142, 'mean_loss': 5.670034548640251, 'valid_pixels': 5082220, 'lr': 0.00018737867183214719, 'median_grad_norm': 35.79403877258301}, {'epoch': 143, 'mean_loss': 5.494012302160263, 'valid_pixels': 5091035, 'lr': 0.0001812880051256549, 'median_grad_norm': 38.77562141418457}, {'epoch': 144, 'mean_loss': 5.29388779103756, 'valid_pixels': 5146589, 'lr': 0.00017527597583490801, 'median_grad_norm': 35.42754936218262}, {'epoch': 145, 'mean_loss': 5.543753811717034, 'valid_pixels': 4948222, 'lr': 0.00016934406733817395, 'median_grad_norm': 39.588850021362305, 'val_epe': 14.795811158527473, 'val_d1': 81.6528183247249}, {'epoch': 146, 'mean_loss': 5.5031268209218975, 'valid_pixels': 4722401, 'lr': 0.0001634937432451131, 'median_grad_norm': 42.31630897521973}, {'epoch': 147, 'mean_loss': 5.416137838363648, 'valid_pixels': 5107071, 'lr': 0.00015772644703565544, 'median_grad_norm': 33.23106575012207}, {'epoch': 148, 'mean_loss': 5.478123074769973, 'valid_pixels': 4967030, 'lr': 0.00015204360170384266, 'median_grad_norm': 34.827842712402344}, {'epoch': 149, 'mean_loss': 5.547547614574432, 'valid_pixels': 5069463, 'lr': 0.0001464466094067261, 'median_grad_norm': 35.81924819946289}, {'epoch': 150, 'mean_loss': 5.81876868903637, 'valid_pixels': 5154049, 'lr': 0.00014093685111840547, 'median_grad_norm': 39.84489631652832, 'val_epe': 14.60392930398869, 'val_d1': 81.28093849960834}, {'epoch': 151, 'mean_loss': 5.223499974608421, 'valid_pixels': 5023595, 'lr': 0.00013551568628929414, 'median_grad_norm': 38.12272071838379}, {'epoch': 152, 'mean_loss': 5.196034935116768, 'valid_pixels': 4879341, 'lr': 0.00013018445251069497, 'median_grad_norm': 38.783390045166016}, {'epoch': 153, 'mean_loss': 5.02868042588234, 'valid_pixels': 4914889, 'lr': 0.0001249444651847701, 'median_grad_norm': 36.918046951293945}, {'epoch': 154, 'mean_loss': 5.422004279494286, 'valid_pixels': 4932784, 'lr': 0.00011979701719998438, 'median_grad_norm': 36.08697319030762}, {'epoch': 155, 'mean_loss': 5.629719138145447, 'valid_pixels': 5142096, 'lr': 0.00011474337861210527, 'median_grad_norm': 39.183563232421875, 'val_epe': 14.879591018959923, 'val_d1': 82.46513022240799}, {'epoch': 156, 'mean_loss': 4.742191943526268, 'valid_pixels': 4916469, 'lr': 0.00010978479633083506, 'median_grad_norm': 35.3404541015625}, {'epoch': 157, 'mean_loss': 5.22277062535286, 'valid_pixels': 5053202, 'lr': 0.00010492249381215464, 'median_grad_norm': 40.911624908447266}, {'epoch': 158, 'mean_loss': 5.265736111998558, 'valid_pixels': 4992131, 'lr': 0.00010015767075645462, 'median_grad_norm': 41.612457275390625}, {'epoch': 159, 'mean_loss': 5.300904756784439, 'valid_pixels': 5027334, 'lr': 9.549150281252619e-05, 'median_grad_norm': 42.220083236694336}, {'epoch': 160, 'mean_loss': 4.881802326440811, 'valid_pixels': 5032938, 'lr': 9.092514128748822e-05, 'median_grad_norm': 39.74034309387207, 'val_epe': 14.397818148441182, 'val_d1': 81.21636185271582}, {'epoch': 161, 'mean_loss': 5.187682974338531, 'valid_pixels': 5074879, 'lr': 8.645971286271907e-05, 'median_grad_norm': 39.498403549194336}, {'epoch': 162, 'mean_loss': 4.985187268257141, 'valid_pixels': 4983546, 'lr': 8.209631931586485e-05, 'median_grad_norm': 41.21920394897461}, {'epoch': 163, 'mean_loss': 5.482435244321823, 'valid_pixels': 5071679, 'lr': 7.783603724899246e-05, 'median_grad_norm': 44.69965744018555}, {'epoch': 164, 'mean_loss': 5.346619257330895, 'valid_pixels': 4934294, 'lr': 7.367991782295392e-05, 'median_grad_norm': 43.63368225097656}, {'epoch': 165, 'mean_loss': 5.2883445709943775, 'valid_pixels': 4973272, 'lr': 6.962898649802802e-05, 'median_grad_norm': 40.93520736694336, 'val_epe': 14.385380189796248, 'val_d1': 81.01822651682592}, {'epoch': 166, 'mean_loss': 5.1874007225036625, 'valid_pixels': 4949958, 'lr': 6.568424278090424e-05, 'median_grad_norm': 42.276018142700195}, {'epoch': 167, 'mean_loss': 4.821097105741501, 'valid_pixels': 4869396, 'lr': 6.184665997806812e-05, 'median_grad_norm': 39.83528137207031}, {'epoch': 168, 'mean_loss': 4.802154093980789, 'valid_pixels': 4914102, 'lr': 5.811718495565318e-05, 'median_grad_norm': 39.49672508239746}, {'epoch': 169, 'mean_loss': 5.308192092180252, 'valid_pixels': 5163219, 'lr': 5.449673790581603e-05, 'median_grad_norm': 40.63221549987793}, {'epoch': 170, 'mean_loss': 5.228822600841522, 'valid_pixels': 4983771, 'lr': 5.098621211969216e-05, 'median_grad_norm': 44.65559959411621, 'val_epe': 14.158512545038615, 'val_d1': 81.18079634502625}, {'epoch': 171, 'mean_loss': 4.817606753110885, 'valid_pixels': 4809672, 'lr': 4.7586473766990253e-05, 'median_grad_norm': 43.38652038574219}, {'epoch': 172, 'mean_loss': 5.2631830155849455, 'valid_pixels': 5096425, 'lr': 4.4298361682277405e-05, 'median_grad_norm': 39.528635025024414}, {'epoch': 173, 'mean_loss': 4.663701963424683, 'valid_pixels': 5099463, 'lr': 4.1122687158009486e-05, 'median_grad_norm': 41.53268051147461}, {'epoch': 174, 'mean_loss': 5.247814649343491, 'valid_pixels': 4893598, 'lr': 3.8060233744356686e-05, 'median_grad_norm': 40.564828872680664}, {'epoch': 175, 'mean_loss': 4.804714727401733, 'valid_pixels': 5103601, 'lr': 3.511175705587427e-05, 'median_grad_norm': 39.12775230407715, 'val_epe': 14.332115411851415, 'val_d1': 81.21206390616723}, {'epoch': 176, 'mean_loss': 4.93655866086483, 'valid_pixels': 4845755, 'lr': 3.2277984585066264e-05, 'median_grad_norm': 44.03075981140137}, {'epoch': 177, 'mean_loss': 4.6477433979511265, 'valid_pixels': 4849343, 'lr': 2.955961552288723e-05, 'median_grad_norm': 42.15042495727539}, {'epoch': 178, 'mean_loss': 5.267722964286804, 'valid_pixels': 4809661, 'lr': 2.6957320586227313e-05, 'median_grad_norm': 45.642948150634766}, {'epoch': 179, 'mean_loss': 4.9855357021093365, 'valid_pixels': 5098424, 'lr': 2.44717418524232e-05, 'median_grad_norm': 43.65627670288086}, {'epoch': 180, 'mean_loss': 5.375681766867638, 'valid_pixels': 4906824, 'lr': 2.210349260083491e-05, 'median_grad_norm': 41.12548637390137, 'val_epe': 14.720314827202367, 'val_d1': 82.50273725470814}, {'epoch': 181, 'mean_loss': 4.623830126225949, 'valid_pixels': 4821388, 'lr': 1.9853157161528496e-05, 'median_grad_norm': 42.12861633300781}, {'epoch': 182, 'mean_loss': 5.296713018417359, 'valid_pixels': 4933831, 'lr': 1.7721290771100992e-05, 'median_grad_norm': 42.50679016113281}, {'epoch': 183, 'mean_loss': 4.694897964596748, 'valid_pixels': 5070330, 'lr': 1.5708419435684497e-05, 'median_grad_norm': 46.00559997558594}, {'epoch': 184, 'mean_loss': 5.129091563820839, 'valid_pixels': 5022070, 'lr': 1.3815039801161704e-05, 'median_grad_norm': 43.71918487548828}, {'epoch': 185, 'mean_loss': 4.894934713840485, 'valid_pixels': 5097096, 'lr': 1.2041619030626323e-05, 'median_grad_norm': 43.394582748413086, 'val_epe': 14.402575734704866, 'val_d1': 81.26997873590945}, {'epoch': 186, 'mean_loss': 4.78887377679348, 'valid_pixels': 5039208, 'lr': 1.0388594689117057e-05, 'median_grad_norm': 44.66031074523926}, {'epoch': 187, 'mean_loss': 5.012931850552559, 'valid_pixels': 5020149, 'lr': 8.856374635655629e-06, 'median_grad_norm': 47.49129295349121}, {'epoch': 188, 'mean_loss': 4.805077701807022, 'valid_pixels': 4908842, 'lr': 7.445336922613057e-06, 'median_grad_norm': 46.27269744873047}, {'epoch': 189, 'mean_loss': 4.6762866288423535, 'valid_pixels': 5157426, 'lr': 6.155829702431163e-06, 'median_grad_norm': 43.408973693847656}, {'epoch': 190, 'mean_loss': 5.067798396944999, 'valid_pixels': 5046021, 'lr': 4.988171141721226e-06, 'median_grad_norm': 45.40555191040039, 'val_epe': 14.122304242642493, 'val_d1': 80.75100169016748}, {'epoch': 191, 'mean_loss': 4.9367007374763485, 'valid_pixels': 5131438, 'lr': 3.942649342761113e-06, 'median_grad_norm': 43.123077392578125}, {'epoch': 192, 'mean_loss': 5.167796042561531, 'valid_pixels': 5109846, 'lr': 3.0195222724101985e-06, 'median_grad_norm': 45.93747329711914}, {'epoch': 193, 'mean_loss': 4.747856688499451, 'valid_pixels': 4926718, 'lr': 2.219017698459999e-06, 'median_grad_norm': 43.50132942199707}, {'epoch': 194, 'mean_loss': 5.119762773811817, 'valid_pixels': 4933967, 'lr': 1.5413331334360161e-06, 'median_grad_norm': 49.07992935180664}, {'epoch': 195, 'mean_loss': 5.135110160708427, 'valid_pixels': 4997806, 'lr': 9.866357858642194e-07, 'median_grad_norm': 47.94046211242676, 'val_epe': 14.315982259595863, 'val_d1': 81.27287984982975}, {'epoch': 196, 'mean_loss': 4.660143038630485, 'valid_pixels': 4920227, 'lr': 5.550625190150475e-07, 'median_grad_norm': 46.95719528198242}, {'epoch': 197, 'mean_loss': 4.8576385378837585, 'valid_pixels': 4777847, 'lr': 2.4671981713419966e-07, 'median_grad_norm': 40.73627471923828}, {'epoch': 198, 'mean_loss': 4.857080098986626, 'valid_pixels': 5037848, 'lr': 6.168375916970607e-08, 'median_grad_norm': 48.8264274597168}, {'epoch': 199, 'mean_loss': 4.983034282922745, 'valid_pixels': 5089371, 'lr': 0.0, 'median_grad_norm': 46.96642875671387, 'val_epe': 14.330061937808539, 'val_d1': 81.19261569803487}]
EXP-H1-BASE-v2 [05:06:15] metric wall_clock_s = 3635.4349398612976
EXP-H1-BASE-v2 [05:06:15] metric first_epoch_loss = 11.491705977916718
EXP-H1-BASE-v2 [05:06:15] metric final_epoch_loss = 4.983034282922745
EXP-H1-BASE-v2 [05:06:15] metric loss_reduction_factor = 2.306166348744521
EXP-H1-BASE-v2 [05:06:15] metric min_loss = 4.623830126225949
EXP-H1-BASE-v2 [05:06:15] metric loss_decreased_monotonically_over_halves = True
EXP-H1-BASE-v2 [05:06:15] metric gradient_norms = {'median': 32.44101905822754, 'max': 13584.2578125, 'any_nan': False}
EXP-H1-BASE-v2 [05:06:15] metric parameter_count_unique = 423586
EXP-H1-BASE-v2 [05:06:15] metric cost_volume_bytes_per_image = 2720256
EXP-H1-BASE-v2 [05:06:15] metric checkpoint = phase2\results\training\EXP-H1-BASE-v2_checkpoint.pth
EXP-H1-BASE-v2 [05:06:15] metric validation_epe_series = [{'epoch': 0, 'val_epe': 17.767112837326074, 'val_d1': 88.74292584860268}, {'epoch': 5, 'val_epe': 22.42529413369704, 'val_d1': 91.83562073630272}, {'epoch': 10, 'val_epe': 18.717709983445385, 'val_d1': 89.73274293874243}, {'epoch': 15, 'val_epe': 19.00953777911264, 'val_d1': 88.11918635573889}, {'epoch': 20, 'val_epe': 19.043383222983422, 'val_d1': 89.74971982760937}, {'epoch': 25, 'val_epe': 18.707106862369496, 'val_d1': 88.54898101059766}, {'epoch': 30, 'val_epe': 19.280045034308298, 'val_d1': 89.20237633464671}, {'epoch': 35, 'val_epe': 18.135769147567775, 'val_d1': 88.84661380908736}, {'epoch': 40, 'val_epe': 19.073140413586678, 'val_d1': 89.0969691955426}, {'epoch': 45, 'val_epe': 19.94244839443013, 'val_d1': 89.92421645748203}, {'epoch': 50, 'val_epe': 18.068777495762554, 'val_d1': 88.42960554521063}, {'epoch': 55, 'val_epe': 18.398387783811756, 'val_d1': 88.99145460777477}, {'epoch': 60, 'val_epe': 16.23990966564108, 'val_d1': 87.26711845248136}, {'epoch': 65, 'val_epe': 17.449266677427797, 'val_d1': 87.76965585267499}, {'epoch': 70, 'val_epe': 17.59446362224455, 'val_d1': 87.6848788570041}, {'epoch': 75, 'val_epe': 15.244711263302204, 'val_d1': 85.83149685658934}, {'epoch': 80, 'val_epe': 18.215023065788763, 'val_d1': 87.7119559202602}, {'epoch': 85, 'val_epe': 16.802741243239712, 'val_d1': 87.1934086691731}, {'epoch': 90, 'val_epe': 16.953211489694535, 'val_d1': 85.73672713519298}, {'epoch': 95, 'val_epe': 16.54248580870038, 'val_d1': 85.29317905137873}, {'epoch': 100, 'val_epe': 16.71490979485531, 'val_d1': 86.50047223687703}, {'epoch': 105, 'val_epe': 17.554290647197263, 'val_d1': 87.05372540634399}, {'epoch': 110, 'val_epe': 15.47844772623214, 'val_d1': 82.77888032045489}, {'epoch': 115, 'val_epe': 15.560483195790912, 'val_d1': 84.96943622760635}, {'epoch': 120, 'val_epe': 16.530872153317596, 'val_d1': 85.00231551870306}, {'epoch': 125, 'val_epe': 14.94248745030136, 'val_d1': 82.92608498974403}, {'epoch': 130, 'val_epe': 16.44405810292035, 'val_d1': 84.03280622600538}, {'epoch': 135, 'val_epe': 14.949801949040294, 'val_d1': 81.87856796718947}, {'epoch': 140, 'val_epe': 15.342565310080058, 'val_d1': 82.48995086372608}, {'epoch': 145, 'val_epe': 14.795811158527473, 'val_d1': 81.6528183247249}, {'epoch': 150, 'val_epe': 14.60392930398869, 'val_d1': 81.28093849960834}, {'epoch': 155, 'val_epe': 14.879591018959923, 'val_d1': 82.46513022240799}, {'epoch': 160, 'val_epe': 14.397818148441182, 'val_d1': 81.21636185271582}, {'epoch': 165, 'val_epe': 14.385380189796248, 'val_d1': 81.01822651682592}, {'epoch': 170, 'val_epe': 14.158512545038615, 'val_d1': 81.18079634502625}, {'epoch': 175, 'val_epe': 14.332115411851415, 'val_d1': 81.21206390616723}, {'epoch': 180, 'val_epe': 14.720314827202367, 'val_d1': 82.50273725470814}, {'epoch': 185, 'val_epe': 14.402575734704866, 'val_d1': 81.26997873590945}, {'epoch': 190, 'val_epe': 14.122304242642493, 'val_d1': 80.75100169016748}, {'epoch': 195, 'val_epe': 14.315982259595863, 'val_d1': 81.27287984982975}, {'epoch': 199, 'val_epe': 14.330061937808539, 'val_d1': 81.19261569803487}]
EXP-H1-BASE-v2 [05:06:15] metric validation_epe_initial = 17.767112837326074
EXP-H1-BASE-v2 [05:06:15] metric validation_epe_final = 14.330061937808539
EXP-H1-BASE-v2 [05:06:15] metric validation_epe_best = 14.122304242642493
EXP-H1-BASE-v2 [05:06:15] metric validation_epe_best_epoch = 190
EXP-H1-BASE-v2 [05:06:15] metric validation_change = improved
EXP-H1-BASE-v2 [05:06:15] metric loss_change = improved
EXP-H1-BASE-v2 [05:06:15] metric non_finite_gradient_count = 0
EXP-H1-BASE-v2 [05:06:15] note: Loss went from 11.4917 to 4.9830 over 200 epochs. Gradient norms had median 32.441 and maximum 13584.258, with no non-finite values.
EXP-H1-BASE-v2 [05:06:15] note: Validation EPE went from 17.767 px to 14.330 px, so validation improved. The best recorded value was 14.122 px at epoch 190.
EXP-H1-BASE-v2 [05:06:15] conclusion: Training loss went from 11.4917 to 4.9830, so the loss decreased. All 16000 gradient norms were finite, with a maximum of 13584.258. Validation EPE went from 17.767 px to 14.330 px, so validation improved. The best recorded value was 14.122 px at epoch 190. A checkpoint was written. cost_volume_shift='none'. Compare against the paired H1 arm before drawing any conclusion about the value of a working cost volume.

recorded as EXP-H1-BASE-v2
EXP-H1-BASE-v2 [05:06:15] status: completed
