integrity guard: {"param_count": 397954, "param_count_ok": true, "all_ok": true}
init: {"source": "/kaggle/working/repo/checkpoints/armp_stage1_best.pth", "strict": true, "sha256": "3ae6fb3be6b2bda9287b325ccbe6d1397744c8f20ef5e56c046176d9f1a29be7", "n_keys": 70, "param_count": 397954}
/kaggle/working/repo/stage_e_recipe/run/scripts/finetune_pilot.py:303: UserWarning: Converting a tensor with requires_grad=True to a scalar may lead to unexpected behavior.
Consider using tensor.detach() first. (Triggered internally at /pytorch/torch/csrc/autograd/generated/python_variable_methods.cpp:836.)
  epoch_loss += float(loss)
epoch   0 loss   2.5893 lr 1.00e-03 val EPE 3.377 D1 23.10%
epoch   1 loss   1.8240 lr 1.00e-03
epoch   2 loss   1.6935 lr 9.99e-04
epoch   3 loss   1.5986 lr 9.99e-04
epoch   4 loss   1.5788 lr 9.98e-04
epoch   5 loss   1.3550 lr 9.98e-04 val EPE 2.323 D1 16.18%
epoch   6 loss   1.5032 lr 9.97e-04
epoch   7 loss   1.2864 lr 9.96e-04
epoch   8 loss   1.6483 lr 9.95e-04
epoch   9 loss   1.4809 lr 9.94e-04
epoch  10 loss   1.5402 lr 9.93e-04 val EPE 2.164 D1 14.93%
epoch  11 loss   1.2014 lr 9.91e-04
epoch  12 loss   1.1214 lr 9.90e-04
epoch  13 loss   1.2365 lr 9.88e-04
epoch  14 loss   1.1206 lr 9.86e-04
epoch  15 loss   1.1441 lr 9.84e-04 val EPE 2.188 D1 14.12%
epoch  16 loss   1.0780 lr 9.82e-04
epoch  17 loss   1.1746 lr 9.80e-04
epoch  18 loss   1.3450 lr 9.78e-04
epoch  19 loss   1.3528 lr 9.76e-04
epoch  20 loss   1.0683 lr 9.73e-04 val EPE 2.220 D1 14.36%
epoch  21 loss   1.0121 lr 9.70e-04
epoch  22 loss   1.2280 lr 9.68e-04
epoch  23 loss   1.0833 lr 9.65e-04
epoch  24 loss   1.0343 lr 9.62e-04
epoch  25 loss   1.1272 lr 9.59e-04 val EPE 1.970 D1 12.18%
epoch  26 loss   1.0496 lr 9.56e-04
epoch  27 loss   1.1009 lr 9.52e-04
epoch  28 loss   0.9659 lr 9.49e-04
epoch  29 loss   0.9342 lr 9.46e-04
epoch  30 loss   1.0309 lr 9.42e-04 val EPE 2.064 D1 11.92%
epoch  31 loss   1.1081 lr 9.38e-04
epoch  32 loss   1.2750 lr 9.34e-04
epoch  33 loss   1.0577 lr 9.30e-04
epoch  34 loss   1.2768 lr 9.26e-04
epoch  35 loss   1.0347 lr 9.22e-04 val EPE 1.918 D1 11.52%
epoch  36 loss   1.0225 lr 9.18e-04
epoch  37 loss   0.9895 lr 9.14e-04
epoch  38 loss   0.8966 lr 9.09e-04
epoch  39 loss   0.8908 lr 9.05e-04
epoch  40 loss   1.0480 lr 9.00e-04 val EPE 1.920 D1 11.09%
epoch  41 loss   0.9863 lr 8.95e-04
epoch  42 loss   1.0881 lr 8.90e-04
epoch  43 loss   0.8711 lr 8.85e-04
epoch  44 loss   0.8744 lr 8.80e-04
epoch  45 loss   0.8775 lr 8.75e-04 val EPE 1.957 D1 11.42%
epoch  46 loss   0.9277 lr 8.70e-04
epoch  47 loss   1.0667 lr 8.64e-04
epoch  48 loss   0.9160 lr 8.59e-04
epoch  49 loss   1.0254 lr 8.54e-04
epoch  50 loss   0.9685 lr 8.48e-04 val EPE 2.013 D1 12.11%
epoch  51 loss   1.0858 lr 8.42e-04
epoch  52 loss   0.9929 lr 8.37e-04
epoch  53 loss   1.0330 lr 8.31e-04
epoch  54 loss   0.9667 lr 8.25e-04
epoch  55 loss   0.9085 lr 8.19e-04 val EPE 1.766 D1 10.36%
epoch  56 loss   0.9939 lr 8.13e-04
epoch  57 loss   0.9214 lr 8.06e-04
epoch  58 loss   0.8463 lr 8.00e-04
epoch  59 loss   0.9343 lr 7.94e-04
epoch  60 loss   0.9795 lr 7.88e-04 val EPE 1.788 D1 10.28%
epoch  61 loss   0.8906 lr 7.81e-04
epoch  62 loss   1.0951 lr 7.75e-04
epoch  63 loss   0.9561 lr 7.68e-04
epoch  64 loss   1.0202 lr 7.61e-04
epoch  65 loss   1.0550 lr 7.55e-04 val EPE 1.823 D1 10.71%
epoch  66 loss   0.8763 lr 7.48e-04
epoch  67 loss   1.1946 lr 7.41e-04
epoch  68 loss   1.0693 lr 7.34e-04
epoch  69 loss   1.0034 lr 7.27e-04
epoch  70 loss   0.8065 lr 7.20e-04 val EPE 1.844 D1 10.81%
epoch  71 loss   0.9621 lr 7.13e-04
epoch  72 loss   0.8919 lr 7.06e-04
epoch  73 loss   0.8036 lr 6.99e-04
epoch  74 loss   0.9072 lr 6.91e-04
epoch  75 loss   0.9052 lr 6.84e-04 val EPE 1.963 D1 11.13%
epoch  76 loss   0.8836 lr 6.77e-04
epoch  77 loss   0.7588 lr 6.69e-04
epoch  78 loss   0.8689 lr 6.62e-04
epoch  79 loss   0.7973 lr 6.55e-04
epoch  80 loss   0.8293 lr 6.47e-04 val EPE 1.787 D1 10.54%
epoch  81 loss   0.8006 lr 6.39e-04
epoch  82 loss   0.9115 lr 6.32e-04
epoch  83 loss   0.8746 lr 6.24e-04
epoch  84 loss   0.9617 lr 6.17e-04
epoch  85 loss   1.0344 lr 6.09e-04 val EPE 1.854 D1 11.43%
epoch  86 loss   0.9300 lr 6.01e-04
epoch  87 loss   0.9529 lr 5.94e-04
epoch  88 loss   0.8902 lr 5.86e-04
epoch  89 loss   0.9839 lr 5.78e-04
epoch  90 loss   0.8166 lr 5.70e-04 val EPE 1.966 D1 11.40%
epoch  91 loss   0.9306 lr 5.63e-04
epoch  92 loss   0.8228 lr 5.55e-04
epoch  93 loss   0.8705 lr 5.47e-04
epoch  94 loss   0.8439 lr 5.39e-04
epoch  95 loss   0.8308 lr 5.31e-04 val EPE 1.729 D1 10.02%
epoch  96 loss   0.7720 lr 5.24e-04
epoch  97 loss   0.9002 lr 5.16e-04
epoch  98 loss   0.8654 lr 5.08e-04
epoch  99 loss   0.9222 lr 5.00e-04
epoch 100 loss   0.8662 lr 4.92e-04 val EPE 1.694 D1 10.29%
epoch 101 loss   0.9797 lr 4.84e-04
epoch 102 loss   0.9706 lr 4.76e-04
epoch 103 loss   0.8820 lr 4.69e-04
epoch 104 loss   0.8440 lr 4.61e-04
epoch 105 loss   0.8940 lr 4.53e-04 val EPE 1.873 D1 10.53%
epoch 106 loss   0.7373 lr 4.45e-04
epoch 107 loss   0.8126 lr 4.37e-04
epoch 108 loss   0.7889 lr 4.30e-04
epoch 109 loss   0.8491 lr 4.22e-04
epoch 110 loss   0.8355 lr 4.14e-04 val EPE 1.663 D1 9.51%
epoch 111 loss   0.8461 lr 4.06e-04
epoch 112 loss   0.8126 lr 3.99e-04
epoch 113 loss   0.8288 lr 3.91e-04
epoch 114 loss   0.8466 lr 3.83e-04
epoch 115 loss   0.8810 lr 3.76e-04 val EPE 1.660 D1 9.82%
epoch 116 loss   0.8458 lr 3.68e-04
epoch 117 loss   0.7382 lr 3.61e-04
epoch 118 loss   0.8489 lr 3.53e-04
epoch 119 loss   0.8007 lr 3.45e-04
epoch 120 loss   0.8563 lr 3.38e-04 val EPE 1.645 D1 9.03%
epoch 121 loss   0.7478 lr 3.31e-04
epoch 122 loss   0.7896 lr 3.23e-04
epoch 123 loss   0.7678 lr 3.16e-04
epoch 124 loss   0.7897 lr 3.09e-04
epoch 125 loss   0.8792 lr 3.01e-04 val EPE 1.721 D1 9.44%
epoch 126 loss   0.7616 lr 2.94e-04
epoch 127 loss   0.7279 lr 2.87e-04
epoch 128 loss   0.7014 lr 2.80e-04
epoch 129 loss   0.8347 lr 2.73e-04
epoch 130 loss   0.8171 lr 2.66e-04 val EPE 1.652 D1 9.79%
epoch 131 loss   0.8338 lr 2.59e-04
epoch 132 loss   0.7188 lr 2.52e-04
epoch 133 loss   0.7535 lr 2.45e-04
epoch 134 loss   0.7337 lr 2.39e-04
epoch 135 loss   0.7180 lr 2.32e-04 val EPE 1.680 D1 9.88%
epoch 136 loss   0.8478 lr 2.25e-04
epoch 137 loss   0.6757 lr 2.19e-04
epoch 138 loss   0.8408 lr 2.12e-04
epoch 139 loss   0.7601 lr 2.06e-04
epoch 140 loss   0.7912 lr 2.00e-04 val EPE 1.606 D1 9.24%
epoch 141 loss   0.7662 lr 1.94e-04
epoch 142 loss   0.6925 lr 1.87e-04
epoch 143 loss   0.8255 lr 1.81e-04
epoch 144 loss   0.7523 lr 1.75e-04
epoch 145 loss   0.8149 lr 1.69e-04 val EPE 1.663 D1 9.75%
epoch 146 loss   0.7602 lr 1.63e-04
epoch 147 loss   0.7703 lr 1.58e-04
epoch 148 loss   0.7095 lr 1.52e-04
epoch 149 loss   0.7674 lr 1.46e-04
epoch 150 loss   0.7317 lr 1.41e-04 val EPE 1.613 D1 9.19%
epoch 151 loss   0.8353 lr 1.36e-04
epoch 152 loss   0.6839 lr 1.30e-04
epoch 153 loss   0.8011 lr 1.25e-04
epoch 154 loss   0.7793 lr 1.20e-04
epoch 155 loss   0.7471 lr 1.15e-04 val EPE 1.637 D1 9.30%
epoch 156 loss   0.8698 lr 1.10e-04
epoch 157 loss   0.6663 lr 1.05e-04
epoch 158 loss   0.6770 lr 1.00e-04
epoch 159 loss   0.8141 lr 9.55e-05
epoch 160 loss   0.7396 lr 9.09e-05 val EPE 1.648 D1 9.79%
epoch 161 loss   0.6781 lr 8.65e-05
epoch 162 loss   0.7038 lr 8.21e-05
epoch 163 loss   0.8571 lr 7.78e-05
epoch 164 loss   0.6905 lr 7.37e-05
epoch 165 loss   0.6963 lr 6.96e-05 val EPE 1.621 D1 9.45%
epoch 166 loss   0.7587 lr 6.57e-05
epoch 167 loss   0.6561 lr 6.18e-05
epoch 168 loss   0.6514 lr 5.81e-05
epoch 169 loss   0.8531 lr 5.45e-05
epoch 170 loss   0.7504 lr 5.10e-05 val EPE 1.629 D1 9.59%
epoch 171 loss   0.8708 lr 4.76e-05
epoch 172 loss   0.8023 lr 4.43e-05
epoch 173 loss   0.7152 lr 4.11e-05
epoch 174 loss   0.8008 lr 3.81e-05
epoch 175 loss   0.6885 lr 3.51e-05 val EPE 1.633 D1 9.44%
epoch 176 loss   0.7716 lr 3.23e-05
epoch 177 loss   0.8488 lr 2.96e-05
epoch 178 loss   0.7381 lr 2.70e-05
epoch 179 loss   0.7132 lr 2.45e-05
epoch 180 loss   0.7278 lr 2.21e-05 val EPE 1.628 D1 9.34%
epoch 181 loss   0.8068 lr 1.99e-05
epoch 182 loss   0.7735 lr 1.77e-05
epoch 183 loss   0.7348 lr 1.57e-05
epoch 184 loss   0.7743 lr 1.38e-05
epoch 185 loss   0.7466 lr 1.20e-05 val EPE 1.673 D1 9.64%
epoch 186 loss   0.7513 lr 1.04e-05
epoch 187 loss   0.6859 lr 8.86e-06
epoch 188 loss   0.7249 lr 7.45e-06
epoch 189 loss   0.7328 lr 6.16e-06
epoch 190 loss   0.7073 lr 4.99e-06 val EPE 1.679 D1 9.71%
epoch 191 loss   0.7025 lr 3.94e-06
epoch 192 loss   0.7825 lr 3.02e-06
epoch 193 loss   0.7939 lr 2.22e-06
epoch 194 loss   0.7077 lr 1.54e-06
epoch 195 loss   0.6469 lr 9.87e-07 val EPE 1.644 D1 9.50%
epoch 196 loss   0.7496 lr 5.55e-07
epoch 197 loss   0.8687 lr 2.47e-07
epoch 198 loss   0.7291 lr 6.17e-08
epoch 199 loss   0.7284 lr 0.00e+00 val EPE 1.641 D1 9.49%
P2A seed 2 done: wall 4379.0s best10 EPE 1.6064 @epoch 140
