[{"stream_name":"stdout","time":9.299373962,"data":"{\"python\": \"3.12.13\", \"torch\": \"2.10.0+cu128\", \"cuda\": \"12.8\", \"cudnn\": 91002, \"gpu\": \"Tesla T4\", \"device_count\": 2}\n"}
,{"stream_name":"stdout","time":9.300174255,"data":"+ /usr/bin/python3 /kaggle/working/repo/stage_e_recipe/run/scripts/run_arm.py --arm armp --init /kaggle/working/repo/checkpoints/armp_stage1_best.pth --outdir /kaggle/working/repo/stage_e_recipe/run/armp --seed 2 --epochs 200 --timeout_s 18000.0\n"}
,{"stream_name":"stdout","time":9.404792581,"data":"RUN arm=armp init=/kaggle/working/repo/checkpoints/armp_stage1_best.pth pid=20 cmd=['/usr/bin/python3', '/kaggle/working/repo/stage_e_recipe/run/scripts/finetune_pilot.py', '--init', '/kaggle/working/repo/checkpoints/armp_stage1_best.pth', '--arm', 'armp']\n"}
,{"stream_name":"stdout","time":12.192194419,"data":"integrity guard: {\"param_count\": 397954, \"param_count_ok\": true, \"all_ok\": true}\n"}
,{"stream_name":"stdout","time":12.20643144,"data":"init: {\"source\": \"/kaggle/working/repo/checkpoints/armp_stage1_best.pth\", \"strict\": true, \"sha256\": \"3ae6fb3be6b2bda9287b325ccbe6d1397744c8f20ef5e56c046176d9f1a29be7\", \"n_keys\": 70, \"param_count\": 397954}\n"}
,{"stream_name":"stdout","time":21.24880647,"data":"/kaggle/working/repo/stage_e_recipe/run/scripts/finetune_pilot.py:303: UserWarning: Converting a tensor with requires_grad=True to a scalar may lead to unexpected behavior.\n"}
,{"stream_name":"stdout","time":21.248915265,"data":"Consider using tensor.detach() first. (Triggered internally at /pytorch/torch/csrc/autograd/generated/python_variable_methods.cpp:836.)\n"}
,{"stream_name":"stdout","time":21.248932,"data":"  epoch_loss += float(loss)\n"}
,{"stream_name":"stdout","time":45.496670077,"data":"epoch   0 loss   2.5893 lr 1.00e-03 val EPE 3.377 D1 23.10%\n"}
,{"stream_name":"stdout","time":65.463214258,"data":"epoch   1 loss   1.8240 lr 1.00e-03\n"}
,{"stream_name":"stdout","time":85.62433261,"data":"epoch   2 loss   1.6935 lr 9.99e-04\n"}
,{"stream_name":"stdout","time":106.227098911,"data":"epoch   3 loss   1.5986 lr 9.99e-04\n"}
,{"stream_name":"stdout","time":127.073283187,"data":"epoch   4 loss   1.5788 lr 9.98e-04\n"}
,{"stream_name":"stdout","time":149.615807564,"data":"epoch   5 loss   1.3550 lr 9.98e-04 val EPE 2.323 D1 16.18%\n"}
,{"stream_name":"stdout","time":171.282020995,"data":"epoch   6 loss   1.5032 lr 9.97e-04\n"}
,{"stream_name":"stdout","time":192.836543175,"data":"epoch   7 loss   1.2864 lr 9.96e-04\n"}
,{"stream_name":"stdout","time":214.231645541,"data":"epoch   8 loss   1.6483 lr 9.95e-04\n"}
,{"stream_name":"stdout","time":235.667222944,"data":"epoch   9 loss   1.4809 lr 9.94e-04\n"}
,{"stream_name":"stdout","time":258.537388248,"data":"epoch  10 loss   1.5402 lr 9.93e-04 val EPE 2.164 D1 14.93%\n"}
,{"stream_name":"stdout","time":279.981279206,"data":"epoch  11 loss   1.2014 lr 9.91e-04\n"}
,{"stream_name":"stdout","time":302.000079183,"data":"epoch  12 loss   1.1214 lr 9.90e-04\n"}
,{"stream_name":"stdout","time":323.516055894,"data":"epoch  13 loss   1.2365 lr 9.88e-04\n"}
,{"stream_name":"stdout","time":345.159447263,"data":"epoch  14 loss   1.1206 lr 9.86e-04\n"}
,{"stream_name":"stdout","time":368.118804874,"data":"epoch  15 loss   1.1441 lr 9.84e-04 val EPE 2.188 D1 14.12%\n"}
,{"stream_name":"stdout","time":389.828958506,"data":"epoch  16 loss   1.0780 lr 9.82e-04\n"}
,{"stream_name":"stdout","time":411.538957243,"data":"epoch  17 loss   1.1746 lr 9.80e-04\n"}
,{"stream_name":"stdout","time":433.095907543,"data":"epoch  18 loss   1.3450 lr 9.78e-04\n"}
,{"stream_name":"stdout","time":454.610011055,"data":"epoch  19 loss   1.3528 lr 9.76e-04\n"}
,{"stream_name":"stdout","time":477.528781605,"data":"epoch  20 loss   1.0683 lr 9.73e-04 val EPE 2.220 D1 14.36%\n"}
,{"stream_name":"stdout","time":499.093626516,"data":"epoch  21 loss   1.0121 lr 9.70e-04\n"}
,{"stream_name":"stdout","time":520.848422545,"data":"epoch  22 loss   1.2280 lr 9.68e-04\n"}
,{"stream_name":"stdout","time":542.580761178,"data":"epoch  23 loss   1.0833 lr 9.65e-04\n"}
,{"stream_name":"stdout","time":564.261457101,"data":"epoch  24 loss   1.0343 lr 9.62e-04\n"}
,{"stream_name":"stdout","time":587.309495014,"data":"epoch  25 loss   1.1272 lr 9.59e-04 val EPE 1.970 D1 12.18%\n"}
,{"stream_name":"stdout","time":608.96861724,"data":"epoch  26 loss   1.0496 lr 9.56e-04\n"}
,{"stream_name":"stdout","time":630.70560533,"data":"epoch  27 loss   1.1009 lr 9.52e-04\n"}
,{"stream_name":"stdout","time":652.358407635,"data":"epoch  28 loss   0.9659 lr 9.49e-04\n"}
,{"stream_name":"stdout","time":673.918238241,"data":"epoch  29 loss   0.9342 lr 9.46e-04\n"}
,{"stream_name":"stdout","time":696.913230578,"data":"epoch  30 loss   1.0309 lr 9.42e-04 val EPE 2.064 D1 11.92%\n"}
,{"stream_name":"stdout","time":718.487762691,"data":"epoch  31 loss   1.1081 lr 9.38e-04\n"}
,{"stream_name":"stdout","time":739.969293374,"data":"epoch  32 loss   1.2750 lr 9.34e-04\n"}
,{"stream_name":"stdout","time":761.686760049,"data":"epoch  33 loss   1.0577 lr 9.30e-04\n"}
,{"stream_name":"stdout","time":783.329738174,"data":"epoch  34 loss   1.2768 lr 9.26e-04\n"}
,{"stream_name":"stdout","time":806.312760749,"data":"epoch  35 loss   1.0347 lr 9.22e-04 val EPE 1.918 D1 11.52%\n"}
,{"stream_name":"stdout","time":827.942343378,"data":"epoch  36 loss   1.0225 lr 9.18e-04\n"}
,{"stream_name":"stdout","time":849.607311497,"data":"epoch  37 loss   0.9895 lr 9.14e-04\n"}
,{"stream_name":"stdout","time":871.279175967,"data":"epoch  38 loss   0.8966 lr 9.09e-04\n"}
,{"stream_name":"stdout","time":892.974598809,"data":"epoch  39 loss   0.8908 lr 9.05e-04\n"}
,{"stream_name":"stdout","time":915.807058927,"data":"epoch  40 loss   1.0480 lr 9.00e-04 val EPE 1.920 D1 11.09%\n"}
,{"stream_name":"stdout","time":937.300731722,"data":"epoch  41 loss   0.9863 lr 8.95e-04\n"}
,{"stream_name":"stdout","time":958.894830378,"data":"epoch  42 loss   1.0881 lr 8.90e-04\n"}
,{"stream_name":"stdout","time":980.451704507,"data":"epoch  43 loss   0.8711 lr 8.85e-04\n"}
,{"stream_name":"stdout","time":1002.094469328,"data":"epoch  44 loss   0.8744 lr 8.80e-04\n"}
,{"stream_name":"stdout","time":1024.979769457,"data":"epoch  45 loss   0.8775 lr 8.75e-04 val EPE 1.957 D1 11.42%\n"}
,{"stream_name":"stdout","time":1046.595075675,"data":"epoch  46 loss   0.9277 lr 8.70e-04\n"}
,{"stream_name":"stdout","time":1067.97334835,"data":"epoch  47 loss   1.0667 lr 8.64e-04\n"}
,{"stream_name":"stdout","time":1089.399204818,"data":"epoch  48 loss   0.9160 lr 8.59e-04\n"}
,{"stream_name":"stdout","time":1110.863333136,"data":"epoch  49 loss   1.0254 lr 8.54e-04\n"}
,{"stream_name":"stdout","time":1133.81023016,"data":"epoch  50 loss   0.9685 lr 8.48e-04 val EPE 2.013 D1 12.11%\n"}
,{"stream_name":"stdout","time":1155.459910903,"data":"epoch  51 loss   1.0858 lr 8.42e-04\n"}
,{"stream_name":"stdout","time":1176.976164646,"data":"epoch  52 loss   0.9929 lr 8.37e-04\n"}
,{"stream_name":"stdout","time":1198.858905792,"data":"epoch  53 loss   1.0330 lr 8.31e-04\n"}
,{"stream_name":"stdout","time":1220.647778273,"data":"epoch  54 loss   0.9667 lr 8.25e-04\n"}
,{"stream_name":"stdout","time":1243.596489439,"data":"epoch  55 loss   0.9085 lr 8.19e-04 val EPE 1.766 D1 10.36%\n"}
,{"stream_name":"stdout","time":1265.290054291,"data":"epoch  56 loss   0.9939 lr 8.13e-04\n"}
,{"stream_name":"stdout","time":1286.893060588,"data":"epoch  57 loss   0.9214 lr 8.06e-04\n"}
,{"stream_name":"stdout","time":1308.530860566,"data":"epoch  58 loss   0.8463 lr 8.00e-04\n"}
,{"stream_name":"stdout","time":1330.128375659,"data":"epoch  59 loss   0.9343 lr 7.94e-04\n"}
,{"stream_name":"stdout","time":1353.191491627,"data":"epoch  60 loss   0.9795 lr 7.88e-04 val EPE 1.788 D1 10.28%\n"}
,{"stream_name":"stdout","time":1374.730805235,"data":"epoch  61 loss   0.8906 lr 7.81e-04\n"}
,{"stream_name":"stdout","time":1396.349503904,"data":"epoch  62 loss   1.0951 lr 7.75e-04\n"}
,{"stream_name":"stdout","time":1417.900629442,"data":"epoch  63 loss   0.9561 lr 7.68e-04\n"}
,{"stream_name":"stdout","time":1439.615454394,"data":"epoch  64 loss   1.0202 lr 7.61e-04\n"}
,{"stream_name":"stdout","time":1462.503563263,"data":"epoch  65 loss   1.0550 lr 7.55e-04 val EPE 1.823 D1 10.71%\n"}
,{"stream_name":"stdout","time":1484.146203816,"data":"epoch  66 loss   0.8763 lr 7.48e-04\n"}
,{"stream_name":"stdout","time":1505.927745169,"data":"epoch  67 loss   1.1946 lr 7.41e-04\n"}
,{"stream_name":"stdout","time":1527.53574451,"data":"epoch  68 loss   1.0693 lr 7.34e-04\n"}
,{"stream_name":"stdout","time":1549.200726248,"data":"epoch  69 loss   1.0034 lr 7.27e-04\n"}
,{"stream_name":"stdout","time":1572.190892721,"data":"epoch  70 loss   0.8065 lr 7.20e-04 val EPE 1.844 D1 10.81%\n"}
,{"stream_name":"stdout","time":1593.879535833,"data":"epoch  71 loss   0.9621 lr 7.13e-04\n"}
,{"stream_name":"stdout","time":1615.696957718,"data":"epoch  72 loss   0.8919 lr 7.06e-04\n"}
,{"stream_name":"stdout","time":1637.594787148,"data":"epoch  73 loss   0.8036 lr 6.99e-04\n"}
,{"stream_name":"stdout","time":1659.279881263,"data":"epoch  74 loss   0.9072 lr 6.91e-04\n"}
,{"stream_name":"stdout","time":1682.275108979,"data":"epoch  75 loss   0.9052 lr 6.84e-04 val EPE 1.963 D1 11.13%\n"}
,{"stream_name":"stdout","time":1703.9227059,"data":"epoch  76 loss   0.8836 lr 6.77e-04\n"}
,{"stream_name":"stdout","time":1725.537796401,"data":"epoch  77 loss   0.7588 lr 6.69e-04\n"}
,{"stream_name":"stdout","time":1747.299909044,"data":"epoch  78 loss   0.8689 lr 6.62e-04\n"}
,{"stream_name":"stdout","time":1769.03513826,"data":"epoch  79 loss   0.7973 lr 6.55e-04\n"}
,{"stream_name":"stdout","time":1792.113372037,"data":"epoch  80 loss   0.8293 lr 6.47e-04 val EPE 1.787 D1 10.54%\n"}
,{"stream_name":"stdout","time":1813.805175856,"data":"epoch  81 loss   0.8006 lr 6.39e-04\n"}
,{"stream_name":"stdout","time":1835.460667678,"data":"epoch  82 loss   0.9115 lr 6.32e-04\n"}
,{"stream_name":"stdout","time":1857.181662149,"data":"epoch  83 loss   0.8746 lr 6.24e-04\n"}
,{"stream_name":"stdout","time":1878.820061275,"data":"epoch  84 loss   0.9617 lr 6.17e-04\n"}
,{"stream_name":"stdout","time":1901.874153056,"data":"epoch  85 loss   1.0344 lr 6.09e-04 val EPE 1.854 D1 11.43%\n"}
,{"stream_name":"stdout","time":1923.495487432,"data":"epoch  86 loss   0.9300 lr 6.01e-04\n"}
,{"stream_name":"stdout","time":1945.180203456,"data":"epoch  87 loss   0.9529 lr 5.94e-04\n"}
,{"stream_name":"stdout","time":1966.955931319,"data":"epoch  88 loss   0.8902 lr 5.86e-04\n"}
,{"stream_name":"stdout","time":1988.476234123,"data":"epoch  89 loss   0.9839 lr 5.78e-04\n"}
,{"stream_name":"stdout","time":2011.39026768,"data":"epoch  90 loss   0.8166 lr 5.70e-04 val EPE 1.966 D1 11.40%\n"}
,{"stream_name":"stdout","time":2032.995229289,"data":"epoch  91 loss   0.9306 lr 5.63e-04\n"}
,{"stream_name":"stdout","time":2054.639685982,"data":"epoch  92 loss   0.8228 lr 5.55e-04\n"}
,{"stream_name":"stdout","time":2076.325393632,"data":"epoch  93 loss   0.8705 lr 5.47e-04\n"}
,{"stream_name":"stdout","time":2097.969805918,"data":"epoch  94 loss   0.8439 lr 5.39e-04\n"}
,{"stream_name":"stdout","time":2120.996271289,"data":"epoch  95 loss   0.8308 lr 5.31e-04 val EPE 1.729 D1 10.02%\n"}
,{"stream_name":"stdout","time":2142.628428353,"data":"epoch  96 loss   0.7720 lr 5.24e-04\n"}
,{"stream_name":"stdout","time":2164.274726644,"data":"epoch  97 loss   0.9002 lr 5.16e-04\n"}
,{"stream_name":"stdout","time":2185.978905119,"data":"epoch  98 loss   0.8654 lr 5.08e-04\n"}
,{"stream_name":"stdout","time":2207.557833186,"data":"epoch  99 loss   0.9222 lr 5.00e-04\n"}
,{"stream_name":"stdout","time":2230.610928914,"data":"epoch 100 loss   0.8662 lr 4.92e-04 val EPE 1.694 D1 10.29%\n"}
,{"stream_name":"stdout","time":2252.329622208,"data":"epoch 101 loss   0.9797 lr 4.84e-04\n"}
,{"stream_name":"stdout","time":2274.105830525,"data":"epoch 102 loss   0.9706 lr 4.76e-04\n"}
,{"stream_name":"stdout","time":2295.828094806,"data":"epoch 103 loss   0.8820 lr 4.69e-04\n"}
,{"stream_name":"stdout","time":2317.50044363,"data":"epoch 104 loss   0.8440 lr 4.61e-04\n"}
,{"stream_name":"stdout","time":2340.595366814,"data":"epoch 105 loss   0.8940 lr 4.53e-04 val EPE 1.873 D1 10.53%\n"}
,{"stream_name":"stdout","time":2362.313424384,"data":"epoch 106 loss   0.7373 lr 4.45e-04\n"}
,{"stream_name":"stdout","time":2383.884318358,"data":"epoch 107 loss   0.8126 lr 4.37e-04\n"}
,{"stream_name":"stdout","time":2405.651705263,"data":"epoch 108 loss   0.7889 lr 4.30e-04\n"}
,{"stream_name":"stdout","time":2427.130110059,"data":"epoch 109 loss   0.8491 lr 4.22e-04\n"}
,{"stream_name":"stdout","time":2450.185757848,"data":"epoch 110 loss   0.8355 lr 4.14e-04 val EPE 1.663 D1 9.51%\n"}
,{"stream_name":"stdout","time":2471.850968999,"data":"epoch 111 loss   0.8461 lr 4.06e-04\n"}
,{"stream_name":"stdout","time":2493.470157753,"data":"epoch 112 loss   0.8126 lr 3.99e-04\n"}
,{"stream_name":"stdout","time":2515.310718318,"data":"epoch 113 loss   0.8288 lr 3.91e-04\n"}
,{"stream_name":"stdout","time":2537.013444595,"data":"epoch 114 loss   0.8466 lr 3.83e-04\n"}
,{"stream_name":"stdout","time":2560.112364479,"data":"epoch 115 loss   0.8810 lr 3.76e-04 val EPE 1.660 D1 9.82%\n"}
,{"stream_name":"stdout","time":2581.815987107,"data":"epoch 116 loss   0.8458 lr 3.68e-04\n"}
,{"stream_name":"stdout","time":2603.470727164,"data":"epoch 117 loss   0.7382 lr 3.61e-04\n"}
,{"stream_name":"stdout","time":2625.165925607,"data":"epoch 118 loss   0.8489 lr 3.53e-04\n"}
,{"stream_name":"stdout","time":2646.924901927,"data":"epoch 119 loss   0.8007 lr 3.45e-04\n"}
,{"stream_name":"stdout","time":2669.943129916,"data":"epoch 120 loss   0.8563 lr 3.38e-04 val EPE 1.645 D1 9.03%\n"}
,{"stream_name":"stdout","time":2691.519174037,"data":"epoch 121 loss   0.7478 lr 3.31e-04\n"}
,{"stream_name":"stdout","time":2713.047307591,"data":"epoch 122 loss   0.7896 lr 3.23e-04\n"}
,{"stream_name":"stdout","time":2734.455640622,"data":"epoch 123 loss   0.7678 lr 3.16e-04\n"}
,{"stream_name":"stdout","time":2755.937542598,"data":"epoch 124 loss   0.7897 lr 3.09e-04\n"}
,{"stream_name":"stdout","time":2778.723797479,"data":"epoch 125 loss   0.8792 lr 3.01e-04 val EPE 1.721 D1 9.44%\n"}
,{"stream_name":"stdout","time":2800.169970401,"data":"epoch 126 loss   0.7616 lr 2.94e-04\n"}
,{"stream_name":"stdout","time":2821.565220159,"data":"epoch 127 loss   0.7279 lr 2.87e-04\n"}
,{"stream_name":"stdout","time":2842.873246308,"data":"epoch 128 loss   0.7014 lr 2.80e-04\n"}
,{"stream_name":"stdout","time":2864.263529739,"data":"epoch 129 loss   0.8347 lr 2.73e-04\n"}
,{"stream_name":"stdout","time":2887.060663092,"data":"epoch 130 loss   0.8171 lr 2.66e-04 val EPE 1.652 D1 9.79%\n"}
,{"stream_name":"stdout","time":2908.51180132,"data":"epoch 131 loss   0.8338 lr 2.59e-04\n"}
,{"stream_name":"stdout","time":2929.930414556,"data":"epoch 132 loss   0.7188 lr 2.52e-04\n"}
,{"stream_name":"stdout","time":2951.298994963,"data":"epoch 133 loss   0.7535 lr 2.45e-04\n"}
,{"stream_name":"stdout","time":2972.818113446,"data":"epoch 134 loss   0.7337 lr 2.39e-04\n"}
,{"stream_name":"stdout","time":2995.620627454,"data":"epoch 135 loss   0.7180 lr 2.32e-04 val EPE 1.680 D1 9.88%\n"}
,{"stream_name":"stdout","time":3017.088198934,"data":"epoch 136 loss   0.8478 lr 2.25e-04\n"}
,{"stream_name":"stdout","time":3038.463038555,"data":"epoch 137 loss   0.6757 lr 2.19e-04\n"}
,{"stream_name":"stdout","time":3059.744778062,"data":"epoch 138 loss   0.8408 lr 2.12e-04\n"}
,{"stream_name":"stdout","time":3081.032306523,"data":"epoch 139 loss   0.7601 lr 2.06e-04\n"}
,{"stream_name":"stdout","time":3103.830291029,"data":"epoch 140 loss   0.7912 lr 2.00e-04 val EPE 1.606 D1 9.24%\n"}
,{"stream_name":"stdout","time":3125.242821967,"data":"epoch 141 loss   0.7662 lr 1.94e-04\n"}
,{"stream_name":"stdout","time":3146.641297454,"data":"epoch 142 loss   0.6925 lr 1.87e-04\n"}
,{"stream_name":"stdout","time":3168.176562362,"data":"epoch 143 loss   0.8255 lr 1.81e-04\n"}
,{"stream_name":"stdout","time":3189.727487714,"data":"epoch 144 loss   0.7523 lr 1.75e-04\n"}
,{"stream_name":"stdout","time":3212.63057201,"data":"epoch 145 loss   0.8149 lr 1.69e-04 val EPE 1.663 D1 9.75%\n"}
,{"stream_name":"stdout","time":3234.277896649,"data":"epoch 146 loss   0.7602 lr 1.63e-04\n"}
,{"stream_name":"stdout","time":3255.870916124,"data":"epoch 147 loss   0.7703 lr 1.58e-04\n"}
,{"stream_name":"stdout","time":3277.435821168,"data":"epoch 148 loss   0.7095 lr 1.52e-04\n"}
,{"stream_name":"stdout","time":3298.835705218,"data":"epoch 149 loss   0.7674 lr 1.46e-04\n"}
,{"stream_name":"stdout","time":3321.767131905,"data":"epoch 150 loss   0.7317 lr 1.41e-04 val EPE 1.613 D1 9.19%\n"}
,{"stream_name":"stdout","time":3343.292001136,"data":"epoch 151 loss   0.8353 lr 1.36e-04\n"}
,{"stream_name":"stdout","time":3364.842467699,"data":"epoch 152 loss   0.6839 lr 1.30e-04\n"}
,{"stream_name":"stdout","time":3386.442776962,"data":"epoch 153 loss   0.8011 lr 1.25e-04\n"}
,{"stream_name":"stdout","time":3407.982547546,"data":"epoch 154 loss   0.7793 lr 1.20e-04\n"}
,{"stream_name":"stdout","time":3431.031615518,"data":"epoch 155 loss   0.7471 lr 1.15e-04 val EPE 1.637 D1 9.30%\n"}
,{"stream_name":"stdout","time":3452.550751418,"data":"epoch 156 loss   0.8698 lr 1.10e-04\n"}
,{"stream_name":"stdout","time":3474.181147412,"data":"epoch 157 loss   0.6663 lr 1.05e-04\n"}
,{"stream_name":"stdout","time":3495.825649004,"data":"epoch 158 loss   0.6770 lr 1.00e-04\n"}
,{"stream_name":"stdout","time":3517.488175698,"data":"epoch 159 loss   0.8141 lr 9.55e-05\n"}
,{"stream_name":"stdout","time":3540.408669347,"data":"epoch 160 loss   0.7396 lr 9.09e-05 val EPE 1.648 D1 9.79%\n"}
,{"stream_name":"stdout","time":3561.980991745,"data":"epoch 161 loss   0.6781 lr 8.65e-05\n"}
,{"stream_name":"stdout","time":3583.555156919,"data":"epoch 162 loss   0.7038 lr 8.21e-05\n"}
,{"stream_name":"stdout","time":3605.143682888,"data":"epoch 163 loss   0.8571 lr 7.78e-05\n"}
,{"stream_name":"stdout","time":3626.723195246,"data":"epoch 164 loss   0.6905 lr 7.37e-05\n"}
,{"stream_name":"stdout","time":3649.900179088,"data":"epoch 165 loss   0.6963 lr 6.96e-05 val EPE 1.621 D1 9.45%\n"}
,{"stream_name":"stdout","time":3671.551693895,"data":"epoch 166 loss   0.7587 lr 6.57e-05\n"}
,{"stream_name":"stdout","time":3693.207901876,"data":"epoch 167 loss   0.6561 lr 6.18e-05\n"}
,{"stream_name":"stdout","time":3715.163816424,"data":"epoch 168 loss   0.6514 lr 5.81e-05\n"}
,{"stream_name":"stdout","time":3736.793989552,"data":"epoch 169 loss   0.8531 lr 5.45e-05\n"}
,{"stream_name":"stdout","time":3759.87260417,"data":"epoch 170 loss   0.7504 lr 5.10e-05 val EPE 1.629 D1 9.59%\n"}
,{"stream_name":"stdout","time":3781.57872692,"data":"epoch 171 loss   0.8708 lr 4.76e-05\n"}
,{"stream_name":"stdout","time":3803.226402095,"data":"epoch 172 loss   0.8023 lr 4.43e-05\n"}
,{"stream_name":"stdout","time":3824.957845344,"data":"epoch 173 loss   0.7152 lr 4.11e-05\n"}
,{"stream_name":"stdout","time":3846.617504418,"data":"epoch 174 loss   0.8008 lr 3.81e-05\n"}
,{"stream_name":"stdout","time":3869.661290166,"data":"epoch 175 loss   0.6885 lr 3.51e-05 val EPE 1.633 D1 9.44%\n"}
,{"stream_name":"stdout","time":3891.258800793,"data":"epoch 176 loss   0.7716 lr 3.23e-05\n"}
,{"stream_name":"stdout","time":3912.843913708,"data":"epoch 177 loss   0.8488 lr 2.96e-05\n"}
,{"stream_name":"stdout","time":3934.315515917,"data":"epoch 178 loss   0.7381 lr 2.70e-05\n"}
,{"stream_name":"stdout","time":3956.032552153,"data":"epoch 179 loss   0.7132 lr 2.45e-05\n"}
,{"stream_name":"stdout","time":3979.0636604,"data":"epoch 180 loss   0.7278 lr 2.21e-05 val EPE 1.628 D1 9.34%\n"}
,{"stream_name":"stdout","time":4000.696454114,"data":"epoch 181 loss   0.8068 lr 1.99e-05\n"}
,{"stream_name":"stdout","time":4022.294572244,"data":"epoch 182 loss   0.7735 lr 1.77e-05\n"}
,{"stream_name":"stdout","time":4043.825527198,"data":"epoch 183 loss   0.7348 lr 1.57e-05\n"}
,{"stream_name":"stdout","time":4065.472345406,"data":"epoch 184 loss   0.7743 lr 1.38e-05\n"}
,{"stream_name":"stdout","time":4088.491232461,"data":"epoch 185 loss   0.7466 lr 1.20e-05 val EPE 1.673 D1 9.64%\n"}
,{"stream_name":"stdout","time":4110.153928973,"data":"epoch 186 loss   0.7513 lr 1.04e-05\n"}
,{"stream_name":"stdout","time":4131.762167991,"data":"epoch 187 loss   0.6859 lr 8.86e-06\n"}
,{"stream_name":"stdout","time":4153.327493397,"data":"epoch 188 loss   0.7249 lr 7.45e-06\n"}
,{"stream_name":"stdout","time":4174.967743959,"data":"epoch 189 loss   0.7328 lr 6.16e-06\n"}
,{"stream_name":"stdout","time":4197.988531115,"data":"epoch 190 loss   0.7073 lr 4.99e-06 val EPE 1.679 D1 9.71%\n"}
,{"stream_name":"stdout","time":4219.630960963,"data":"epoch 191 loss   0.7025 lr 3.94e-06\n"}
,{"stream_name":"stdout","time":4241.256521399,"data":"epoch 192 loss   0.7825 lr 3.02e-06\n"}
,{"stream_name":"stdout","time":4263.022217181,"data":"epoch 193 loss   0.7939 lr 2.22e-06\n"}
,{"stream_name":"stdout","time":4284.634995453,"data":"epoch 194 loss   0.7077 lr 1.54e-06\n"}
,{"stream_name":"stdout","time":4307.904209975,"data":"epoch 195 loss   0.6469 lr 9.87e-07 val EPE 1.644 D1 9.50%\n"}
,{"stream_name":"stdout","time":4329.776376026,"data":"epoch 196 loss   0.7496 lr 5.55e-07\n"}
,{"stream_name":"stdout","time":4351.946754177,"data":"epoch 197 loss   0.8687 lr 2.47e-07\n"}
,{"stream_name":"stdout","time":4373.610714508,"data":"epoch 198 loss   0.7291 lr 6.17e-08\n"}
,{"stream_name":"stdout","time":4397.029504651,"data":"epoch 199 loss   0.7284 lr 0.00e+00 val EPE 1.641 D1 9.49%\n"}
,{"stream_name":"stdout","time":4397.06320964,"data":"P2A seed 2 done: wall 4379.0s best10 EPE 1.6064 @epoch 140\n"}
,{"stream_name":"stdout","time":4400.213338148,"data":"ARM armp COMPLETE wall=4390.8s best10=1.6064@140 final_lr=0.00e+00\n"}
,{"stream_name":"stdout","time":4409.306561829,"data":"armp/best EPE 1.2376725 D1 6.6768% contract True\n"}
,{"stream_name":"stdout","time":4416.268159477,"data":"armp/final EPE 1.2386543 D1 6.6452% contract True\n"}
,{"stream_name":"stdout","time":4416.287046647,"data":"\n"}
,{"stream_name":"stdout","time":4416.287075551,"data":"E2 seed 2 COMPLETE in 4415.1s\n"}
,{"stream_name":"stdout","time":4416.287106868,"data":"  best  EPE 1.2376725  D1 6.6768%\n"}
,{"stream_name":"stdout","time":4416.287111391,"data":"  final EPE 1.2386543  D1 6.6452%\n"}
,{"stream_name":"stdout","time":4416.287115389,"data":"wrote /kaggle/working/e2_seed2.json\n"}
,{"stream_name":"stderr","time":4419.748981952,"data":"/usr/local/lib/python3.12/dist-packages/mistune.py:435: SyntaxWarning: invalid escape sequence '\\|'\n"}
,{"stream_name":"stderr","time":4419.749076412,"data":"  cells[i][c] = re.sub('\\\\\\\\\\|', '|', cell)\n"}
,{"stream_name":"stderr","time":4420.107411599,"data":"/usr/local/lib/python3.12/dist-packages/nbconvert/filters/filter_links.py:36: SyntaxWarning: invalid escape sequence '\\_'\n"}
,{"stream_name":"stderr","time":4420.107446,"data":"  text = re.sub(r'_', '\\_', text) # Escape underscores in display text\n"}
,{"stream_name":"stderr","time":4420.927065601,"data":"[NbConvertApp] Converting notebook __script__.ipynb to html\n"}
,{"stream_name":"stderr","time":4422.514207067,"data":"[NbConvertApp] Writing 308966 bytes to __results__.html\n"}
]