integrity guard: {"param_count": 397954, "param_count_ok": true, "all_ok": true}
init: {"source": "/kaggle/working/repo/checkpoints/armp_stage1_best.pth", "strict": true, "sha256": "3ae6fb3be6b2bda9287b325ccbe6d1397744c8f20ef5e56c046176d9f1a29be7", "n_keys": 70, "param_count": 397954}
/kaggle/working/repo/stage_e_recipe/run/scripts/finetune_pilot.py:303: UserWarning: Converting a tensor with requires_grad=True to a scalar may lead to unexpected behavior.
Consider using tensor.detach() first. (Triggered internally at /pytorch/torch/csrc/autograd/generated/python_variable_methods.cpp:836.)
  epoch_loss += float(loss)
epoch   0 loss   2.3395 lr 1.00e-03 val EPE 2.703 D1 19.48%
epoch   1 loss   1.7788 lr 1.00e-03
epoch   2 loss   1.5482 lr 9.99e-04
epoch   3 loss   1.7320 lr 9.99e-04
epoch   4 loss   1.4444 lr 9.98e-04
epoch   5 loss   1.3258 lr 9.98e-04 val EPE 2.220 D1 14.58%
epoch   6 loss   1.5223 lr 9.97e-04
epoch   7 loss   1.2974 lr 9.96e-04
epoch   8 loss   1.4199 lr 9.95e-04
epoch   9 loss   1.3449 lr 9.94e-04
epoch  10 loss   1.1606 lr 9.93e-04 val EPE 2.392 D1 15.61%
epoch  11 loss   1.0979 lr 9.91e-04
epoch  12 loss   1.6043 lr 9.90e-04
epoch  13 loss   1.1968 lr 9.88e-04
epoch  14 loss   1.2276 lr 9.86e-04
epoch  15 loss   1.2161 lr 9.84e-04 val EPE 1.903 D1 11.72%
epoch  16 loss   1.2747 lr 9.82e-04
epoch  17 loss   1.3208 lr 9.80e-04
epoch  18 loss   1.1847 lr 9.78e-04
epoch  19 loss   1.2309 lr 9.76e-04
epoch  20 loss   1.4648 lr 9.73e-04 val EPE 2.137 D1 14.11%
epoch  21 loss   1.2529 lr 9.70e-04
epoch  22 loss   1.4167 lr 9.68e-04
epoch  23 loss   1.2697 lr 9.65e-04
epoch  24 loss   1.3513 lr 9.62e-04
epoch  25 loss   1.1202 lr 9.59e-04 val EPE 1.995 D1 12.14%
epoch  26 loss   1.5129 lr 9.56e-04
epoch  27 loss   1.0697 lr 9.52e-04
epoch  28 loss   1.2401 lr 9.49e-04
epoch  29 loss   1.1730 lr 9.46e-04
epoch  30 loss   0.9576 lr 9.42e-04 val EPE 2.140 D1 12.70%
epoch  31 loss   1.1869 lr 9.38e-04
epoch  32 loss   1.3163 lr 9.34e-04
epoch  33 loss   1.2751 lr 9.30e-04
epoch  34 loss   0.9930 lr 9.26e-04
epoch  35 loss   1.0491 lr 9.22e-04 val EPE 2.252 D1 13.67%
epoch  36 loss   0.9760 lr 9.18e-04
epoch  37 loss   0.8686 lr 9.14e-04
epoch  38 loss   0.9461 lr 9.09e-04
epoch  39 loss   1.0203 lr 9.05e-04
epoch  40 loss   1.1428 lr 9.00e-04 val EPE 1.919 D1 10.83%
epoch  41 loss   1.2480 lr 8.95e-04
epoch  42 loss   1.0028 lr 8.90e-04
epoch  43 loss   1.1662 lr 8.85e-04
epoch  44 loss   1.1615 lr 8.80e-04
epoch  45 loss   1.2226 lr 8.75e-04 val EPE 2.016 D1 11.59%
epoch  46 loss   1.1317 lr 8.70e-04
epoch  47 loss   1.0762 lr 8.64e-04
epoch  48 loss   1.0545 lr 8.59e-04
epoch  49 loss   1.0568 lr 8.54e-04
epoch  50 loss   0.9913 lr 8.48e-04 val EPE 2.069 D1 12.35%
epoch  51 loss   1.0419 lr 8.42e-04
epoch  52 loss   1.1509 lr 8.37e-04
epoch  53 loss   0.9501 lr 8.31e-04
epoch  54 loss   0.9761 lr 8.25e-04
epoch  55 loss   1.1121 lr 8.19e-04 val EPE 1.801 D1 11.31%
epoch  56 loss   0.9473 lr 8.13e-04
epoch  57 loss   1.0941 lr 8.06e-04
epoch  58 loss   0.8887 lr 8.00e-04
epoch  59 loss   0.9987 lr 7.94e-04
epoch  60 loss   1.2416 lr 7.88e-04 val EPE 2.808 D1 18.85%
epoch  61 loss   1.0096 lr 7.81e-04
epoch  62 loss   1.1206 lr 7.75e-04
epoch  63 loss   1.0203 lr 7.68e-04
epoch  64 loss   1.0634 lr 7.61e-04
epoch  65 loss   1.0478 lr 7.55e-04 val EPE 1.869 D1 11.48%
epoch  66 loss   1.1513 lr 7.48e-04
epoch  67 loss   1.0565 lr 7.41e-04
epoch  68 loss   0.9546 lr 7.34e-04
epoch  69 loss   1.2231 lr 7.27e-04
epoch  70 loss   1.1025 lr 7.20e-04 val EPE 1.849 D1 10.88%
epoch  71 loss   0.9791 lr 7.13e-04
epoch  72 loss   0.9476 lr 7.06e-04
epoch  73 loss   1.0254 lr 6.99e-04
epoch  74 loss   1.0544 lr 6.91e-04
epoch  75 loss   1.0194 lr 6.84e-04 val EPE 1.855 D1 10.97%
epoch  76 loss   0.9052 lr 6.77e-04
epoch  77 loss   0.9685 lr 6.69e-04
epoch  78 loss   0.9832 lr 6.62e-04
epoch  79 loss   0.9608 lr 6.55e-04
epoch  80 loss   0.9727 lr 6.47e-04 val EPE 1.770 D1 9.82%
epoch  81 loss   1.0191 lr 6.39e-04
epoch  82 loss   1.0069 lr 6.32e-04
epoch  83 loss   0.8603 lr 6.24e-04
epoch  84 loss   0.9073 lr 6.17e-04
epoch  85 loss   0.8954 lr 6.09e-04 val EPE 1.719 D1 10.30%
epoch  86 loss   0.9760 lr 6.01e-04
epoch  87 loss   1.0444 lr 5.94e-04
epoch  88 loss   1.0455 lr 5.86e-04
epoch  89 loss   1.0470 lr 5.78e-04
epoch  90 loss   1.2508 lr 5.70e-04 val EPE 2.302 D1 13.69%
epoch  91 loss   1.1039 lr 5.63e-04
epoch  92 loss   1.0174 lr 5.55e-04
epoch  93 loss   0.7227 lr 5.47e-04
epoch  94 loss   0.9980 lr 5.39e-04
epoch  95 loss   0.9413 lr 5.31e-04 val EPE 2.044 D1 11.03%
epoch  96 loss   0.7841 lr 5.24e-04
epoch  97 loss   0.8210 lr 5.16e-04
epoch  98 loss   0.9441 lr 5.08e-04
epoch  99 loss   0.8391 lr 5.00e-04
epoch 100 loss   0.8509 lr 4.92e-04 val EPE 1.716 D1 9.87%
epoch 101 loss   0.9609 lr 4.84e-04
epoch 102 loss   0.9034 lr 4.76e-04
epoch 103 loss   1.1072 lr 4.69e-04
epoch 104 loss   1.1988 lr 4.61e-04
epoch 105 loss   0.8857 lr 4.53e-04 val EPE 1.751 D1 9.90%
epoch 106 loss   0.8282 lr 4.45e-04
epoch 107 loss   0.8839 lr 4.37e-04
epoch 108 loss   0.7530 lr 4.30e-04
epoch 109 loss   0.9926 lr 4.22e-04
epoch 110 loss   0.8177 lr 4.14e-04 val EPE 1.862 D1 11.03%
epoch 111 loss   0.7654 lr 4.06e-04
epoch 112 loss   0.9071 lr 3.99e-04
epoch 113 loss   0.9508 lr 3.91e-04
epoch 114 loss   0.9090 lr 3.83e-04
epoch 115 loss   0.7662 lr 3.76e-04 val EPE 1.641 D1 9.23%
epoch 116 loss   0.8961 lr 3.68e-04
epoch 117 loss   0.8447 lr 3.61e-04
epoch 118 loss   0.9142 lr 3.53e-04
epoch 119 loss   0.9366 lr 3.45e-04
epoch 120 loss   0.7965 lr 3.38e-04 val EPE 1.771 D1 9.75%
epoch 121 loss   0.7367 lr 3.31e-04
epoch 122 loss   0.7925 lr 3.23e-04
epoch 123 loss   0.8074 lr 3.16e-04
epoch 124 loss   0.9742 lr 3.09e-04
epoch 125 loss   0.7839 lr 3.01e-04 val EPE 1.637 D1 9.37%
epoch 126 loss   0.9127 lr 2.94e-04
epoch 127 loss   0.8515 lr 2.87e-04
epoch 128 loss   0.7356 lr 2.80e-04
epoch 129 loss   0.7521 lr 2.73e-04
epoch 130 loss   0.7342 lr 2.66e-04 val EPE 1.725 D1 9.90%
epoch 131 loss   0.6808 lr 2.59e-04
epoch 132 loss   0.8143 lr 2.52e-04
epoch 133 loss   0.8264 lr 2.45e-04
epoch 134 loss   0.7508 lr 2.39e-04
epoch 135 loss   0.8359 lr 2.32e-04 val EPE 1.823 D1 10.38%
epoch 136 loss   0.7933 lr 2.25e-04
epoch 137 loss   0.7841 lr 2.19e-04
epoch 138 loss   0.8650 lr 2.12e-04
epoch 139 loss   0.9112 lr 2.06e-04
epoch 140 loss   0.8295 lr 2.00e-04 val EPE 1.616 D1 8.66%
epoch 141 loss   0.7464 lr 1.94e-04
epoch 142 loss   0.8595 lr 1.87e-04
epoch 143 loss   0.8179 lr 1.81e-04
epoch 144 loss   0.7789 lr 1.75e-04
epoch 145 loss   0.7828 lr 1.69e-04 val EPE 1.716 D1 9.69%
epoch 146 loss   0.6418 lr 1.63e-04
epoch 147 loss   0.9013 lr 1.58e-04
epoch 148 loss   0.7674 lr 1.52e-04
epoch 149 loss   0.8990 lr 1.46e-04
epoch 150 loss   0.7035 lr 1.41e-04 val EPE 1.649 D1 9.20%
epoch 151 loss   0.7008 lr 1.36e-04
epoch 152 loss   0.7198 lr 1.30e-04
epoch 153 loss   0.7439 lr 1.25e-04
epoch 154 loss   0.8623 lr 1.20e-04
epoch 155 loss   0.8192 lr 1.15e-04 val EPE 1.660 D1 9.54%
epoch 156 loss   0.7050 lr 1.10e-04
epoch 157 loss   0.7819 lr 1.05e-04
epoch 158 loss   0.7844 lr 1.00e-04
epoch 159 loss   0.7220 lr 9.55e-05
epoch 160 loss   0.7589 lr 9.09e-05 val EPE 1.706 D1 9.36%
epoch 161 loss   0.7414 lr 8.65e-05
epoch 162 loss   0.7596 lr 8.21e-05
epoch 163 loss   0.7791 lr 7.78e-05
epoch 164 loss   0.7146 lr 7.37e-05
epoch 165 loss   0.8244 lr 6.96e-05 val EPE 1.645 D1 9.08%
epoch 166 loss   0.7267 lr 6.57e-05
epoch 167 loss   0.6960 lr 6.18e-05
epoch 168 loss   0.7641 lr 5.81e-05
epoch 169 loss   0.7343 lr 5.45e-05
epoch 170 loss   0.7388 lr 5.10e-05 val EPE 1.681 D1 9.21%
epoch 171 loss   0.6677 lr 4.76e-05
epoch 172 loss   0.8093 lr 4.43e-05
epoch 173 loss   0.6200 lr 4.11e-05
epoch 174 loss   0.7606 lr 3.81e-05
epoch 175 loss   0.7274 lr 3.51e-05 val EPE 1.696 D1 9.34%
epoch 176 loss   0.8345 lr 3.23e-05
epoch 177 loss   0.7000 lr 2.96e-05
epoch 178 loss   0.6461 lr 2.70e-05
epoch 179 loss   0.7107 lr 2.45e-05
epoch 180 loss   0.8138 lr 2.21e-05 val EPE 1.612 D1 8.80%
epoch 181 loss   0.6973 lr 1.99e-05
epoch 182 loss   0.7128 lr 1.77e-05
epoch 183 loss   0.7429 lr 1.57e-05
epoch 184 loss   0.6885 lr 1.38e-05
epoch 185 loss   0.7467 lr 1.20e-05 val EPE 1.602 D1 8.84%
epoch 186 loss   0.6305 lr 1.04e-05
epoch 187 loss   0.7451 lr 8.86e-06
epoch 188 loss   0.6861 lr 7.45e-06
epoch 189 loss   0.7225 lr 6.16e-06
epoch 190 loss   0.6818 lr 4.99e-06 val EPE 1.626 D1 8.96%
epoch 191 loss   0.6789 lr 3.94e-06
epoch 192 loss   0.7363 lr 3.02e-06
epoch 193 loss   0.7622 lr 2.22e-06
epoch 194 loss   0.7320 lr 1.54e-06
epoch 195 loss   0.6684 lr 9.87e-07 val EPE 1.610 D1 8.87%
epoch 196 loss   0.8327 lr 5.55e-07
epoch 197 loss   0.6911 lr 2.47e-07
epoch 198 loss   0.7332 lr 6.17e-08
epoch 199 loss   0.7829 lr 0.00e+00 val EPE 1.605 D1 8.85%
P2A seed 0 done: wall 4821.6s best10 EPE 1.6025 @epoch 185
