[{"stream_name":"stdout","time":8.549099443,"data":"{\"python\": \"3.12.13\", \"torch\": \"2.10.0+cu128\", \"cuda\": \"12.8\", \"cudnn\": 91002, \"gpu\": \"Tesla T4\", \"device_count\": 2}\n"}
,{"stream_name":"stdout","time":8.549216729,"data":"+ /usr/bin/python3 /kaggle/working/repo/stage_e_recipe/run/scripts/run_arm.py --arm armp --init /kaggle/working/repo/checkpoints/armp_stage1_best.pth --outdir /kaggle/working/repo/stage_e_recipe/run/armp --seed 0 --epochs 200 --timeout_s 18000.0\n"}
,{"stream_name":"stdout","time":8.648712034,"data":"RUN arm=armp init=/kaggle/working/repo/checkpoints/armp_stage1_best.pth pid=21 cmd=['/usr/bin/python3', '/kaggle/working/repo/stage_e_recipe/run/scripts/finetune_pilot.py', '--init', '/kaggle/working/repo/checkpoints/armp_stage1_best.pth', '--arm', 'armp']\n"}
,{"stream_name":"stdout","time":11.290530523,"data":"integrity guard: {\"param_count\": 397954, \"param_count_ok\": true, \"all_ok\": true}\n"}
,{"stream_name":"stdout","time":11.304734975,"data":"init: {\"source\": \"/kaggle/working/repo/checkpoints/armp_stage1_best.pth\", \"strict\": true, \"sha256\": \"3ae6fb3be6b2bda9287b325ccbe6d1397744c8f20ef5e56c046176d9f1a29be7\", \"n_keys\": 70, \"param_count\": 397954}\n"}
,{"stream_name":"stdout","time":19.51079098,"data":"/kaggle/working/repo/stage_e_recipe/run/scripts/finetune_pilot.py:303: UserWarning: Converting a tensor with requires_grad=True to a scalar may lead to unexpected behavior.\n"}
,{"stream_name":"stdout","time":19.510825877,"data":"Consider using tensor.detach() first. (Triggered internally at /pytorch/torch/csrc/autograd/generated/python_variable_methods.cpp:836.)\n"}
,{"stream_name":"stdout","time":19.510833086,"data":"  epoch_loss += float(loss)\n"}
,{"stream_name":"stdout","time":48.426354897,"data":"epoch   0 loss   2.3395 lr 1.00e-03 val EPE 2.703 D1 19.48%\n"}
,{"stream_name":"stdout","time":70.725437023,"data":"epoch   1 loss   1.7788 lr 1.00e-03\n"}
,{"stream_name":"stdout","time":93.277991892,"data":"epoch   2 loss   1.5482 lr 9.99e-04\n"}
,{"stream_name":"stdout","time":115.752538569,"data":"epoch   3 loss   1.7320 lr 9.99e-04\n"}
,{"stream_name":"stdout","time":138.577493277,"data":"epoch   4 loss   1.4444 lr 9.98e-04\n"}
,{"stream_name":"stdout","time":162.587427921,"data":"epoch   5 loss   1.3258 lr 9.98e-04 val EPE 2.220 D1 14.58%\n"}
,{"stream_name":"stdout","time":185.547662868,"data":"epoch   6 loss   1.5223 lr 9.97e-04\n"}
,{"stream_name":"stdout","time":208.579213224,"data":"epoch   7 loss   1.2974 lr 9.96e-04\n"}
,{"stream_name":"stdout","time":231.613628113,"data":"epoch   8 loss   1.4199 lr 9.95e-04\n"}
,{"stream_name":"stdout","time":254.900636072,"data":"epoch   9 loss   1.3449 lr 9.94e-04\n"}
,{"stream_name":"stdout","time":279.74459606,"data":"epoch  10 loss   1.1606 lr 9.93e-04 val EPE 2.392 D1 15.61%\n"}
,{"stream_name":"stdout","time":303.334908388,"data":"epoch  11 loss   1.0979 lr 9.91e-04\n"}
,{"stream_name":"stdout","time":326.836013456,"data":"epoch  12 loss   1.6043 lr 9.90e-04\n"}
,{"stream_name":"stdout","time":350.470255354,"data":"epoch  13 loss   1.1968 lr 9.88e-04\n"}
,{"stream_name":"stdout","time":373.623189245,"data":"epoch  14 loss   1.2276 lr 9.86e-04\n"}
,{"stream_name":"stdout","time":398.178142805,"data":"epoch  15 loss   1.2161 lr 9.84e-04 val EPE 1.903 D1 11.72%\n"}
,{"stream_name":"stdout","time":421.540097406,"data":"epoch  16 loss   1.2747 lr 9.82e-04\n"}
,{"stream_name":"stdout","time":445.130249011,"data":"epoch  17 loss   1.3208 lr 9.80e-04\n"}
,{"stream_name":"stdout","time":468.468275584,"data":"epoch  18 loss   1.1847 lr 9.78e-04\n"}
,{"stream_name":"stdout","time":491.935443966,"data":"epoch  19 loss   1.2309 lr 9.76e-04\n"}
,{"stream_name":"stdout","time":516.849228637,"data":"epoch  20 loss   1.4648 lr 9.73e-04 val EPE 2.137 D1 14.11%\n"}
,{"stream_name":"stdout","time":540.531894652,"data":"epoch  21 loss   1.2529 lr 9.70e-04\n"}
,{"stream_name":"stdout","time":564.53944617,"data":"epoch  22 loss   1.4167 lr 9.68e-04\n"}
,{"stream_name":"stdout","time":588.458521012,"data":"epoch  23 loss   1.2697 lr 9.65e-04\n"}
,{"stream_name":"stdout","time":612.193249788,"data":"epoch  24 loss   1.3513 lr 9.62e-04\n"}
,{"stream_name":"stdout","time":637.189694979,"data":"epoch  25 loss   1.1202 lr 9.59e-04 val EPE 1.995 D1 12.14%\n"}
,{"stream_name":"stdout","time":660.783727275,"data":"epoch  26 loss   1.5129 lr 9.56e-04\n"}
,{"stream_name":"stdout","time":684.640023105,"data":"epoch  27 loss   1.0697 lr 9.52e-04\n"}
,{"stream_name":"stdout","time":708.616038619,"data":"epoch  28 loss   1.2401 lr 9.49e-04\n"}
,{"stream_name":"stdout","time":732.733814299,"data":"epoch  29 loss   1.1730 lr 9.46e-04\n"}
,{"stream_name":"stdout","time":758.21668036,"data":"epoch  30 loss   0.9576 lr 9.42e-04 val EPE 2.140 D1 12.70%\n"}
,{"stream_name":"stdout","time":782.310997815,"data":"epoch  31 loss   1.1869 lr 9.38e-04\n"}
,{"stream_name":"stdout","time":806.19957365,"data":"epoch  32 loss   1.3163 lr 9.34e-04\n"}
,{"stream_name":"stdout","time":830.109034686,"data":"epoch  33 loss   1.2751 lr 9.30e-04\n"}
,{"stream_name":"stdout","time":854.073843862,"data":"epoch  34 loss   0.9930 lr 9.26e-04\n"}
,{"stream_name":"stdout","time":879.464928767,"data":"epoch  35 loss   1.0491 lr 9.22e-04 val EPE 2.252 D1 13.67%\n"}
,{"stream_name":"stdout","time":903.348780504,"data":"epoch  36 loss   0.9760 lr 9.18e-04\n"}
,{"stream_name":"stdout","time":927.159935109,"data":"epoch  37 loss   0.8686 lr 9.14e-04\n"}
,{"stream_name":"stdout","time":950.930029228,"data":"epoch  38 loss   0.9461 lr 9.09e-04\n"}
,{"stream_name":"stdout","time":974.781018771,"data":"epoch  39 loss   1.0203 lr 9.05e-04\n"}
,{"stream_name":"stdout","time":1000.073411484,"data":"epoch  40 loss   1.1428 lr 9.00e-04 val EPE 1.919 D1 10.83%\n"}
,{"stream_name":"stdout","time":1024.034973037,"data":"epoch  41 loss   1.2480 lr 8.95e-04\n"}
,{"stream_name":"stdout","time":1047.566242205,"data":"epoch  42 loss   1.0028 lr 8.90e-04\n"}
,{"stream_name":"stdout","time":1071.06402576,"data":"epoch  43 loss   1.1662 lr 8.85e-04\n"}
,{"stream_name":"stdout","time":1094.502738227,"data":"epoch  44 loss   1.1615 lr 8.80e-04\n"}
,{"stream_name":"stdout","time":1119.214468552,"data":"epoch  45 loss   1.2226 lr 8.75e-04 val EPE 2.016 D1 11.59%\n"}
,{"stream_name":"stdout","time":1142.461869274,"data":"epoch  46 loss   1.1317 lr 8.70e-04\n"}
,{"stream_name":"stdout","time":1165.789196391,"data":"epoch  47 loss   1.0762 lr 8.64e-04\n"}
,{"stream_name":"stdout","time":1189.036403948,"data":"epoch  48 loss   1.0545 lr 8.59e-04\n"}
,{"stream_name":"stdout","time":1212.353940495,"data":"epoch  49 loss   1.0568 lr 8.54e-04\n"}
,{"stream_name":"stdout","time":1237.267691956,"data":"epoch  50 loss   0.9913 lr 8.48e-04 val EPE 2.069 D1 12.35%\n"}
,{"stream_name":"stdout","time":1260.65965573,"data":"epoch  51 loss   1.0419 lr 8.42e-04\n"}
,{"stream_name":"stdout","time":1284.186251594,"data":"epoch  52 loss   1.1509 lr 8.37e-04\n"}
,{"stream_name":"stdout","time":1307.732414823,"data":"epoch  53 loss   0.9501 lr 8.31e-04\n"}
,{"stream_name":"stdout","time":1331.343797419,"data":"epoch  54 loss   0.9761 lr 8.25e-04\n"}
,{"stream_name":"stdout","time":1356.310251988,"data":"epoch  55 loss   1.1121 lr 8.19e-04 val EPE 1.801 D1 11.31%\n"}
,{"stream_name":"stdout","time":1379.958030311,"data":"epoch  56 loss   0.9473 lr 8.13e-04\n"}
,{"stream_name":"stdout","time":1403.955645004,"data":"epoch  57 loss   1.0941 lr 8.06e-04\n"}
,{"stream_name":"stdout","time":1427.696751305,"data":"epoch  58 loss   0.8887 lr 8.00e-04\n"}
,{"stream_name":"stdout","time":1451.508959568,"data":"epoch  59 loss   0.9987 lr 7.94e-04\n"}
,{"stream_name":"stdout","time":1476.658460853,"data":"epoch  60 loss   1.2416 lr 7.88e-04 val EPE 2.808 D1 18.85%\n"}
,{"stream_name":"stdout","time":1500.352758966,"data":"epoch  61 loss   1.0096 lr 7.81e-04\n"}
,{"stream_name":"stdout","time":1524.169772912,"data":"epoch  62 loss   1.1206 lr 7.75e-04\n"}
,{"stream_name":"stdout","time":1548.085984887,"data":"epoch  63 loss   1.0203 lr 7.68e-04\n"}
,{"stream_name":"stdout","time":1571.981219758,"data":"epoch  64 loss   1.0634 lr 7.61e-04\n"}
,{"stream_name":"stdout","time":1597.29148071,"data":"epoch  65 loss   1.0478 lr 7.55e-04 val EPE 1.869 D1 11.48%\n"}
,{"stream_name":"stdout","time":1621.127583852,"data":"epoch  66 loss   1.1513 lr 7.48e-04\n"}
,{"stream_name":"stdout","time":1644.976148071,"data":"epoch  67 loss   1.0565 lr 7.41e-04\n"}
,{"stream_name":"stdout","time":1668.780207995,"data":"epoch  68 loss   0.9546 lr 7.34e-04\n"}
,{"stream_name":"stdout","time":1692.555164184,"data":"epoch  69 loss   1.2231 lr 7.27e-04\n"}
,{"stream_name":"stdout","time":1717.496456264,"data":"epoch  70 loss   1.1025 lr 7.20e-04 val EPE 1.849 D1 10.88%\n"}
,{"stream_name":"stdout","time":1741.041896942,"data":"epoch  71 loss   0.9791 lr 7.13e-04\n"}
,{"stream_name":"stdout","time":1764.619886084,"data":"epoch  72 loss   0.9476 lr 7.06e-04\n"}
,{"stream_name":"stdout","time":1788.232089474,"data":"epoch  73 loss   1.0254 lr 6.99e-04\n"}
,{"stream_name":"stdout","time":1811.931408097,"data":"epoch  74 loss   1.0544 lr 6.91e-04\n"}
,{"stream_name":"stdout","time":1837.015435434,"data":"epoch  75 loss   1.0194 lr 6.84e-04 val EPE 1.855 D1 10.97%\n"}
,{"stream_name":"stdout","time":1860.731976435,"data":"epoch  76 loss   0.9052 lr 6.77e-04\n"}
,{"stream_name":"stdout","time":1884.338615204,"data":"epoch  77 loss   0.9685 lr 6.69e-04\n"}
,{"stream_name":"stdout","time":1907.879947313,"data":"epoch  78 loss   0.9832 lr 6.62e-04\n"}
,{"stream_name":"stdout","time":1931.501883051,"data":"epoch  79 loss   0.9608 lr 6.55e-04\n"}
,{"stream_name":"stdout","time":1956.661565316,"data":"epoch  80 loss   0.9727 lr 6.47e-04 val EPE 1.770 D1 9.82%\n"}
,{"stream_name":"stdout","time":1980.272673597,"data":"epoch  81 loss   1.0191 lr 6.39e-04\n"}
,{"stream_name":"stdout","time":2003.918877074,"data":"epoch  82 loss   1.0069 lr 6.32e-04\n"}
,{"stream_name":"stdout","time":2027.673823484,"data":"epoch  83 loss   0.8603 lr 6.24e-04\n"}
,{"stream_name":"stdout","time":2051.357273931,"data":"epoch  84 loss   0.9073 lr 6.17e-04\n"}
,{"stream_name":"stdout","time":2076.79060701,"data":"epoch  85 loss   0.8954 lr 6.09e-04 val EPE 1.719 D1 10.30%\n"}
,{"stream_name":"stdout","time":2100.712031261,"data":"epoch  86 loss   0.9760 lr 6.01e-04\n"}
,{"stream_name":"stdout","time":2124.655409286,"data":"epoch  87 loss   1.0444 lr 5.94e-04\n"}
,{"stream_name":"stdout","time":2148.411856302,"data":"epoch  88 loss   1.0455 lr 5.86e-04\n"}
,{"stream_name":"stdout","time":2172.075150718,"data":"epoch  89 loss   1.0470 lr 5.78e-04\n"}
,{"stream_name":"stdout","time":2197.402282563,"data":"epoch  90 loss   1.2508 lr 5.70e-04 val EPE 2.302 D1 13.69%\n"}
,{"stream_name":"stdout","time":2221.228593637,"data":"epoch  91 loss   1.1039 lr 5.63e-04\n"}
,{"stream_name":"stdout","time":2245.00237791,"data":"epoch  92 loss   1.0174 lr 5.55e-04\n"}
,{"stream_name":"stdout","time":2268.71981991,"data":"epoch  93 loss   0.7227 lr 5.47e-04\n"}
,{"stream_name":"stdout","time":2292.581819225,"data":"epoch  94 loss   0.9980 lr 5.39e-04\n"}
,{"stream_name":"stdout","time":2317.748992418,"data":"epoch  95 loss   0.9413 lr 5.31e-04 val EPE 2.044 D1 11.03%\n"}
,{"stream_name":"stdout","time":2341.520848989,"data":"epoch  96 loss   0.7841 lr 5.24e-04\n"}
,{"stream_name":"stdout","time":2365.340769937,"data":"epoch  97 loss   0.8210 lr 5.16e-04\n"}
,{"stream_name":"stdout","time":2389.208508582,"data":"epoch  98 loss   0.9441 lr 5.08e-04\n"}
,{"stream_name":"stdout","time":2413.076894958,"data":"epoch  99 loss   0.8391 lr 5.00e-04\n"}
,{"stream_name":"stdout","time":2438.273431212,"data":"epoch 100 loss   0.8509 lr 4.92e-04 val EPE 1.716 D1 9.87%\n"}
,{"stream_name":"stdout","time":2462.082442119,"data":"epoch 101 loss   0.9609 lr 4.84e-04\n"}
,{"stream_name":"stdout","time":2485.862865401,"data":"epoch 102 loss   0.9034 lr 4.76e-04\n"}
,{"stream_name":"stdout","time":2509.47163316,"data":"epoch 103 loss   1.1072 lr 4.69e-04\n"}
,{"stream_name":"stdout","time":2533.199439667,"data":"epoch 104 loss   1.1988 lr 4.61e-04\n"}
,{"stream_name":"stdout","time":2558.519437903,"data":"epoch 105 loss   0.8857 lr 4.53e-04 val EPE 1.751 D1 9.90%\n"}
,{"stream_name":"stdout","time":2582.335874043,"data":"epoch 106 loss   0.8282 lr 4.45e-04\n"}
,{"stream_name":"stdout","time":2606.105227668,"data":"epoch 107 loss   0.8839 lr 4.37e-04\n"}
,{"stream_name":"stdout","time":2629.984419214,"data":"epoch 108 loss   0.7530 lr 4.30e-04\n"}
,{"stream_name":"stdout","time":2653.784999727,"data":"epoch 109 loss   0.9926 lr 4.22e-04\n"}
,{"stream_name":"stdout","time":2678.889239648,"data":"epoch 110 loss   0.8177 lr 4.14e-04 val EPE 1.862 D1 11.03%\n"}
,{"stream_name":"stdout","time":2702.645799231,"data":"epoch 111 loss   0.7654 lr 4.06e-04\n"}
,{"stream_name":"stdout","time":2726.271692404,"data":"epoch 112 loss   0.9071 lr 3.99e-04\n"}
,{"stream_name":"stdout","time":2749.923339037,"data":"epoch 113 loss   0.9508 lr 3.91e-04\n"}
,{"stream_name":"stdout","time":2773.526435418,"data":"epoch 114 loss   0.9090 lr 3.83e-04\n"}
,{"stream_name":"stdout","time":2798.462445275,"data":"epoch 115 loss   0.7662 lr 3.76e-04 val EPE 1.641 D1 9.23%\n"}
,{"stream_name":"stdout","time":2822.076232664,"data":"epoch 116 loss   0.8961 lr 3.68e-04\n"}
,{"stream_name":"stdout","time":2845.839060949,"data":"epoch 117 loss   0.8447 lr 3.61e-04\n"}
,{"stream_name":"stdout","time":2869.796390214,"data":"epoch 118 loss   0.9142 lr 3.53e-04\n"}
,{"stream_name":"stdout","time":2893.996441537,"data":"epoch 119 loss   0.9366 lr 3.45e-04\n"}
,{"stream_name":"stdout","time":2919.567171645,"data":"epoch 120 loss   0.7965 lr 3.38e-04 val EPE 1.771 D1 9.75%\n"}
,{"stream_name":"stdout","time":2943.38386799,"data":"epoch 121 loss   0.7367 lr 3.31e-04\n"}
,{"stream_name":"stdout","time":2967.155283021,"data":"epoch 122 loss   0.7925 lr 3.23e-04\n"}
,{"stream_name":"stdout","time":2990.93081755,"data":"epoch 123 loss   0.8074 lr 3.16e-04\n"}
,{"stream_name":"stdout","time":3014.893245612,"data":"epoch 124 loss   0.9742 lr 3.09e-04\n"}
,{"stream_name":"stdout","time":3040.209604065,"data":"epoch 125 loss   0.7839 lr 3.01e-04 val EPE 1.637 D1 9.37%\n"}
,{"stream_name":"stdout","time":3064.15431858,"data":"epoch 126 loss   0.9127 lr 2.94e-04\n"}
,{"stream_name":"stdout","time":3088.082931527,"data":"epoch 127 loss   0.8515 lr 2.87e-04\n"}
,{"stream_name":"stdout","time":3111.931548861,"data":"epoch 128 loss   0.7356 lr 2.80e-04\n"}
,{"stream_name":"stdout","time":3135.685527993,"data":"epoch 129 loss   0.7521 lr 2.73e-04\n"}
,{"stream_name":"stdout","time":3161.433831084,"data":"epoch 130 loss   0.7342 lr 2.66e-04 val EPE 1.725 D1 9.90%\n"}
,{"stream_name":"stdout","time":3185.899101142,"data":"epoch 131 loss   0.6808 lr 2.59e-04\n"}
,{"stream_name":"stdout","time":3210.130061385,"data":"epoch 132 loss   0.8143 lr 2.52e-04\n"}
,{"stream_name":"stdout","time":3234.148097016,"data":"epoch 133 loss   0.8264 lr 2.45e-04\n"}
,{"stream_name":"stdout","time":3258.226006381,"data":"epoch 134 loss   0.7508 lr 2.39e-04\n"}
,{"stream_name":"stdout","time":3283.847086959,"data":"epoch 135 loss   0.8359 lr 2.32e-04 val EPE 1.823 D1 10.38%\n"}
,{"stream_name":"stdout","time":3307.868477463,"data":"epoch 136 loss   0.7933 lr 2.25e-04\n"}
,{"stream_name":"stdout","time":3331.75756581,"data":"epoch 137 loss   0.7841 lr 2.19e-04\n"}
,{"stream_name":"stdout","time":3355.502410967,"data":"epoch 138 loss   0.8650 lr 2.12e-04\n"}
,{"stream_name":"stdout","time":3379.137393977,"data":"epoch 139 loss   0.9112 lr 2.06e-04\n"}
,{"stream_name":"stdout","time":3404.41905717,"data":"epoch 140 loss   0.8295 lr 2.00e-04 val EPE 1.616 D1 8.66%\n"}
,{"stream_name":"stdout","time":3428.182177544,"data":"epoch 141 loss   0.7464 lr 1.94e-04\n"}
,{"stream_name":"stdout","time":3451.913367077,"data":"epoch 142 loss   0.8595 lr 1.87e-04\n"}
,{"stream_name":"stdout","time":3475.633188896,"data":"epoch 143 loss   0.8179 lr 1.81e-04\n"}
,{"stream_name":"stdout","time":3499.479098175,"data":"epoch 144 loss   0.7789 lr 1.75e-04\n"}
,{"stream_name":"stdout","time":3524.718567022,"data":"epoch 145 loss   0.7828 lr 1.69e-04 val EPE 1.716 D1 9.69%\n"}
,{"stream_name":"stdout","time":3548.497868709,"data":"epoch 146 loss   0.6418 lr 1.63e-04\n"}
,{"stream_name":"stdout","time":3572.312814813,"data":"epoch 147 loss   0.9013 lr 1.58e-04\n"}
,{"stream_name":"stdout","time":3596.060488207,"data":"epoch 148 loss   0.7674 lr 1.52e-04\n"}
,{"stream_name":"stdout","time":3619.92287991,"data":"epoch 149 loss   0.8990 lr 1.46e-04\n"}
,{"stream_name":"stdout","time":3645.193475269,"data":"epoch 150 loss   0.7035 lr 1.41e-04 val EPE 1.649 D1 9.20%\n"}
,{"stream_name":"stdout","time":3668.959950573,"data":"epoch 151 loss   0.7008 lr 1.36e-04\n"}
,{"stream_name":"stdout","time":3692.771658162,"data":"epoch 152 loss   0.7198 lr 1.30e-04\n"}
,{"stream_name":"stdout","time":3716.527567693,"data":"epoch 153 loss   0.7439 lr 1.25e-04\n"}
,{"stream_name":"stdout","time":3740.317204635,"data":"epoch 154 loss   0.8623 lr 1.20e-04\n"}
,{"stream_name":"stdout","time":3765.879977802,"data":"epoch 155 loss   0.8192 lr 1.15e-04 val EPE 1.660 D1 9.54%\n"}
,{"stream_name":"stdout","time":3789.842751568,"data":"epoch 156 loss   0.7050 lr 1.10e-04\n"}
,{"stream_name":"stdout","time":3813.782845828,"data":"epoch 157 loss   0.7819 lr 1.05e-04\n"}
,{"stream_name":"stdout","time":3837.602278463,"data":"epoch 158 loss   0.7844 lr 1.00e-04\n"}
,{"stream_name":"stdout","time":3861.334290689,"data":"epoch 159 loss   0.7220 lr 9.55e-05\n"}
,{"stream_name":"stdout","time":3886.492643512,"data":"epoch 160 loss   0.7589 lr 9.09e-05 val EPE 1.706 D1 9.36%\n"}
,{"stream_name":"stdout","time":3910.200468776,"data":"epoch 161 loss   0.7414 lr 8.65e-05\n"}
,{"stream_name":"stdout","time":3933.988655417,"data":"epoch 162 loss   0.7596 lr 8.21e-05\n"}
,{"stream_name":"stdout","time":3958.023761895,"data":"epoch 163 loss   0.7791 lr 7.78e-05\n"}
,{"stream_name":"stdout","time":3981.806708499,"data":"epoch 164 loss   0.7146 lr 7.37e-05\n"}
,{"stream_name":"stdout","time":4007.223156288,"data":"epoch 165 loss   0.8244 lr 6.96e-05 val EPE 1.645 D1 9.08%\n"}
,{"stream_name":"stdout","time":4030.964524725,"data":"epoch 166 loss   0.7267 lr 6.57e-05\n"}
,{"stream_name":"stdout","time":4055.047156479,"data":"epoch 167 loss   0.6960 lr 6.18e-05\n"}
,{"stream_name":"stdout","time":4079.076463723,"data":"epoch 168 loss   0.7641 lr 5.81e-05\n"}
,{"stream_name":"stdout","time":4103.052143201,"data":"epoch 169 loss   0.7343 lr 5.45e-05\n"}
,{"stream_name":"stdout","time":4128.554147061,"data":"epoch 170 loss   0.7388 lr 5.10e-05 val EPE 1.681 D1 9.21%\n"}
,{"stream_name":"stdout","time":4152.816026274,"data":"epoch 171 loss   0.6677 lr 4.76e-05\n"}
,{"stream_name":"stdout","time":4177.160893256,"data":"epoch 172 loss   0.8093 lr 4.43e-05\n"}
,{"stream_name":"stdout","time":4201.247976574,"data":"epoch 173 loss   0.6200 lr 4.11e-05\n"}
,{"stream_name":"stdout","time":4225.315982172,"data":"epoch 174 loss   0.7606 lr 3.81e-05\n"}
,{"stream_name":"stdout","time":4250.7505698,"data":"epoch 175 loss   0.7274 lr 3.51e-05 val EPE 1.696 D1 9.34%\n"}
,{"stream_name":"stdout","time":4274.782074516,"data":"epoch 176 loss   0.8345 lr 3.23e-05\n"}
,{"stream_name":"stdout","time":4298.736295326,"data":"epoch 177 loss   0.7000 lr 2.96e-05\n"}
,{"stream_name":"stdout","time":4323.229427483,"data":"epoch 178 loss   0.6461 lr 2.70e-05\n"}
,{"stream_name":"stdout","time":4347.740194747,"data":"epoch 179 loss   0.7107 lr 2.45e-05\n"}
,{"stream_name":"stdout","time":4373.685243121,"data":"epoch 180 loss   0.8138 lr 2.21e-05 val EPE 1.612 D1 8.80%\n"}
,{"stream_name":"stdout","time":4398.189689379,"data":"epoch 181 loss   0.6973 lr 1.99e-05\n"}
,{"stream_name":"stdout","time":4422.586086443,"data":"epoch 182 loss   0.7128 lr 1.77e-05\n"}
,{"stream_name":"stdout","time":4446.512297497,"data":"epoch 183 loss   0.7429 lr 1.57e-05\n"}
,{"stream_name":"stdout","time":4470.415633418,"data":"epoch 184 loss   0.6885 lr 1.38e-05\n"}
,{"stream_name":"stdout","time":4495.994913801,"data":"epoch 185 loss   0.7467 lr 1.20e-05 val EPE 1.602 D1 8.84%\n"}
,{"stream_name":"stdout","time":4520.570222416,"data":"epoch 186 loss   0.6305 lr 1.04e-05\n"}
,{"stream_name":"stdout","time":4544.978464182,"data":"epoch 187 loss   0.7451 lr 8.86e-06\n"}
,{"stream_name":"stdout","time":4569.271971241,"data":"epoch 188 loss   0.6861 lr 7.45e-06\n"}
,{"stream_name":"stdout","time":4593.642915704,"data":"epoch 189 loss   0.7225 lr 6.16e-06\n"}
,{"stream_name":"stdout","time":4619.238454101,"data":"epoch 190 loss   0.6818 lr 4.99e-06 val EPE 1.626 D1 8.96%\n"}
,{"stream_name":"stdout","time":4643.487627418,"data":"epoch 191 loss   0.6789 lr 3.94e-06\n"}
,{"stream_name":"stdout","time":4667.463132151,"data":"epoch 192 loss   0.7363 lr 3.02e-06\n"}
,{"stream_name":"stdout","time":4691.31789695,"data":"epoch 193 loss   0.7622 lr 2.22e-06\n"}
,{"stream_name":"stdout","time":4715.57003446,"data":"epoch 194 loss   0.7320 lr 1.54e-06\n"}
,{"stream_name":"stdout","time":4741.244625747,"data":"epoch 195 loss   0.6684 lr 9.87e-07 val EPE 1.610 D1 8.87%\n"}
,{"stream_name":"stdout","time":4765.423086878,"data":"epoch 196 loss   0.8327 lr 5.55e-07\n"}
,{"stream_name":"stdout","time":4789.475972033,"data":"epoch 197 loss   0.6911 lr 2.47e-07\n"}
,{"stream_name":"stdout","time":4813.435621489,"data":"epoch 198 loss   0.7332 lr 6.17e-08\n"}
,{"stream_name":"stdout","time":4838.892417113,"data":"epoch 199 loss   0.7829 lr 0.00e+00 val EPE 1.605 D1 8.85%\n"}
,{"stream_name":"stdout","time":4838.92696114,"data":"P2A seed 0 done: wall 4821.6s best10 EPE 1.6025 @epoch 185\n"}
,{"stream_name":"stdout","time":4841.850412227,"data":"ARM armp COMPLETE wall=4833.2s best10=1.6025@185 final_lr=0.00e+00\n"}
,{"stream_name":"stdout","time":4853.242701057,"data":"armp/best EPE 1.2008850 D1 6.2393% contract True\n"}
,{"stream_name":"stdout","time":4860.113648423,"data":"armp/final EPE 1.2020780 D1 6.2392% contract True\n"}
,{"stream_name":"stdout","time":4860.133215312,"data":"\n"}
,{"stream_name":"stdout","time":4860.133245954,"data":"F1C seed 0 COMPLETE in 4859.1s\n"}
,{"stream_name":"stdout","time":4860.133267454,"data":"  best  EPE 1.2008850  D1 6.2393%\n"}
,{"stream_name":"stdout","time":4860.133272484,"data":"  final EPE 1.2020780  D1 6.2392%\n"}
,{"stream_name":"stdout","time":4860.133277558,"data":"wrote /kaggle/working/f1c_seed0.json\n"}
,{"stream_name":"stderr","time":4863.51769177,"data":"/usr/local/lib/python3.12/dist-packages/mistune.py:435: SyntaxWarning: invalid escape sequence '\\|'\n"}
,{"stream_name":"stderr","time":4863.517792396,"data":"  cells[i][c] = re.sub('\\\\\\\\\\|', '|', cell)\n"}
,{"stream_name":"stderr","time":4863.84152674,"data":"/usr/local/lib/python3.12/dist-packages/nbconvert/filters/filter_links.py:36: SyntaxWarning: invalid escape sequence '\\_'\n"}
,{"stream_name":"stderr","time":4863.841562137,"data":"  text = re.sub(r'_', '\\_', text) # Escape underscores in display text\n"}
,{"stream_name":"stderr","time":4864.647467688,"data":"[NbConvertApp] Converting notebook __script__.ipynb to html\n"}
,{"stream_name":"stderr","time":4866.178040437,"data":"[NbConvertApp] Writing 308990 bytes to __results__.html\n"}
]