[{"stream_name":"stdout","time":1.6297259830000002,"data":"bootstrap loaded from /kaggle/input/datasets/vishnu3727/armp-tier2-seed2-bundle/kaggle_bootstrap.py\n"}
,{"stream_name":"stdout","time":1.825487416,"data":"assembled {\"repo\": \"/kaggle/working/repo\", \"bundle\": \"/kaggle/input/datasets/vishnu3727/armp-tier2-seed2-bundle\", \"data\": \"/kaggle/input/datasets/vishnu3727/kitti2015-tier2-seed2-subset\", \"data_link\": \"training-shim\", \"data_layout\": \"flat\", \"scripts\": \"/kaggle/working/repo/stage_b_armp/seed1/scripts\", \"tree\": \"seed1\"}\n"}
,{"stream_name":"stdout","time":10.812965403,"data":"preflight OK {\"strict_load\": \"OK\", \"params\": 397954, \"keys\": 70, \"data\": {\"calib\": 160, \"val\": 40, \"overlap\": 0, \"valid_pixels\": 3802797}}\n"}
,{"stream_name":"stdout","time":11.12029522,"data":"RUN [\"/usr/bin/python3\", \"/kaggle/working/repo/stage_b_armp/seed1/scripts/run_arm.py\", \"--arm\", \"control\", \"--init\", \"random\", \"--outdir\", \"/kaggle/working/runs/control_seed1_kaggle\", \"--timeout_s\", \"39600\"]\n"}
,{"stream_name":"stdout","time":11.239855508,"data":"RUN arm=control init=random pid=22 cmd=['/usr/bin/python3', '/kaggle/working/repo/stage_b_armp/seed1/scripts/finetune_pilot.py', '--init', 'random', '--arm', 'control']\n"}
,{"stream_name":"stdout","time":13.414372698,"data":"integrity guard: {\"param_count\": 397954, \"param_count_ok\": true, \"all_ok\": true}\n"}
,{"stream_name":"stdout","time":13.414424278,"data":"init: {\"source\": \"random\", \"note\": \"PyTorch defaults, random (P2A recipe)\"}\n"}
,{"stream_name":"stdout","time":20.563926701,"data":"/kaggle/working/repo/stage_b_armp/seed1/scripts/finetune_pilot.py:303: UserWarning: Converting a tensor with requires_grad=True to a scalar may lead to unexpected behavior.\n"}
,{"stream_name":"stdout","time":20.56396106,"data":"Consider using tensor.detach() first. (Triggered internally at /pytorch/torch/csrc/autograd/generated/python_variable_methods.cpp:836.)\n"}
,{"stream_name":"stdout","time":20.56396576,"data":"  epoch_loss += float(loss)\n"}
,{"stream_name":"stdout","time":45.625958887,"data":"epoch   0 loss  12.3470 lr 1.00e-03 val EPE 18.874 D1 86.35%\n"}
,{"stream_name":"stdout","time":66.795709749,"data":"epoch   1 loss  11.5789 lr 1.00e-03\n"}
,{"stream_name":"stdout","time":88.336946764,"data":"epoch   2 loss  11.2718 lr 9.99e-04\n"}
,{"stream_name":"stdout","time":110.261131785,"data":"epoch   3 loss  10.9979 lr 9.99e-04\n"}
,{"stream_name":"stdout","time":132.692560302,"data":"epoch   4 loss   8.4319 lr 9.98e-04\n"}
,{"stream_name":"stdout","time":156.55537546,"data":"epoch   5 loss   6.8108 lr 9.98e-04 val EPE 11.559 D1 73.46%\n"}
,{"stream_name":"stdout","time":178.628230742,"data":"epoch   6 loss   6.4625 lr 9.97e-04\n"}
,{"stream_name":"stdout","time":200.736865207,"data":"epoch   7 loss   5.7961 lr 9.96e-04\n"}
,{"stream_name":"stdout","time":223.058175162,"data":"epoch   8 loss   7.0055 lr 9.95e-04\n"}
,{"stream_name":"stdout","time":245.329683334,"data":"epoch   9 loss   5.4414 lr 9.94e-04\n"}
,{"stream_name":"stdout","time":268.845683563,"data":"epoch  10 loss   4.5227 lr 9.93e-04 val EPE 7.468 D1 55.88%\n"}
,{"stream_name":"stdout","time":291.09562672,"data":"epoch  11 loss   3.8722 lr 9.91e-04\n"}
,{"stream_name":"stdout","time":313.352396362,"data":"epoch  12 loss   4.1485 lr 9.90e-04\n"}
,{"stream_name":"stdout","time":335.680856965,"data":"epoch  13 loss   4.6970 lr 9.88e-04\n"}
,{"stream_name":"stdout","time":357.919184836,"data":"epoch  14 loss   4.0329 lr 9.86e-04\n"}
,{"stream_name":"stdout","time":381.696839514,"data":"epoch  15 loss   3.4528 lr 9.84e-04 val EPE 6.917 D1 58.84%\n"}
,{"stream_name":"stdout","time":403.952214415,"data":"epoch  16 loss   3.6377 lr 9.82e-04\n"}
,{"stream_name":"stdout","time":426.206746984,"data":"epoch  17 loss   3.6007 lr 9.80e-04\n"}
,{"stream_name":"stdout","time":448.485823742,"data":"epoch  18 loss   3.3479 lr 9.78e-04\n"}
,{"stream_name":"stdout","time":470.778311635,"data":"epoch  19 loss   3.1224 lr 9.76e-04\n"}
,{"stream_name":"stdout","time":494.567716396,"data":"epoch  20 loss   3.0970 lr 9.73e-04 val EPE 5.292 D1 42.01%\n"}
,{"stream_name":"stdout","time":516.985538702,"data":"epoch  21 loss   3.4475 lr 9.70e-04\n"}
,{"stream_name":"stdout","time":539.327371908,"data":"epoch  22 loss   3.4258 lr 9.68e-04\n"}
,{"stream_name":"stdout","time":561.462977989,"data":"epoch  23 loss   3.2636 lr 9.65e-04\n"}
,{"stream_name":"stdout","time":583.666314735,"data":"epoch  24 loss   3.5615 lr 9.62e-04\n"}
,{"stream_name":"stdout","time":607.189670357,"data":"epoch  25 loss   3.3263 lr 9.59e-04 val EPE 5.040 D1 38.95%\n"}
,{"stream_name":"stdout","time":629.57713832,"data":"epoch  26 loss   2.9202 lr 9.56e-04\n"}
,{"stream_name":"stdout","time":651.93747956,"data":"epoch  27 loss   3.5640 lr 9.52e-04\n"}
,{"stream_name":"stdout","time":674.19093792,"data":"epoch  28 loss   3.1501 lr 9.49e-04\n"}
,{"stream_name":"stdout","time":696.405509828,"data":"epoch  29 loss   3.4110 lr 9.46e-04\n"}
,{"stream_name":"stdout","time":719.971981603,"data":"epoch  30 loss   2.7205 lr 9.42e-04 val EPE 4.687 D1 36.06%\n"}
,{"stream_name":"stdout","time":742.189155645,"data":"epoch  31 loss   2.7265 lr 9.38e-04\n"}
,{"stream_name":"stdout","time":764.486710835,"data":"epoch  32 loss   2.7183 lr 9.34e-04\n"}
,{"stream_name":"stdout","time":786.706877465,"data":"epoch  33 loss   2.4259 lr 9.30e-04\n"}
,{"stream_name":"stdout","time":808.893740679,"data":"epoch  34 loss   2.7681 lr 9.26e-04\n"}
,{"stream_name":"stdout","time":832.407282092,"data":"epoch  35 loss   2.5996 lr 9.22e-04 val EPE 4.893 D1 43.80%\n"}
,{"stream_name":"stdout","time":854.626841558,"data":"epoch  36 loss   2.5215 lr 9.18e-04\n"}
,{"stream_name":"stdout","time":876.747106686,"data":"epoch  37 loss   2.2698 lr 9.14e-04\n"}
,{"stream_name":"stdout","time":898.896998471,"data":"epoch  38 loss   2.5517 lr 9.09e-04\n"}
,{"stream_name":"stdout","time":921.040961294,"data":"epoch  39 loss   2.5582 lr 9.05e-04\n"}
,{"stream_name":"stdout","time":944.57217147,"data":"epoch  40 loss   2.3613 lr 9.00e-04 val EPE 4.275 D1 38.23%\n"}
,{"stream_name":"stdout","time":966.781011018,"data":"epoch  41 loss   2.1582 lr 8.95e-04\n"}
,{"stream_name":"stdout","time":988.925970492,"data":"epoch  42 loss   2.3544 lr 8.90e-04\n"}
,{"stream_name":"stdout","time":1011.158865541,"data":"epoch  43 loss   2.1929 lr 8.85e-04\n"}
,{"stream_name":"stdout","time":1033.326189488,"data":"epoch  44 loss   2.0747 lr 8.80e-04\n"}
,{"stream_name":"stdout","time":1056.85991405,"data":"epoch  45 loss   2.2707 lr 8.75e-04 val EPE 4.234 D1 39.74%\n"}
,{"stream_name":"stdout","time":1078.985759894,"data":"epoch  46 loss   2.2591 lr 8.70e-04\n"}
,{"stream_name":"stdout","time":1101.212814575,"data":"epoch  47 loss   2.3161 lr 8.64e-04\n"}
,{"stream_name":"stdout","time":1123.413510366,"data":"epoch  48 loss   2.4949 lr 8.59e-04\n"}
,{"stream_name":"stdout","time":1145.739189813,"data":"epoch  49 loss   2.0989 lr 8.54e-04\n"}
,{"stream_name":"stdout","time":1169.514852498,"data":"epoch  50 loss   1.8640 lr 8.48e-04 val EPE 2.973 D1 20.13%\n"}
,{"stream_name":"stdout","time":1191.816052001,"data":"epoch  51 loss   1.8939 lr 8.42e-04\n"}
,{"stream_name":"stdout","time":1214.157224343,"data":"epoch  52 loss   1.8165 lr 8.37e-04\n"}
,{"stream_name":"stdout","time":1236.526816345,"data":"epoch  53 loss   1.8689 lr 8.31e-04\n"}
,{"stream_name":"stdout","time":1258.99861658,"data":"epoch  54 loss   2.0653 lr 8.25e-04\n"}
,{"stream_name":"stdout","time":1282.715743357,"data":"epoch  55 loss   1.8688 lr 8.19e-04 val EPE 3.118 D1 22.18%\n"}
,{"stream_name":"stdout","time":1305.056846456,"data":"epoch  56 loss   2.2971 lr 8.13e-04\n"}
,{"stream_name":"stdout","time":1327.355993508,"data":"epoch  57 loss   2.0153 lr 8.06e-04\n"}
,{"stream_name":"stdout","time":1349.622408196,"data":"epoch  58 loss   2.0819 lr 8.00e-04\n"}
,{"stream_name":"stdout","time":1372.002452734,"data":"epoch  59 loss   2.1431 lr 7.94e-04\n"}
,{"stream_name":"stdout","time":1395.654125281,"data":"epoch  60 loss   1.9936 lr 7.88e-04 val EPE 3.114 D1 21.16%\n"}
,{"stream_name":"stdout","time":1417.920849936,"data":"epoch  61 loss   1.9847 lr 7.81e-04\n"}
,{"stream_name":"stdout","time":1440.233208222,"data":"epoch  62 loss   1.7858 lr 7.75e-04\n"}
,{"stream_name":"stdout","time":1462.683396287,"data":"epoch  63 loss   1.8088 lr 7.68e-04\n"}
,{"stream_name":"stdout","time":1485.023541565,"data":"epoch  64 loss   1.7909 lr 7.61e-04\n"}
,{"stream_name":"stdout","time":1508.665459382,"data":"epoch  65 loss   1.8304 lr 7.55e-04 val EPE 2.863 D1 20.30%\n"}
,{"stream_name":"stdout","time":1530.995667178,"data":"epoch  66 loss   1.8970 lr 7.48e-04\n"}
,{"stream_name":"stdout","time":1553.264520498,"data":"epoch  67 loss   1.8333 lr 7.41e-04\n"}
,{"stream_name":"stdout","time":1575.665590951,"data":"epoch  68 loss   2.1667 lr 7.34e-04\n"}
,{"stream_name":"stdout","time":1598.094658249,"data":"epoch  69 loss   2.1192 lr 7.27e-04\n"}
,{"stream_name":"stdout","time":1621.863007422,"data":"epoch  70 loss   1.7396 lr 7.20e-04 val EPE 2.805 D1 18.70%\n"}
,{"stream_name":"stdout","time":1644.172376359,"data":"epoch  71 loss   2.0816 lr 7.13e-04\n"}
,{"stream_name":"stdout","time":1666.465548262,"data":"epoch  72 loss   1.7380 lr 7.06e-04\n"}
,{"stream_name":"stdout","time":1688.731360815,"data":"epoch  73 loss   1.7153 lr 6.99e-04\n"}
,{"stream_name":"stdout","time":1710.974291167,"data":"epoch  74 loss   1.6536 lr 6.91e-04\n"}
,{"stream_name":"stdout","time":1734.534308254,"data":"epoch  75 loss   1.8620 lr 6.84e-04 val EPE 2.460 D1 16.33%\n"}
,{"stream_name":"stdout","time":1756.815479962,"data":"epoch  76 loss   1.7385 lr 6.77e-04\n"}
,{"stream_name":"stdout","time":1779.081486656,"data":"epoch  77 loss   1.6703 lr 6.69e-04\n"}
,{"stream_name":"stdout","time":1801.413299768,"data":"epoch  78 loss   1.3981 lr 6.62e-04\n"}
,{"stream_name":"stdout","time":1823.628950191,"data":"epoch  79 loss   1.5604 lr 6.55e-04\n"}
,{"stream_name":"stdout","time":1847.21848001,"data":"epoch  80 loss   1.4961 lr 6.47e-04 val EPE 2.631 D1 16.26%\n"}
,{"stream_name":"stdout","time":1869.614118418,"data":"epoch  81 loss   1.4661 lr 6.39e-04\n"}
,{"stream_name":"stdout","time":1892.009145895,"data":"epoch  82 loss   1.4538 lr 6.32e-04\n"}
,{"stream_name":"stdout","time":1914.25539652,"data":"epoch  83 loss   1.6617 lr 6.24e-04\n"}
,{"stream_name":"stdout","time":1936.491722771,"data":"epoch  84 loss   1.6386 lr 6.17e-04\n"}
,{"stream_name":"stdout","time":1960.0324552,"data":"epoch  85 loss   1.6438 lr 6.09e-04 val EPE 2.403 D1 15.39%\n"}
,{"stream_name":"stdout","time":1982.330840945,"data":"epoch  86 loss   1.6033 lr 6.01e-04\n"}
,{"stream_name":"stdout","time":2004.595474726,"data":"epoch  87 loss   1.7750 lr 5.94e-04\n"}
,{"stream_name":"stdout","time":2026.891422887,"data":"epoch  88 loss   1.4314 lr 5.86e-04\n"}
,{"stream_name":"stdout","time":2049.184270206,"data":"epoch  89 loss   1.5011 lr 5.78e-04\n"}
,{"stream_name":"stdout","time":2072.792563323,"data":"epoch  90 loss   1.9580 lr 5.70e-04 val EPE 3.538 D1 33.19%\n"}
,{"stream_name":"stdout","time":2094.999061257,"data":"epoch  91 loss   1.7039 lr 5.63e-04\n"}
,{"stream_name":"stdout","time":2117.228114694,"data":"epoch  92 loss   1.4096 lr 5.55e-04\n"}
,{"stream_name":"stdout","time":2139.538060848,"data":"epoch  93 loss   1.2613 lr 5.47e-04\n"}
,{"stream_name":"stdout","time":2161.89356142,"data":"epoch  94 loss   1.3010 lr 5.39e-04\n"}
,{"stream_name":"stdout","time":2185.630969325,"data":"epoch  95 loss   1.4431 lr 5.31e-04 val EPE 2.548 D1 15.11%\n"}
,{"stream_name":"stdout","time":2207.908797257,"data":"epoch  96 loss   1.4628 lr 5.24e-04\n"}
,{"stream_name":"stdout","time":2230.222234189,"data":"epoch  97 loss   1.6092 lr 5.16e-04\n"}
,{"stream_name":"stdout","time":2252.529686629,"data":"epoch  98 loss   1.3896 lr 5.08e-04\n"}
,{"stream_name":"stdout","time":2274.835559007,"data":"epoch  99 loss   1.3185 lr 5.00e-04\n"}
,{"stream_name":"stdout","time":2298.353463085,"data":"epoch 100 loss   1.8429 lr 4.92e-04 val EPE 2.405 D1 15.42%\n"}
,{"stream_name":"stdout","time":2320.578035613,"data":"epoch 101 loss   1.3525 lr 4.84e-04\n"}
,{"stream_name":"stdout","time":2342.843106762,"data":"epoch 102 loss   1.0810 lr 4.76e-04\n"}
,{"stream_name":"stdout","time":2365.164147082,"data":"epoch 103 loss   1.3148 lr 4.69e-04\n"}
,{"stream_name":"stdout","time":2387.539609903,"data":"epoch 104 loss   1.2735 lr 4.61e-04\n"}
,{"stream_name":"stdout","time":2411.245295739,"data":"epoch 105 loss   1.2517 lr 4.53e-04 val EPE 2.999 D1 19.69%\n"}
,{"stream_name":"stdout","time":2433.506610345,"data":"epoch 106 loss   1.2247 lr 4.45e-04\n"}
,{"stream_name":"stdout","time":2455.833999072,"data":"epoch 107 loss   1.0710 lr 4.37e-04\n"}
,{"stream_name":"stdout","time":2478.09473273,"data":"epoch 108 loss   1.2941 lr 4.30e-04\n"}
,{"stream_name":"stdout","time":2500.471837559,"data":"epoch 109 loss   1.3659 lr 4.22e-04\n"}
,{"stream_name":"stdout","time":2524.236606463,"data":"epoch 110 loss   1.3362 lr 4.14e-04 val EPE 2.174 D1 12.82%\n"}
,{"stream_name":"stdout","time":2546.6922221,"data":"epoch 111 loss   1.2560 lr 4.06e-04\n"}
,{"stream_name":"stdout","time":2568.980236515,"data":"epoch 112 loss   1.3847 lr 3.99e-04\n"}
,{"stream_name":"stdout","time":2591.224132837,"data":"epoch 113 loss   1.4956 lr 3.91e-04\n"}
,{"stream_name":"stdout","time":2613.439277316,"data":"epoch 114 loss   1.4479 lr 3.83e-04\n"}
,{"stream_name":"stdout","time":2637.087161122,"data":"epoch 115 loss   1.6088 lr 3.76e-04 val EPE 2.215 D1 14.17%\n"}
,{"stream_name":"stdout","time":2659.32204006,"data":"epoch 116 loss   1.1448 lr 3.68e-04\n"}
,{"stream_name":"stdout","time":2681.54472851,"data":"epoch 117 loss   1.6968 lr 3.61e-04\n"}
,{"stream_name":"stdout","time":2703.879646929,"data":"epoch 118 loss   1.3580 lr 3.53e-04\n"}
,{"stream_name":"stdout","time":2726.183067093,"data":"epoch 119 loss   1.2779 lr 3.45e-04\n"}
,{"stream_name":"stdout","time":2749.75234261,"data":"epoch 120 loss   1.4010 lr 3.38e-04 val EPE 2.271 D1 14.27%\n"}
,{"stream_name":"stdout","time":2772.051526453,"data":"epoch 121 loss   1.1601 lr 3.31e-04\n"}
,{"stream_name":"stdout","time":2794.330668361,"data":"epoch 122 loss   1.2807 lr 3.23e-04\n"}
,{"stream_name":"stdout","time":2816.693569512,"data":"epoch 123 loss   1.2252 lr 3.16e-04\n"}
,{"stream_name":"stdout","time":2838.911296236,"data":"epoch 124 loss   1.2455 lr 3.09e-04\n"}
,{"stream_name":"stdout","time":2862.538032551,"data":"epoch 125 loss   1.6444 lr 3.01e-04 val EPE 2.257 D1 14.30%\n"}
,{"stream_name":"stdout","time":2884.752566556,"data":"epoch 126 loss   1.5220 lr 2.94e-04\n"}
,{"stream_name":"stdout","time":2907.0418013,"data":"epoch 127 loss   1.1769 lr 2.87e-04\n"}
,{"stream_name":"stdout","time":2929.427173076,"data":"epoch 128 loss   1.0618 lr 2.80e-04\n"}
,{"stream_name":"stdout","time":2951.72818044,"data":"epoch 129 loss   1.1537 lr 2.73e-04\n"}
,{"stream_name":"stdout","time":2975.353578916,"data":"epoch 130 loss   1.3425 lr 2.66e-04 val EPE 2.247 D1 14.70%\n"}
,{"stream_name":"stdout","time":2997.59512145,"data":"epoch 131 loss   0.9298 lr 2.59e-04\n"}
,{"stream_name":"stdout","time":3019.891462613,"data":"epoch 132 loss   1.0160 lr 2.52e-04\n"}
,{"stream_name":"stdout","time":3042.122105572,"data":"epoch 133 loss   1.0400 lr 2.45e-04\n"}
,{"stream_name":"stdout","time":3064.381291323,"data":"epoch 134 loss   1.2886 lr 2.39e-04\n"}
,{"stream_name":"stdout","time":3088.029653747,"data":"epoch 135 loss   1.0982 lr 2.32e-04 val EPE 2.190 D1 13.18%\n"}
,{"stream_name":"stdout","time":3110.398535662,"data":"epoch 136 loss   1.0841 lr 2.25e-04\n"}
,{"stream_name":"stdout","time":3132.967087724,"data":"epoch 137 loss   1.1254 lr 2.19e-04\n"}
,{"stream_name":"stdout","time":3155.421244243,"data":"epoch 138 loss   1.1438 lr 2.12e-04\n"}
,{"stream_name":"stdout","time":3177.84119593,"data":"epoch 139 loss   1.1376 lr 2.06e-04\n"}
,{"stream_name":"stdout","time":3201.442479632,"data":"epoch 140 loss   1.1507 lr 2.00e-04 val EPE 2.220 D1 13.46%\n"}
,{"stream_name":"stdout","time":3223.646538238,"data":"epoch 141 loss   1.0022 lr 1.94e-04\n"}
,{"stream_name":"stdout","time":3245.879346774,"data":"epoch 142 loss   1.1161 lr 1.87e-04\n"}
,{"stream_name":"stdout","time":3268.226122117,"data":"epoch 143 loss   1.1529 lr 1.81e-04\n"}
,{"stream_name":"stdout","time":3290.526425884,"data":"epoch 144 loss   1.1119 lr 1.75e-04\n"}
,{"stream_name":"stdout","time":3314.325111163,"data":"epoch 145 loss   1.2517 lr 1.69e-04 val EPE 2.113 D1 13.30%\n"}
,{"stream_name":"stdout","time":3336.63605471,"data":"epoch 146 loss   1.1535 lr 1.63e-04\n"}
,{"stream_name":"stdout","time":3358.820229932,"data":"epoch 147 loss   1.0929 lr 1.58e-04\n"}
,{"stream_name":"stdout","time":3381.175741959,"data":"epoch 148 loss   1.0315 lr 1.52e-04\n"}
,{"stream_name":"stdout","time":3403.547809394,"data":"epoch 149 loss   1.0027 lr 1.46e-04\n"}
,{"stream_name":"stdout","time":3427.263121887,"data":"epoch 150 loss   0.9254 lr 1.41e-04 val EPE 2.132 D1 12.95%\n"}
,{"stream_name":"stdout","time":3449.585015228,"data":"epoch 151 loss   1.2133 lr 1.36e-04\n"}
,{"stream_name":"stdout","time":3471.823014684,"data":"epoch 152 loss   1.1253 lr 1.30e-04\n"}
,{"stream_name":"stdout","time":3494.134890393,"data":"epoch 153 loss   1.0459 lr 1.25e-04\n"}
,{"stream_name":"stdout","time":3516.517878447,"data":"epoch 154 loss   1.0594 lr 1.20e-04\n"}
,{"stream_name":"stdout","time":3540.308951034,"data":"epoch 155 loss   1.1549 lr 1.15e-04 val EPE 2.170 D1 13.47%\n"}
,{"stream_name":"stdout","time":3562.605456145,"data":"epoch 156 loss   1.0236 lr 1.10e-04\n"}
,{"stream_name":"stdout","time":3585.026886521,"data":"epoch 157 loss   1.0865 lr 1.05e-04\n"}
,{"stream_name":"stdout","time":3607.366727515,"data":"epoch 158 loss   1.0720 lr 1.00e-04\n"}
,{"stream_name":"stdout","time":3629.696324024,"data":"epoch 159 loss   1.0112 lr 9.55e-05\n"}
,{"stream_name":"stdout","time":3653.34032116,"data":"epoch 160 loss   0.9662 lr 9.09e-05 val EPE 2.025 D1 12.75%\n"}
,{"stream_name":"stdout","time":3675.793861339,"data":"epoch 161 loss   1.0663 lr 8.65e-05\n"}
,{"stream_name":"stdout","time":3698.143756819,"data":"epoch 162 loss   0.9627 lr 8.21e-05\n"}
,{"stream_name":"stdout","time":3720.361475982,"data":"epoch 163 loss   1.0126 lr 7.78e-05\n"}
,{"stream_name":"stdout","time":3742.680420389,"data":"epoch 164 loss   1.2494 lr 7.37e-05\n"}
,{"stream_name":"stdout","time":3766.450963127,"data":"epoch 165 loss   0.9234 lr 6.96e-05 val EPE 2.029 D1 11.96%\n"}
,{"stream_name":"stdout","time":3789.025036023,"data":"epoch 166 loss   1.0724 lr 6.57e-05\n"}
,{"stream_name":"stdout","time":3812.023240527,"data":"epoch 167 loss   1.2171 lr 6.18e-05\n"}
,{"stream_name":"stdout","time":3834.771490057,"data":"epoch 168 loss   1.0356 lr 5.81e-05\n"}
,{"stream_name":"stdout","time":3857.036353702,"data":"epoch 169 loss   0.8457 lr 5.45e-05\n"}
,{"stream_name":"stdout","time":3880.704920044,"data":"epoch 170 loss   1.0124 lr 5.10e-05 val EPE 1.931 D1 11.79%\n"}
,{"stream_name":"stdout","time":3903.096820062,"data":"epoch 171 loss   1.0737 lr 4.76e-05\n"}
,{"stream_name":"stdout","time":3925.495109028,"data":"epoch 172 loss   0.9450 lr 4.43e-05\n"}
,{"stream_name":"stdout","time":3947.841929114,"data":"epoch 173 loss   0.9554 lr 4.11e-05\n"}
,{"stream_name":"stdout","time":3970.307151781,"data":"epoch 174 loss   0.9439 lr 3.81e-05\n"}
,{"stream_name":"stdout","time":3994.135879922,"data":"epoch 175 loss   0.9828 lr 3.51e-05 val EPE 2.039 D1 12.16%\n"}
,{"stream_name":"stdout","time":4016.614947979,"data":"epoch 176 loss   1.1929 lr 3.23e-05\n"}
,{"stream_name":"stdout","time":4039.191754904,"data":"epoch 177 loss   1.0127 lr 2.96e-05\n"}
,{"stream_name":"stdout","time":4061.807400946,"data":"epoch 178 loss   1.1682 lr 2.70e-05\n"}
,{"stream_name":"stdout","time":4084.249083708,"data":"epoch 179 loss   0.8457 lr 2.45e-05\n"}
,{"stream_name":"stdout","time":4108.095811432,"data":"epoch 180 loss   0.9199 lr 2.21e-05 val EPE 2.024 D1 11.66%\n"}
,{"stream_name":"stdout","time":4130.621451685,"data":"epoch 181 loss   1.0004 lr 1.99e-05\n"}
,{"stream_name":"stdout","time":4153.091445899,"data":"epoch 182 loss   0.8133 lr 1.77e-05\n"}
,{"stream_name":"stdout","time":4175.62207272,"data":"epoch 183 loss   0.9777 lr 1.57e-05\n"}
,{"stream_name":"stdout","time":4198.064176408,"data":"epoch 184 loss   0.8859 lr 1.38e-05\n"}
,{"stream_name":"stdout","time":4221.96765109,"data":"epoch 185 loss   0.9138 lr 1.20e-05 val EPE 1.962 D1 11.48%\n"}
,{"stream_name":"stdout","time":4244.452091342,"data":"epoch 186 loss   0.9629 lr 1.04e-05\n"}
,{"stream_name":"stdout","time":4267.000609922,"data":"epoch 187 loss   0.8100 lr 8.86e-06\n"}
,{"stream_name":"stdout","time":4289.494188309,"data":"epoch 188 loss   0.9603 lr 7.45e-06\n"}
,{"stream_name":"stdout","time":4312.01183919,"data":"epoch 189 loss   1.1153 lr 6.16e-06\n"}
,{"stream_name":"stdout","time":4335.716062013,"data":"epoch 190 loss   0.9607 lr 4.99e-06 val EPE 2.026 D1 11.58%\n"}
,{"stream_name":"stdout","time":4358.255806991,"data":"epoch 191 loss   0.9425 lr 3.94e-06\n"}
,{"stream_name":"stdout","time":4380.750755034,"data":"epoch 192 loss   0.9965 lr 3.02e-06\n"}
,{"stream_name":"stdout","time":4403.262760174,"data":"epoch 193 loss   0.9254 lr 2.22e-06\n"}
,{"stream_name":"stdout","time":4425.713684127,"data":"epoch 194 loss   0.9386 lr 1.54e-06\n"}
,{"stream_name":"stdout","time":4449.453159994,"data":"epoch 195 loss   0.9252 lr 9.87e-07 val EPE 2.003 D1 11.58%\n"}
,{"stream_name":"stdout","time":4471.916462902,"data":"epoch 196 loss   1.0830 lr 5.55e-07\n"}
,{"stream_name":"stdout","time":4494.461703215,"data":"epoch 197 loss   0.9467 lr 2.47e-07\n"}
,{"stream_name":"stdout","time":4516.856859049,"data":"epoch 198 loss   0.9941 lr 6.17e-08\n"}
,{"stream_name":"stdout","time":4540.732902324,"data":"epoch 199 loss   1.0139 lr 0.00e+00 val EPE 1.996 D1 11.56%\n"}
,{"stream_name":"stdout","time":4540.763125121,"data":"P2A seed 1 done: wall 4522.1s best10 EPE 1.9309 @epoch 170\n"}
,{"stream_name":"stdout","time":4543.410498274,"data":"ARM control COMPLETE wall=4532.2s best10=1.9309@170 final_lr=0.00e+00\n"}
,{"stream_name":"stdout","time":4543.436060994,"data":"provenance /kaggle/working/provenance_control_seed1_kaggle.json rc=0 wall=4542.4\n"}
,{"stream_name":"stderr","time":4546.175051191,"data":"/usr/local/lib/python3.12/dist-packages/mistune.py:435: SyntaxWarning: invalid escape sequence '\\|'\n"}
,{"stream_name":"stderr","time":4546.175122392,"data":"  cells[i][c] = re.sub('\\\\\\\\\\|', '|', cell)\n"}
,{"stream_name":"stderr","time":4546.480122638,"data":"/usr/local/lib/python3.12/dist-packages/nbconvert/filters/filter_links.py:36: SyntaxWarning: invalid escape sequence '\\_'\n"}
,{"stream_name":"stderr","time":4546.480151804,"data":"  text = re.sub(r'_', '\\_', text) # Escape underscores in display text\n"}
,{"stream_name":"stderr","time":4547.185848328,"data":"[NbConvertApp] Converting notebook __script__.ipynb to html\n"}
,{"stream_name":"stderr","time":4548.509595636,"data":"[NbConvertApp] Writing 310221 bytes to __results__.html\n"}
]