
| Blocks | Seed | EPE@10 | EPE@20 | EPE@30 | D1@10 | D1@20 | D1@30 |
|---|---:|---:|---:|---:|---:|---:|---:|
| 6 | 1 | 16.3545 | 11.5311 | 8.0942 | 86.7130 | 77.1322 | 64.6818 |
| 5 | 1 | 16.5181 | 11.7946 | 7.3619 | 87.1528 | 78.8568 | 55.6817 |
| 4 | 1 | 18.3653 | 12.0788 | 8.7907 | 88.2830 | 78.7356 | 64.4681 |
| 6 | 2 | 15.3428 | 13.2647 | 7.7840 | 86.4215 | 83.3111 | 53.1417 |
| 5 | 2 | 15.6977 | 12.3364 | 8.4022 | 86.5844 | 78.7595 | 59.4014 |
| 4 | 2 | 16.3429 | 15.5063 | 10.7875 | 87.3555 | 85.6416 | 77.3307 |

seed-0 context (read-only, from the frozen records):
| 6 | 0 | 9.0015 | 7.3321 | 7.1893 | 64.5524 | 51.1055 | 51.8797 |
| 5 | 0 | 15.4927 | 17.5082 | 13.0777 | 85.7950 | 88.2107 | 82.0656 |
| 4 | 0 | 9.3812 | 6.9404 | 6.4530 | 68.2294 | 53.0989 | 46.0047 |

ordering (best->worst):
{
  "seed1": {
    "10": {
      "epe_best_to_worst": [
        "6b",
        "5b",
        "4b"
      ],
      "d1_best_to_worst": [
        "6b",
        "5b",
        "4b"
      ]
    },
    "20": {
      "epe_best_to_worst": [
        "6b",
        "5b",
        "4b"
      ],
      "d1_best_to_worst": [
        "6b",
        "4b",
        "5b"
      ]
    },
    "30": {
      "epe_best_to_worst": [
        "5b",
        "6b",
        "4b"
      ],
      "d1_best_to_worst": [
        "5b",
        "4b",
        "6b"
      ]
    }
  },
  "seed2": {
    "10": {
      "epe_best_to_worst": [
        "6b",
        "5b",
        "4b"
      ],
      "d1_best_to_worst": [
        "6b",
        "5b",
        "4b"
      ]
    },
    "20": {
      "epe_best_to_worst": [
        "5b",
        "6b",
        "4b"
      ],
      "d1_best_to_worst": [
        "5b",
        "6b",
        "4b"
      ]
    },
    "30": {
      "epe_best_to_worst": [
        "6b",
        "5b",
        "4b"
      ],
      "d1_best_to_worst": [
        "6b",
        "5b",
        "4b"
      ]
    }
  },
  "seed0": {
    "10": {
      "epe_best_to_worst": [
        "6b",
        "4b",
        "5b"
      ],
      "d1_best_to_worst": [
        "6b",
        "4b",
        "5b"
      ]
    },
    "20": {
      "epe_best_to_worst": [
        "4b",
        "6b",
        "5b"
      ],
      "d1_best_to_worst": [
        "6b",
        "4b",
        "5b"
      ]
    },
    "30": {
      "epe_best_to_worst": [
        "4b",
        "6b",
        "5b"
      ],
      "d1_best_to_worst": [
        "4b",
        "6b",
        "5b"
      ]
    }
  }
}

seed effect:
{
  "6_blocks": {
    "10": {
      "seed1_epe": 16.354468555031907,
      "seed2_epe": 15.342843913060761,
      "abs_delta_epe": 1.0116246419711459,
      "seed1_d1": 86.71300569370469,
      "seed2_d1": 86.42149746904673,
      "abs_delta_d1": 0.2915082246579601
    },
    "20": {
      "seed1_epe": 11.531113655002551,
      "seed2_epe": 13.264679111775289,
      "abs_delta_epe": 1.7335654567727374,
      "seed1_d1": 77.13223814492031,
      "seed2_d1": 83.31107355183377,
      "abs_delta_d1": 6.178835406913464
    },
    "30": {
      "seed1_epe": 8.094180191201865,
      "seed2_epe": 7.783966081034987,
      "abs_delta_epe": 0.3102141101668776,
      "seed1_d1": 64.68183913430761,
      "seed2_d1": 53.14174520268578,
      "abs_delta_d1": 11.540093931621826
    }
  },
  "5_blocks": {
    "10": {
      "seed1_epe": 16.518099166643857,
      "seed2_epe": 15.697687361736723,
      "abs_delta_epe": 0.8204118049071347,
      "seed1_d1": 87.15279307428894,
      "seed2_d1": 86.5843896432382,
      "abs_delta_d1": 0.56840343105074
    },
    "20": {
      "seed1_epe": 11.794639559516389,
      "seed2_epe": 12.336432160139305,
      "abs_delta_epe": 0.5417926006229159,
      "seed1_d1": 78.85678919754115,
      "seed2_d1": 78.75954815687935,
      "abs_delta_d1": 0.09724104066179962
    },
    "30": {
      "seed1_epe": 7.361923514566945,
      "seed2_epe": 8.402171825251491,
      "abs_delta_epe": 1.0402483106845466,
      "seed1_d1": 55.68172416423744,
      "seed2_d1": 59.4013820047127,
      "abs_delta_d1": 3.7196578404752643
    }
  },
  "4_blocks": {
    "10": {
      "seed1_epe": 18.36530086611511,
      "seed2_epe": 16.342920881565185,
      "abs_delta_epe": 2.022379984549925,
      "seed1_d1": 88.2830455679038,
      "seed2_d1": 87.35554870271855,
      "abs_delta_d1": 0.9274968651852475
    },
    "20": {
      "seed1_epe": 12.078822974549746,
      "seed2_epe": 15.506311573290349,
      "abs_delta_epe": 3.4274885987406023,
      "seed1_d1": 78.73558710487097,
      "seed2_d1": 85.64163506780548,
      "abs_delta_d1": 6.906047962934508
    },
    "30": {
      "seed1_epe": 8.790706193517932,
      "seed2_epe": 10.78750985214367,
      "abs_delta_epe": 1.996803658625737,
      "seed1_d1": 64.46812374217909,
      "seed2_d1": 77.33069582680136,
      "abs_delta_d1": 12.862572084622272
    }
  }
}

architecture spread within a seed:
{
  "seed1": {
    "10": {
      "epe_range": 2.0108323110832025,
      "d1_range": 1.5700398741991108
    },
    "20": {
      "epe_range": 0.5477093195471952,
      "d1_range": 1.7245510526208392
    },
    "30": {
      "epe_range": 1.4287826789509879,
      "d1_range": 9.000114970070172
    }
  },
  "seed2": {
    "10": {
      "epe_range": 1.0000769685044233,
      "d1_range": 0.9340512336718234
    },
    "20": {
      "epe_range": 3.169879413151044,
      "d1_range": 6.882086910926134
    },
    "30": {
      "epe_range": 3.0035437711086823,
      "d1_range": 24.188950624115577
    }
  }
}
