integrity guard: {"param_count": 397954, "param_count_ok": true, "all_ok": true}
init: {"source": "/kaggle/working/repo/checkpoints/armp_stage1_best.pth", "strict": true, "sha256": "3ae6fb3be6b2bda9287b325ccbe6d1397744c8f20ef5e56c046176d9f1a29be7", "n_keys": 70, "param_count": 397954}
/kaggle/working/repo/stage_e_recipe/run/scripts/finetune_pilot.py:317: UserWarning: Converting a tensor with requires_grad=True to a scalar may lead to unexpected behavior.
Consider using tensor.detach() first. (Triggered internally at /pytorch/torch/csrc/autograd/generated/python_variable_methods.cpp:836.)
  epoch_loss += float(loss)
epoch   0 loss   2.3832 lr 1.00e-03 val EPE 4.502 D1 34.68%
epoch   1 loss   1.7147 lr 1.00e-03
epoch   2 loss   1.6664 lr 9.99e-04
epoch   3 loss   1.5604 lr 9.99e-04
epoch   4 loss   1.4925 lr 9.98e-04
epoch   5 loss   1.3203 lr 9.98e-04 val EPE 2.948 D1 22.07%
epoch   6 loss   1.4804 lr 9.97e-04
epoch   7 loss   1.3882 lr 9.96e-04
epoch   8 loss   1.7891 lr 9.95e-04
epoch   9 loss   1.6237 lr 9.94e-04
epoch  10 loss   1.5351 lr 9.93e-04 val EPE 2.386 D1 16.19%
epoch  11 loss   1.2596 lr 9.91e-04
epoch  12 loss   1.1321 lr 9.90e-04
epoch  13 loss   1.4055 lr 9.88e-04
epoch  14 loss   1.2574 lr 9.86e-04
epoch  15 loss   1.1521 lr 9.84e-04 val EPE 2.175 D1 13.99%
epoch  16 loss   1.0622 lr 9.82e-04
epoch  17 loss   1.1807 lr 9.80e-04
epoch  18 loss   1.3667 lr 9.78e-04
epoch  19 loss   1.2474 lr 9.76e-04
epoch  20 loss   1.0248 lr 9.73e-04 val EPE 2.048 D1 12.81%
epoch  21 loss   1.0642 lr 9.70e-04
epoch  22 loss   1.3329 lr 9.68e-04
epoch  23 loss   1.3520 lr 9.65e-04
epoch  24 loss   1.1486 lr 9.62e-04
epoch  25 loss   1.2918 lr 9.59e-04 val EPE 1.936 D1 11.98%
epoch  26 loss   1.2476 lr 9.56e-04
epoch  27 loss   1.2489 lr 9.52e-04
epoch  28 loss   1.0172 lr 9.49e-04
epoch  29 loss   0.9542 lr 9.46e-04
epoch  30 loss   1.2530 lr 9.42e-04 val EPE 1.908 D1 11.57%
epoch  31 loss   1.1549 lr 9.38e-04
epoch  32 loss   1.4458 lr 9.34e-04
epoch  33 loss   1.2226 lr 9.30e-04
epoch  34 loss   1.4101 lr 9.26e-04
epoch  35 loss   1.1055 lr 9.22e-04 val EPE 1.897 D1 11.41%
epoch  36 loss   1.0458 lr 9.18e-04
epoch  37 loss   1.0205 lr 9.14e-04
epoch  38 loss   1.0002 lr 9.09e-04
epoch  39 loss   0.9539 lr 9.05e-04
epoch  40 loss   1.1026 lr 9.00e-04 val EPE 1.863 D1 11.10%
epoch  41 loss   1.2453 lr 8.95e-04
epoch  42 loss   1.2924 lr 8.90e-04
epoch  43 loss   0.9923 lr 8.85e-04
epoch  44 loss   0.9773 lr 8.80e-04
epoch  45 loss   0.9828 lr 8.75e-04 val EPE 1.827 D1 10.84%
epoch  46 loss   0.9704 lr 8.70e-04
epoch  47 loss   1.1149 lr 8.64e-04
epoch  48 loss   1.0172 lr 8.59e-04
epoch  49 loss   1.1546 lr 8.54e-04
epoch  50 loss   1.0274 lr 8.48e-04 val EPE 1.765 D1 10.61%
epoch  51 loss   1.1287 lr 8.42e-04
epoch  52 loss   0.9125 lr 8.37e-04
epoch  53 loss   1.0519 lr 8.31e-04
epoch  54 loss   1.0881 lr 8.25e-04
epoch  55 loss   1.0185 lr 8.19e-04 val EPE 1.729 D1 10.45%
epoch  56 loss   1.0985 lr 8.13e-04
epoch  57 loss   1.0685 lr 8.06e-04
epoch  58 loss   0.9441 lr 8.00e-04
epoch  59 loss   0.9755 lr 7.94e-04
epoch  60 loss   0.9842 lr 7.88e-04 val EPE 1.700 D1 10.14%
epoch  61 loss   0.9621 lr 7.81e-04
epoch  62 loss   1.2436 lr 7.75e-04
epoch  63 loss   1.0091 lr 7.68e-04
epoch  64 loss   1.0219 lr 7.61e-04
epoch  65 loss   1.2628 lr 7.55e-04 val EPE 1.682 D1 9.95%
epoch  66 loss   0.9790 lr 7.48e-04
epoch  67 loss   1.1515 lr 7.41e-04
epoch  68 loss   1.3000 lr 7.34e-04
epoch  69 loss   1.2786 lr 7.27e-04
epoch  70 loss   0.9248 lr 7.20e-04 val EPE 1.696 D1 10.13%
epoch  71 loss   0.9823 lr 7.13e-04
epoch  72 loss   0.9204 lr 7.06e-04
epoch  73 loss   0.8668 lr 6.99e-04
epoch  74 loss   1.0377 lr 6.91e-04
epoch  75 loss   0.8796 lr 6.84e-04 val EPE 1.671 D1 9.94%
epoch  76 loss   0.9481 lr 6.77e-04
epoch  77 loss   0.8162 lr 6.69e-04
epoch  78 loss   0.8713 lr 6.62e-04
epoch  79 loss   0.8821 lr 6.55e-04
epoch  80 loss   0.8845 lr 6.47e-04 val EPE 1.658 D1 9.85%
epoch  81 loss   0.8823 lr 6.39e-04
epoch  82 loss   1.0068 lr 6.32e-04
epoch  83 loss   0.9484 lr 6.24e-04
epoch  84 loss   1.1776 lr 6.17e-04
epoch  85 loss   1.0638 lr 6.09e-04 val EPE 1.668 D1 9.81%
epoch  86 loss   0.9787 lr 6.01e-04
epoch  87 loss   0.9695 lr 5.94e-04
epoch  88 loss   0.9029 lr 5.86e-04
epoch  89 loss   1.0258 lr 5.78e-04
epoch  90 loss   0.8633 lr 5.70e-04 val EPE 1.659 D1 9.67%
epoch  91 loss   0.9725 lr 5.63e-04
epoch  92 loss   0.8404 lr 5.55e-04
epoch  93 loss   0.9392 lr 5.47e-04
epoch  94 loss   0.8297 lr 5.39e-04
epoch  95 loss   0.8402 lr 5.31e-04 val EPE 1.640 D1 9.45%
epoch  96 loss   0.8288 lr 5.24e-04
epoch  97 loss   0.9842 lr 5.16e-04
epoch  98 loss   0.9049 lr 5.08e-04
epoch  99 loss   0.9763 lr 5.00e-04
epoch 100 loss   0.9240 lr 4.92e-04 val EPE 1.605 D1 9.19%
epoch 101 loss   0.9106 lr 4.84e-04
epoch 102 loss   1.0188 lr 4.76e-04
epoch 103 loss   0.9436 lr 4.69e-04
epoch 104 loss   0.9371 lr 4.61e-04
epoch 105 loss   0.9023 lr 4.53e-04 val EPE 1.596 D1 9.08%
epoch 106 loss   0.7500 lr 4.45e-04
epoch 107 loss   0.8431 lr 4.37e-04
epoch 108 loss   0.8602 lr 4.30e-04
epoch 109 loss   0.8832 lr 4.22e-04
epoch 110 loss   0.8402 lr 4.14e-04 val EPE 1.588 D1 9.00%
epoch 111 loss   0.8828 lr 4.06e-04
epoch 112 loss   0.8357 lr 3.99e-04
epoch 113 loss   0.8336 lr 3.91e-04
epoch 114 loss   0.8556 lr 3.83e-04
epoch 115 loss   0.8770 lr 3.76e-04 val EPE 1.581 D1 8.90%
epoch 116 loss   0.8977 lr 3.68e-04
epoch 117 loss   0.7427 lr 3.61e-04
epoch 118 loss   0.9394 lr 3.53e-04
epoch 119 loss   0.8376 lr 3.45e-04
epoch 120 loss   0.8243 lr 3.38e-04 val EPE 1.584 D1 8.85%
epoch 121 loss   0.7365 lr 3.31e-04
epoch 122 loss   0.8099 lr 3.23e-04
epoch 123 loss   0.7842 lr 3.16e-04
epoch 124 loss   0.8011 lr 3.09e-04
epoch 125 loss   0.8762 lr 3.01e-04 val EPE 1.590 D1 8.86%
epoch 126 loss   0.7513 lr 2.94e-04
epoch 127 loss   0.7793 lr 2.87e-04
epoch 128 loss   0.7125 lr 2.80e-04
epoch 129 loss   0.8389 lr 2.73e-04
epoch 130 loss   0.7618 lr 2.66e-04 val EPE 1.589 D1 8.88%
epoch 131 loss   0.8998 lr 2.59e-04
epoch 132 loss   0.7112 lr 2.52e-04
epoch 133 loss   0.7191 lr 2.45e-04
epoch 134 loss   0.7371 lr 2.39e-04
epoch 135 loss   0.7113 lr 2.32e-04 val EPE 1.588 D1 8.91%
epoch 136 loss   0.8992 lr 2.25e-04
epoch 137 loss   0.6609 lr 2.19e-04
epoch 138 loss   0.8276 lr 2.12e-04
epoch 139 loss   0.7313 lr 2.06e-04
epoch 140 loss   0.7708 lr 2.00e-04 val EPE 1.585 D1 8.88%
epoch 141 loss   0.7827 lr 1.94e-04
epoch 142 loss   0.7087 lr 1.87e-04
epoch 143 loss   0.7981 lr 1.81e-04
epoch 144 loss   0.7126 lr 1.75e-04
epoch 145 loss   0.7891 lr 1.69e-04 val EPE 1.560 D1 8.81%
epoch 146 loss   0.7530 lr 1.63e-04
epoch 147 loss   0.7716 lr 1.58e-04
epoch 148 loss   0.7247 lr 1.52e-04
epoch 149 loss   0.7970 lr 1.46e-04
epoch 150 loss   0.7100 lr 1.41e-04 val EPE 1.563 D1 8.83%
epoch 151 loss   0.8106 lr 1.36e-04
epoch 152 loss   0.6824 lr 1.30e-04
epoch 153 loss   0.8840 lr 1.25e-04
epoch 154 loss   0.8704 lr 1.20e-04
epoch 155 loss   0.7280 lr 1.15e-04 val EPE 1.559 D1 8.84%
epoch 156 loss   0.8460 lr 1.10e-04
epoch 157 loss   0.6774 lr 1.05e-04
epoch 158 loss   0.6676 lr 1.00e-04
epoch 159 loss   0.8035 lr 9.55e-05
epoch 160 loss   0.7806 lr 9.09e-05 val EPE 1.562 D1 9.00%
epoch 161 loss   0.6436 lr 8.65e-05
epoch 162 loss   0.7207 lr 8.21e-05
epoch 163 loss   0.8666 lr 7.78e-05
epoch 164 loss   0.6688 lr 7.37e-05
epoch 165 loss   0.6979 lr 6.96e-05 val EPE 1.547 D1 8.97%
epoch 166 loss   0.7501 lr 6.57e-05
epoch 167 loss   0.6168 lr 6.18e-05
epoch 168 loss   0.6245 lr 5.81e-05
epoch 169 loss   0.7717 lr 5.45e-05
epoch 170 loss   0.6734 lr 5.10e-05 val EPE 1.537 D1 8.89%
epoch 171 loss   0.8233 lr 4.76e-05
epoch 172 loss   0.7705 lr 4.43e-05
epoch 173 loss   0.7162 lr 4.11e-05
epoch 174 loss   0.8032 lr 3.81e-05
epoch 175 loss   0.6656 lr 3.51e-05 val EPE 1.538 D1 8.90%
epoch 176 loss   0.7273 lr 3.23e-05
epoch 177 loss   0.8082 lr 2.96e-05
epoch 178 loss   0.7124 lr 2.70e-05
epoch 179 loss   0.6816 lr 2.45e-05
epoch 180 loss   0.6838 lr 2.21e-05 val EPE 1.535 D1 8.85%
epoch 181 loss   0.8658 lr 1.99e-05
epoch 182 loss   0.7301 lr 1.77e-05
epoch 183 loss   0.7275 lr 1.57e-05
epoch 184 loss   0.7519 lr 1.38e-05
epoch 185 loss   0.7073 lr 1.20e-05 val EPE 1.538 D1 8.86%
epoch 186 loss   0.7278 lr 1.04e-05
epoch 187 loss   0.6344 lr 8.86e-06
epoch 188 loss   0.7011 lr 7.45e-06
epoch 189 loss   0.7021 lr 6.16e-06
epoch 190 loss   0.6851 lr 4.99e-06 val EPE 1.549 D1 8.93%
epoch 191 loss   0.6772 lr 3.94e-06
epoch 192 loss   0.7923 lr 3.02e-06
epoch 193 loss   0.7416 lr 2.22e-06
epoch 194 loss   0.6904 lr 1.54e-06
epoch 195 loss   0.6212 lr 9.87e-07 val EPE 1.551 D1 8.94%
epoch 196 loss   0.7244 lr 5.55e-07
epoch 197 loss   0.8002 lr 2.47e-07
epoch 198 loss   0.6937 lr 6.17e-08
epoch 199 loss   0.6889 lr 0.00e+00 val EPE 1.552 D1 8.94%
P2A seed 2 done: wall 4730.1s best10 EPE 1.5348 @epoch 180
