[{"stream_name":"stdout","time":10.008431999,"data":"{\"python\": \"3.12.13\", \"torch\": \"2.10.0+cu128\", \"cuda\": \"12.8\", \"cudnn\": 91002, \"gpu\": \"Tesla T4\", \"device_count\": 2}\n"}
,{"stream_name":"stdout","time":10.009101677,"data":"+ /usr/bin/python3 /kaggle/working/repo/stage_e_recipe/run/scripts/run_arm.py --arm armp --init /kaggle/working/repo/checkpoints/armp_stage1_best.pth --outdir /kaggle/working/repo/stage_e_recipe/run/armp --seed 2 --epochs 200 --timeout_s 18000.0\n"}
,{"stream_name":"stdout","time":10.107099799,"data":"RUN arm=armp init=/kaggle/working/repo/checkpoints/armp_stage1_best.pth pid=20 cmd=['/usr/bin/python3', '/kaggle/working/repo/stage_e_recipe/run/scripts/finetune_pilot.py', '--init', '/kaggle/working/repo/checkpoints/armp_stage1_best.pth', '--arm', 'armp']\n"}
,{"stream_name":"stdout","time":12.67447253,"data":"integrity guard: {\"param_count\": 397954, \"param_count_ok\": true, \"all_ok\": true}\n"}
,{"stream_name":"stdout","time":12.687117488,"data":"init: {\"source\": \"/kaggle/working/repo/checkpoints/armp_stage1_best.pth\", \"strict\": true, \"sha256\": \"3ae6fb3be6b2bda9287b325ccbe6d1397744c8f20ef5e56c046176d9f1a29be7\", \"n_keys\": 70, \"param_count\": 397954}\n"}
,{"stream_name":"stdout","time":19.910050631,"data":"/kaggle/working/repo/stage_e_recipe/run/scripts/finetune_pilot.py:317: UserWarning: Converting a tensor with requires_grad=True to a scalar may lead to unexpected behavior.\n"}
,{"stream_name":"stdout","time":19.910090696,"data":"Consider using tensor.detach() first. (Triggered internally at /pytorch/torch/csrc/autograd/generated/python_variable_methods.cpp:836.)\n"}
,{"stream_name":"stdout","time":19.910096309,"data":"  epoch_loss += float(loss)\n"}
,{"stream_name":"stdout","time":56.16007177,"data":"epoch   0 loss   2.3832 lr 1.00e-03 val EPE 4.502 D1 34.68%\n"}
,{"stream_name":"stdout","time":78.646545007,"data":"epoch   1 loss   1.7147 lr 1.00e-03\n"}
,{"stream_name":"stdout","time":101.691137104,"data":"epoch   2 loss   1.6664 lr 9.99e-04\n"}
,{"stream_name":"stdout","time":125.73528593,"data":"epoch   3 loss   1.5604 lr 9.99e-04\n"}
,{"stream_name":"stdout","time":149.638772249,"data":"epoch   4 loss   1.4925 lr 9.98e-04\n"}
,{"stream_name":"stdout","time":174.535518419,"data":"epoch   5 loss   1.3203 lr 9.98e-04 val EPE 2.948 D1 22.07%\n"}
,{"stream_name":"stdout","time":198.096588727,"data":"epoch   6 loss   1.4804 lr 9.97e-04\n"}
,{"stream_name":"stdout","time":221.486866672,"data":"epoch   7 loss   1.3882 lr 9.96e-04\n"}
,{"stream_name":"stdout","time":244.737189007,"data":"epoch   8 loss   1.7891 lr 9.95e-04\n"}
,{"stream_name":"stdout","time":267.900013563,"data":"epoch   9 loss   1.6237 lr 9.94e-04\n"}
,{"stream_name":"stdout","time":292.479463777,"data":"epoch  10 loss   1.5351 lr 9.93e-04 val EPE 2.386 D1 16.19%\n"}
,{"stream_name":"stdout","time":316.025774564,"data":"epoch  11 loss   1.2596 lr 9.91e-04\n"}
,{"stream_name":"stdout","time":339.418837845,"data":"epoch  12 loss   1.1321 lr 9.90e-04\n"}
,{"stream_name":"stdout","time":362.853302298,"data":"epoch  13 loss   1.4055 lr 9.88e-04\n"}
,{"stream_name":"stdout","time":386.456923552,"data":"epoch  14 loss   1.2574 lr 9.86e-04\n"}
,{"stream_name":"stdout","time":411.566179068,"data":"epoch  15 loss   1.1521 lr 9.84e-04 val EPE 2.175 D1 13.99%\n"}
,{"stream_name":"stdout","time":435.367496977,"data":"epoch  16 loss   1.0622 lr 9.82e-04\n"}
,{"stream_name":"stdout","time":458.936561822,"data":"epoch  17 loss   1.1807 lr 9.80e-04\n"}
,{"stream_name":"stdout","time":482.385047134,"data":"epoch  18 loss   1.3667 lr 9.78e-04\n"}
,{"stream_name":"stdout","time":505.96601259,"data":"epoch  19 loss   1.2474 lr 9.76e-04\n"}
,{"stream_name":"stdout","time":531.043572037,"data":"epoch  20 loss   1.0248 lr 9.73e-04 val EPE 2.048 D1 12.81%\n"}
,{"stream_name":"stdout","time":554.68743688,"data":"epoch  21 loss   1.0642 lr 9.70e-04\n"}
,{"stream_name":"stdout","time":578.109424426,"data":"epoch  22 loss   1.3329 lr 9.68e-04\n"}
,{"stream_name":"stdout","time":601.386202476,"data":"epoch  23 loss   1.3520 lr 9.65e-04\n"}
,{"stream_name":"stdout","time":624.598139861,"data":"epoch  24 loss   1.1486 lr 9.62e-04\n"}
,{"stream_name":"stdout","time":649.142765125,"data":"epoch  25 loss   1.2918 lr 9.59e-04 val EPE 1.936 D1 11.98%\n"}
,{"stream_name":"stdout","time":672.378116077,"data":"epoch  26 loss   1.2476 lr 9.56e-04\n"}
,{"stream_name":"stdout","time":695.464915165,"data":"epoch  27 loss   1.2489 lr 9.52e-04\n"}
,{"stream_name":"stdout","time":718.753042737,"data":"epoch  28 loss   1.0172 lr 9.49e-04\n"}
,{"stream_name":"stdout","time":742.187576332,"data":"epoch  29 loss   0.9542 lr 9.46e-04\n"}
,{"stream_name":"stdout","time":766.74808291,"data":"epoch  30 loss   1.2530 lr 9.42e-04 val EPE 1.908 D1 11.57%\n"}
,{"stream_name":"stdout","time":790.043000396,"data":"epoch  31 loss   1.1549 lr 9.38e-04\n"}
,{"stream_name":"stdout","time":813.307605059,"data":"epoch  32 loss   1.4458 lr 9.34e-04\n"}
,{"stream_name":"stdout","time":836.951684767,"data":"epoch  33 loss   1.2226 lr 9.30e-04\n"}
,{"stream_name":"stdout","time":860.191636017,"data":"epoch  34 loss   1.4101 lr 9.26e-04\n"}
,{"stream_name":"stdout","time":884.771071643,"data":"epoch  35 loss   1.1055 lr 9.22e-04 val EPE 1.897 D1 11.41%\n"}
,{"stream_name":"stdout","time":908.52001691,"data":"epoch  36 loss   1.0458 lr 9.18e-04\n"}
,{"stream_name":"stdout","time":932.329525702,"data":"epoch  37 loss   1.0205 lr 9.14e-04\n"}
,{"stream_name":"stdout","time":955.867259256,"data":"epoch  38 loss   1.0002 lr 9.09e-04\n"}
,{"stream_name":"stdout","time":979.106148888,"data":"epoch  39 loss   0.9539 lr 9.05e-04\n"}
,{"stream_name":"stdout","time":1003.669890364,"data":"epoch  40 loss   1.1026 lr 9.00e-04 val EPE 1.863 D1 11.10%\n"}
,{"stream_name":"stdout","time":1026.789375933,"data":"epoch  41 loss   1.2453 lr 8.95e-04\n"}
,{"stream_name":"stdout","time":1050.054611243,"data":"epoch  42 loss   1.2924 lr 8.90e-04\n"}
,{"stream_name":"stdout","time":1073.497443238,"data":"epoch  43 loss   0.9923 lr 8.85e-04\n"}
,{"stream_name":"stdout","time":1096.88607409,"data":"epoch  44 loss   0.9773 lr 8.80e-04\n"}
,{"stream_name":"stdout","time":1121.629878479,"data":"epoch  45 loss   0.9828 lr 8.75e-04 val EPE 1.827 D1 10.84%\n"}
,{"stream_name":"stdout","time":1144.868185069,"data":"epoch  46 loss   0.9704 lr 8.70e-04\n"}
,{"stream_name":"stdout","time":1168.131998929,"data":"epoch  47 loss   1.1149 lr 8.64e-04\n"}
,{"stream_name":"stdout","time":1191.67785074,"data":"epoch  48 loss   1.0172 lr 8.59e-04\n"}
,{"stream_name":"stdout","time":1215.311478467,"data":"epoch  49 loss   1.1546 lr 8.54e-04\n"}
,{"stream_name":"stdout","time":1240.192871407,"data":"epoch  50 loss   1.0274 lr 8.48e-04 val EPE 1.765 D1 10.61%\n"}
,{"stream_name":"stdout","time":1263.539284105,"data":"epoch  51 loss   1.1287 lr 8.42e-04\n"}
,{"stream_name":"stdout","time":1286.941261185,"data":"epoch  52 loss   0.9125 lr 8.37e-04\n"}
,{"stream_name":"stdout","time":1310.378534313,"data":"epoch  53 loss   1.0519 lr 8.31e-04\n"}
,{"stream_name":"stdout","time":1333.662103482,"data":"epoch  54 loss   1.0881 lr 8.25e-04\n"}
,{"stream_name":"stdout","time":1358.251078279,"data":"epoch  55 loss   1.0185 lr 8.19e-04 val EPE 1.729 D1 10.45%\n"}
,{"stream_name":"stdout","time":1381.475178215,"data":"epoch  56 loss   1.0985 lr 8.13e-04\n"}
,{"stream_name":"stdout","time":1404.558425219,"data":"epoch  57 loss   1.0685 lr 8.06e-04\n"}
,{"stream_name":"stdout","time":1427.852406896,"data":"epoch  58 loss   0.9441 lr 8.00e-04\n"}
,{"stream_name":"stdout","time":1450.932175803,"data":"epoch  59 loss   0.9755 lr 7.94e-04\n"}
,{"stream_name":"stdout","time":1475.407972129,"data":"epoch  60 loss   0.9842 lr 7.88e-04 val EPE 1.700 D1 10.14%\n"}
,{"stream_name":"stdout","time":1498.55679836,"data":"epoch  61 loss   0.9621 lr 7.81e-04\n"}
,{"stream_name":"stdout","time":1521.666344792,"data":"epoch  62 loss   1.2436 lr 7.75e-04\n"}
,{"stream_name":"stdout","time":1544.630709705,"data":"epoch  63 loss   1.0091 lr 7.68e-04\n"}
,{"stream_name":"stdout","time":1567.909559248,"data":"epoch  64 loss   1.0219 lr 7.61e-04\n"}
,{"stream_name":"stdout","time":1592.401884361,"data":"epoch  65 loss   1.2628 lr 7.55e-04 val EPE 1.682 D1 9.95%\n"}
,{"stream_name":"stdout","time":1615.574119145,"data":"epoch  66 loss   0.9790 lr 7.48e-04\n"}
,{"stream_name":"stdout","time":1638.590541932,"data":"epoch  67 loss   1.1515 lr 7.41e-04\n"}
,{"stream_name":"stdout","time":1661.667362858,"data":"epoch  68 loss   1.3000 lr 7.34e-04\n"}
,{"stream_name":"stdout","time":1684.768597695,"data":"epoch  69 loss   1.2786 lr 7.27e-04\n"}
,{"stream_name":"stdout","time":1709.076075755,"data":"epoch  70 loss   0.9248 lr 7.20e-04 val EPE 1.696 D1 10.13%\n"}
,{"stream_name":"stdout","time":1732.179498031,"data":"epoch  71 loss   0.9823 lr 7.13e-04\n"}
,{"stream_name":"stdout","time":1755.200397184,"data":"epoch  72 loss   0.9204 lr 7.06e-04\n"}
,{"stream_name":"stdout","time":1778.129252401,"data":"epoch  73 loss   0.8668 lr 6.99e-04\n"}
,{"stream_name":"stdout","time":1801.046604024,"data":"epoch  74 loss   1.0377 lr 6.91e-04\n"}
,{"stream_name":"stdout","time":1825.523165702,"data":"epoch  75 loss   0.8796 lr 6.84e-04 val EPE 1.671 D1 9.94%\n"}
,{"stream_name":"stdout","time":1848.490261542,"data":"epoch  76 loss   0.9481 lr 6.77e-04\n"}
,{"stream_name":"stdout","time":1871.498888904,"data":"epoch  77 loss   0.8162 lr 6.69e-04\n"}
,{"stream_name":"stdout","time":1894.443040843,"data":"epoch  78 loss   0.8713 lr 6.62e-04\n"}
,{"stream_name":"stdout","time":1917.454130368,"data":"epoch  79 loss   0.8821 lr 6.55e-04\n"}
,{"stream_name":"stdout","time":1941.699595841,"data":"epoch  80 loss   0.8845 lr 6.47e-04 val EPE 1.658 D1 9.85%\n"}
,{"stream_name":"stdout","time":1964.614571606,"data":"epoch  81 loss   0.8823 lr 6.39e-04\n"}
,{"stream_name":"stdout","time":1987.557498048,"data":"epoch  82 loss   1.0068 lr 6.32e-04\n"}
,{"stream_name":"stdout","time":2010.84611794,"data":"epoch  83 loss   0.9484 lr 6.24e-04\n"}
,{"stream_name":"stdout","time":2033.954830047,"data":"epoch  84 loss   1.1776 lr 6.17e-04\n"}
,{"stream_name":"stdout","time":2058.325686178,"data":"epoch  85 loss   1.0638 lr 6.09e-04 val EPE 1.668 D1 9.81%\n"}
,{"stream_name":"stdout","time":2081.425269146,"data":"epoch  86 loss   0.9787 lr 6.01e-04\n"}
,{"stream_name":"stdout","time":2104.418490789,"data":"epoch  87 loss   0.9695 lr 5.94e-04\n"}
,{"stream_name":"stdout","time":2127.454558512,"data":"epoch  88 loss   0.9029 lr 5.86e-04\n"}
,{"stream_name":"stdout","time":2150.70063669,"data":"epoch  89 loss   1.0258 lr 5.78e-04\n"}
,{"stream_name":"stdout","time":2175.543129599,"data":"epoch  90 loss   0.8633 lr 5.70e-04 val EPE 1.659 D1 9.67%\n"}
,{"stream_name":"stdout","time":2198.858941873,"data":"epoch  91 loss   0.9725 lr 5.63e-04\n"}
,{"stream_name":"stdout","time":2222.315976254,"data":"epoch  92 loss   0.8404 lr 5.55e-04\n"}
,{"stream_name":"stdout","time":2245.896276482,"data":"epoch  93 loss   0.9392 lr 5.47e-04\n"}
,{"stream_name":"stdout","time":2269.306873216,"data":"epoch  94 loss   0.8297 lr 5.39e-04\n"}
,{"stream_name":"stdout","time":2294.280531769,"data":"epoch  95 loss   0.8402 lr 5.31e-04 val EPE 1.640 D1 9.45%\n"}
,{"stream_name":"stdout","time":2318.258625082,"data":"epoch  96 loss   0.8288 lr 5.24e-04\n"}
,{"stream_name":"stdout","time":2342.064116197,"data":"epoch  97 loss   0.9842 lr 5.16e-04\n"}
,{"stream_name":"stdout","time":2365.782277049,"data":"epoch  98 loss   0.9049 lr 5.08e-04\n"}
,{"stream_name":"stdout","time":2389.61051106,"data":"epoch  99 loss   0.9763 lr 5.00e-04\n"}
,{"stream_name":"stdout","time":2414.82495304,"data":"epoch 100 loss   0.9240 lr 4.92e-04 val EPE 1.605 D1 9.19%\n"}
,{"stream_name":"stdout","time":2438.522288809,"data":"epoch 101 loss   0.9106 lr 4.84e-04\n"}
,{"stream_name":"stdout","time":2462.232998122,"data":"epoch 102 loss   1.0188 lr 4.76e-04\n"}
,{"stream_name":"stdout","time":2485.921605583,"data":"epoch 103 loss   0.9436 lr 4.69e-04\n"}
,{"stream_name":"stdout","time":2509.60099663,"data":"epoch 104 loss   0.9371 lr 4.61e-04\n"}
,{"stream_name":"stdout","time":2534.662222106,"data":"epoch 105 loss   0.9023 lr 4.53e-04 val EPE 1.596 D1 9.08%\n"}
,{"stream_name":"stdout","time":2558.357924751,"data":"epoch 106 loss   0.7500 lr 4.45e-04\n"}
,{"stream_name":"stdout","time":2581.69635155,"data":"epoch 107 loss   0.8431 lr 4.37e-04\n"}
,{"stream_name":"stdout","time":2605.20738023,"data":"epoch 108 loss   0.8602 lr 4.30e-04\n"}
,{"stream_name":"stdout","time":2628.865584236,"data":"epoch 109 loss   0.8832 lr 4.22e-04\n"}
,{"stream_name":"stdout","time":2653.733795074,"data":"epoch 110 loss   0.8402 lr 4.14e-04 val EPE 1.588 D1 9.00%\n"}
,{"stream_name":"stdout","time":2677.137134985,"data":"epoch 111 loss   0.8828 lr 4.06e-04\n"}
,{"stream_name":"stdout","time":2700.696434953,"data":"epoch 112 loss   0.8357 lr 3.99e-04\n"}
,{"stream_name":"stdout","time":2724.089999339,"data":"epoch 113 loss   0.8336 lr 3.91e-04\n"}
,{"stream_name":"stdout","time":2747.313196718,"data":"epoch 114 loss   0.8556 lr 3.83e-04\n"}
,{"stream_name":"stdout","time":2771.82458931,"data":"epoch 115 loss   0.8770 lr 3.76e-04 val EPE 1.581 D1 8.90%\n"}
,{"stream_name":"stdout","time":2795.082370445,"data":"epoch 116 loss   0.8977 lr 3.68e-04\n"}
,{"stream_name":"stdout","time":2818.444168127,"data":"epoch 117 loss   0.7427 lr 3.61e-04\n"}
,{"stream_name":"stdout","time":2841.677952791,"data":"epoch 118 loss   0.9394 lr 3.53e-04\n"}
,{"stream_name":"stdout","time":2864.939596196,"data":"epoch 119 loss   0.8376 lr 3.45e-04\n"}
,{"stream_name":"stdout","time":2889.400621231,"data":"epoch 120 loss   0.8243 lr 3.38e-04 val EPE 1.584 D1 8.85%\n"}
,{"stream_name":"stdout","time":2912.499207038,"data":"epoch 121 loss   0.7365 lr 3.31e-04\n"}
,{"stream_name":"stdout","time":2935.574510106,"data":"epoch 122 loss   0.8099 lr 3.23e-04\n"}
,{"stream_name":"stdout","time":2958.701546347,"data":"epoch 123 loss   0.7842 lr 3.16e-04\n"}
,{"stream_name":"stdout","time":2981.779960911,"data":"epoch 124 loss   0.8011 lr 3.09e-04\n"}
,{"stream_name":"stdout","time":3006.259668197,"data":"epoch 125 loss   0.8762 lr 3.01e-04 val EPE 1.590 D1 8.86%\n"}
,{"stream_name":"stdout","time":3029.398830012,"data":"epoch 126 loss   0.7513 lr 2.94e-04\n"}
,{"stream_name":"stdout","time":3052.455240175,"data":"epoch 127 loss   0.7793 lr 2.87e-04\n"}
,{"stream_name":"stdout","time":3075.580353486,"data":"epoch 128 loss   0.7125 lr 2.80e-04\n"}
,{"stream_name":"stdout","time":3098.683165182,"data":"epoch 129 loss   0.8389 lr 2.73e-04\n"}
,{"stream_name":"stdout","time":3123.068039197,"data":"epoch 130 loss   0.7618 lr 2.66e-04 val EPE 1.589 D1 8.88%\n"}
,{"stream_name":"stdout","time":3146.134151055,"data":"epoch 131 loss   0.8998 lr 2.59e-04\n"}
,{"stream_name":"stdout","time":3169.187080186,"data":"epoch 132 loss   0.7112 lr 2.52e-04\n"}
,{"stream_name":"stdout","time":3192.337697033,"data":"epoch 133 loss   0.7191 lr 2.45e-04\n"}
,{"stream_name":"stdout","time":3215.510663465,"data":"epoch 134 loss   0.7371 lr 2.39e-04\n"}
,{"stream_name":"stdout","time":3240.139699346,"data":"epoch 135 loss   0.7113 lr 2.32e-04 val EPE 1.588 D1 8.91%\n"}
,{"stream_name":"stdout","time":3263.394656332,"data":"epoch 136 loss   0.8992 lr 2.25e-04\n"}
,{"stream_name":"stdout","time":3286.547841093,"data":"epoch 137 loss   0.6609 lr 2.19e-04\n"}
,{"stream_name":"stdout","time":3309.749912385,"data":"epoch 138 loss   0.8276 lr 2.12e-04\n"}
,{"stream_name":"stdout","time":3333.177475537,"data":"epoch 139 loss   0.7313 lr 2.06e-04\n"}
,{"stream_name":"stdout","time":3357.712622004,"data":"epoch 140 loss   0.7708 lr 2.00e-04 val EPE 1.585 D1 8.88%\n"}
,{"stream_name":"stdout","time":3380.896320718,"data":"epoch 141 loss   0.7827 lr 1.94e-04\n"}
,{"stream_name":"stdout","time":3403.997792986,"data":"epoch 142 loss   0.7087 lr 1.87e-04\n"}
,{"stream_name":"stdout","time":3427.234298659,"data":"epoch 143 loss   0.7981 lr 1.81e-04\n"}
,{"stream_name":"stdout","time":3450.677258387,"data":"epoch 144 loss   0.7126 lr 1.75e-04\n"}
,{"stream_name":"stdout","time":3475.322633855,"data":"epoch 145 loss   0.7891 lr 1.69e-04 val EPE 1.560 D1 8.81%\n"}
,{"stream_name":"stdout","time":3498.876008682,"data":"epoch 146 loss   0.7530 lr 1.63e-04\n"}
,{"stream_name":"stdout","time":3522.179264526,"data":"epoch 147 loss   0.7716 lr 1.58e-04\n"}
,{"stream_name":"stdout","time":3545.300629517,"data":"epoch 148 loss   0.7247 lr 1.52e-04\n"}
,{"stream_name":"stdout","time":3568.576197238,"data":"epoch 149 loss   0.7970 lr 1.46e-04\n"}
,{"stream_name":"stdout","time":3593.148188326,"data":"epoch 150 loss   0.7100 lr 1.41e-04 val EPE 1.563 D1 8.83%\n"}
,{"stream_name":"stdout","time":3616.239875452,"data":"epoch 151 loss   0.8106 lr 1.36e-04\n"}
,{"stream_name":"stdout","time":3639.422080701,"data":"epoch 152 loss   0.6824 lr 1.30e-04\n"}
,{"stream_name":"stdout","time":3662.425266268,"data":"epoch 153 loss   0.8840 lr 1.25e-04\n"}
,{"stream_name":"stdout","time":3685.698419347,"data":"epoch 154 loss   0.8704 lr 1.20e-04\n"}
,{"stream_name":"stdout","time":3710.098998946,"data":"epoch 155 loss   0.7280 lr 1.15e-04 val EPE 1.559 D1 8.84%\n"}
,{"stream_name":"stdout","time":3733.202662501,"data":"epoch 156 loss   0.8460 lr 1.10e-04\n"}
,{"stream_name":"stdout","time":3756.079942329,"data":"epoch 157 loss   0.6774 lr 1.05e-04\n"}
,{"stream_name":"stdout","time":3779.347491216,"data":"epoch 158 loss   0.6676 lr 1.00e-04\n"}
,{"stream_name":"stdout","time":3802.805835686,"data":"epoch 159 loss   0.8035 lr 9.55e-05\n"}
,{"stream_name":"stdout","time":3827.988765583,"data":"epoch 160 loss   0.7806 lr 9.09e-05 val EPE 1.562 D1 9.00%\n"}
,{"stream_name":"stdout","time":3851.259202753,"data":"epoch 161 loss   0.6436 lr 8.65e-05\n"}
,{"stream_name":"stdout","time":3874.2267476,"data":"epoch 162 loss   0.7207 lr 8.21e-05\n"}
,{"stream_name":"stdout","time":3897.115307718,"data":"epoch 163 loss   0.8666 lr 7.78e-05\n"}
,{"stream_name":"stdout","time":3920.048663433,"data":"epoch 164 loss   0.6688 lr 7.37e-05\n"}
,{"stream_name":"stdout","time":3944.450177783,"data":"epoch 165 loss   0.6979 lr 6.96e-05 val EPE 1.547 D1 8.97%\n"}
,{"stream_name":"stdout","time":3967.545678402,"data":"epoch 166 loss   0.7501 lr 6.57e-05\n"}
,{"stream_name":"stdout","time":3990.600975535,"data":"epoch 167 loss   0.6168 lr 6.18e-05\n"}
,{"stream_name":"stdout","time":4013.650111635,"data":"epoch 168 loss   0.6245 lr 5.81e-05\n"}
,{"stream_name":"stdout","time":4036.81423121,"data":"epoch 169 loss   0.7717 lr 5.45e-05\n"}
,{"stream_name":"stdout","time":4061.337747582,"data":"epoch 170 loss   0.6734 lr 5.10e-05 val EPE 1.537 D1 8.89%\n"}
,{"stream_name":"stdout","time":4084.365583543,"data":"epoch 171 loss   0.8233 lr 4.76e-05\n"}
,{"stream_name":"stdout","time":4107.374247227,"data":"epoch 172 loss   0.7705 lr 4.43e-05\n"}
,{"stream_name":"stdout","time":4130.4568159,"data":"epoch 173 loss   0.7162 lr 4.11e-05\n"}
,{"stream_name":"stdout","time":4153.490397088,"data":"epoch 174 loss   0.8032 lr 3.81e-05\n"}
,{"stream_name":"stdout","time":4178.289694518,"data":"epoch 175 loss   0.6656 lr 3.51e-05 val EPE 1.538 D1 8.90%\n"}
,{"stream_name":"stdout","time":4201.883585885,"data":"epoch 176 loss   0.7273 lr 3.23e-05\n"}
,{"stream_name":"stdout","time":4225.417281319,"data":"epoch 177 loss   0.8082 lr 2.96e-05\n"}
,{"stream_name":"stdout","time":4249.163847915,"data":"epoch 178 loss   0.7124 lr 2.70e-05\n"}
,{"stream_name":"stdout","time":4272.761671219,"data":"epoch 179 loss   0.6816 lr 2.45e-05\n"}
,{"stream_name":"stdout","time":4297.745377038,"data":"epoch 180 loss   0.6838 lr 2.21e-05 val EPE 1.535 D1 8.85%\n"}
,{"stream_name":"stdout","time":4321.354207536,"data":"epoch 181 loss   0.8658 lr 1.99e-05\n"}
,{"stream_name":"stdout","time":4344.994081477,"data":"epoch 182 loss   0.7301 lr 1.77e-05\n"}
,{"stream_name":"stdout","time":4368.441665039,"data":"epoch 183 loss   0.7275 lr 1.57e-05\n"}
,{"stream_name":"stdout","time":4391.953287704,"data":"epoch 184 loss   0.7519 lr 1.38e-05\n"}
,{"stream_name":"stdout","time":4416.891940826,"data":"epoch 185 loss   0.7073 lr 1.20e-05 val EPE 1.538 D1 8.86%\n"}
,{"stream_name":"stdout","time":4440.388461088,"data":"epoch 186 loss   0.7278 lr 1.04e-05\n"}
,{"stream_name":"stdout","time":4463.832207731,"data":"epoch 187 loss   0.6344 lr 8.86e-06\n"}
,{"stream_name":"stdout","time":4486.963046486,"data":"epoch 188 loss   0.7011 lr 7.45e-06\n"}
,{"stream_name":"stdout","time":4510.28361045,"data":"epoch 189 loss   0.7021 lr 6.16e-06\n"}
,{"stream_name":"stdout","time":4534.893207955,"data":"epoch 190 loss   0.6851 lr 4.99e-06 val EPE 1.549 D1 8.93%\n"}
,{"stream_name":"stdout","time":4558.102712655,"data":"epoch 191 loss   0.6772 lr 3.94e-06\n"}
,{"stream_name":"stdout","time":4581.563615183,"data":"epoch 192 loss   0.7923 lr 3.02e-06\n"}
,{"stream_name":"stdout","time":4604.861021777,"data":"epoch 193 loss   0.7416 lr 2.22e-06\n"}
,{"stream_name":"stdout","time":4628.010385654,"data":"epoch 194 loss   0.6904 lr 1.54e-06\n"}
,{"stream_name":"stdout","time":4652.827437917,"data":"epoch 195 loss   0.6212 lr 9.87e-07 val EPE 1.551 D1 8.94%\n"}
,{"stream_name":"stdout","time":4676.295942186,"data":"epoch 196 loss   0.7244 lr 5.55e-07\n"}
,{"stream_name":"stdout","time":4699.726129779,"data":"epoch 197 loss   0.8002 lr 2.47e-07\n"}
,{"stream_name":"stdout","time":4723.128360734,"data":"epoch 198 loss   0.6937 lr 6.17e-08\n"}
,{"stream_name":"stdout","time":4747.921654355,"data":"epoch 199 loss   0.6889 lr 0.00e+00 val EPE 1.552 D1 8.94%\n"}
,{"stream_name":"stdout","time":4747.951880283,"data":"P2A seed 2 done: wall 4730.1s best10 EPE 1.5348 @epoch 180\n"}
,{"stream_name":"stdout","time":4750.55652007,"data":"ARM armp COMPLETE wall=4740.4s best10=1.5348@180 final_lr=0.00e+00\n"}
,{"stream_name":"stdout","time":4761.029230173,"data":"armp/best EPE 1.1849985 D1 6.2987% contract True\n"}
,{"stream_name":"stdout","time":4767.47181337,"data":"armp/final EPE 1.1904644 D1 6.3210% contract True\n"}
,{"stream_name":"stdout","time":4767.494454585,"data":"\n"}
,{"stream_name":"stdout","time":4767.494487393,"data":"E1 seed 2 COMPLETE in 4766.4s\n"}
,{"stream_name":"stdout","time":4767.494516208,"data":"  best  EPE 1.1849985  D1 6.2987%\n"}
,{"stream_name":"stdout","time":4767.494520991,"data":"  final EPE 1.1904644  D1 6.3210%\n"}
,{"stream_name":"stdout","time":4767.494524835,"data":"wrote /kaggle/working/e1_seed2.json\n"}
,{"stream_name":"stderr","time":4770.371710818,"data":"/usr/local/lib/python3.12/dist-packages/mistune.py:435: SyntaxWarning: invalid escape sequence '\\|'\n"}
,{"stream_name":"stderr","time":4770.371766778,"data":"  cells[i][c] = re.sub('\\\\\\\\\\|', '|', cell)\n"}
,{"stream_name":"stderr","time":4770.66819952,"data":"/usr/local/lib/python3.12/dist-packages/nbconvert/filters/filter_links.py:36: SyntaxWarning: invalid escape sequence '\\_'\n"}
,{"stream_name":"stderr","time":4770.668246863,"data":"  text = re.sub(r'_', '\\_', text) # Escape underscores in display text\n"}
,{"stream_name":"stderr","time":4771.409828258,"data":"[NbConvertApp] Converting notebook __script__.ipynb to html\n"}
,{"stream_name":"stderr","time":4772.705637531,"data":"[NbConvertApp] Writing 308975 bytes to __results__.html\n"}
]