integrity guard: {"param_count": 397954, "param_count_ok": true, "all_ok": true}
init: {"source": "/kaggle/input/datasets/vishnuvardhanksece/stage-e-e4-init/e4_pretrain_best.pth", "strict": true, "sha256": "4c16fbe32724d0c1157aa91b0503f67e7e1576faf597325d62c87510aa6b829f", "n_keys": 70, "param_count": 397954}
/kaggle/working/repo/stage_e_recipe/run/scripts/finetune_pilot.py:303: UserWarning: Converting a tensor with requires_grad=True to a scalar may lead to unexpected behavior.
Consider using tensor.detach() first. (Triggered internally at /pytorch/torch/csrc/autograd/generated/python_variable_methods.cpp:836.)
  epoch_loss += float(loss)
epoch   0 loss   1.9049 lr 1.00e-03 val EPE 3.125 D1 24.07%
epoch   1 loss   1.8532 lr 1.00e-03
epoch   2 loss   1.6463 lr 9.99e-04
epoch   3 loss   1.4633 lr 9.99e-04
epoch   4 loss   1.3029 lr 9.98e-04
epoch   5 loss   1.1683 lr 9.98e-04 val EPE 1.990 D1 12.84%
epoch   6 loss   1.7227 lr 9.97e-04
epoch   7 loss   1.4607 lr 9.96e-04
epoch   8 loss   1.5740 lr 9.95e-04
epoch   9 loss   1.3779 lr 9.94e-04
epoch  10 loss   1.1983 lr 9.93e-04 val EPE 2.150 D1 13.97%
epoch  11 loss   1.2194 lr 9.91e-04
epoch  12 loss   1.2214 lr 9.90e-04
epoch  13 loss   1.3474 lr 9.88e-04
epoch  14 loss   1.1917 lr 9.86e-04
epoch  15 loss   1.0742 lr 9.84e-04 val EPE 2.039 D1 12.31%
epoch  16 loss   1.2240 lr 9.82e-04
epoch  17 loss   1.0741 lr 9.80e-04
epoch  18 loss   1.1011 lr 9.78e-04
epoch  19 loss   1.0370 lr 9.76e-04
epoch  20 loss   1.0564 lr 9.73e-04 val EPE 1.901 D1 11.21%
epoch  21 loss   1.2697 lr 9.70e-04
epoch  22 loss   1.2982 lr 9.68e-04
epoch  23 loss   1.4280 lr 9.65e-04
epoch  24 loss   1.2894 lr 9.62e-04
epoch  25 loss   1.1441 lr 9.59e-04 val EPE 2.058 D1 13.00%
epoch  26 loss   1.3288 lr 9.56e-04
epoch  27 loss   1.2236 lr 9.52e-04
epoch  28 loss   1.4249 lr 9.49e-04
epoch  29 loss   1.4591 lr 9.46e-04
epoch  30 loss   1.1654 lr 9.42e-04 val EPE 2.196 D1 13.92%
epoch  31 loss   1.1949 lr 9.38e-04
epoch  32 loss   1.0998 lr 9.34e-04
epoch  33 loss   0.9594 lr 9.30e-04
epoch  34 loss   1.1287 lr 9.26e-04
epoch  35 loss   1.0286 lr 9.22e-04 val EPE 2.174 D1 13.32%
epoch  36 loss   1.1006 lr 9.18e-04
epoch  37 loss   1.0839 lr 9.14e-04
epoch  38 loss   1.2011 lr 9.09e-04
epoch  39 loss   1.3129 lr 9.05e-04
epoch  40 loss   1.1173 lr 9.00e-04 val EPE 1.983 D1 11.78%
epoch  41 loss   0.9961 lr 8.95e-04
epoch  42 loss   1.2212 lr 8.90e-04
epoch  43 loss   0.9573 lr 8.85e-04
epoch  44 loss   0.9808 lr 8.80e-04
epoch  45 loss   1.1298 lr 8.75e-04 val EPE 2.349 D1 14.60%
epoch  46 loss   1.1896 lr 8.70e-04
epoch  47 loss   1.2541 lr 8.64e-04
epoch  48 loss   1.2560 lr 8.59e-04
epoch  49 loss   1.2116 lr 8.54e-04
epoch  50 loss   0.9769 lr 8.48e-04 val EPE 1.873 D1 10.83%
epoch  51 loss   0.9693 lr 8.42e-04
epoch  52 loss   0.9206 lr 8.37e-04
epoch  53 loss   0.9339 lr 8.31e-04
epoch  54 loss   1.0328 lr 8.25e-04
epoch  55 loss   1.0466 lr 8.19e-04 val EPE 1.768 D1 10.69%
epoch  56 loss   1.2629 lr 8.13e-04
epoch  57 loss   1.0283 lr 8.06e-04
epoch  58 loss   1.1303 lr 8.00e-04
epoch  59 loss   1.2229 lr 7.94e-04
epoch  60 loss   1.0480 lr 7.88e-04 val EPE 1.967 D1 11.51%
epoch  61 loss   1.0819 lr 7.81e-04
epoch  62 loss   0.9671 lr 7.75e-04
epoch  63 loss   0.9861 lr 7.68e-04
epoch  64 loss   1.0698 lr 7.61e-04
epoch  65 loss   1.0298 lr 7.55e-04 val EPE 1.840 D1 10.56%
epoch  66 loss   1.0518 lr 7.48e-04
epoch  67 loss   1.0057 lr 7.41e-04
epoch  68 loss   1.1579 lr 7.34e-04
epoch  69 loss   1.2937 lr 7.27e-04
epoch  70 loss   1.0425 lr 7.20e-04 val EPE 1.915 D1 11.87%
epoch  71 loss   1.5754 lr 7.13e-04
epoch  72 loss   1.1022 lr 7.06e-04
epoch  73 loss   1.1096 lr 6.99e-04
epoch  74 loss   1.0163 lr 6.91e-04
epoch  75 loss   1.1584 lr 6.84e-04 val EPE 1.913 D1 11.31%
epoch  76 loss   1.0651 lr 6.77e-04
epoch  77 loss   1.0464 lr 6.69e-04
epoch  78 loss   0.8354 lr 6.62e-04
epoch  79 loss   0.8982 lr 6.55e-04
epoch  80 loss   0.9282 lr 6.47e-04 val EPE 1.824 D1 11.04%
epoch  81 loss   0.8780 lr 6.39e-04
epoch  82 loss   0.9293 lr 6.32e-04
epoch  83 loss   1.1362 lr 6.24e-04
epoch  84 loss   1.0753 lr 6.17e-04
epoch  85 loss   0.9718 lr 6.09e-04 val EPE 1.862 D1 11.42%
epoch  86 loss   0.9636 lr 6.01e-04
epoch  87 loss   1.0850 lr 5.94e-04
epoch  88 loss   0.8630 lr 5.86e-04
epoch  89 loss   0.9814 lr 5.78e-04
epoch  90 loss   1.0896 lr 5.70e-04 val EPE 2.033 D1 12.51%
epoch  91 loss   0.9629 lr 5.63e-04
epoch  92 loss   0.9239 lr 5.55e-04
epoch  93 loss   0.8114 lr 5.47e-04
epoch  94 loss   0.7852 lr 5.39e-04
epoch  95 loss   0.9324 lr 5.31e-04 val EPE 1.799 D1 10.33%
epoch  96 loss   0.9542 lr 5.24e-04
epoch  97 loss   1.0928 lr 5.16e-04
epoch  98 loss   0.9146 lr 5.08e-04
epoch  99 loss   0.7665 lr 5.00e-04
epoch 100 loss   1.1439 lr 4.92e-04 val EPE 1.828 D1 10.45%
epoch 101 loss   0.8934 lr 4.84e-04
epoch 102 loss   0.7194 lr 4.76e-04
epoch 103 loss   0.8260 lr 4.69e-04
epoch 104 loss   0.8444 lr 4.61e-04
epoch 105 loss   0.7901 lr 4.53e-04 val EPE 1.782 D1 10.84%
epoch 106 loss   0.8638 lr 4.45e-04
epoch 107 loss   0.7512 lr 4.37e-04
epoch 108 loss   0.8801 lr 4.30e-04
epoch 109 loss   0.9321 lr 4.22e-04
epoch 110 loss   0.9245 lr 4.14e-04 val EPE 1.730 D1 9.44%
epoch 111 loss   0.9014 lr 4.06e-04
epoch 112 loss   0.8585 lr 3.99e-04
epoch 113 loss   0.9959 lr 3.91e-04
epoch 114 loss   0.9333 lr 3.83e-04
epoch 115 loss   1.0522 lr 3.76e-04 val EPE 1.751 D1 9.43%
epoch 116 loss   0.7230 lr 3.68e-04
epoch 117 loss   1.0873 lr 3.61e-04
epoch 118 loss   0.8608 lr 3.53e-04
epoch 119 loss   0.8998 lr 3.45e-04
epoch 120 loss   0.9499 lr 3.38e-04 val EPE 1.808 D1 9.75%
epoch 121 loss   0.7568 lr 3.31e-04
epoch 122 loss   0.8548 lr 3.23e-04
epoch 123 loss   0.7956 lr 3.16e-04
epoch 124 loss   0.8512 lr 3.09e-04
epoch 125 loss   0.9991 lr 3.01e-04 val EPE 1.763 D1 9.92%
epoch 126 loss   1.0003 lr 2.94e-04
epoch 127 loss   0.7696 lr 2.87e-04
epoch 128 loss   0.7254 lr 2.80e-04
epoch 129 loss   0.8141 lr 2.73e-04
epoch 130 loss   0.9185 lr 2.66e-04 val EPE 1.754 D1 9.82%
epoch 131 loss   0.6452 lr 2.59e-04
epoch 132 loss   0.6894 lr 2.52e-04
epoch 133 loss   0.7155 lr 2.45e-04
epoch 134 loss   0.8872 lr 2.39e-04
epoch 135 loss   0.7314 lr 2.32e-04 val EPE 1.765 D1 9.72%
epoch 136 loss   0.7592 lr 2.25e-04
epoch 137 loss   0.7513 lr 2.19e-04
epoch 138 loss   0.8051 lr 2.12e-04
epoch 139 loss   0.8171 lr 2.06e-04
epoch 140 loss   0.7159 lr 2.00e-04 val EPE 1.875 D1 10.36%
epoch 141 loss   0.6987 lr 1.94e-04
epoch 142 loss   0.8311 lr 1.87e-04
epoch 143 loss   0.8018 lr 1.81e-04
epoch 144 loss   0.7800 lr 1.75e-04
epoch 145 loss   0.9182 lr 1.69e-04 val EPE 1.757 D1 9.51%
epoch 146 loss   0.8336 lr 1.63e-04
epoch 147 loss   0.7655 lr 1.58e-04
epoch 148 loss   0.7620 lr 1.52e-04
epoch 149 loss   0.6899 lr 1.46e-04
epoch 150 loss   0.6666 lr 1.41e-04 val EPE 1.632 D1 9.04%
epoch 151 loss   0.7796 lr 1.36e-04
epoch 152 loss   0.7396 lr 1.30e-04
epoch 153 loss   0.7015 lr 1.25e-04
epoch 154 loss   0.7114 lr 1.20e-04
epoch 155 loss   0.8231 lr 1.15e-04 val EPE 1.757 D1 9.55%
epoch 156 loss   0.7364 lr 1.10e-04
epoch 157 loss   0.7847 lr 1.05e-04
epoch 158 loss   0.7372 lr 1.00e-04
epoch 159 loss   0.7261 lr 9.55e-05
epoch 160 loss   0.6543 lr 9.09e-05 val EPE 1.617 D1 8.90%
epoch 161 loss   0.7993 lr 8.65e-05
epoch 162 loss   0.6788 lr 8.21e-05
epoch 163 loss   0.7314 lr 7.78e-05
epoch 164 loss   0.8317 lr 7.37e-05
epoch 165 loss   0.6678 lr 6.96e-05 val EPE 1.696 D1 9.03%
epoch 166 loss   0.7769 lr 6.57e-05
epoch 167 loss   0.8629 lr 6.18e-05
epoch 168 loss   0.7396 lr 5.81e-05
epoch 169 loss   0.6032 lr 5.45e-05
epoch 170 loss   0.7031 lr 5.10e-05 val EPE 1.659 D1 8.75%
epoch 171 loss   0.7256 lr 4.76e-05
epoch 172 loss   0.7128 lr 4.43e-05
epoch 173 loss   0.6713 lr 4.11e-05
epoch 174 loss   0.7116 lr 3.81e-05
epoch 175 loss   0.7304 lr 3.51e-05 val EPE 1.693 D1 9.14%
epoch 176 loss   0.8093 lr 3.23e-05
epoch 177 loss   0.7569 lr 2.96e-05
epoch 178 loss   0.8263 lr 2.70e-05
epoch 179 loss   0.6379 lr 2.45e-05
epoch 180 loss   0.6937 lr 2.21e-05 val EPE 1.688 D1 8.95%
epoch 181 loss   0.7209 lr 1.99e-05
epoch 182 loss   0.5888 lr 1.77e-05
epoch 183 loss   0.6742 lr 1.57e-05
epoch 184 loss   0.6684 lr 1.38e-05
epoch 185 loss   0.6628 lr 1.20e-05 val EPE 1.594 D1 8.38%
epoch 186 loss   0.7125 lr 1.04e-05
epoch 187 loss   0.5739 lr 8.86e-06
epoch 188 loss   0.7008 lr 7.45e-06
epoch 189 loss   0.7954 lr 6.16e-06
epoch 190 loss   0.7158 lr 4.99e-06 val EPE 1.628 D1 8.49%
epoch 191 loss   0.6842 lr 3.94e-06
epoch 192 loss   0.7626 lr 3.02e-06
epoch 193 loss   0.6848 lr 2.22e-06
epoch 194 loss   0.6510 lr 1.54e-06
epoch 195 loss   0.7033 lr 9.87e-07 val EPE 1.635 D1 8.52%
epoch 196 loss   0.7808 lr 5.55e-07
epoch 197 loss   0.6741 lr 2.47e-07
epoch 198 loss   0.7549 lr 6.17e-08
epoch 199 loss   0.7167 lr 0.00e+00 val EPE 1.630 D1 8.49%
P2A seed 1 done: wall 4964.8s best10 EPE 1.5939 @epoch 185
