
| Blocks | Seed |    EPE |      D1 | source |
|---:|---:|---:|---:|---|
| 6 | 0 | 2.2955 | 15.6045 | frozen |
| 6 | 1 | 2.3982 | 18.3357 | frozen |
| 6 | 2 | 2.3950 | 17.4699 | frozen |
| 5 | 0 | 2.6458 | 21.3712 | frozen |
| 5 | 1 | 2.4730 | 18.2062 | frozen |
| 5 | 2 | 2.6373 | 20.6594 | this batch |
| 4 | 0 | 2.3387 | 16.9797 | frozen (not retrained) |

seed ranges:
{
  "6_blocks": {
    "epe": {
      "n": 3,
      "mean": 2.3629295621131567,
      "sd": 0.05840152057131535,
      "min": 2.2955181809208267,
      "max": 2.3982217171269924,
      "range": 0.10270353620616568
    },
    "d1": {
      "n": 3,
      "mean": 17.1367110401458,
      "sd": 1.39575320706696,
      "min": 15.6045142562172,
      "max": 18.335714475424272,
      "range": 2.7312002192070715
    }
  },
  "5_blocks": {
    "epe": {
      "n": 3,
      "mean": 2.585347284198683,
      "sd": 0.09740225663820949,
      "min": 2.4729829593541792,
      "max": 2.6457595145748534,
      "range": 0.17277655522067414
    },
    "d1": {
      "n": 3,
      "mean": 20.078922610559193,
      "sd": 1.66043383495664,
      "min": 18.20617824196243,
      "max": 21.37119073145372,
      "range": 3.165012489491289
    }
  }
}

non-overlap:
{
  "min_5b_epe_gt_max_6b_epe": true,
  "min_5b_epe": 2.4729829593541792,
  "max_6b_epe": 2.3982217171269924,
  "epe_margin": 0.07476124222718683,
  "min_5b_d1_gt_max_6b_d1": false,
  "min_5b_d1": 18.20617824196243,
  "max_6b_d1": 18.335714475424272,
  "d1_margin": -0.12953623346184173
}

all nine 5b-vs-6b pairings, 5b worse on EPE: True
all nine 5b-vs-6b pairings, 5b worse on D1:  False

paired per-scene:
{
  "5b_seed2_vs_6b_seed2": {
    "scenes": 40,
    "epe_5b_worse_in": 32,
    "epe_mean_delta": 0.2334313630952331,
    "epe_median_delta": 0.13160143315330286,
    "epe_max_delta": 1.1360774354016172,
    "epe_min_delta": -0.32664518971892686,
    "d1_5b_worse_in": 35,
    "d1_mean_delta": 3.0527315201644196
  },
  "5b_seed2_vs_6b_seed1": {
    "scenes": 40,
    "epe_5b_worse_in": 31,
    "epe_mean_delta": 0.22322105788138985,
    "epe_median_delta": 0.09992127169540699,
    "epe_max_delta": 2.0875324887900355,
    "epe_min_delta": -0.4836719017947888,
    "d1_5b_worse_in": 30,
    "d1_mean_delta": 2.1989373748149244
  },
  "5b_seed2_vs_6b_seed0": {
    "scenes": 40,
    "epe_5b_worse_in": 37,
    "epe_mean_delta": 0.3286298175501147,
    "epe_median_delta": 0.20355963719575698,
    "epe_max_delta": 1.7392503119925058,
    "epe_min_delta": -0.9365189561937708,
    "d1_5b_worse_in": 38,
    "d1_mean_delta": 4.829419513819595
  },
  "5b_seed1_vs_6b_seed1": {
    "scenes": 40,
    "epe_5b_worse_in": 22,
    "epe_mean_delta": 0.07114406311616213,
    "epe_median_delta": 0.016546679574158007,
    "epe_max_delta": 2.151444139410563,
    "epe_min_delta": -0.6065774875957084,
    "d1_5b_worse_in": 20,
    "d1_mean_delta": -0.07202611756287505
  },
  "5b_seed0_vs_6b_seed0": {
    "scenes": 40,
    "epe_5b_worse_in": 35,
    "epe_mean_delta": 0.34654437442763564,
    "epe_median_delta": 0.3310966239581171,
    "epe_max_delta": 1.442276357095405,
    "epe_min_delta": -0.9728052718697402,
    "d1_5b_worse_in": 38,
    "d1_mean_delta": 5.519015095256087
  }
}

Descriptive non-overlap over three seeds per arm on one dataset, one recipe and one deterministic protocol. Not a statistical test, and not a universal law about refinement capacity. No materiality band is used: the historical E3b/E3c band stays invalidated and no new threshold was invented.
