{
  "stage": "A",
  "model": "NEGATIVE_CONTROL_shift_none",
  "falsification": {
    "expected_horizontal_slope": 0.0,
    "expected_disparity_initial": 5.5,
    "observed_horizontal_slope": -0.0017131932408290765,
    "observed_vertical_slope": 0.004768564393675262,
    "observed_baseline_means": [
      3.6451623943475195,
      3.9005306181484443,
      4.271694471114856,
      4.086930512708814
    ],
    "max_abs_deviation_from_5_5": 1.8548376056524805,
    "max_abs_response_any_condition": 0.6974643147832538
  },
  "horizontal_points": {
    "shift_px": [
      -32,
      -16,
      0,
      16,
      32
    ],
    "response_mean": [
      0.26446229317143266,
      0.18755473875559514,
      0.0,
      0.0016773792000341903,
      0.22034551368288702
    ],
    "response_median": [
      0.3321618139743805,
      0.2227412462234497,
      0.0,
      -0.020575642585754395,
      0.29548361897468567
    ]
  },
  "vertical_points": {
    "shift_px": [
      "-32",
      "-16",
      "0",
      "16",
      "32"
    ],
    "response_mean": [
      0.29512000886055945,
      0.21685203984725565,
      0.0,
      0.4774495186818001,
      0.5463064209373082
    ],
    "response_median": [
      0.43734094500541687,
      0.3448345363140106,
      0.0,
      0.6496627926826477,
      0.7503558993339539
    ]
  },
  "retained": {
    "000187_10.png": 355072,
    "000160_10.png": 355072,
    "000191_10.png": 355072,
    "000166_10.png": 355072
  },
  "wall_clock_s": 4.630955934524536
}
