integrity guard: {"param_count": 397954, "param_count_ok": true, "all_ok": true}
init: {"source": "/kaggle/working/repo/checkpoints/armp_stage1_best.pth", "strict": true, "sha256": "3ae6fb3be6b2bda9287b325ccbe6d1397744c8f20ef5e56c046176d9f1a29be7", "n_keys": 70, "param_count": 397954}
/kaggle/working/repo/stage_e_recipe/run/scripts/finetune_pilot.py:317: UserWarning: Converting a tensor with requires_grad=True to a scalar may lead to unexpected behavior.
Consider using tensor.detach() first. (Triggered internally at /pytorch/torch/csrc/autograd/generated/python_variable_methods.cpp:836.)
  epoch_loss += float(loss)
epoch   0 loss   2.4574 lr 1.00e-03 val EPE 4.598 D1 35.18%
epoch   1 loss   2.1659 lr 1.00e-03
epoch   2 loss   1.6676 lr 9.99e-04
epoch   3 loss   1.7332 lr 9.99e-04
epoch   4 loss   1.4904 lr 9.98e-04
epoch   5 loss   1.3492 lr 9.98e-04 val EPE 3.148 D1 23.42%
epoch   6 loss   1.5627 lr 9.97e-04
epoch   7 loss   1.4831 lr 9.96e-04
epoch   8 loss   1.7048 lr 9.95e-04
epoch   9 loss   1.5640 lr 9.94e-04
epoch  10 loss   1.2244 lr 9.93e-04 val EPE 2.478 D1 17.16%
epoch  11 loss   1.2706 lr 9.91e-04
epoch  12 loss   1.3298 lr 9.90e-04
epoch  13 loss   1.3462 lr 9.88e-04
epoch  14 loss   1.3124 lr 9.86e-04
epoch  15 loss   1.1989 lr 9.84e-04 val EPE 2.172 D1 14.32%
epoch  16 loss   1.2406 lr 9.82e-04
epoch  17 loss   1.1697 lr 9.80e-04
epoch  18 loss   1.1379 lr 9.78e-04
epoch  19 loss   1.0408 lr 9.76e-04
epoch  20 loss   1.0795 lr 9.73e-04 val EPE 2.040 D1 13.13%
epoch  21 loss   1.4440 lr 9.70e-04
epoch  22 loss   1.2996 lr 9.68e-04
epoch  23 loss   1.3223 lr 9.65e-04
epoch  24 loss   1.2845 lr 9.62e-04
epoch  25 loss   1.2013 lr 9.59e-04 val EPE 1.920 D1 12.26%
epoch  26 loss   1.1687 lr 9.56e-04
epoch  27 loss   1.2178 lr 9.52e-04
epoch  28 loss   1.1978 lr 9.49e-04
epoch  29 loss   1.2509 lr 9.46e-04
epoch  30 loss   1.0788 lr 9.42e-04 val EPE 1.865 D1 11.74%
epoch  31 loss   1.1525 lr 9.38e-04
epoch  32 loss   0.9902 lr 9.34e-04
epoch  33 loss   0.9456 lr 9.30e-04
epoch  34 loss   1.0989 lr 9.26e-04
epoch  35 loss   0.9833 lr 9.22e-04 val EPE 1.798 D1 11.21%
epoch  36 loss   1.0941 lr 9.18e-04
epoch  37 loss   1.0273 lr 9.14e-04
epoch  38 loss   1.1631 lr 9.09e-04
epoch  39 loss   1.2196 lr 9.05e-04
epoch  40 loss   1.1264 lr 9.00e-04 val EPE 1.752 D1 10.97%
epoch  41 loss   0.9732 lr 8.95e-04
epoch  42 loss   1.1417 lr 8.90e-04
epoch  43 loss   1.0502 lr 8.85e-04
epoch  44 loss   0.9784 lr 8.80e-04
epoch  45 loss   1.1951 lr 8.75e-04 val EPE 1.742 D1 10.84%
epoch  46 loss   1.3032 lr 8.70e-04
epoch  47 loss   1.3240 lr 8.64e-04
epoch  48 loss   1.2617 lr 8.59e-04
epoch  49 loss   1.1438 lr 8.54e-04
epoch  50 loss   0.9640 lr 8.48e-04 val EPE 1.800 D1 10.86%
epoch  51 loss   0.9796 lr 8.42e-04
epoch  52 loss   0.9442 lr 8.37e-04
epoch  53 loss   0.9698 lr 8.31e-04
epoch  54 loss   1.0557 lr 8.25e-04
epoch  55 loss   0.9481 lr 8.19e-04 val EPE 1.781 D1 10.69%
epoch  56 loss   1.4413 lr 8.13e-04
epoch  57 loss   1.0854 lr 8.06e-04
epoch  58 loss   1.1530 lr 8.00e-04
epoch  59 loss   1.1895 lr 7.94e-04
epoch  60 loss   1.0901 lr 7.88e-04 val EPE 1.832 D1 10.59%
epoch  61 loss   1.1342 lr 7.81e-04
epoch  62 loss   0.9916 lr 7.75e-04
epoch  63 loss   1.0171 lr 7.68e-04
epoch  64 loss   1.0766 lr 7.61e-04
epoch  65 loss   1.0224 lr 7.55e-04 val EPE 1.819 D1 10.60%
epoch  66 loss   1.0550 lr 7.48e-04
epoch  67 loss   1.0690 lr 7.41e-04
epoch  68 loss   1.2193 lr 7.34e-04
epoch  69 loss   1.3254 lr 7.27e-04
epoch  70 loss   1.0581 lr 7.20e-04 val EPE 1.794 D1 10.55%
epoch  71 loss   1.4739 lr 7.13e-04
epoch  72 loss   1.0080 lr 7.06e-04
epoch  73 loss   1.1603 lr 6.99e-04
epoch  74 loss   1.0099 lr 6.91e-04
epoch  75 loss   1.1994 lr 6.84e-04 val EPE 1.771 D1 10.49%
epoch  76 loss   1.0479 lr 6.77e-04
epoch  77 loss   1.0436 lr 6.69e-04
epoch  78 loss   0.8325 lr 6.62e-04
epoch  79 loss   0.9360 lr 6.55e-04
epoch  80 loss   0.9203 lr 6.47e-04 val EPE 1.739 D1 10.29%
epoch  81 loss   0.9064 lr 6.39e-04
epoch  82 loss   0.8540 lr 6.32e-04
epoch  83 loss   1.1169 lr 6.24e-04
epoch  84 loss   1.0513 lr 6.17e-04
epoch  85 loss   0.9570 lr 6.09e-04 val EPE 1.734 D1 10.19%
epoch  86 loss   0.9483 lr 6.01e-04
epoch  87 loss   1.0581 lr 5.94e-04
epoch  88 loss   0.8986 lr 5.86e-04
epoch  89 loss   0.9497 lr 5.78e-04
epoch  90 loss   1.2305 lr 5.70e-04 val EPE 1.718 D1 10.14%
epoch  91 loss   0.9842 lr 5.63e-04
epoch  92 loss   0.8941 lr 5.55e-04
epoch  93 loss   0.8112 lr 5.47e-04
epoch  94 loss   0.8026 lr 5.39e-04
epoch  95 loss   0.9171 lr 5.31e-04 val EPE 1.692 D1 10.02%
epoch  96 loss   0.9357 lr 5.24e-04
epoch  97 loss   1.0777 lr 5.16e-04
epoch  98 loss   0.9688 lr 5.08e-04
epoch  99 loss   0.8275 lr 5.00e-04
epoch 100 loss   1.0853 lr 4.92e-04 val EPE 1.686 D1 10.05%
epoch 101 loss   0.8763 lr 4.84e-04
epoch 102 loss   0.7005 lr 4.76e-04
epoch 103 loss   0.8428 lr 4.69e-04
epoch 104 loss   0.8138 lr 4.61e-04
epoch 105 loss   0.8278 lr 4.53e-04 val EPE 1.657 D1 9.89%
epoch 106 loss   0.8581 lr 4.45e-04
epoch 107 loss   0.7728 lr 4.37e-04
epoch 108 loss   0.9101 lr 4.30e-04
epoch 109 loss   0.9644 lr 4.22e-04
epoch 110 loss   0.8979 lr 4.14e-04 val EPE 1.650 D1 9.79%
epoch 111 loss   0.8922 lr 4.06e-04
epoch 112 loss   0.8817 lr 3.99e-04
epoch 113 loss   0.9729 lr 3.91e-04
epoch 114 loss   0.9680 lr 3.83e-04
epoch 115 loss   1.0966 lr 3.76e-04 val EPE 1.636 D1 9.65%
epoch 116 loss   0.7541 lr 3.68e-04
epoch 117 loss   1.0220 lr 3.61e-04
epoch 118 loss   0.8427 lr 3.53e-04
epoch 119 loss   0.8805 lr 3.45e-04
epoch 120 loss   0.9306 lr 3.38e-04 val EPE 1.622 D1 9.41%
epoch 121 loss   0.7735 lr 3.31e-04
epoch 122 loss   0.8588 lr 3.23e-04
epoch 123 loss   0.8075 lr 3.16e-04
epoch 124 loss   0.8702 lr 3.09e-04
epoch 125 loss   0.9999 lr 3.01e-04 val EPE 1.613 D1 9.28%
epoch 126 loss   1.0377 lr 2.94e-04
epoch 127 loss   0.8108 lr 2.87e-04
epoch 128 loss   0.7720 lr 2.80e-04
epoch 129 loss   0.8414 lr 2.73e-04
epoch 130 loss   0.9682 lr 2.66e-04 val EPE 1.602 D1 9.14%
epoch 131 loss   0.6569 lr 2.59e-04
epoch 132 loss   0.7168 lr 2.52e-04
epoch 133 loss   0.7416 lr 2.45e-04
epoch 134 loss   0.9140 lr 2.39e-04
epoch 135 loss   0.7830 lr 2.32e-04 val EPE 1.595 D1 9.08%
epoch 136 loss   0.8053 lr 2.25e-04
epoch 137 loss   0.8003 lr 2.19e-04
epoch 138 loss   0.8348 lr 2.12e-04
epoch 139 loss   0.8403 lr 2.06e-04
epoch 140 loss   0.7255 lr 2.00e-04 val EPE 1.592 D1 9.01%
epoch 141 loss   0.7171 lr 1.94e-04
epoch 142 loss   0.8102 lr 1.87e-04
epoch 143 loss   0.8167 lr 1.81e-04
epoch 144 loss   0.7938 lr 1.75e-04
epoch 145 loss   0.8797 lr 1.69e-04 val EPE 1.591 D1 8.97%
epoch 146 loss   0.8593 lr 1.63e-04
epoch 147 loss   0.7943 lr 1.58e-04
epoch 148 loss   0.7770 lr 1.52e-04
epoch 149 loss   0.7029 lr 1.46e-04
epoch 150 loss   0.6865 lr 1.41e-04 val EPE 1.599 D1 8.96%
epoch 151 loss   0.8320 lr 1.36e-04
epoch 152 loss   0.7886 lr 1.30e-04
epoch 153 loss   0.7376 lr 1.25e-04
epoch 154 loss   0.7414 lr 1.20e-04
epoch 155 loss   0.8200 lr 1.15e-04 val EPE 1.616 D1 8.98%
epoch 156 loss   0.7598 lr 1.10e-04
epoch 157 loss   0.7797 lr 1.05e-04
epoch 158 loss   0.7715 lr 1.00e-04
epoch 159 loss   0.7229 lr 9.55e-05
epoch 160 loss   0.6722 lr 9.09e-05 val EPE 1.627 D1 9.02%
epoch 161 loss   0.7928 lr 8.65e-05
epoch 162 loss   0.6986 lr 8.21e-05
epoch 163 loss   0.7565 lr 7.78e-05
epoch 164 loss   0.8701 lr 7.37e-05
epoch 165 loss   0.6940 lr 6.96e-05 val EPE 1.616 D1 8.95%
epoch 166 loss   0.7985 lr 6.57e-05
epoch 167 loss   0.9050 lr 6.18e-05
epoch 168 loss   0.7477 lr 5.81e-05
epoch 169 loss   0.6214 lr 5.45e-05
epoch 170 loss   0.7281 lr 5.10e-05 val EPE 1.596 D1 8.91%
epoch 171 loss   0.7550 lr 4.76e-05
epoch 172 loss   0.7218 lr 4.43e-05
epoch 173 loss   0.7014 lr 4.11e-05
epoch 174 loss   0.7202 lr 3.81e-05
epoch 175 loss   0.7444 lr 3.51e-05 val EPE 1.601 D1 8.97%
epoch 176 loss   0.8563 lr 3.23e-05
epoch 177 loss   0.7847 lr 2.96e-05
epoch 178 loss   0.8783 lr 2.70e-05
epoch 179 loss   0.6523 lr 2.45e-05
epoch 180 loss   0.7004 lr 2.21e-05 val EPE 1.605 D1 8.97%
epoch 181 loss   0.7679 lr 1.99e-05
epoch 182 loss   0.5968 lr 1.77e-05
epoch 183 loss   0.6942 lr 1.57e-05
epoch 184 loss   0.6752 lr 1.38e-05
epoch 185 loss   0.6743 lr 1.20e-05 val EPE 1.608 D1 8.98%
epoch 186 loss   0.7403 lr 1.04e-05
epoch 187 loss   0.5816 lr 8.86e-06
epoch 188 loss   0.7227 lr 7.45e-06
epoch 189 loss   0.8601 lr 6.16e-06
epoch 190 loss   0.7389 lr 4.99e-06 val EPE 1.605 D1 8.95%
epoch 191 loss   0.6998 lr 3.94e-06
epoch 192 loss   0.7945 lr 3.02e-06
epoch 193 loss   0.6862 lr 2.22e-06
epoch 194 loss   0.6869 lr 1.54e-06
epoch 195 loss   0.7160 lr 9.87e-07 val EPE 1.603 D1 8.90%
epoch 196 loss   0.8081 lr 5.55e-07
epoch 197 loss   0.7103 lr 2.47e-07
epoch 198 loss   0.7576 lr 6.17e-08
epoch 199 loss   0.7476 lr 0.00e+00 val EPE 1.602 D1 8.88%
P2A seed 1 done: wall 4608.4s best10 EPE 1.5909 @epoch 145
