[{"stream_name":"stdout","time":10.79572756,"data":"{\"python\": \"3.12.13\", \"torch\": \"2.10.0+cu128\", \"cuda\": \"12.8\", \"cudnn\": 91002, \"gpu\": \"Tesla T4\", \"device_count\": 2}\n"}
,{"stream_name":"stdout","time":10.795790178,"data":"+ /usr/bin/python3 /kaggle/working/repo/stage_e_recipe/run/scripts/run_arm.py --arm armp --init /kaggle/working/repo/checkpoints/armp_stage1_best.pth --outdir /kaggle/working/repo/stage_e_recipe/run/armp --seed 1 --epochs 200 --timeout_s 18000.0\n"}
,{"stream_name":"stdout","time":10.898080791,"data":"RUN arm=armp init=/kaggle/working/repo/checkpoints/armp_stage1_best.pth pid=20 cmd=['/usr/bin/python3', '/kaggle/working/repo/stage_e_recipe/run/scripts/finetune_pilot.py', '--init', '/kaggle/working/repo/checkpoints/armp_stage1_best.pth', '--arm', 'armp']\n"}
,{"stream_name":"stdout","time":13.292800648,"data":"integrity guard: {\"param_count\": 397954, \"param_count_ok\": true, \"all_ok\": true}\n"}
,{"stream_name":"stdout","time":13.304809729,"data":"init: {\"source\": \"/kaggle/working/repo/checkpoints/armp_stage1_best.pth\", \"strict\": true, \"sha256\": \"3ae6fb3be6b2bda9287b325ccbe6d1397744c8f20ef5e56c046176d9f1a29be7\", \"n_keys\": 70, \"param_count\": 397954}\n"}
,{"stream_name":"stdout","time":20.604752565,"data":"/kaggle/working/repo/stage_e_recipe/run/scripts/finetune_pilot.py:317: UserWarning: Converting a tensor with requires_grad=True to a scalar may lead to unexpected behavior.\n"}
,{"stream_name":"stdout","time":20.604778551,"data":"Consider using tensor.detach() first. (Triggered internally at /pytorch/torch/csrc/autograd/generated/python_variable_methods.cpp:836.)\n"}
,{"stream_name":"stdout","time":20.604783188,"data":"  epoch_loss += float(loss)\n"}
,{"stream_name":"stdout","time":56.554673111,"data":"epoch   0 loss   2.4574 lr 1.00e-03 val EPE 4.598 D1 35.18%\n"}
,{"stream_name":"stdout","time":79.214395325,"data":"epoch   1 loss   2.1659 lr 1.00e-03\n"}
,{"stream_name":"stdout","time":102.306543588,"data":"epoch   2 loss   1.6676 lr 9.99e-04\n"}
,{"stream_name":"stdout","time":125.062370242,"data":"epoch   3 loss   1.7332 lr 9.99e-04\n"}
,{"stream_name":"stdout","time":147.624552094,"data":"epoch   4 loss   1.4904 lr 9.98e-04\n"}
,{"stream_name":"stdout","time":171.733920873,"data":"epoch   5 loss   1.3492 lr 9.98e-04 val EPE 3.148 D1 23.42%\n"}
,{"stream_name":"stdout","time":194.55145779,"data":"epoch   6 loss   1.5627 lr 9.97e-04\n"}
,{"stream_name":"stdout","time":217.420054273,"data":"epoch   7 loss   1.4831 lr 9.96e-04\n"}
,{"stream_name":"stdout","time":240.134040029,"data":"epoch   8 loss   1.7048 lr 9.95e-04\n"}
,{"stream_name":"stdout","time":262.924336257,"data":"epoch   9 loss   1.5640 lr 9.94e-04\n"}
,{"stream_name":"stdout","time":286.835116652,"data":"epoch  10 loss   1.2244 lr 9.93e-04 val EPE 2.478 D1 17.16%\n"}
,{"stream_name":"stdout","time":309.489779323,"data":"epoch  11 loss   1.2706 lr 9.91e-04\n"}
,{"stream_name":"stdout","time":332.385430536,"data":"epoch  12 loss   1.3298 lr 9.90e-04\n"}
,{"stream_name":"stdout","time":355.217013183,"data":"epoch  13 loss   1.3462 lr 9.88e-04\n"}
,{"stream_name":"stdout","time":378.054318594,"data":"epoch  14 loss   1.3124 lr 9.86e-04\n"}
,{"stream_name":"stdout","time":402.155876624,"data":"epoch  15 loss   1.1989 lr 9.84e-04 val EPE 2.172 D1 14.32%\n"}
,{"stream_name":"stdout","time":424.848227272,"data":"epoch  16 loss   1.2406 lr 9.82e-04\n"}
,{"stream_name":"stdout","time":447.463026477,"data":"epoch  17 loss   1.1697 lr 9.80e-04\n"}
,{"stream_name":"stdout","time":470.101958451,"data":"epoch  18 loss   1.1379 lr 9.78e-04\n"}
,{"stream_name":"stdout","time":492.711428693,"data":"epoch  19 loss   1.0408 lr 9.76e-04\n"}
,{"stream_name":"stdout","time":516.633360159,"data":"epoch  20 loss   1.0795 lr 9.73e-04 val EPE 2.040 D1 13.13%\n"}
,{"stream_name":"stdout","time":539.213238168,"data":"epoch  21 loss   1.4440 lr 9.70e-04\n"}
,{"stream_name":"stdout","time":561.763287521,"data":"epoch  22 loss   1.2996 lr 9.68e-04\n"}
,{"stream_name":"stdout","time":584.349164149,"data":"epoch  23 loss   1.3223 lr 9.65e-04\n"}
,{"stream_name":"stdout","time":606.991497156,"data":"epoch  24 loss   1.2845 lr 9.62e-04\n"}
,{"stream_name":"stdout","time":631.134652739,"data":"epoch  25 loss   1.2013 lr 9.59e-04 val EPE 1.920 D1 12.26%\n"}
,{"stream_name":"stdout","time":653.960100803,"data":"epoch  26 loss   1.1687 lr 9.56e-04\n"}
,{"stream_name":"stdout","time":676.553910827,"data":"epoch  27 loss   1.2178 lr 9.52e-04\n"}
,{"stream_name":"stdout","time":699.134346202,"data":"epoch  28 loss   1.1978 lr 9.49e-04\n"}
,{"stream_name":"stdout","time":721.688205482,"data":"epoch  29 loss   1.2509 lr 9.46e-04\n"}
,{"stream_name":"stdout","time":745.534154866,"data":"epoch  30 loss   1.0788 lr 9.42e-04 val EPE 1.865 D1 11.74%\n"}
,{"stream_name":"stdout","time":768.063840253,"data":"epoch  31 loss   1.1525 lr 9.38e-04\n"}
,{"stream_name":"stdout","time":790.636097773,"data":"epoch  32 loss   0.9902 lr 9.34e-04\n"}
,{"stream_name":"stdout","time":813.109967783,"data":"epoch  33 loss   0.9456 lr 9.30e-04\n"}
,{"stream_name":"stdout","time":835.965099924,"data":"epoch  34 loss   1.0989 lr 9.26e-04\n"}
,{"stream_name":"stdout","time":859.856149593,"data":"epoch  35 loss   0.9833 lr 9.22e-04 val EPE 1.798 D1 11.21%\n"}
,{"stream_name":"stdout","time":882.625259369,"data":"epoch  36 loss   1.0941 lr 9.18e-04\n"}
,{"stream_name":"stdout","time":905.342430345,"data":"epoch  37 loss   1.0273 lr 9.14e-04\n"}
,{"stream_name":"stdout","time":928.109942896,"data":"epoch  38 loss   1.1631 lr 9.09e-04\n"}
,{"stream_name":"stdout","time":950.765915442,"data":"epoch  39 loss   1.2196 lr 9.05e-04\n"}
,{"stream_name":"stdout","time":974.945072422,"data":"epoch  40 loss   1.1264 lr 9.00e-04 val EPE 1.752 D1 10.97%\n"}
,{"stream_name":"stdout","time":997.592716624,"data":"epoch  41 loss   0.9732 lr 8.95e-04\n"}
,{"stream_name":"stdout","time":1020.22223444,"data":"epoch  42 loss   1.1417 lr 8.90e-04\n"}
,{"stream_name":"stdout","time":1042.991886731,"data":"epoch  43 loss   1.0502 lr 8.85e-04\n"}
,{"stream_name":"stdout","time":1065.730902355,"data":"epoch  44 loss   0.9784 lr 8.80e-04\n"}
,{"stream_name":"stdout","time":1089.785810759,"data":"epoch  45 loss   1.1951 lr 8.75e-04 val EPE 1.742 D1 10.84%\n"}
,{"stream_name":"stdout","time":1112.507769214,"data":"epoch  46 loss   1.3032 lr 8.70e-04\n"}
,{"stream_name":"stdout","time":1135.139252345,"data":"epoch  47 loss   1.3240 lr 8.64e-04\n"}
,{"stream_name":"stdout","time":1157.856600116,"data":"epoch  48 loss   1.2617 lr 8.59e-04\n"}
,{"stream_name":"stdout","time":1180.838544261,"data":"epoch  49 loss   1.1438 lr 8.54e-04\n"}
,{"stream_name":"stdout","time":1205.32203508,"data":"epoch  50 loss   0.9640 lr 8.48e-04 val EPE 1.800 D1 10.86%\n"}
,{"stream_name":"stdout","time":1228.042874993,"data":"epoch  51 loss   0.9796 lr 8.42e-04\n"}
,{"stream_name":"stdout","time":1250.734340337,"data":"epoch  52 loss   0.9442 lr 8.37e-04\n"}
,{"stream_name":"stdout","time":1273.510045018,"data":"epoch  53 loss   0.9698 lr 8.31e-04\n"}
,{"stream_name":"stdout","time":1296.275572013,"data":"epoch  54 loss   1.0557 lr 8.25e-04\n"}
,{"stream_name":"stdout","time":1320.482499997,"data":"epoch  55 loss   0.9481 lr 8.19e-04 val EPE 1.781 D1 10.69%\n"}
,{"stream_name":"stdout","time":1343.703148336,"data":"epoch  56 loss   1.4413 lr 8.13e-04\n"}
,{"stream_name":"stdout","time":1367.047387404,"data":"epoch  57 loss   1.0854 lr 8.06e-04\n"}
,{"stream_name":"stdout","time":1390.926611872,"data":"epoch  58 loss   1.1530 lr 8.00e-04\n"}
,{"stream_name":"stdout","time":1415.068645675,"data":"epoch  59 loss   1.1895 lr 7.94e-04\n"}
,{"stream_name":"stdout","time":1440.236731387,"data":"epoch  60 loss   1.0901 lr 7.88e-04 val EPE 1.832 D1 10.59%\n"}
,{"stream_name":"stdout","time":1464.003528469,"data":"epoch  61 loss   1.1342 lr 7.81e-04\n"}
,{"stream_name":"stdout","time":1487.240019557,"data":"epoch  62 loss   0.9916 lr 7.75e-04\n"}
,{"stream_name":"stdout","time":1510.594532821,"data":"epoch  63 loss   1.0171 lr 7.68e-04\n"}
,{"stream_name":"stdout","time":1533.275570598,"data":"epoch  64 loss   1.0766 lr 7.61e-04\n"}
,{"stream_name":"stdout","time":1557.304395298,"data":"epoch  65 loss   1.0224 lr 7.55e-04 val EPE 1.819 D1 10.60%\n"}
,{"stream_name":"stdout","time":1580.095692132,"data":"epoch  66 loss   1.0550 lr 7.48e-04\n"}
,{"stream_name":"stdout","time":1602.689598059,"data":"epoch  67 loss   1.0690 lr 7.41e-04\n"}
,{"stream_name":"stdout","time":1625.351046646,"data":"epoch  68 loss   1.2193 lr 7.34e-04\n"}
,{"stream_name":"stdout","time":1648.165533285,"data":"epoch  69 loss   1.3254 lr 7.27e-04\n"}
,{"stream_name":"stdout","time":1672.406438309,"data":"epoch  70 loss   1.0581 lr 7.20e-04 val EPE 1.794 D1 10.55%\n"}
,{"stream_name":"stdout","time":1695.12647075,"data":"epoch  71 loss   1.4739 lr 7.13e-04\n"}
,{"stream_name":"stdout","time":1717.806361159,"data":"epoch  72 loss   1.0080 lr 7.06e-04\n"}
,{"stream_name":"stdout","time":1740.498995872,"data":"epoch  73 loss   1.1603 lr 6.99e-04\n"}
,{"stream_name":"stdout","time":1763.124249582,"data":"epoch  74 loss   1.0099 lr 6.91e-04\n"}
,{"stream_name":"stdout","time":1787.146387206,"data":"epoch  75 loss   1.1994 lr 6.84e-04 val EPE 1.771 D1 10.49%\n"}
,{"stream_name":"stdout","time":1809.941636537,"data":"epoch  76 loss   1.0479 lr 6.77e-04\n"}
,{"stream_name":"stdout","time":1832.604089423,"data":"epoch  77 loss   1.0436 lr 6.69e-04\n"}
,{"stream_name":"stdout","time":1855.249324226,"data":"epoch  78 loss   0.8325 lr 6.62e-04\n"}
,{"stream_name":"stdout","time":1877.75937804,"data":"epoch  79 loss   0.9360 lr 6.55e-04\n"}
,{"stream_name":"stdout","time":1901.734133191,"data":"epoch  80 loss   0.9203 lr 6.47e-04 val EPE 1.739 D1 10.29%\n"}
,{"stream_name":"stdout","time":1924.435294654,"data":"epoch  81 loss   0.9064 lr 6.39e-04\n"}
,{"stream_name":"stdout","time":1947.680517377,"data":"epoch  82 loss   0.8540 lr 6.32e-04\n"}
,{"stream_name":"stdout","time":1970.871021893,"data":"epoch  83 loss   1.1169 lr 6.24e-04\n"}
,{"stream_name":"stdout","time":1993.582253744,"data":"epoch  84 loss   1.0513 lr 6.17e-04\n"}
,{"stream_name":"stdout","time":2017.731546195,"data":"epoch  85 loss   0.9570 lr 6.09e-04 val EPE 1.734 D1 10.19%\n"}
,{"stream_name":"stdout","time":2040.365666051,"data":"epoch  86 loss   0.9483 lr 6.01e-04\n"}
,{"stream_name":"stdout","time":2063.052653737,"data":"epoch  87 loss   1.0581 lr 5.94e-04\n"}
,{"stream_name":"stdout","time":2085.629897515,"data":"epoch  88 loss   0.8986 lr 5.86e-04\n"}
,{"stream_name":"stdout","time":2108.135318467,"data":"epoch  89 loss   0.9497 lr 5.78e-04\n"}
,{"stream_name":"stdout","time":2131.951862512,"data":"epoch  90 loss   1.2305 lr 5.70e-04 val EPE 1.718 D1 10.14%\n"}
,{"stream_name":"stdout","time":2154.678947432,"data":"epoch  91 loss   0.9842 lr 5.63e-04\n"}
,{"stream_name":"stdout","time":2177.263683977,"data":"epoch  92 loss   0.8941 lr 5.55e-04\n"}
,{"stream_name":"stdout","time":2200.025051512,"data":"epoch  93 loss   0.8112 lr 5.47e-04\n"}
,{"stream_name":"stdout","time":2222.523123165,"data":"epoch  94 loss   0.8026 lr 5.39e-04\n"}
,{"stream_name":"stdout","time":2246.359294801,"data":"epoch  95 loss   0.9171 lr 5.31e-04 val EPE 1.692 D1 10.02%\n"}
,{"stream_name":"stdout","time":2268.879920251,"data":"epoch  96 loss   0.9357 lr 5.24e-04\n"}
,{"stream_name":"stdout","time":2291.490171234,"data":"epoch  97 loss   1.0777 lr 5.16e-04\n"}
,{"stream_name":"stdout","time":2314.19230246,"data":"epoch  98 loss   0.9688 lr 5.08e-04\n"}
,{"stream_name":"stdout","time":2336.847319849,"data":"epoch  99 loss   0.8275 lr 5.00e-04\n"}
,{"stream_name":"stdout","time":2360.77857059,"data":"epoch 100 loss   1.0853 lr 4.92e-04 val EPE 1.686 D1 10.05%\n"}
,{"stream_name":"stdout","time":2383.39664605,"data":"epoch 101 loss   0.8763 lr 4.84e-04\n"}
,{"stream_name":"stdout","time":2406.06570765,"data":"epoch 102 loss   0.7005 lr 4.76e-04\n"}
,{"stream_name":"stdout","time":2428.625127131,"data":"epoch 103 loss   0.8428 lr 4.69e-04\n"}
,{"stream_name":"stdout","time":2451.296076566,"data":"epoch 104 loss   0.8138 lr 4.61e-04\n"}
,{"stream_name":"stdout","time":2475.153246221,"data":"epoch 105 loss   0.8278 lr 4.53e-04 val EPE 1.657 D1 9.89%\n"}
,{"stream_name":"stdout","time":2497.657262532,"data":"epoch 106 loss   0.8581 lr 4.45e-04\n"}
,{"stream_name":"stdout","time":2520.217004009,"data":"epoch 107 loss   0.7728 lr 4.37e-04\n"}
,{"stream_name":"stdout","time":2542.662804168,"data":"epoch 108 loss   0.9101 lr 4.30e-04\n"}
,{"stream_name":"stdout","time":2565.186921202,"data":"epoch 109 loss   0.9644 lr 4.22e-04\n"}
,{"stream_name":"stdout","time":2589.103033969,"data":"epoch 110 loss   0.8979 lr 4.14e-04 val EPE 1.650 D1 9.79%\n"}
,{"stream_name":"stdout","time":2611.658685632,"data":"epoch 111 loss   0.8922 lr 4.06e-04\n"}
,{"stream_name":"stdout","time":2634.115128656,"data":"epoch 112 loss   0.8817 lr 3.99e-04\n"}
,{"stream_name":"stdout","time":2656.611310696,"data":"epoch 113 loss   0.9729 lr 3.91e-04\n"}
,{"stream_name":"stdout","time":2679.012947243,"data":"epoch 114 loss   0.9680 lr 3.83e-04\n"}
,{"stream_name":"stdout","time":2702.856854471,"data":"epoch 115 loss   1.0966 lr 3.76e-04 val EPE 1.636 D1 9.65%\n"}
,{"stream_name":"stdout","time":2725.406041352,"data":"epoch 116 loss   0.7541 lr 3.68e-04\n"}
,{"stream_name":"stdout","time":2748.080074256,"data":"epoch 117 loss   1.0220 lr 3.61e-04\n"}
,{"stream_name":"stdout","time":2770.633787729,"data":"epoch 118 loss   0.8427 lr 3.53e-04\n"}
,{"stream_name":"stdout","time":2793.251087055,"data":"epoch 119 loss   0.8805 lr 3.45e-04\n"}
,{"stream_name":"stdout","time":2817.13976935,"data":"epoch 120 loss   0.9306 lr 3.38e-04 val EPE 1.622 D1 9.41%\n"}
,{"stream_name":"stdout","time":2839.600146953,"data":"epoch 121 loss   0.7735 lr 3.31e-04\n"}
,{"stream_name":"stdout","time":2862.132256829,"data":"epoch 122 loss   0.8588 lr 3.23e-04\n"}
,{"stream_name":"stdout","time":2884.623906458,"data":"epoch 123 loss   0.8075 lr 3.16e-04\n"}
,{"stream_name":"stdout","time":2907.086553093,"data":"epoch 124 loss   0.8702 lr 3.09e-04\n"}
,{"stream_name":"stdout","time":2930.887155855,"data":"epoch 125 loss   0.9999 lr 3.01e-04 val EPE 1.613 D1 9.28%\n"}
,{"stream_name":"stdout","time":2953.48856499,"data":"epoch 126 loss   1.0377 lr 2.94e-04\n"}
,{"stream_name":"stdout","time":2976.024251254,"data":"epoch 127 loss   0.8108 lr 2.87e-04\n"}
,{"stream_name":"stdout","time":2998.573344713,"data":"epoch 128 loss   0.7720 lr 2.80e-04\n"}
,{"stream_name":"stdout","time":3021.065428759,"data":"epoch 129 loss   0.8414 lr 2.73e-04\n"}
,{"stream_name":"stdout","time":3045.023065126,"data":"epoch 130 loss   0.9682 lr 2.66e-04 val EPE 1.602 D1 9.14%\n"}
,{"stream_name":"stdout","time":3067.666254795,"data":"epoch 131 loss   0.6569 lr 2.59e-04\n"}
,{"stream_name":"stdout","time":3090.11134169,"data":"epoch 132 loss   0.7168 lr 2.52e-04\n"}
,{"stream_name":"stdout","time":3112.674937858,"data":"epoch 133 loss   0.7416 lr 2.45e-04\n"}
,{"stream_name":"stdout","time":3135.172013225,"data":"epoch 134 loss   0.9140 lr 2.39e-04\n"}
,{"stream_name":"stdout","time":3159.682042116,"data":"epoch 135 loss   0.7830 lr 2.32e-04 val EPE 1.595 D1 9.08%\n"}
,{"stream_name":"stdout","time":3182.36919725,"data":"epoch 136 loss   0.8053 lr 2.25e-04\n"}
,{"stream_name":"stdout","time":3204.971257449,"data":"epoch 137 loss   0.8003 lr 2.19e-04\n"}
,{"stream_name":"stdout","time":3227.390996016,"data":"epoch 138 loss   0.8348 lr 2.12e-04\n"}
,{"stream_name":"stdout","time":3249.830575907,"data":"epoch 139 loss   0.8403 lr 2.06e-04\n"}
,{"stream_name":"stdout","time":3273.71971297,"data":"epoch 140 loss   0.7255 lr 2.00e-04 val EPE 1.592 D1 9.01%\n"}
,{"stream_name":"stdout","time":3296.206267585,"data":"epoch 141 loss   0.7171 lr 1.94e-04\n"}
,{"stream_name":"stdout","time":3318.658236384,"data":"epoch 142 loss   0.8102 lr 1.87e-04\n"}
,{"stream_name":"stdout","time":3340.97153853,"data":"epoch 143 loss   0.8167 lr 1.81e-04\n"}
,{"stream_name":"stdout","time":3363.415298364,"data":"epoch 144 loss   0.7938 lr 1.75e-04\n"}
,{"stream_name":"stdout","time":3387.205288533,"data":"epoch 145 loss   0.8797 lr 1.69e-04 val EPE 1.591 D1 8.97%\n"}
,{"stream_name":"stdout","time":3409.703551322,"data":"epoch 146 loss   0.8593 lr 1.63e-04\n"}
,{"stream_name":"stdout","time":3432.372215041,"data":"epoch 147 loss   0.7943 lr 1.58e-04\n"}
,{"stream_name":"stdout","time":3454.928041097,"data":"epoch 148 loss   0.7770 lr 1.52e-04\n"}
,{"stream_name":"stdout","time":3477.453955302,"data":"epoch 149 loss   0.7029 lr 1.46e-04\n"}
,{"stream_name":"stdout","time":3501.314233473,"data":"epoch 150 loss   0.6865 lr 1.41e-04 val EPE 1.599 D1 8.96%\n"}
,{"stream_name":"stdout","time":3523.824218537,"data":"epoch 151 loss   0.8320 lr 1.36e-04\n"}
,{"stream_name":"stdout","time":3546.576698567,"data":"epoch 152 loss   0.7886 lr 1.30e-04\n"}
,{"stream_name":"stdout","time":3569.257529645,"data":"epoch 153 loss   0.7376 lr 1.25e-04\n"}
,{"stream_name":"stdout","time":3591.957843293,"data":"epoch 154 loss   0.7414 lr 1.20e-04\n"}
,{"stream_name":"stdout","time":3615.906359859,"data":"epoch 155 loss   0.8200 lr 1.15e-04 val EPE 1.616 D1 8.98%\n"}
,{"stream_name":"stdout","time":3638.41923099,"data":"epoch 156 loss   0.7598 lr 1.10e-04\n"}
,{"stream_name":"stdout","time":3660.90257577,"data":"epoch 157 loss   0.7797 lr 1.05e-04\n"}
,{"stream_name":"stdout","time":3683.665130038,"data":"epoch 158 loss   0.7715 lr 1.00e-04\n"}
,{"stream_name":"stdout","time":3706.396169121,"data":"epoch 159 loss   0.7229 lr 9.55e-05\n"}
,{"stream_name":"stdout","time":3730.241644019,"data":"epoch 160 loss   0.6722 lr 9.09e-05 val EPE 1.627 D1 9.02%\n"}
,{"stream_name":"stdout","time":3752.743246829,"data":"epoch 161 loss   0.7928 lr 8.65e-05\n"}
,{"stream_name":"stdout","time":3775.235587463,"data":"epoch 162 loss   0.6986 lr 8.21e-05\n"}
,{"stream_name":"stdout","time":3798.153085499,"data":"epoch 163 loss   0.7565 lr 7.78e-05\n"}
,{"stream_name":"stdout","time":3820.933059628,"data":"epoch 164 loss   0.8701 lr 7.37e-05\n"}
,{"stream_name":"stdout","time":3845.083009117,"data":"epoch 165 loss   0.6940 lr 6.96e-05 val EPE 1.616 D1 8.95%\n"}
,{"stream_name":"stdout","time":3867.812946675,"data":"epoch 166 loss   0.7985 lr 6.57e-05\n"}
,{"stream_name":"stdout","time":3890.700109414,"data":"epoch 167 loss   0.9050 lr 6.18e-05\n"}
,{"stream_name":"stdout","time":3913.343766354,"data":"epoch 168 loss   0.7477 lr 5.81e-05\n"}
,{"stream_name":"stdout","time":3936.138727995,"data":"epoch 169 loss   0.6214 lr 5.45e-05\n"}
,{"stream_name":"stdout","time":3960.20728301,"data":"epoch 170 loss   0.7281 lr 5.10e-05 val EPE 1.596 D1 8.91%\n"}
,{"stream_name":"stdout","time":3983.086887187,"data":"epoch 171 loss   0.7550 lr 4.76e-05\n"}
,{"stream_name":"stdout","time":4005.842425901,"data":"epoch 172 loss   0.7218 lr 4.43e-05\n"}
,{"stream_name":"stdout","time":4028.763398125,"data":"epoch 173 loss   0.7014 lr 4.11e-05\n"}
,{"stream_name":"stdout","time":4051.546706902,"data":"epoch 174 loss   0.7202 lr 3.81e-05\n"}
,{"stream_name":"stdout","time":4075.717725662,"data":"epoch 175 loss   0.7444 lr 3.51e-05 val EPE 1.601 D1 8.97%\n"}
,{"stream_name":"stdout","time":4098.33030037,"data":"epoch 176 loss   0.8563 lr 3.23e-05\n"}
,{"stream_name":"stdout","time":4120.936163831,"data":"epoch 177 loss   0.7847 lr 2.96e-05\n"}
,{"stream_name":"stdout","time":4143.627462044,"data":"epoch 178 loss   0.8783 lr 2.70e-05\n"}
,{"stream_name":"stdout","time":4166.27791713,"data":"epoch 179 loss   0.6523 lr 2.45e-05\n"}
,{"stream_name":"stdout","time":4190.262183815,"data":"epoch 180 loss   0.7004 lr 2.21e-05 val EPE 1.605 D1 8.97%\n"}
,{"stream_name":"stdout","time":4212.828055437,"data":"epoch 181 loss   0.7679 lr 1.99e-05\n"}
,{"stream_name":"stdout","time":4235.476019497,"data":"epoch 182 loss   0.5968 lr 1.77e-05\n"}
,{"stream_name":"stdout","time":4258.282637297,"data":"epoch 183 loss   0.6942 lr 1.57e-05\n"}
,{"stream_name":"stdout","time":4280.882711124,"data":"epoch 184 loss   0.6752 lr 1.38e-05\n"}
,{"stream_name":"stdout","time":4304.962941846,"data":"epoch 185 loss   0.6743 lr 1.20e-05 val EPE 1.608 D1 8.98%\n"}
,{"stream_name":"stdout","time":4327.607664063,"data":"epoch 186 loss   0.7403 lr 1.04e-05\n"}
,{"stream_name":"stdout","time":4350.244709072,"data":"epoch 187 loss   0.5816 lr 8.86e-06\n"}
,{"stream_name":"stdout","time":4372.875931533,"data":"epoch 188 loss   0.7227 lr 7.45e-06\n"}
,{"stream_name":"stdout","time":4395.51523472,"data":"epoch 189 loss   0.8601 lr 6.16e-06\n"}
,{"stream_name":"stdout","time":4419.584626551,"data":"epoch 190 loss   0.7389 lr 4.99e-06 val EPE 1.605 D1 8.95%\n"}
,{"stream_name":"stdout","time":4442.228714875,"data":"epoch 191 loss   0.6998 lr 3.94e-06\n"}
,{"stream_name":"stdout","time":4464.940808903,"data":"epoch 192 loss   0.7945 lr 3.02e-06\n"}
,{"stream_name":"stdout","time":4487.614864794,"data":"epoch 193 loss   0.6862 lr 2.22e-06\n"}
,{"stream_name":"stdout","time":4510.337118524,"data":"epoch 194 loss   0.6869 lr 1.54e-06\n"}
,{"stream_name":"stdout","time":4534.416850116,"data":"epoch 195 loss   0.7160 lr 9.87e-07 val EPE 1.603 D1 8.90%\n"}
,{"stream_name":"stdout","time":4557.28348311,"data":"epoch 196 loss   0.8081 lr 5.55e-07\n"}
,{"stream_name":"stdout","time":4580.064315705,"data":"epoch 197 loss   0.7103 lr 2.47e-07\n"}
,{"stream_name":"stdout","time":4602.832059452,"data":"epoch 198 loss   0.7576 lr 6.17e-08\n"}
,{"stream_name":"stdout","time":4626.812093655,"data":"epoch 199 loss   0.7476 lr 0.00e+00 val EPE 1.602 D1 8.88%\n"}
,{"stream_name":"stdout","time":4626.841675848,"data":"P2A seed 1 done: wall 4608.4s best10 EPE 1.5909 @epoch 145\n"}
,{"stream_name":"stdout","time":4629.627436839,"data":"ARM armp COMPLETE wall=4618.7s best10=1.5909@145 final_lr=0.00e+00\n"}
,{"stream_name":"stdout","time":4641.128583683,"data":"armp/best EPE 1.2093647 D1 6.4556% contract True\n"}
,{"stream_name":"stdout","time":4647.30925894,"data":"armp/final EPE 1.2043173 D1 6.3756% contract True\n"}
,{"stream_name":"stdout","time":4647.330874984,"data":"\n"}
,{"stream_name":"stdout","time":4647.330907461,"data":"E1 seed 1 COMPLETE in 4646.3s\n"}
,{"stream_name":"stdout","time":4647.330923689,"data":"  best  EPE 1.2093647  D1 6.4556%\n"}
,{"stream_name":"stdout","time":4647.330927731,"data":"  final EPE 1.2043173  D1 6.3756%\n"}
,{"stream_name":"stdout","time":4647.330931864,"data":"wrote /kaggle/working/e1_seed1.json\n"}
,{"stream_name":"stderr","time":4650.140729946,"data":"/usr/local/lib/python3.12/dist-packages/mistune.py:435: SyntaxWarning: invalid escape sequence '\\|'\n"}
,{"stream_name":"stderr","time":4650.140794409,"data":"  cells[i][c] = re.sub('\\\\\\\\\\|', '|', cell)\n"}
,{"stream_name":"stderr","time":4650.45394209,"data":"/usr/local/lib/python3.12/dist-packages/nbconvert/filters/filter_links.py:36: SyntaxWarning: invalid escape sequence '\\_'\n"}
,{"stream_name":"stderr","time":4650.453967117,"data":"  text = re.sub(r'_', '\\_', text) # Escape underscores in display text\n"}
,{"stream_name":"stderr","time":4651.199681481,"data":"[NbConvertApp] Converting notebook __script__.ipynb to html\n"}
,{"stream_name":"stderr","time":4652.492707019,"data":"[NbConvertApp] Writing 308975 bytes to __results__.html\n"}
]