integrity guard: {"param_count": 397954, "param_count_ok": true, "all_ok": true}
init: {"source": "/kaggle/working/repo/checkpoints/armp_stage1_best.pth", "strict": true, "sha256": "3ae6fb3be6b2bda9287b325ccbe6d1397744c8f20ef5e56c046176d9f1a29be7", "n_keys": 70, "param_count": 397954}
/kaggle/working/repo/stage_e_recipe/run/scripts/finetune_pilot.py:303: UserWarning: Converting a tensor with requires_grad=True to a scalar may lead to unexpected behavior.
Consider using tensor.detach() first. (Triggered internally at /pytorch/torch/csrc/autograd/generated/python_variable_methods.cpp:836.)
  epoch_loss += float(loss)
epoch   0 loss   2.4475 lr 1.00e-03 val EPE 4.416 D1 45.41%
epoch   1 loss   2.1165 lr 1.00e-03
epoch   2 loss   1.6919 lr 9.99e-04
epoch   3 loss   1.8307 lr 9.99e-04
epoch   4 loss   1.4755 lr 9.98e-04
epoch   5 loss   1.3792 lr 9.98e-04 val EPE 2.198 D1 14.26%
epoch   6 loss   1.4899 lr 9.97e-04
epoch   7 loss   1.4945 lr 9.96e-04
epoch   8 loss   1.6738 lr 9.95e-04
epoch   9 loss   1.5519 lr 9.94e-04
epoch  10 loss   1.2583 lr 9.93e-04 val EPE 2.281 D1 14.35%
epoch  11 loss   1.2248 lr 9.91e-04
epoch  12 loss   1.2870 lr 9.90e-04
epoch  13 loss   1.4025 lr 9.88e-04
epoch  14 loss   1.2150 lr 9.86e-04
epoch  15 loss   1.1736 lr 9.84e-04 val EPE 1.837 D1 12.28%
epoch  16 loss   1.1792 lr 9.82e-04
epoch  17 loss   1.0943 lr 9.80e-04
epoch  18 loss   1.1403 lr 9.78e-04
epoch  19 loss   1.0536 lr 9.76e-04
epoch  20 loss   1.0908 lr 9.73e-04 val EPE 1.911 D1 11.55%
epoch  21 loss   1.3355 lr 9.70e-04
epoch  22 loss   1.2977 lr 9.68e-04
epoch  23 loss   1.3747 lr 9.65e-04
epoch  24 loss   1.4681 lr 9.62e-04
epoch  25 loss   1.3391 lr 9.59e-04 val EPE 2.156 D1 12.85%
epoch  26 loss   1.2580 lr 9.56e-04
epoch  27 loss   1.2571 lr 9.52e-04
epoch  28 loss   1.2238 lr 9.49e-04
epoch  29 loss   1.3475 lr 9.46e-04
epoch  30 loss   1.1086 lr 9.42e-04 val EPE 2.264 D1 14.21%
epoch  31 loss   1.1769 lr 9.38e-04
epoch  32 loss   1.0628 lr 9.34e-04
epoch  33 loss   0.9492 lr 9.30e-04
epoch  34 loss   1.1620 lr 9.26e-04
epoch  35 loss   1.0132 lr 9.22e-04 val EPE 2.112 D1 12.51%
epoch  36 loss   1.1368 lr 9.18e-04
epoch  37 loss   1.0351 lr 9.14e-04
epoch  38 loss   1.2056 lr 9.09e-04
epoch  39 loss   1.2293 lr 9.05e-04
epoch  40 loss   1.1461 lr 9.00e-04 val EPE 1.962 D1 11.53%
epoch  41 loss   0.9874 lr 8.95e-04
epoch  42 loss   1.0763 lr 8.90e-04
epoch  43 loss   1.0324 lr 8.85e-04
epoch  44 loss   0.9141 lr 8.80e-04
epoch  45 loss   1.1332 lr 8.75e-04 val EPE 3.065 D1 18.79%
epoch  46 loss   1.3496 lr 8.70e-04
epoch  47 loss   1.2936 lr 8.64e-04
epoch  48 loss   1.2343 lr 8.59e-04
epoch  49 loss   1.1469 lr 8.54e-04
epoch  50 loss   0.9370 lr 8.48e-04 val EPE 1.780 D1 10.51%
epoch  51 loss   1.0050 lr 8.42e-04
epoch  52 loss   0.9220 lr 8.37e-04
epoch  53 loss   0.9504 lr 8.31e-04
epoch  54 loss   1.0378 lr 8.25e-04
epoch  55 loss   0.9350 lr 8.19e-04 val EPE 1.711 D1 10.12%
epoch  56 loss   1.2798 lr 8.13e-04
epoch  57 loss   1.0249 lr 8.06e-04
epoch  58 loss   1.1111 lr 8.00e-04
epoch  59 loss   1.1121 lr 7.94e-04
epoch  60 loss   1.2259 lr 7.88e-04 val EPE 2.111 D1 12.21%
epoch  61 loss   1.1377 lr 7.81e-04
epoch  62 loss   0.9757 lr 7.75e-04
epoch  63 loss   0.9617 lr 7.68e-04
epoch  64 loss   1.0540 lr 7.61e-04
epoch  65 loss   0.9949 lr 7.55e-04 val EPE 1.849 D1 10.73%
epoch  66 loss   1.0742 lr 7.48e-04
epoch  67 loss   1.0465 lr 7.41e-04
epoch  68 loss   1.1471 lr 7.34e-04
epoch  69 loss   1.2834 lr 7.27e-04
epoch  70 loss   1.0215 lr 7.20e-04 val EPE 1.983 D1 11.52%
epoch  71 loss   1.4267 lr 7.13e-04
epoch  72 loss   1.0860 lr 7.06e-04
epoch  73 loss   1.2257 lr 6.99e-04
epoch  74 loss   1.0221 lr 6.91e-04
epoch  75 loss   1.1539 lr 6.84e-04 val EPE 1.932 D1 10.80%
epoch  76 loss   1.0659 lr 6.77e-04
epoch  77 loss   1.0733 lr 6.69e-04
epoch  78 loss   0.8387 lr 6.62e-04
epoch  79 loss   1.0212 lr 6.55e-04
epoch  80 loss   0.9725 lr 6.47e-04 val EPE 1.891 D1 11.19%
epoch  81 loss   0.9171 lr 6.39e-04
epoch  82 loss   0.8621 lr 6.32e-04
epoch  83 loss   1.1576 lr 6.24e-04
epoch  84 loss   1.0388 lr 6.17e-04
epoch  85 loss   0.9415 lr 6.09e-04 val EPE 1.842 D1 11.45%
epoch  86 loss   0.9539 lr 6.01e-04
epoch  87 loss   1.0875 lr 5.94e-04
epoch  88 loss   0.8977 lr 5.86e-04
epoch  89 loss   0.9629 lr 5.78e-04
epoch  90 loss   1.1430 lr 5.70e-04 val EPE 2.150 D1 12.57%
epoch  91 loss   0.9671 lr 5.63e-04
epoch  92 loss   0.8864 lr 5.55e-04
epoch  93 loss   0.8057 lr 5.47e-04
epoch  94 loss   0.8068 lr 5.39e-04
epoch  95 loss   0.9287 lr 5.31e-04 val EPE 1.827 D1 9.96%
epoch  96 loss   0.9222 lr 5.24e-04
epoch  97 loss   1.0668 lr 5.16e-04
epoch  98 loss   0.9262 lr 5.08e-04
epoch  99 loss   0.8084 lr 5.00e-04
epoch 100 loss   1.1535 lr 4.92e-04 val EPE 1.912 D1 11.74%
epoch 101 loss   0.9159 lr 4.84e-04
epoch 102 loss   0.7136 lr 4.76e-04
epoch 103 loss   0.8638 lr 4.69e-04
epoch 104 loss   0.8148 lr 4.61e-04
epoch 105 loss   0.8448 lr 4.53e-04 val EPE 1.824 D1 10.66%
epoch 106 loss   0.8622 lr 4.45e-04
epoch 107 loss   0.7336 lr 4.37e-04
epoch 108 loss   0.8821 lr 4.30e-04
epoch 109 loss   0.9616 lr 4.22e-04
epoch 110 loss   0.9042 lr 4.14e-04 val EPE 1.780 D1 10.04%
epoch 111 loss   0.8839 lr 4.06e-04
epoch 112 loss   0.8865 lr 3.99e-04
epoch 113 loss   0.9528 lr 3.91e-04
epoch 114 loss   0.9879 lr 3.83e-04
epoch 115 loss   1.1049 lr 3.76e-04 val EPE 1.718 D1 9.37%
epoch 116 loss   0.7376 lr 3.68e-04
epoch 117 loss   1.0428 lr 3.61e-04
epoch 118 loss   0.8500 lr 3.53e-04
epoch 119 loss   0.8719 lr 3.45e-04
epoch 120 loss   0.9203 lr 3.38e-04 val EPE 1.762 D1 9.64%
epoch 121 loss   0.7807 lr 3.31e-04
epoch 122 loss   0.8717 lr 3.23e-04
epoch 123 loss   0.8119 lr 3.16e-04
epoch 124 loss   0.8726 lr 3.09e-04
epoch 125 loss   1.0010 lr 3.01e-04 val EPE 1.673 D1 8.81%
epoch 126 loss   1.1743 lr 2.94e-04
epoch 127 loss   0.8349 lr 2.87e-04
epoch 128 loss   0.7844 lr 2.80e-04
epoch 129 loss   0.8316 lr 2.73e-04
epoch 130 loss   0.9977 lr 2.66e-04 val EPE 1.859 D1 10.09%
epoch 131 loss   0.6636 lr 2.59e-04
epoch 132 loss   0.7316 lr 2.52e-04
epoch 133 loss   0.7602 lr 2.45e-04
epoch 134 loss   0.8864 lr 2.39e-04
epoch 135 loss   0.7771 lr 2.32e-04 val EPE 1.755 D1 10.05%
epoch 136 loss   0.7996 lr 2.25e-04
epoch 137 loss   0.7994 lr 2.19e-04
epoch 138 loss   0.8293 lr 2.12e-04
epoch 139 loss   0.8364 lr 2.06e-04
epoch 140 loss   0.7661 lr 2.00e-04 val EPE 1.875 D1 10.13%
epoch 141 loss   0.7197 lr 1.94e-04
epoch 142 loss   0.8249 lr 1.87e-04
epoch 143 loss   0.8122 lr 1.81e-04
epoch 144 loss   0.7918 lr 1.75e-04
epoch 145 loss   0.8935 lr 1.69e-04 val EPE 1.775 D1 9.46%
epoch 146 loss   0.8490 lr 1.63e-04
epoch 147 loss   0.8012 lr 1.58e-04
epoch 148 loss   0.7794 lr 1.52e-04
epoch 149 loss   0.7179 lr 1.46e-04
epoch 150 loss   0.6988 lr 1.41e-04 val EPE 1.706 D1 9.38%
epoch 151 loss   0.8474 lr 1.36e-04
epoch 152 loss   0.7720 lr 1.30e-04
epoch 153 loss   0.7409 lr 1.25e-04
epoch 154 loss   0.7540 lr 1.20e-04
epoch 155 loss   0.8228 lr 1.15e-04 val EPE 1.768 D1 9.71%
epoch 156 loss   0.7556 lr 1.10e-04
epoch 157 loss   0.7863 lr 1.05e-04
epoch 158 loss   0.7827 lr 1.00e-04
epoch 159 loss   0.7232 lr 9.55e-05
epoch 160 loss   0.6808 lr 9.09e-05 val EPE 1.657 D1 9.05%
epoch 161 loss   0.7825 lr 8.65e-05
epoch 162 loss   0.7089 lr 8.21e-05
epoch 163 loss   0.7638 lr 7.78e-05
epoch 164 loss   0.8861 lr 7.37e-05
epoch 165 loss   0.7059 lr 6.96e-05 val EPE 1.672 D1 9.07%
epoch 166 loss   0.8185 lr 6.57e-05
epoch 167 loss   0.9087 lr 6.18e-05
epoch 168 loss   0.7508 lr 5.81e-05
epoch 169 loss   0.6306 lr 5.45e-05
epoch 170 loss   0.7227 lr 5.10e-05 val EPE 1.628 D1 9.01%
epoch 171 loss   0.7694 lr 4.76e-05
epoch 172 loss   0.7192 lr 4.43e-05
epoch 173 loss   0.7094 lr 4.11e-05
epoch 174 loss   0.7319 lr 3.81e-05
epoch 175 loss   0.7576 lr 3.51e-05 val EPE 1.689 D1 9.43%
epoch 176 loss   0.8700 lr 3.23e-05
epoch 177 loss   0.7790 lr 2.96e-05
epoch 178 loss   0.8719 lr 2.70e-05
epoch 179 loss   0.6628 lr 2.45e-05
epoch 180 loss   0.7001 lr 2.21e-05 val EPE 1.700 D1 9.42%
epoch 181 loss   0.7758 lr 1.99e-05
epoch 182 loss   0.6006 lr 1.77e-05
epoch 183 loss   0.6955 lr 1.57e-05
epoch 184 loss   0.6818 lr 1.38e-05
epoch 185 loss   0.6813 lr 1.20e-05 val EPE 1.602 D1 8.79%
epoch 186 loss   0.7449 lr 1.04e-05
epoch 187 loss   0.5992 lr 8.86e-06
epoch 188 loss   0.7261 lr 7.45e-06
epoch 189 loss   0.8611 lr 6.16e-06
epoch 190 loss   0.7399 lr 4.99e-06 val EPE 1.616 D1 8.78%
epoch 191 loss   0.7026 lr 3.94e-06
epoch 192 loss   0.7853 lr 3.02e-06
epoch 193 loss   0.6943 lr 2.22e-06
epoch 194 loss   0.6941 lr 1.54e-06
epoch 195 loss   0.7293 lr 9.87e-07 val EPE 1.629 D1 8.89%
epoch 196 loss   0.8043 lr 5.55e-07
epoch 197 loss   0.7209 lr 2.47e-07
epoch 198 loss   0.7750 lr 6.17e-08
epoch 199 loss   0.7512 lr 0.00e+00 val EPE 1.625 D1 8.87%
P2A seed 1 done: wall 4547.2s best10 EPE 1.6020 @epoch 185
