[{"stream_name":"stdout","time":7.076230741,"data":"{\"python\": \"3.12.13\", \"torch\": \"2.10.0+cu128\", \"cuda\": \"12.8\", \"cudnn\": 91002, \"gpu\": \"Tesla T4\", \"device_count\": 2}\n"}
,{"stream_name":"stdout","time":7.076318494,"data":"+ /usr/bin/python3 /kaggle/working/repo/stage_e_recipe/run/scripts/run_arm.py --arm armp --init /kaggle/working/repo/checkpoints/armp_stage1_best.pth --outdir /kaggle/working/repo/stage_e_recipe/run/armp --seed 1 --epochs 200 --timeout_s 18000.0\n"}
,{"stream_name":"stdout","time":7.167821163,"data":"RUN arm=armp init=/kaggle/working/repo/checkpoints/armp_stage1_best.pth pid=20 cmd=['/usr/bin/python3', '/kaggle/working/repo/stage_e_recipe/run/scripts/finetune_pilot.py', '--init', '/kaggle/working/repo/checkpoints/armp_stage1_best.pth', '--arm', 'armp']\n"}
,{"stream_name":"stdout","time":9.462827922,"data":"integrity guard: {\"param_count\": 397954, \"param_count_ok\": true, \"all_ok\": true}\n"}
,{"stream_name":"stdout","time":9.474495531,"data":"init: {\"source\": \"/kaggle/working/repo/checkpoints/armp_stage1_best.pth\", \"strict\": true, \"sha256\": \"3ae6fb3be6b2bda9287b325ccbe6d1397744c8f20ef5e56c046176d9f1a29be7\", \"n_keys\": 70, \"param_count\": 397954}\n"}
,{"stream_name":"stdout","time":16.09152657,"data":"/kaggle/working/repo/stage_e_recipe/run/scripts/finetune_pilot.py:303: UserWarning: Converting a tensor with requires_grad=True to a scalar may lead to unexpected behavior.\n"}
,{"stream_name":"stdout","time":16.091558997,"data":"Consider using tensor.detach() first. (Triggered internally at /pytorch/torch/csrc/autograd/generated/python_variable_methods.cpp:836.)\n"}
,{"stream_name":"stdout","time":16.091564935,"data":"  epoch_loss += float(loss)\n"}
,{"stream_name":"stdout","time":43.450714265,"data":"epoch   0 loss   2.4475 lr 1.00e-03 val EPE 4.416 D1 45.41%\n"}
,{"stream_name":"stdout","time":64.605875985,"data":"epoch   1 loss   2.1165 lr 1.00e-03\n"}
,{"stream_name":"stdout","time":85.881006026,"data":"epoch   2 loss   1.6919 lr 9.99e-04\n"}
,{"stream_name":"stdout","time":107.724123062,"data":"epoch   3 loss   1.8307 lr 9.99e-04\n"}
,{"stream_name":"stdout","time":129.613122932,"data":"epoch   4 loss   1.4755 lr 9.98e-04\n"}
,{"stream_name":"stdout","time":152.96257528,"data":"epoch   5 loss   1.3792 lr 9.98e-04 val EPE 2.198 D1 14.26%\n"}
,{"stream_name":"stdout","time":175.203050328,"data":"epoch   6 loss   1.4899 lr 9.97e-04\n"}
,{"stream_name":"stdout","time":197.350267649,"data":"epoch   7 loss   1.4945 lr 9.96e-04\n"}
,{"stream_name":"stdout","time":219.629861608,"data":"epoch   8 loss   1.6738 lr 9.95e-04\n"}
,{"stream_name":"stdout","time":241.963083597,"data":"epoch   9 loss   1.5519 lr 9.94e-04\n"}
,{"stream_name":"stdout","time":265.586702964,"data":"epoch  10 loss   1.2583 lr 9.93e-04 val EPE 2.281 D1 14.35%\n"}
,{"stream_name":"stdout","time":287.727293633,"data":"epoch  11 loss   1.2248 lr 9.91e-04\n"}
,{"stream_name":"stdout","time":309.967806983,"data":"epoch  12 loss   1.2870 lr 9.90e-04\n"}
,{"stream_name":"stdout","time":332.318514983,"data":"epoch  13 loss   1.4025 lr 9.88e-04\n"}
,{"stream_name":"stdout","time":354.590624517,"data":"epoch  14 loss   1.2150 lr 9.86e-04\n"}
,{"stream_name":"stdout","time":378.221074292,"data":"epoch  15 loss   1.1736 lr 9.84e-04 val EPE 1.837 D1 12.28%\n"}
,{"stream_name":"stdout","time":400.454652606,"data":"epoch  16 loss   1.1792 lr 9.82e-04\n"}
,{"stream_name":"stdout","time":422.854473186,"data":"epoch  17 loss   1.0943 lr 9.80e-04\n"}
,{"stream_name":"stdout","time":445.213326774,"data":"epoch  18 loss   1.1403 lr 9.78e-04\n"}
,{"stream_name":"stdout","time":467.593517449,"data":"epoch  19 loss   1.0536 lr 9.76e-04\n"}
,{"stream_name":"stdout","time":491.320812246,"data":"epoch  20 loss   1.0908 lr 9.73e-04 val EPE 1.911 D1 11.55%\n"}
,{"stream_name":"stdout","time":513.826075593,"data":"epoch  21 loss   1.3355 lr 9.70e-04\n"}
,{"stream_name":"stdout","time":536.270768982,"data":"epoch  22 loss   1.2977 lr 9.68e-04\n"}
,{"stream_name":"stdout","time":558.726828032,"data":"epoch  23 loss   1.3747 lr 9.65e-04\n"}
,{"stream_name":"stdout","time":581.052608049,"data":"epoch  24 loss   1.4681 lr 9.62e-04\n"}
,{"stream_name":"stdout","time":604.858227557,"data":"epoch  25 loss   1.3391 lr 9.59e-04 val EPE 2.156 D1 12.85%\n"}
,{"stream_name":"stdout","time":627.237694132,"data":"epoch  26 loss   1.2580 lr 9.56e-04\n"}
,{"stream_name":"stdout","time":649.649776595,"data":"epoch  27 loss   1.2571 lr 9.52e-04\n"}
,{"stream_name":"stdout","time":672.052131769,"data":"epoch  28 loss   1.2238 lr 9.49e-04\n"}
,{"stream_name":"stdout","time":694.565228615,"data":"epoch  29 loss   1.3475 lr 9.46e-04\n"}
,{"stream_name":"stdout","time":718.445129783,"data":"epoch  30 loss   1.1086 lr 9.42e-04 val EPE 2.264 D1 14.21%\n"}
,{"stream_name":"stdout","time":740.951035024,"data":"epoch  31 loss   1.1769 lr 9.38e-04\n"}
,{"stream_name":"stdout","time":763.41248659,"data":"epoch  32 loss   1.0628 lr 9.34e-04\n"}
,{"stream_name":"stdout","time":785.86557701,"data":"epoch  33 loss   0.9492 lr 9.30e-04\n"}
,{"stream_name":"stdout","time":808.357693038,"data":"epoch  34 loss   1.1620 lr 9.26e-04\n"}
,{"stream_name":"stdout","time":832.053033511,"data":"epoch  35 loss   1.0132 lr 9.22e-04 val EPE 2.112 D1 12.51%\n"}
,{"stream_name":"stdout","time":854.500840509,"data":"epoch  36 loss   1.1368 lr 9.18e-04\n"}
,{"stream_name":"stdout","time":876.970481226,"data":"epoch  37 loss   1.0351 lr 9.14e-04\n"}
,{"stream_name":"stdout","time":899.490021075,"data":"epoch  38 loss   1.2056 lr 9.09e-04\n"}
,{"stream_name":"stdout","time":921.784679017,"data":"epoch  39 loss   1.2293 lr 9.05e-04\n"}
,{"stream_name":"stdout","time":945.525317703,"data":"epoch  40 loss   1.1461 lr 9.00e-04 val EPE 1.962 D1 11.53%\n"}
,{"stream_name":"stdout","time":967.94666043,"data":"epoch  41 loss   0.9874 lr 8.95e-04\n"}
,{"stream_name":"stdout","time":990.343313924,"data":"epoch  42 loss   1.0763 lr 8.90e-04\n"}
,{"stream_name":"stdout","time":1012.801007156,"data":"epoch  43 loss   1.0324 lr 8.85e-04\n"}
,{"stream_name":"stdout","time":1035.259661504,"data":"epoch  44 loss   0.9141 lr 8.80e-04\n"}
,{"stream_name":"stdout","time":1059.043611385,"data":"epoch  45 loss   1.1332 lr 8.75e-04 val EPE 3.065 D1 18.79%\n"}
,{"stream_name":"stdout","time":1081.4770583,"data":"epoch  46 loss   1.3496 lr 8.70e-04\n"}
,{"stream_name":"stdout","time":1103.946247904,"data":"epoch  47 loss   1.2936 lr 8.64e-04\n"}
,{"stream_name":"stdout","time":1126.414596851,"data":"epoch  48 loss   1.2343 lr 8.59e-04\n"}
,{"stream_name":"stdout","time":1149.029393438,"data":"epoch  49 loss   1.1469 lr 8.54e-04\n"}
,{"stream_name":"stdout","time":1172.861827056,"data":"epoch  50 loss   0.9370 lr 8.48e-04 val EPE 1.780 D1 10.51%\n"}
,{"stream_name":"stdout","time":1195.312878835,"data":"epoch  51 loss   1.0050 lr 8.42e-04\n"}
,{"stream_name":"stdout","time":1217.853325667,"data":"epoch  52 loss   0.9220 lr 8.37e-04\n"}
,{"stream_name":"stdout","time":1240.281047908,"data":"epoch  53 loss   0.9504 lr 8.31e-04\n"}
,{"stream_name":"stdout","time":1262.79586914,"data":"epoch  54 loss   1.0378 lr 8.25e-04\n"}
,{"stream_name":"stdout","time":1286.617172139,"data":"epoch  55 loss   0.9350 lr 8.19e-04 val EPE 1.711 D1 10.12%\n"}
,{"stream_name":"stdout","time":1309.031095862,"data":"epoch  56 loss   1.2798 lr 8.13e-04\n"}
,{"stream_name":"stdout","time":1331.600903937,"data":"epoch  57 loss   1.0249 lr 8.06e-04\n"}
,{"stream_name":"stdout","time":1353.995597539,"data":"epoch  58 loss   1.1111 lr 8.00e-04\n"}
,{"stream_name":"stdout","time":1376.53605126,"data":"epoch  59 loss   1.1121 lr 7.94e-04\n"}
,{"stream_name":"stdout","time":1400.292286162,"data":"epoch  60 loss   1.2259 lr 7.88e-04 val EPE 2.111 D1 12.21%\n"}
,{"stream_name":"stdout","time":1422.826206435,"data":"epoch  61 loss   1.1377 lr 7.81e-04\n"}
,{"stream_name":"stdout","time":1445.396848309,"data":"epoch  62 loss   0.9757 lr 7.75e-04\n"}
,{"stream_name":"stdout","time":1467.882898478,"data":"epoch  63 loss   0.9617 lr 7.68e-04\n"}
,{"stream_name":"stdout","time":1490.218660669,"data":"epoch  64 loss   1.0540 lr 7.61e-04\n"}
,{"stream_name":"stdout","time":1514.091382333,"data":"epoch  65 loss   0.9949 lr 7.55e-04 val EPE 1.849 D1 10.73%\n"}
,{"stream_name":"stdout","time":1536.625863965,"data":"epoch  66 loss   1.0742 lr 7.48e-04\n"}
,{"stream_name":"stdout","time":1559.085240775,"data":"epoch  67 loss   1.0465 lr 7.41e-04\n"}
,{"stream_name":"stdout","time":1581.522983017,"data":"epoch  68 loss   1.1471 lr 7.34e-04\n"}
,{"stream_name":"stdout","time":1604.132978503,"data":"epoch  69 loss   1.2834 lr 7.27e-04\n"}
,{"stream_name":"stdout","time":1627.887496287,"data":"epoch  70 loss   1.0215 lr 7.20e-04 val EPE 1.983 D1 11.52%\n"}
,{"stream_name":"stdout","time":1650.425602553,"data":"epoch  71 loss   1.4267 lr 7.13e-04\n"}
,{"stream_name":"stdout","time":1672.900490299,"data":"epoch  72 loss   1.0860 lr 7.06e-04\n"}
,{"stream_name":"stdout","time":1695.365092412,"data":"epoch  73 loss   1.2257 lr 6.99e-04\n"}
,{"stream_name":"stdout","time":1717.799101,"data":"epoch  74 loss   1.0221 lr 6.91e-04\n"}
,{"stream_name":"stdout","time":1741.681785423,"data":"epoch  75 loss   1.1539 lr 6.84e-04 val EPE 1.932 D1 10.80%\n"}
,{"stream_name":"stdout","time":1764.163216592,"data":"epoch  76 loss   1.0659 lr 6.77e-04\n"}
,{"stream_name":"stdout","time":1786.70278873,"data":"epoch  77 loss   1.0733 lr 6.69e-04\n"}
,{"stream_name":"stdout","time":1809.267664776,"data":"epoch  78 loss   0.8387 lr 6.62e-04\n"}
,{"stream_name":"stdout","time":1831.72339944,"data":"epoch  79 loss   1.0212 lr 6.55e-04\n"}
,{"stream_name":"stdout","time":1855.466534762,"data":"epoch  80 loss   0.9725 lr 6.47e-04 val EPE 1.891 D1 11.19%\n"}
,{"stream_name":"stdout","time":1877.885137774,"data":"epoch  81 loss   0.9171 lr 6.39e-04\n"}
,{"stream_name":"stdout","time":1900.259125574,"data":"epoch  82 loss   0.8621 lr 6.32e-04\n"}
,{"stream_name":"stdout","time":1922.632918244,"data":"epoch  83 loss   1.1576 lr 6.24e-04\n"}
,{"stream_name":"stdout","time":1945.025271224,"data":"epoch  84 loss   1.0388 lr 6.17e-04\n"}
,{"stream_name":"stdout","time":1968.669897961,"data":"epoch  85 loss   0.9415 lr 6.09e-04 val EPE 1.842 D1 11.45%\n"}
,{"stream_name":"stdout","time":1991.079116061,"data":"epoch  86 loss   0.9539 lr 6.01e-04\n"}
,{"stream_name":"stdout","time":2013.459229196,"data":"epoch  87 loss   1.0875 lr 5.94e-04\n"}
,{"stream_name":"stdout","time":2035.925932403,"data":"epoch  88 loss   0.8977 lr 5.86e-04\n"}
,{"stream_name":"stdout","time":2058.344053625,"data":"epoch  89 loss   0.9629 lr 5.78e-04\n"}
,{"stream_name":"stdout","time":2082.095639407,"data":"epoch  90 loss   1.1430 lr 5.70e-04 val EPE 2.150 D1 12.57%\n"}
,{"stream_name":"stdout","time":2104.500407863,"data":"epoch  91 loss   0.9671 lr 5.63e-04\n"}
,{"stream_name":"stdout","time":2126.998011685,"data":"epoch  92 loss   0.8864 lr 5.55e-04\n"}
,{"stream_name":"stdout","time":2149.587467635,"data":"epoch  93 loss   0.8057 lr 5.47e-04\n"}
,{"stream_name":"stdout","time":2172.008689227,"data":"epoch  94 loss   0.8068 lr 5.39e-04\n"}
,{"stream_name":"stdout","time":2195.804183052,"data":"epoch  95 loss   0.9287 lr 5.31e-04 val EPE 1.827 D1 9.96%\n"}
,{"stream_name":"stdout","time":2218.190378157,"data":"epoch  96 loss   0.9222 lr 5.24e-04\n"}
,{"stream_name":"stdout","time":2240.699385268,"data":"epoch  97 loss   1.0668 lr 5.16e-04\n"}
,{"stream_name":"stdout","time":2263.208659422,"data":"epoch  98 loss   0.9262 lr 5.08e-04\n"}
,{"stream_name":"stdout","time":2285.710749389,"data":"epoch  99 loss   0.8084 lr 5.00e-04\n"}
,{"stream_name":"stdout","time":2309.494742085,"data":"epoch 100 loss   1.1535 lr 4.92e-04 val EPE 1.912 D1 11.74%\n"}
,{"stream_name":"stdout","time":2331.989573842,"data":"epoch 101 loss   0.9159 lr 4.84e-04\n"}
,{"stream_name":"stdout","time":2354.495235246,"data":"epoch 102 loss   0.7136 lr 4.76e-04\n"}
,{"stream_name":"stdout","time":2377.011749231,"data":"epoch 103 loss   0.8638 lr 4.69e-04\n"}
,{"stream_name":"stdout","time":2399.429245302,"data":"epoch 104 loss   0.8148 lr 4.61e-04\n"}
,{"stream_name":"stdout","time":2423.315736066,"data":"epoch 105 loss   0.8448 lr 4.53e-04 val EPE 1.824 D1 10.66%\n"}
,{"stream_name":"stdout","time":2445.701842515,"data":"epoch 106 loss   0.8622 lr 4.45e-04\n"}
,{"stream_name":"stdout","time":2468.182703004,"data":"epoch 107 loss   0.7336 lr 4.37e-04\n"}
,{"stream_name":"stdout","time":2490.621376732,"data":"epoch 108 loss   0.8821 lr 4.30e-04\n"}
,{"stream_name":"stdout","time":2513.138821794,"data":"epoch 109 loss   0.9616 lr 4.22e-04\n"}
,{"stream_name":"stdout","time":2536.848844014,"data":"epoch 110 loss   0.9042 lr 4.14e-04 val EPE 1.780 D1 10.04%\n"}
,{"stream_name":"stdout","time":2559.264924477,"data":"epoch 111 loss   0.8839 lr 4.06e-04\n"}
,{"stream_name":"stdout","time":2581.718517897,"data":"epoch 112 loss   0.8865 lr 3.99e-04\n"}
,{"stream_name":"stdout","time":2604.119934755,"data":"epoch 113 loss   0.9528 lr 3.91e-04\n"}
,{"stream_name":"stdout","time":2626.490726676,"data":"epoch 114 loss   0.9879 lr 3.83e-04\n"}
,{"stream_name":"stdout","time":2650.121155995,"data":"epoch 115 loss   1.1049 lr 3.76e-04 val EPE 1.718 D1 9.37%\n"}
,{"stream_name":"stdout","time":2672.510097559,"data":"epoch 116 loss   0.7376 lr 3.68e-04\n"}
,{"stream_name":"stdout","time":2695.0797685,"data":"epoch 117 loss   1.0428 lr 3.61e-04\n"}
,{"stream_name":"stdout","time":2717.528996094,"data":"epoch 118 loss   0.8500 lr 3.53e-04\n"}
,{"stream_name":"stdout","time":2739.980876923,"data":"epoch 119 loss   0.8719 lr 3.45e-04\n"}
,{"stream_name":"stdout","time":2763.66869605,"data":"epoch 120 loss   0.9203 lr 3.38e-04 val EPE 1.762 D1 9.64%\n"}
,{"stream_name":"stdout","time":2786.228495987,"data":"epoch 121 loss   0.7807 lr 3.31e-04\n"}
,{"stream_name":"stdout","time":2808.697918625,"data":"epoch 122 loss   0.8717 lr 3.23e-04\n"}
,{"stream_name":"stdout","time":2831.131570485,"data":"epoch 123 loss   0.8119 lr 3.16e-04\n"}
,{"stream_name":"stdout","time":2853.537617664,"data":"epoch 124 loss   0.8726 lr 3.09e-04\n"}
,{"stream_name":"stdout","time":2877.273889347,"data":"epoch 125 loss   1.0010 lr 3.01e-04 val EPE 1.673 D1 8.81%\n"}
,{"stream_name":"stdout","time":2899.719596489,"data":"epoch 126 loss   1.1743 lr 2.94e-04\n"}
,{"stream_name":"stdout","time":2922.217449271,"data":"epoch 127 loss   0.8349 lr 2.87e-04\n"}
,{"stream_name":"stdout","time":2944.618004586,"data":"epoch 128 loss   0.7844 lr 2.80e-04\n"}
,{"stream_name":"stdout","time":2967.088201574,"data":"epoch 129 loss   0.8316 lr 2.73e-04\n"}
,{"stream_name":"stdout","time":2990.935771358,"data":"epoch 130 loss   0.9977 lr 2.66e-04 val EPE 1.859 D1 10.09%\n"}
,{"stream_name":"stdout","time":3013.455691179,"data":"epoch 131 loss   0.6636 lr 2.59e-04\n"}
,{"stream_name":"stdout","time":3035.979478883,"data":"epoch 132 loss   0.7316 lr 2.52e-04\n"}
,{"stream_name":"stdout","time":3058.593607644,"data":"epoch 133 loss   0.7602 lr 2.45e-04\n"}
,{"stream_name":"stdout","time":3081.047620802,"data":"epoch 134 loss   0.8864 lr 2.39e-04\n"}
,{"stream_name":"stdout","time":3104.739786992,"data":"epoch 135 loss   0.7771 lr 2.32e-04 val EPE 1.755 D1 10.05%\n"}
,{"stream_name":"stdout","time":3127.151229986,"data":"epoch 136 loss   0.7996 lr 2.25e-04\n"}
,{"stream_name":"stdout","time":3149.598261068,"data":"epoch 137 loss   0.7994 lr 2.19e-04\n"}
,{"stream_name":"stdout","time":3172.004328015,"data":"epoch 138 loss   0.8293 lr 2.12e-04\n"}
,{"stream_name":"stdout","time":3194.388153826,"data":"epoch 139 loss   0.8364 lr 2.06e-04\n"}
,{"stream_name":"stdout","time":3218.07910695,"data":"epoch 140 loss   0.7661 lr 2.00e-04 val EPE 1.875 D1 10.13%\n"}
,{"stream_name":"stdout","time":3240.532230602,"data":"epoch 141 loss   0.7197 lr 1.94e-04\n"}
,{"stream_name":"stdout","time":3262.923487866,"data":"epoch 142 loss   0.8249 lr 1.87e-04\n"}
,{"stream_name":"stdout","time":3285.373955732,"data":"epoch 143 loss   0.8122 lr 1.81e-04\n"}
,{"stream_name":"stdout","time":3307.911728071,"data":"epoch 144 loss   0.7918 lr 1.75e-04\n"}
,{"stream_name":"stdout","time":3331.876341963,"data":"epoch 145 loss   0.8935 lr 1.69e-04 val EPE 1.775 D1 9.46%\n"}
,{"stream_name":"stdout","time":3354.434449487,"data":"epoch 146 loss   0.8490 lr 1.63e-04\n"}
,{"stream_name":"stdout","time":3377.047639907,"data":"epoch 147 loss   0.8012 lr 1.58e-04\n"}
,{"stream_name":"stdout","time":3399.515963221,"data":"epoch 148 loss   0.7794 lr 1.52e-04\n"}
,{"stream_name":"stdout","time":3421.916521116,"data":"epoch 149 loss   0.7179 lr 1.46e-04\n"}
,{"stream_name":"stdout","time":3445.656217106,"data":"epoch 150 loss   0.6988 lr 1.41e-04 val EPE 1.706 D1 9.38%\n"}
,{"stream_name":"stdout","time":3468.092997741,"data":"epoch 151 loss   0.8474 lr 1.36e-04\n"}
,{"stream_name":"stdout","time":3490.44039758,"data":"epoch 152 loss   0.7720 lr 1.30e-04\n"}
,{"stream_name":"stdout","time":3512.830175081,"data":"epoch 153 loss   0.7409 lr 1.25e-04\n"}
,{"stream_name":"stdout","time":3535.239337419,"data":"epoch 154 loss   0.7540 lr 1.20e-04\n"}
,{"stream_name":"stdout","time":3558.904744267,"data":"epoch 155 loss   0.8228 lr 1.15e-04 val EPE 1.768 D1 9.71%\n"}
,{"stream_name":"stdout","time":3581.264639491,"data":"epoch 156 loss   0.7556 lr 1.10e-04\n"}
,{"stream_name":"stdout","time":3603.680577347,"data":"epoch 157 loss   0.7863 lr 1.05e-04\n"}
,{"stream_name":"stdout","time":3626.189964882,"data":"epoch 158 loss   0.7827 lr 1.00e-04\n"}
,{"stream_name":"stdout","time":3648.691998245,"data":"epoch 159 loss   0.7232 lr 9.55e-05\n"}
,{"stream_name":"stdout","time":3672.403495324,"data":"epoch 160 loss   0.6808 lr 9.09e-05 val EPE 1.657 D1 9.05%\n"}
,{"stream_name":"stdout","time":3694.781734572,"data":"epoch 161 loss   0.7825 lr 8.65e-05\n"}
,{"stream_name":"stdout","time":3717.29973057,"data":"epoch 162 loss   0.7089 lr 8.21e-05\n"}
,{"stream_name":"stdout","time":3739.806379158,"data":"epoch 163 loss   0.7638 lr 7.78e-05\n"}
,{"stream_name":"stdout","time":3762.278741677,"data":"epoch 164 loss   0.8861 lr 7.37e-05\n"}
,{"stream_name":"stdout","time":3786.240197177,"data":"epoch 165 loss   0.7059 lr 6.96e-05 val EPE 1.672 D1 9.07%\n"}
,{"stream_name":"stdout","time":3808.816200655,"data":"epoch 166 loss   0.8185 lr 6.57e-05\n"}
,{"stream_name":"stdout","time":3831.393672127,"data":"epoch 167 loss   0.9087 lr 6.18e-05\n"}
,{"stream_name":"stdout","time":3853.909019184,"data":"epoch 168 loss   0.7508 lr 5.81e-05\n"}
,{"stream_name":"stdout","time":3876.524463368,"data":"epoch 169 loss   0.6306 lr 5.45e-05\n"}
,{"stream_name":"stdout","time":3900.538576217,"data":"epoch 170 loss   0.7227 lr 5.10e-05 val EPE 1.628 D1 9.01%\n"}
,{"stream_name":"stdout","time":3923.061944768,"data":"epoch 171 loss   0.7694 lr 4.76e-05\n"}
,{"stream_name":"stdout","time":3945.623504495,"data":"epoch 172 loss   0.7192 lr 4.43e-05\n"}
,{"stream_name":"stdout","time":3968.150701408,"data":"epoch 173 loss   0.7094 lr 4.11e-05\n"}
,{"stream_name":"stdout","time":3990.674986783,"data":"epoch 174 loss   0.7319 lr 3.81e-05\n"}
,{"stream_name":"stdout","time":4014.555220318,"data":"epoch 175 loss   0.7576 lr 3.51e-05 val EPE 1.689 D1 9.43%\n"}
,{"stream_name":"stdout","time":4036.983097951,"data":"epoch 176 loss   0.8700 lr 3.23e-05\n"}
,{"stream_name":"stdout","time":4059.572835384,"data":"epoch 177 loss   0.7790 lr 2.96e-05\n"}
,{"stream_name":"stdout","time":4082.095098606,"data":"epoch 178 loss   0.8719 lr 2.70e-05\n"}
,{"stream_name":"stdout","time":4104.538640647,"data":"epoch 179 loss   0.6628 lr 2.45e-05\n"}
,{"stream_name":"stdout","time":4128.270004673,"data":"epoch 180 loss   0.7001 lr 2.21e-05 val EPE 1.700 D1 9.42%\n"}
,{"stream_name":"stdout","time":4150.825112533,"data":"epoch 181 loss   0.7758 lr 1.99e-05\n"}
,{"stream_name":"stdout","time":4173.361774876,"data":"epoch 182 loss   0.6006 lr 1.77e-05\n"}
,{"stream_name":"stdout","time":4195.752155407,"data":"epoch 183 loss   0.6955 lr 1.57e-05\n"}
,{"stream_name":"stdout","time":4218.183177449,"data":"epoch 184 loss   0.6818 lr 1.38e-05\n"}
,{"stream_name":"stdout","time":4242.041747079,"data":"epoch 185 loss   0.6813 lr 1.20e-05 val EPE 1.602 D1 8.79%\n"}
,{"stream_name":"stdout","time":4264.525677512,"data":"epoch 186 loss   0.7449 lr 1.04e-05\n"}
,{"stream_name":"stdout","time":4287.110112462,"data":"epoch 187 loss   0.5992 lr 8.86e-06\n"}
,{"stream_name":"stdout","time":4309.764847691,"data":"epoch 188 loss   0.7261 lr 7.45e-06\n"}
,{"stream_name":"stdout","time":4332.457860964,"data":"epoch 189 loss   0.8611 lr 6.16e-06\n"}
,{"stream_name":"stdout","time":4356.248898297,"data":"epoch 190 loss   0.7399 lr 4.99e-06 val EPE 1.616 D1 8.78%\n"}
,{"stream_name":"stdout","time":4378.673225669,"data":"epoch 191 loss   0.7026 lr 3.94e-06\n"}
,{"stream_name":"stdout","time":4401.11600535,"data":"epoch 192 loss   0.7853 lr 3.02e-06\n"}
,{"stream_name":"stdout","time":4423.828578436,"data":"epoch 193 loss   0.6943 lr 2.22e-06\n"}
,{"stream_name":"stdout","time":4446.330277103,"data":"epoch 194 loss   0.6941 lr 1.54e-06\n"}
,{"stream_name":"stdout","time":4470.18286053,"data":"epoch 195 loss   0.7293 lr 9.87e-07 val EPE 1.629 D1 8.89%\n"}
,{"stream_name":"stdout","time":4492.590704856,"data":"epoch 196 loss   0.8043 lr 5.55e-07\n"}
,{"stream_name":"stdout","time":4515.028373598,"data":"epoch 197 loss   0.7209 lr 2.47e-07\n"}
,{"stream_name":"stdout","time":4537.572853239,"data":"epoch 198 loss   0.7750 lr 6.17e-08\n"}
,{"stream_name":"stdout","time":4561.520475036,"data":"epoch 199 loss   0.7512 lr 0.00e+00 val EPE 1.625 D1 8.87%\n"}
,{"stream_name":"stdout","time":4561.546236905,"data":"P2A seed 1 done: wall 4547.2s best10 EPE 1.6020 @epoch 185\n"}
,{"stream_name":"stdout","time":4563.640536073,"data":"ARM armp COMPLETE wall=4556.5s best10=1.6020@185 final_lr=0.00e+00\n"}
,{"stream_name":"stdout","time":4571.837389276,"data":"armp/best EPE 1.1962889 D1 6.3262% contract True\n"}
,{"stream_name":"stdout","time":4577.971038105,"data":"armp/final EPE 1.2066586 D1 6.3687% contract True\n"}
,{"stream_name":"stdout","time":4577.98955698,"data":"\n"}
,{"stream_name":"stdout","time":4577.989587523,"data":"E0 seed 1 COMPLETE in 4577.2s\n"}
,{"stream_name":"stdout","time":4577.989601774,"data":"  best  EPE 1.1962889  D1 6.3262%\n"}
,{"stream_name":"stdout","time":4577.98960598,"data":"  final EPE 1.2066586  D1 6.3687%\n"}
,{"stream_name":"stdout","time":4577.989609796,"data":"wrote /kaggle/working/e0_seed1.json\n"}
,{"stream_name":"stderr","time":4580.572585687,"data":"/usr/local/lib/python3.12/dist-packages/mistune.py:435: SyntaxWarning: invalid escape sequence '\\|'\n"}
,{"stream_name":"stderr","time":4580.572666214,"data":"  cells[i][c] = re.sub('\\\\\\\\\\|', '|', cell)\n"}
,{"stream_name":"stderr","time":4580.810066748,"data":"/usr/local/lib/python3.12/dist-packages/nbconvert/filters/filter_links.py:36: SyntaxWarning: invalid escape sequence '\\_'\n"}
,{"stream_name":"stderr","time":4580.810098646,"data":"  text = re.sub(r'_', '\\_', text) # Escape underscores in display text\n"}
,{"stream_name":"stderr","time":4581.444889368,"data":"[NbConvertApp] Converting notebook __script__.ipynb to html\n"}
,{"stream_name":"stderr","time":4582.593499338,"data":"[NbConvertApp] Writing 308208 bytes to __results__.html\n"}
]