integrity guard: {"param_count": 397954, "param_count_ok": true, "all_ok": true}
init: {"source": "/kaggle/working/repo/checkpoints/armp_stage1_best.pth", "strict": true, "sha256": "3ae6fb3be6b2bda9287b325ccbe6d1397744c8f20ef5e56c046176d9f1a29be7", "n_keys": 70, "param_count": 397954}
/kaggle/working/repo/stage_e_recipe/run/scripts/finetune_pilot.py:303: UserWarning: Converting a tensor with requires_grad=True to a scalar may lead to unexpected behavior.
Consider using tensor.detach() first. (Triggered internally at /pytorch/torch/csrc/autograd/generated/python_variable_methods.cpp:836.)
  epoch_loss += float(loss)
epoch   0 loss   2.8873 lr 1.00e-03 val EPE 3.597 D1 28.52%
epoch   1 loss   1.8514 lr 1.00e-03
epoch   2 loss   1.6223 lr 9.99e-04
epoch   3 loss   1.6543 lr 9.99e-04
epoch   4 loss   1.5958 lr 9.98e-04
epoch   5 loss   1.3120 lr 9.98e-04 val EPE 2.372 D1 16.38%
epoch   6 loss   1.4918 lr 9.97e-04
epoch   7 loss   1.3261 lr 9.96e-04
epoch   8 loss   1.3818 lr 9.95e-04
epoch   9 loss   1.3360 lr 9.94e-04
epoch  10 loss   1.1958 lr 9.93e-04 val EPE 2.098 D1 14.61%
epoch  11 loss   1.1854 lr 9.91e-04
epoch  12 loss   1.3211 lr 9.90e-04
epoch  13 loss   1.1769 lr 9.88e-04
epoch  14 loss   1.2977 lr 9.86e-04
epoch  15 loss   1.2176 lr 9.84e-04 val EPE 2.252 D1 14.42%
epoch  16 loss   1.2547 lr 9.82e-04
epoch  17 loss   1.2508 lr 9.80e-04
epoch  18 loss   1.2156 lr 9.78e-04
epoch  19 loss   1.1266 lr 9.76e-04
epoch  20 loss   1.4467 lr 9.73e-04 val EPE 2.541 D1 15.83%
epoch  21 loss   1.3997 lr 9.70e-04
epoch  22 loss   1.4385 lr 9.68e-04
epoch  23 loss   1.1450 lr 9.65e-04
epoch  24 loss   1.1920 lr 9.62e-04
epoch  25 loss   1.0907 lr 9.59e-04 val EPE 1.950 D1 11.73%
epoch  26 loss   1.2996 lr 9.56e-04
epoch  27 loss   1.0493 lr 9.52e-04
epoch  28 loss   1.2179 lr 9.49e-04
epoch  29 loss   1.0967 lr 9.46e-04
epoch  30 loss   0.9784 lr 9.42e-04 val EPE 2.300 D1 14.10%
epoch  31 loss   1.1764 lr 9.38e-04
epoch  32 loss   1.1788 lr 9.34e-04
epoch  33 loss   1.1865 lr 9.30e-04
epoch  34 loss   0.9136 lr 9.26e-04
epoch  35 loss   1.0078 lr 9.22e-04 val EPE 2.292 D1 14.06%
epoch  36 loss   0.9558 lr 9.18e-04
epoch  37 loss   0.9663 lr 9.14e-04
epoch  38 loss   0.9413 lr 9.09e-04
epoch  39 loss   1.0046 lr 9.05e-04
epoch  40 loss   1.0770 lr 9.00e-04 val EPE 2.071 D1 11.73%
epoch  41 loss   0.9887 lr 8.95e-04
epoch  42 loss   0.9716 lr 8.90e-04
epoch  43 loss   0.9274 lr 8.85e-04
epoch  44 loss   1.0478 lr 8.80e-04
epoch  45 loss   1.0581 lr 8.75e-04 val EPE 1.859 D1 11.73%
epoch  46 loss   1.0925 lr 8.70e-04
epoch  47 loss   1.0134 lr 8.64e-04
epoch  48 loss   0.9609 lr 8.59e-04
epoch  49 loss   1.0077 lr 8.54e-04
epoch  50 loss   0.9150 lr 8.48e-04 val EPE 2.081 D1 12.55%
epoch  51 loss   0.9484 lr 8.42e-04
epoch  52 loss   1.0635 lr 8.37e-04
epoch  53 loss   0.8093 lr 8.31e-04
epoch  54 loss   0.9264 lr 8.25e-04
epoch  55 loss   1.0113 lr 8.19e-04 val EPE 1.824 D1 11.26%
epoch  56 loss   0.9215 lr 8.13e-04
epoch  57 loss   1.0413 lr 8.06e-04
epoch  58 loss   0.8001 lr 8.00e-04
epoch  59 loss   0.9360 lr 7.94e-04
epoch  60 loss   1.0302 lr 7.88e-04 val EPE 1.843 D1 11.38%
epoch  61 loss   0.8593 lr 7.81e-04
epoch  62 loss   1.0982 lr 7.75e-04
epoch  63 loss   0.9320 lr 7.68e-04
epoch  64 loss   0.9069 lr 7.61e-04
epoch  65 loss   0.9049 lr 7.55e-04 val EPE 1.835 D1 10.92%
epoch  66 loss   1.0984 lr 7.48e-04
epoch  67 loss   1.0210 lr 7.41e-04
epoch  68 loss   0.9877 lr 7.34e-04
epoch  69 loss   0.9553 lr 7.27e-04
epoch  70 loss   0.9543 lr 7.20e-04 val EPE 1.760 D1 10.26%
epoch  71 loss   0.8971 lr 7.13e-04
epoch  72 loss   0.8290 lr 7.06e-04
epoch  73 loss   0.9975 lr 6.99e-04
epoch  74 loss   0.8612 lr 6.91e-04
epoch  75 loss   0.9455 lr 6.84e-04 val EPE 1.772 D1 10.76%
epoch  76 loss   0.8369 lr 6.77e-04
epoch  77 loss   0.9594 lr 6.69e-04
epoch  78 loss   0.9819 lr 6.62e-04
epoch  79 loss   0.9076 lr 6.55e-04
epoch  80 loss   0.9592 lr 6.47e-04 val EPE 1.927 D1 10.68%
epoch  81 loss   0.9982 lr 6.39e-04
epoch  82 loss   0.9955 lr 6.32e-04
epoch  83 loss   0.8356 lr 6.24e-04
epoch  84 loss   0.8019 lr 6.17e-04
epoch  85 loss   0.8920 lr 6.09e-04 val EPE 1.737 D1 9.91%
epoch  86 loss   0.9949 lr 6.01e-04
epoch  87 loss   0.9925 lr 5.94e-04
epoch  88 loss   0.9545 lr 5.86e-04
epoch  89 loss   0.9510 lr 5.78e-04
epoch  90 loss   1.0667 lr 5.70e-04 val EPE 1.798 D1 10.68%
epoch  91 loss   1.0223 lr 5.63e-04
epoch  92 loss   0.9451 lr 5.55e-04
epoch  93 loss   0.7365 lr 5.47e-04
epoch  94 loss   0.8988 lr 5.39e-04
epoch  95 loss   0.8266 lr 5.31e-04 val EPE 1.811 D1 10.51%
epoch  96 loss   0.7765 lr 5.24e-04
epoch  97 loss   0.7503 lr 5.16e-04
epoch  98 loss   0.8798 lr 5.08e-04
epoch  99 loss   0.8022 lr 5.00e-04
epoch 100 loss   0.7584 lr 4.92e-04 val EPE 1.809 D1 10.31%
epoch 101 loss   0.8749 lr 4.84e-04
epoch 102 loss   0.8655 lr 4.76e-04
epoch 103 loss   0.9597 lr 4.69e-04
epoch 104 loss   0.8368 lr 4.61e-04
epoch 105 loss   0.8709 lr 4.53e-04 val EPE 1.866 D1 10.75%
epoch 106 loss   0.8230 lr 4.45e-04
epoch 107 loss   0.8556 lr 4.37e-04
epoch 108 loss   0.7211 lr 4.30e-04
epoch 109 loss   0.9230 lr 4.22e-04
epoch 110 loss   0.8193 lr 4.14e-04 val EPE 1.809 D1 10.76%
epoch 111 loss   0.7223 lr 4.06e-04
epoch 112 loss   0.8608 lr 3.99e-04
epoch 113 loss   0.8891 lr 3.91e-04
epoch 114 loss   0.8921 lr 3.83e-04
epoch 115 loss   0.8211 lr 3.76e-04 val EPE 1.686 D1 9.78%
epoch 116 loss   0.8226 lr 3.68e-04
epoch 117 loss   0.8117 lr 3.61e-04
epoch 118 loss   0.8304 lr 3.53e-04
epoch 119 loss   0.8915 lr 3.45e-04
epoch 120 loss   0.7797 lr 3.38e-04 val EPE 1.856 D1 10.24%
epoch 121 loss   0.7256 lr 3.31e-04
epoch 122 loss   0.7619 lr 3.23e-04
epoch 123 loss   0.7859 lr 3.16e-04
epoch 124 loss   0.9114 lr 3.09e-04
epoch 125 loss   0.7338 lr 3.01e-04 val EPE 1.825 D1 10.49%
epoch 126 loss   0.9643 lr 2.94e-04
epoch 127 loss   0.8553 lr 2.87e-04
epoch 128 loss   0.7600 lr 2.80e-04
epoch 129 loss   0.7664 lr 2.73e-04
epoch 130 loss   0.7052 lr 2.66e-04 val EPE 1.651 D1 9.27%
epoch 131 loss   0.6710 lr 2.59e-04
epoch 132 loss   0.7912 lr 2.52e-04
epoch 133 loss   0.8076 lr 2.45e-04
epoch 134 loss   0.7582 lr 2.39e-04
epoch 135 loss   0.7893 lr 2.32e-04 val EPE 1.732 D1 10.02%
epoch 136 loss   0.7945 lr 2.25e-04
epoch 137 loss   0.7674 lr 2.19e-04
epoch 138 loss   0.9196 lr 2.12e-04
epoch 139 loss   0.8525 lr 2.06e-04
epoch 140 loss   0.8641 lr 2.00e-04 val EPE 1.809 D1 10.35%
epoch 141 loss   0.7303 lr 1.94e-04
epoch 142 loss   0.8644 lr 1.87e-04
epoch 143 loss   0.7953 lr 1.81e-04
epoch 144 loss   0.7845 lr 1.75e-04
epoch 145 loss   0.7664 lr 1.69e-04 val EPE 1.693 D1 9.82%
epoch 146 loss   0.6701 lr 1.63e-04
epoch 147 loss   0.8496 lr 1.58e-04
epoch 148 loss   0.7961 lr 1.52e-04
epoch 149 loss   0.9064 lr 1.46e-04
epoch 150 loss   0.7047 lr 1.41e-04 val EPE 1.646 D1 9.65%
epoch 151 loss   0.6655 lr 1.36e-04
epoch 152 loss   0.7311 lr 1.30e-04
epoch 153 loss   0.7700 lr 1.25e-04
epoch 154 loss   0.8376 lr 1.20e-04
epoch 155 loss   0.8262 lr 1.15e-04 val EPE 1.635 D1 9.37%
epoch 156 loss   0.7336 lr 1.10e-04
epoch 157 loss   0.8137 lr 1.05e-04
epoch 158 loss   0.7849 lr 1.00e-04
epoch 159 loss   0.7916 lr 9.55e-05
epoch 160 loss   0.7452 lr 9.09e-05 val EPE 1.723 D1 9.55%
epoch 161 loss   0.7326 lr 8.65e-05
epoch 162 loss   0.7807 lr 8.21e-05
epoch 163 loss   0.7885 lr 7.78e-05
epoch 164 loss   0.7094 lr 7.37e-05
epoch 165 loss   0.9191 lr 6.96e-05 val EPE 1.714 D1 9.60%
epoch 166 loss   0.7648 lr 6.57e-05
epoch 167 loss   0.7261 lr 6.18e-05
epoch 168 loss   0.7853 lr 5.81e-05
epoch 169 loss   0.7767 lr 5.45e-05
epoch 170 loss   0.7919 lr 5.10e-05 val EPE 1.732 D1 9.70%
epoch 171 loss   0.6799 lr 4.76e-05
epoch 172 loss   0.8316 lr 4.43e-05
epoch 173 loss   0.6428 lr 4.11e-05
epoch 174 loss   0.7350 lr 3.81e-05
epoch 175 loss   0.7269 lr 3.51e-05 val EPE 1.746 D1 9.80%
epoch 176 loss   0.8342 lr 3.23e-05
epoch 177 loss   0.7174 lr 2.96e-05
epoch 178 loss   0.6886 lr 2.70e-05
epoch 179 loss   0.7609 lr 2.45e-05
epoch 180 loss   0.8308 lr 2.21e-05 val EPE 1.673 D1 9.46%
epoch 181 loss   0.7258 lr 1.99e-05
epoch 182 loss   0.7342 lr 1.77e-05
epoch 183 loss   0.7939 lr 1.57e-05
epoch 184 loss   0.7218 lr 1.38e-05
epoch 185 loss   0.7701 lr 1.20e-05 val EPE 1.701 D1 9.56%
epoch 186 loss   0.6597 lr 1.04e-05
epoch 187 loss   0.8006 lr 8.86e-06
epoch 188 loss   0.7175 lr 7.45e-06
epoch 189 loss   0.7701 lr 6.16e-06
epoch 190 loss   0.6946 lr 4.99e-06 val EPE 1.706 D1 9.57%
epoch 191 loss   0.7153 lr 3.94e-06
epoch 192 loss   0.8104 lr 3.02e-06
epoch 193 loss   0.7738 lr 2.22e-06
epoch 194 loss   0.7594 lr 1.54e-06
epoch 195 loss   0.6980 lr 9.87e-07 val EPE 1.702 D1 9.55%
epoch 196 loss   0.8343 lr 5.55e-07
epoch 197 loss   0.7257 lr 2.47e-07
epoch 198 loss   0.7625 lr 6.17e-08
epoch 199 loss   0.8234 lr 0.00e+00 val EPE 1.701 D1 9.54%
P2A seed 0 done: wall 4319.0s best10 EPE 1.6351 @epoch 155
