integrity guard: {"param_count": 397954, "param_count_ok": true, "all_ok": true}
init: {"source": "/kaggle/working/repo/checkpoints/armp_stage1_best.pth", "strict": true, "sha256": "3ae6fb3be6b2bda9287b325ccbe6d1397744c8f20ef5e56c046176d9f1a29be7", "n_keys": 70, "param_count": 397954}
/kaggle/working/repo/stage_e_recipe/run/scripts/finetune_pilot.py:317: UserWarning: Converting a tensor with requires_grad=True to a scalar may lead to unexpected behavior.
Consider using tensor.detach() first. (Triggered internally at /pytorch/torch/csrc/autograd/generated/python_variable_methods.cpp:836.)
  epoch_loss += float(loss)
epoch   0 loss   2.3324 lr 1.00e-03 val EPE 4.547 D1 35.07%
epoch   1 loss   1.7005 lr 1.00e-03
epoch   2 loss   1.5177 lr 9.99e-04
epoch   3 loss   1.7314 lr 9.99e-04
epoch   4 loss   1.4339 lr 9.98e-04
epoch   5 loss   1.2389 lr 9.98e-04 val EPE 3.037 D1 22.86%
epoch   6 loss   1.4398 lr 9.97e-04
epoch   7 loss   1.2491 lr 9.96e-04
epoch   8 loss   1.4700 lr 9.95e-04
epoch   9 loss   1.3516 lr 9.94e-04
epoch  10 loss   1.1530 lr 9.93e-04 val EPE 2.388 D1 16.76%
epoch  11 loss   1.1529 lr 9.91e-04
epoch  12 loss   1.4451 lr 9.90e-04
epoch  13 loss   1.2008 lr 9.88e-04
epoch  14 loss   1.2452 lr 9.86e-04
epoch  15 loss   1.1989 lr 9.84e-04 val EPE 2.177 D1 14.09%
epoch  16 loss   1.3775 lr 9.82e-04
epoch  17 loss   1.3251 lr 9.80e-04
epoch  18 loss   1.2454 lr 9.78e-04
epoch  19 loss   1.1717 lr 9.76e-04
epoch  20 loss   1.4141 lr 9.73e-04 val EPE 2.002 D1 12.48%
epoch  21 loss   1.2856 lr 9.70e-04
epoch  22 loss   1.3829 lr 9.68e-04
epoch  23 loss   1.2488 lr 9.65e-04
epoch  24 loss   1.3660 lr 9.62e-04
epoch  25 loss   1.0870 lr 9.59e-04 val EPE 1.972 D1 12.18%
epoch  26 loss   1.5714 lr 9.56e-04
epoch  27 loss   1.1762 lr 9.52e-04
epoch  28 loss   1.3083 lr 9.49e-04
epoch  29 loss   1.1837 lr 9.46e-04
epoch  30 loss   0.9659 lr 9.42e-04 val EPE 1.964 D1 11.81%
epoch  31 loss   1.1564 lr 9.38e-04
epoch  32 loss   1.4178 lr 9.34e-04
epoch  33 loss   1.2665 lr 9.30e-04
epoch  34 loss   0.9679 lr 9.26e-04
epoch  35 loss   1.1035 lr 9.22e-04 val EPE 1.901 D1 11.44%
epoch  36 loss   1.0226 lr 9.18e-04
epoch  37 loss   0.9020 lr 9.14e-04
epoch  38 loss   0.9387 lr 9.09e-04
epoch  39 loss   1.0116 lr 9.05e-04
epoch  40 loss   1.2535 lr 9.00e-04 val EPE 1.847 D1 11.08%
epoch  41 loss   1.2378 lr 8.95e-04
epoch  42 loss   1.0304 lr 8.90e-04
epoch  43 loss   1.0914 lr 8.85e-04
epoch  44 loss   1.1703 lr 8.80e-04
epoch  45 loss   1.2080 lr 8.75e-04 val EPE 1.805 D1 10.85%
epoch  46 loss   1.2798 lr 8.70e-04
epoch  47 loss   1.4577 lr 8.64e-04
epoch  48 loss   1.1912 lr 8.59e-04
epoch  49 loss   1.1527 lr 8.54e-04
epoch  50 loss   1.0020 lr 8.48e-04 val EPE 1.865 D1 11.29%
epoch  51 loss   1.0512 lr 8.42e-04
epoch  52 loss   1.1600 lr 8.37e-04
epoch  53 loss   0.9227 lr 8.31e-04
epoch  54 loss   0.9628 lr 8.25e-04
epoch  55 loss   1.1069 lr 8.19e-04 val EPE 1.852 D1 11.15%
epoch  56 loss   0.9834 lr 8.13e-04
epoch  57 loss   1.0470 lr 8.06e-04
epoch  58 loss   0.8989 lr 8.00e-04
epoch  59 loss   1.0621 lr 7.94e-04
epoch  60 loss   1.3389 lr 7.88e-04 val EPE 1.811 D1 10.88%
epoch  61 loss   1.0796 lr 7.81e-04
epoch  62 loss   1.1464 lr 7.75e-04
epoch  63 loss   1.0522 lr 7.68e-04
epoch  64 loss   0.9726 lr 7.61e-04
epoch  65 loss   1.0114 lr 7.55e-04 val EPE 1.836 D1 10.92%
epoch  66 loss   1.1264 lr 7.48e-04
epoch  67 loss   0.9926 lr 7.41e-04
epoch  68 loss   0.9476 lr 7.34e-04
epoch  69 loss   1.1101 lr 7.27e-04
epoch  70 loss   1.0817 lr 7.20e-04 val EPE 1.816 D1 10.63%
epoch  71 loss   0.9263 lr 7.13e-04
epoch  72 loss   0.9556 lr 7.06e-04
epoch  73 loss   1.0345 lr 6.99e-04
epoch  74 loss   0.9872 lr 6.91e-04
epoch  75 loss   1.0296 lr 6.84e-04 val EPE 1.794 D1 10.38%
epoch  76 loss   0.8995 lr 6.77e-04
epoch  77 loss   0.9724 lr 6.69e-04
epoch  78 loss   1.0128 lr 6.62e-04
epoch  79 loss   0.9410 lr 6.55e-04
epoch  80 loss   0.9694 lr 6.47e-04 val EPE 1.758 D1 10.11%
epoch  81 loss   1.0600 lr 6.39e-04
epoch  82 loss   1.0302 lr 6.32e-04
epoch  83 loss   0.8479 lr 6.24e-04
epoch  84 loss   0.8950 lr 6.17e-04
epoch  85 loss   0.9536 lr 6.09e-04 val EPE 1.745 D1 9.96%
epoch  86 loss   0.9922 lr 6.01e-04
epoch  87 loss   1.0139 lr 5.94e-04
epoch  88 loss   1.0412 lr 5.86e-04
epoch  89 loss   1.0394 lr 5.78e-04
epoch  90 loss   1.2607 lr 5.70e-04 val EPE 1.726 D1 9.85%
epoch  91 loss   1.0321 lr 5.63e-04
epoch  92 loss   1.0045 lr 5.55e-04
epoch  93 loss   0.7380 lr 5.47e-04
epoch  94 loss   0.9982 lr 5.39e-04
epoch  95 loss   0.9024 lr 5.31e-04 val EPE 1.722 D1 9.88%
epoch  96 loss   0.7868 lr 5.24e-04
epoch  97 loss   0.8352 lr 5.16e-04
epoch  98 loss   0.9358 lr 5.08e-04
epoch  99 loss   0.8273 lr 5.00e-04
epoch 100 loss   0.8580 lr 4.92e-04 val EPE 1.721 D1 9.77%
epoch 101 loss   0.9490 lr 4.84e-04
epoch 102 loss   0.8896 lr 4.76e-04
epoch 103 loss   1.1809 lr 4.69e-04
epoch 104 loss   1.1634 lr 4.61e-04
epoch 105 loss   0.9094 lr 4.53e-04 val EPE 1.754 D1 9.89%
epoch 106 loss   0.8163 lr 4.45e-04
epoch 107 loss   0.8773 lr 4.37e-04
epoch 108 loss   0.7563 lr 4.30e-04
epoch 109 loss   0.9645 lr 4.22e-04
epoch 110 loss   0.8156 lr 4.14e-04 val EPE 1.758 D1 9.81%
epoch 111 loss   0.7879 lr 4.06e-04
epoch 112 loss   0.9196 lr 3.99e-04
epoch 113 loss   0.9663 lr 3.91e-04
epoch 114 loss   0.9042 lr 3.83e-04
epoch 115 loss   0.7659 lr 3.76e-04 val EPE 1.725 D1 9.63%
epoch 116 loss   0.8657 lr 3.68e-04
epoch 117 loss   0.8455 lr 3.61e-04
epoch 118 loss   0.9035 lr 3.53e-04
epoch 119 loss   0.9540 lr 3.45e-04
epoch 120 loss   0.8101 lr 3.38e-04 val EPE 1.713 D1 9.54%
epoch 121 loss   0.7432 lr 3.31e-04
epoch 122 loss   0.7925 lr 3.23e-04
epoch 123 loss   0.7912 lr 3.16e-04
epoch 124 loss   0.9743 lr 3.09e-04
epoch 125 loss   0.7805 lr 3.01e-04 val EPE 1.698 D1 9.48%
epoch 126 loss   0.9005 lr 2.94e-04
epoch 127 loss   0.8827 lr 2.87e-04
epoch 128 loss   0.7504 lr 2.80e-04
epoch 129 loss   0.7583 lr 2.73e-04
epoch 130 loss   0.7348 lr 2.66e-04 val EPE 1.687 D1 9.40%
epoch 131 loss   0.6728 lr 2.59e-04
epoch 132 loss   0.8132 lr 2.52e-04
epoch 133 loss   0.8212 lr 2.45e-04
epoch 134 loss   0.7868 lr 2.39e-04
epoch 135 loss   0.8514 lr 2.32e-04 val EPE 1.689 D1 9.44%
epoch 136 loss   0.7868 lr 2.25e-04
epoch 137 loss   0.7867 lr 2.19e-04
epoch 138 loss   0.8574 lr 2.12e-04
epoch 139 loss   0.8887 lr 2.06e-04
epoch 140 loss   0.8308 lr 2.00e-04 val EPE 1.691 D1 9.50%
epoch 141 loss   0.7480 lr 1.94e-04
epoch 142 loss   0.8758 lr 1.87e-04
epoch 143 loss   0.8047 lr 1.81e-04
epoch 144 loss   0.7859 lr 1.75e-04
epoch 145 loss   0.7761 lr 1.69e-04 val EPE 1.694 D1 9.43%
epoch 146 loss   0.6507 lr 1.63e-04
epoch 147 loss   0.9207 lr 1.58e-04
epoch 148 loss   0.7701 lr 1.52e-04
epoch 149 loss   0.8696 lr 1.46e-04
epoch 150 loss   0.7053 lr 1.41e-04 val EPE 1.685 D1 9.36%
epoch 151 loss   0.7055 lr 1.36e-04
epoch 152 loss   0.7208 lr 1.30e-04
epoch 153 loss   0.7326 lr 1.25e-04
epoch 154 loss   0.8579 lr 1.20e-04
epoch 155 loss   0.8202 lr 1.15e-04 val EPE 1.676 D1 9.30%
epoch 156 loss   0.7072 lr 1.10e-04
epoch 157 loss   0.7763 lr 1.05e-04
epoch 158 loss   0.7795 lr 1.00e-04
epoch 159 loss   0.7244 lr 9.55e-05
epoch 160 loss   0.7436 lr 9.09e-05 val EPE 1.676 D1 9.23%
epoch 161 loss   0.7343 lr 8.65e-05
epoch 162 loss   0.7678 lr 8.21e-05
epoch 163 loss   0.7828 lr 7.78e-05
epoch 164 loss   0.7179 lr 7.37e-05
epoch 165 loss   0.8441 lr 6.96e-05 val EPE 1.680 D1 9.20%
epoch 166 loss   0.7205 lr 6.57e-05
epoch 167 loss   0.6945 lr 6.18e-05
epoch 168 loss   0.7704 lr 5.81e-05
epoch 169 loss   0.7298 lr 5.45e-05
epoch 170 loss   0.7433 lr 5.10e-05 val EPE 1.673 D1 9.15%
epoch 171 loss   0.6710 lr 4.76e-05
epoch 172 loss   0.8149 lr 4.43e-05
epoch 173 loss   0.6208 lr 4.11e-05
epoch 174 loss   0.7688 lr 3.81e-05
epoch 175 loss   0.7264 lr 3.51e-05 val EPE 1.675 D1 9.13%
epoch 176 loss   0.8337 lr 3.23e-05
epoch 177 loss   0.6990 lr 2.96e-05
epoch 178 loss   0.6449 lr 2.70e-05
epoch 179 loss   0.7126 lr 2.45e-05
epoch 180 loss   0.8183 lr 2.21e-05 val EPE 1.679 D1 9.15%
epoch 181 loss   0.7034 lr 1.99e-05
epoch 182 loss   0.7280 lr 1.77e-05
epoch 183 loss   0.7435 lr 1.57e-05
epoch 184 loss   0.6986 lr 1.38e-05
epoch 185 loss   0.7553 lr 1.20e-05 val EPE 1.680 D1 9.15%
epoch 186 loss   0.6327 lr 1.04e-05
epoch 187 loss   0.7523 lr 8.86e-06
epoch 188 loss   0.6886 lr 7.45e-06
epoch 189 loss   0.7249 lr 6.16e-06
epoch 190 loss   0.6888 lr 4.99e-06 val EPE 1.684 D1 9.18%
epoch 191 loss   0.7011 lr 3.94e-06
epoch 192 loss   0.7454 lr 3.02e-06
epoch 193 loss   0.7650 lr 2.22e-06
epoch 194 loss   0.7337 lr 1.54e-06
epoch 195 loss   0.6694 lr 9.87e-07 val EPE 1.684 D1 9.18%
epoch 196 loss   0.8532 lr 5.55e-07
epoch 197 loss   0.6972 lr 2.47e-07
epoch 198 loss   0.7281 lr 6.17e-08
epoch 199 loss   0.7826 lr 0.00e+00 val EPE 1.683 D1 9.17%
P2A seed 0 done: wall 4842.5s best10 EPE 1.6734 @epoch 170
