[{"stream_name":"stdout","time":9.743542177,"data":"{\"python\": \"3.12.13\", \"torch\": \"2.10.0+cu128\", \"cuda\": \"12.8\", \"cudnn\": 91002, \"gpu\": \"Tesla T4\", \"device_count\": 2}\n"}
,{"stream_name":"stdout","time":9.743607145,"data":"+ /usr/bin/python3 /kaggle/working/repo/stage_e_recipe/run/scripts/run_arm.py --arm armp --init /kaggle/working/repo/checkpoints/armp_stage1_best.pth --outdir /kaggle/working/repo/stage_e_recipe/run/armp --seed 0 --epochs 200 --timeout_s 18000.0\n"}
,{"stream_name":"stdout","time":9.841378913,"data":"RUN arm=armp init=/kaggle/working/repo/checkpoints/armp_stage1_best.pth pid=20 cmd=['/usr/bin/python3', '/kaggle/working/repo/stage_e_recipe/run/scripts/finetune_pilot.py', '--init', '/kaggle/working/repo/checkpoints/armp_stage1_best.pth', '--arm', 'armp']\n"}
,{"stream_name":"stdout","time":12.269804677,"data":"integrity guard: {\"param_count\": 397954, \"param_count_ok\": true, \"all_ok\": true}\n"}
,{"stream_name":"stdout","time":12.281799257,"data":"init: {\"source\": \"/kaggle/working/repo/checkpoints/armp_stage1_best.pth\", \"strict\": true, \"sha256\": \"3ae6fb3be6b2bda9287b325ccbe6d1397744c8f20ef5e56c046176d9f1a29be7\", \"n_keys\": 70, \"param_count\": 397954}\n"}
,{"stream_name":"stdout","time":19.985925167,"data":"/kaggle/working/repo/stage_e_recipe/run/scripts/finetune_pilot.py:317: UserWarning: Converting a tensor with requires_grad=True to a scalar may lead to unexpected behavior.\n"}
,{"stream_name":"stdout","time":19.985964095,"data":"Consider using tensor.detach() first. (Triggered internally at /pytorch/torch/csrc/autograd/generated/python_variable_methods.cpp:836.)\n"}
,{"stream_name":"stdout","time":19.985971882,"data":"  epoch_loss += float(loss)\n"}
,{"stream_name":"stdout","time":48.270053687,"data":"epoch   0 loss   2.3324 lr 1.00e-03 val EPE 4.547 D1 35.07%\n"}
,{"stream_name":"stdout","time":70.227641173,"data":"epoch   1 loss   1.7005 lr 1.00e-03\n"}
,{"stream_name":"stdout","time":92.618674538,"data":"epoch   2 loss   1.5177 lr 9.99e-04\n"}
,{"stream_name":"stdout","time":115.315797157,"data":"epoch   3 loss   1.7314 lr 9.99e-04\n"}
,{"stream_name":"stdout","time":138.589278698,"data":"epoch   4 loss   1.4339 lr 9.98e-04\n"}
,{"stream_name":"stdout","time":163.626981327,"data":"epoch   5 loss   1.2389 lr 9.98e-04 val EPE 3.037 D1 22.86%\n"}
,{"stream_name":"stdout","time":186.943570142,"data":"epoch   6 loss   1.4398 lr 9.97e-04\n"}
,{"stream_name":"stdout","time":210.043764997,"data":"epoch   7 loss   1.2491 lr 9.96e-04\n"}
,{"stream_name":"stdout","time":233.318107202,"data":"epoch   8 loss   1.4700 lr 9.95e-04\n"}
,{"stream_name":"stdout","time":256.874462515,"data":"epoch   9 loss   1.3516 lr 9.94e-04\n"}
,{"stream_name":"stdout","time":281.564475724,"data":"epoch  10 loss   1.1530 lr 9.93e-04 val EPE 2.388 D1 16.76%\n"}
,{"stream_name":"stdout","time":304.711787119,"data":"epoch  11 loss   1.1529 lr 9.91e-04\n"}
,{"stream_name":"stdout","time":327.899117623,"data":"epoch  12 loss   1.4451 lr 9.90e-04\n"}
,{"stream_name":"stdout","time":351.334987516,"data":"epoch  13 loss   1.2008 lr 9.88e-04\n"}
,{"stream_name":"stdout","time":374.612785436,"data":"epoch  14 loss   1.2452 lr 9.86e-04\n"}
,{"stream_name":"stdout","time":399.087411679,"data":"epoch  15 loss   1.1989 lr 9.84e-04 val EPE 2.177 D1 14.09%\n"}
,{"stream_name":"stdout","time":422.219980312,"data":"epoch  16 loss   1.3775 lr 9.82e-04\n"}
,{"stream_name":"stdout","time":445.421225942,"data":"epoch  17 loss   1.3251 lr 9.80e-04\n"}
,{"stream_name":"stdout","time":468.584006936,"data":"epoch  18 loss   1.2454 lr 9.78e-04\n"}
,{"stream_name":"stdout","time":491.770885943,"data":"epoch  19 loss   1.1717 lr 9.76e-04\n"}
,{"stream_name":"stdout","time":516.636469836,"data":"epoch  20 loss   1.4141 lr 9.73e-04 val EPE 2.002 D1 12.48%\n"}
,{"stream_name":"stdout","time":540.289515752,"data":"epoch  21 loss   1.2856 lr 9.70e-04\n"}
,{"stream_name":"stdout","time":564.417825176,"data":"epoch  22 loss   1.3829 lr 9.68e-04\n"}
,{"stream_name":"stdout","time":588.478449318,"data":"epoch  23 loss   1.2488 lr 9.65e-04\n"}
,{"stream_name":"stdout","time":612.508501721,"data":"epoch  24 loss   1.3660 lr 9.62e-04\n"}
,{"stream_name":"stdout","time":638.192167703,"data":"epoch  25 loss   1.0870 lr 9.59e-04 val EPE 1.972 D1 12.18%\n"}
,{"stream_name":"stdout","time":662.190680404,"data":"epoch  26 loss   1.5714 lr 9.56e-04\n"}
,{"stream_name":"stdout","time":686.206760869,"data":"epoch  27 loss   1.1762 lr 9.52e-04\n"}
,{"stream_name":"stdout","time":710.073238,"data":"epoch  28 loss   1.3083 lr 9.49e-04\n"}
,{"stream_name":"stdout","time":734.000338621,"data":"epoch  29 loss   1.1837 lr 9.46e-04\n"}
,{"stream_name":"stdout","time":759.523702931,"data":"epoch  30 loss   0.9659 lr 9.42e-04 val EPE 1.964 D1 11.81%\n"}
,{"stream_name":"stdout","time":783.679447417,"data":"epoch  31 loss   1.1564 lr 9.38e-04\n"}
,{"stream_name":"stdout","time":807.662679204,"data":"epoch  32 loss   1.4178 lr 9.34e-04\n"}
,{"stream_name":"stdout","time":831.643376494,"data":"epoch  33 loss   1.2665 lr 9.30e-04\n"}
,{"stream_name":"stdout","time":855.749057532,"data":"epoch  34 loss   0.9679 lr 9.26e-04\n"}
,{"stream_name":"stdout","time":881.531220223,"data":"epoch  35 loss   1.1035 lr 9.22e-04 val EPE 1.901 D1 11.44%\n"}
,{"stream_name":"stdout","time":905.664896225,"data":"epoch  36 loss   1.0226 lr 9.18e-04\n"}
,{"stream_name":"stdout","time":929.970626919,"data":"epoch  37 loss   0.9020 lr 9.14e-04\n"}
,{"stream_name":"stdout","time":954.257811067,"data":"epoch  38 loss   0.9387 lr 9.09e-04\n"}
,{"stream_name":"stdout","time":978.630605698,"data":"epoch  39 loss   1.0116 lr 9.05e-04\n"}
,{"stream_name":"stdout","time":1004.434088423,"data":"epoch  40 loss   1.2535 lr 9.00e-04 val EPE 1.847 D1 11.08%\n"}
,{"stream_name":"stdout","time":1028.728366279,"data":"epoch  41 loss   1.2378 lr 8.95e-04\n"}
,{"stream_name":"stdout","time":1052.805614942,"data":"epoch  42 loss   1.0304 lr 8.90e-04\n"}
,{"stream_name":"stdout","time":1076.969698151,"data":"epoch  43 loss   1.0914 lr 8.85e-04\n"}
,{"stream_name":"stdout","time":1101.053513357,"data":"epoch  44 loss   1.1703 lr 8.80e-04\n"}
,{"stream_name":"stdout","time":1126.579318728,"data":"epoch  45 loss   1.2080 lr 8.75e-04 val EPE 1.805 D1 10.85%\n"}
,{"stream_name":"stdout","time":1150.50581625,"data":"epoch  46 loss   1.2798 lr 8.70e-04\n"}
,{"stream_name":"stdout","time":1174.477515462,"data":"epoch  47 loss   1.4577 lr 8.64e-04\n"}
,{"stream_name":"stdout","time":1198.466048538,"data":"epoch  48 loss   1.1912 lr 8.59e-04\n"}
,{"stream_name":"stdout","time":1222.609967393,"data":"epoch  49 loss   1.1527 lr 8.54e-04\n"}
,{"stream_name":"stdout","time":1248.023097029,"data":"epoch  50 loss   1.0020 lr 8.48e-04 val EPE 1.865 D1 11.29%\n"}
,{"stream_name":"stdout","time":1272.00312328,"data":"epoch  51 loss   1.0512 lr 8.42e-04\n"}
,{"stream_name":"stdout","time":1296.042255136,"data":"epoch  52 loss   1.1600 lr 8.37e-04\n"}
,{"stream_name":"stdout","time":1320.078918655,"data":"epoch  53 loss   0.9227 lr 8.31e-04\n"}
,{"stream_name":"stdout","time":1344.1199385,"data":"epoch  54 loss   0.9628 lr 8.25e-04\n"}
,{"stream_name":"stdout","time":1369.643273788,"data":"epoch  55 loss   1.1069 lr 8.19e-04 val EPE 1.852 D1 11.15%\n"}
,{"stream_name":"stdout","time":1393.759504444,"data":"epoch  56 loss   0.9834 lr 8.13e-04\n"}
,{"stream_name":"stdout","time":1417.817962659,"data":"epoch  57 loss   1.0470 lr 8.06e-04\n"}
,{"stream_name":"stdout","time":1441.905754071,"data":"epoch  58 loss   0.8989 lr 8.00e-04\n"}
,{"stream_name":"stdout","time":1465.844617498,"data":"epoch  59 loss   1.0621 lr 7.94e-04\n"}
,{"stream_name":"stdout","time":1491.211717174,"data":"epoch  60 loss   1.3389 lr 7.88e-04 val EPE 1.811 D1 10.88%\n"}
,{"stream_name":"stdout","time":1515.277317659,"data":"epoch  61 loss   1.0796 lr 7.81e-04\n"}
,{"stream_name":"stdout","time":1539.331287256,"data":"epoch  62 loss   1.1464 lr 7.75e-04\n"}
,{"stream_name":"stdout","time":1563.300063129,"data":"epoch  63 loss   1.0522 lr 7.68e-04\n"}
,{"stream_name":"stdout","time":1587.267924877,"data":"epoch  64 loss   0.9726 lr 7.61e-04\n"}
,{"stream_name":"stdout","time":1612.735825496,"data":"epoch  65 loss   1.0114 lr 7.55e-04 val EPE 1.836 D1 10.92%\n"}
,{"stream_name":"stdout","time":1636.799337881,"data":"epoch  66 loss   1.1264 lr 7.48e-04\n"}
,{"stream_name":"stdout","time":1660.643392981,"data":"epoch  67 loss   0.9926 lr 7.41e-04\n"}
,{"stream_name":"stdout","time":1684.550582099,"data":"epoch  68 loss   0.9476 lr 7.34e-04\n"}
,{"stream_name":"stdout","time":1708.377776773,"data":"epoch  69 loss   1.1101 lr 7.27e-04\n"}
,{"stream_name":"stdout","time":1733.896285484,"data":"epoch  70 loss   1.0817 lr 7.20e-04 val EPE 1.816 D1 10.63%\n"}
,{"stream_name":"stdout","time":1758.00863735,"data":"epoch  71 loss   0.9263 lr 7.13e-04\n"}
,{"stream_name":"stdout","time":1782.005139058,"data":"epoch  72 loss   0.9556 lr 7.06e-04\n"}
,{"stream_name":"stdout","time":1805.993530666,"data":"epoch  73 loss   1.0345 lr 6.99e-04\n"}
,{"stream_name":"stdout","time":1829.886065853,"data":"epoch  74 loss   0.9872 lr 6.91e-04\n"}
,{"stream_name":"stdout","time":1855.361599487,"data":"epoch  75 loss   1.0296 lr 6.84e-04 val EPE 1.794 D1 10.38%\n"}
,{"stream_name":"stdout","time":1879.537618554,"data":"epoch  76 loss   0.8995 lr 6.77e-04\n"}
,{"stream_name":"stdout","time":1903.718777935,"data":"epoch  77 loss   0.9724 lr 6.69e-04\n"}
,{"stream_name":"stdout","time":1927.687103865,"data":"epoch  78 loss   1.0128 lr 6.62e-04\n"}
,{"stream_name":"stdout","time":1951.65734662,"data":"epoch  79 loss   0.9410 lr 6.55e-04\n"}
,{"stream_name":"stdout","time":1977.120954343,"data":"epoch  80 loss   0.9694 lr 6.47e-04 val EPE 1.758 D1 10.11%\n"}
,{"stream_name":"stdout","time":2001.091346839,"data":"epoch  81 loss   1.0600 lr 6.39e-04\n"}
,{"stream_name":"stdout","time":2025.151363393,"data":"epoch  82 loss   1.0302 lr 6.32e-04\n"}
,{"stream_name":"stdout","time":2049.163401006,"data":"epoch  83 loss   0.8479 lr 6.24e-04\n"}
,{"stream_name":"stdout","time":2073.152698351,"data":"epoch  84 loss   0.8950 lr 6.17e-04\n"}
,{"stream_name":"stdout","time":2098.455515981,"data":"epoch  85 loss   0.9536 lr 6.09e-04 val EPE 1.745 D1 9.96%\n"}
,{"stream_name":"stdout","time":2122.591626479,"data":"epoch  86 loss   0.9922 lr 6.01e-04\n"}
,{"stream_name":"stdout","time":2146.378774142,"data":"epoch  87 loss   1.0139 lr 5.94e-04\n"}
,{"stream_name":"stdout","time":2170.215111068,"data":"epoch  88 loss   1.0412 lr 5.86e-04\n"}
,{"stream_name":"stdout","time":2194.143139543,"data":"epoch  89 loss   1.0394 lr 5.78e-04\n"}
,{"stream_name":"stdout","time":2219.479855908,"data":"epoch  90 loss   1.2607 lr 5.70e-04 val EPE 1.726 D1 9.85%\n"}
,{"stream_name":"stdout","time":2243.487221802,"data":"epoch  91 loss   1.0321 lr 5.63e-04\n"}
,{"stream_name":"stdout","time":2267.454813987,"data":"epoch  92 loss   1.0045 lr 5.55e-04\n"}
,{"stream_name":"stdout","time":2291.36376978,"data":"epoch  93 loss   0.7380 lr 5.47e-04\n"}
,{"stream_name":"stdout","time":2315.221420093,"data":"epoch  94 loss   0.9982 lr 5.39e-04\n"}
,{"stream_name":"stdout","time":2340.428457733,"data":"epoch  95 loss   0.9024 lr 5.31e-04 val EPE 1.722 D1 9.88%\n"}
,{"stream_name":"stdout","time":2364.246331121,"data":"epoch  96 loss   0.7868 lr 5.24e-04\n"}
,{"stream_name":"stdout","time":2388.132333013,"data":"epoch  97 loss   0.8352 lr 5.16e-04\n"}
,{"stream_name":"stdout","time":2411.978565961,"data":"epoch  98 loss   0.9358 lr 5.08e-04\n"}
,{"stream_name":"stdout","time":2435.922986142,"data":"epoch  99 loss   0.8273 lr 5.00e-04\n"}
,{"stream_name":"stdout","time":2461.231462217,"data":"epoch 100 loss   0.8580 lr 4.92e-04 val EPE 1.721 D1 9.77%\n"}
,{"stream_name":"stdout","time":2485.081273837,"data":"epoch 101 loss   0.9490 lr 4.84e-04\n"}
,{"stream_name":"stdout","time":2509.017621684,"data":"epoch 102 loss   0.8896 lr 4.76e-04\n"}
,{"stream_name":"stdout","time":2533.029500522,"data":"epoch 103 loss   1.1809 lr 4.69e-04\n"}
,{"stream_name":"stdout","time":2556.962865378,"data":"epoch 104 loss   1.1634 lr 4.61e-04\n"}
,{"stream_name":"stdout","time":2582.214740234,"data":"epoch 105 loss   0.9094 lr 4.53e-04 val EPE 1.754 D1 9.89%\n"}
,{"stream_name":"stdout","time":2605.988021486,"data":"epoch 106 loss   0.8163 lr 4.45e-04\n"}
,{"stream_name":"stdout","time":2629.905594024,"data":"epoch 107 loss   0.8773 lr 4.37e-04\n"}
,{"stream_name":"stdout","time":2653.664884135,"data":"epoch 108 loss   0.7563 lr 4.30e-04\n"}
,{"stream_name":"stdout","time":2677.485607674,"data":"epoch 109 loss   0.9645 lr 4.22e-04\n"}
,{"stream_name":"stdout","time":2702.596308838,"data":"epoch 110 loss   0.8156 lr 4.14e-04 val EPE 1.758 D1 9.81%\n"}
,{"stream_name":"stdout","time":2726.394750899,"data":"epoch 111 loss   0.7879 lr 4.06e-04\n"}
,{"stream_name":"stdout","time":2750.138065878,"data":"epoch 112 loss   0.9196 lr 3.99e-04\n"}
,{"stream_name":"stdout","time":2774.01033004,"data":"epoch 113 loss   0.9663 lr 3.91e-04\n"}
,{"stream_name":"stdout","time":2797.800851898,"data":"epoch 114 loss   0.9042 lr 3.83e-04\n"}
,{"stream_name":"stdout","time":2822.984435013,"data":"epoch 115 loss   0.7659 lr 3.76e-04 val EPE 1.725 D1 9.63%\n"}
,{"stream_name":"stdout","time":2846.871117847,"data":"epoch 116 loss   0.8657 lr 3.68e-04\n"}
,{"stream_name":"stdout","time":2870.804707098,"data":"epoch 117 loss   0.8455 lr 3.61e-04\n"}
,{"stream_name":"stdout","time":2894.619260218,"data":"epoch 118 loss   0.9035 lr 3.53e-04\n"}
,{"stream_name":"stdout","time":2918.399884787,"data":"epoch 119 loss   0.9540 lr 3.45e-04\n"}
,{"stream_name":"stdout","time":2943.766342723,"data":"epoch 120 loss   0.8101 lr 3.38e-04 val EPE 1.713 D1 9.54%\n"}
,{"stream_name":"stdout","time":2967.655736003,"data":"epoch 121 loss   0.7432 lr 3.31e-04\n"}
,{"stream_name":"stdout","time":2991.688529513,"data":"epoch 122 loss   0.7925 lr 3.23e-04\n"}
,{"stream_name":"stdout","time":3015.7113143,"data":"epoch 123 loss   0.7912 lr 3.16e-04\n"}
,{"stream_name":"stdout","time":3039.70943985,"data":"epoch 124 loss   0.9743 lr 3.09e-04\n"}
,{"stream_name":"stdout","time":3064.956225734,"data":"epoch 125 loss   0.7805 lr 3.01e-04 val EPE 1.698 D1 9.48%\n"}
,{"stream_name":"stdout","time":3088.819534292,"data":"epoch 126 loss   0.9005 lr 2.94e-04\n"}
,{"stream_name":"stdout","time":3112.679560744,"data":"epoch 127 loss   0.8827 lr 2.87e-04\n"}
,{"stream_name":"stdout","time":3136.66487198,"data":"epoch 128 loss   0.7504 lr 2.80e-04\n"}
,{"stream_name":"stdout","time":3160.495271311,"data":"epoch 129 loss   0.7583 lr 2.73e-04\n"}
,{"stream_name":"stdout","time":3185.79749118,"data":"epoch 130 loss   0.7348 lr 2.66e-04 val EPE 1.687 D1 9.40%\n"}
,{"stream_name":"stdout","time":3209.5448236,"data":"epoch 131 loss   0.6728 lr 2.59e-04\n"}
,{"stream_name":"stdout","time":3233.466459679,"data":"epoch 132 loss   0.8132 lr 2.52e-04\n"}
,{"stream_name":"stdout","time":3257.196000956,"data":"epoch 133 loss   0.8212 lr 2.45e-04\n"}
,{"stream_name":"stdout","time":3280.946932616,"data":"epoch 134 loss   0.7868 lr 2.39e-04\n"}
,{"stream_name":"stdout","time":3306.155230882,"data":"epoch 135 loss   0.8514 lr 2.32e-04 val EPE 1.689 D1 9.44%\n"}
,{"stream_name":"stdout","time":3329.896938961,"data":"epoch 136 loss   0.7868 lr 2.25e-04\n"}
,{"stream_name":"stdout","time":3353.870498531,"data":"epoch 137 loss   0.7867 lr 2.19e-04\n"}
,{"stream_name":"stdout","time":3377.712826783,"data":"epoch 138 loss   0.8574 lr 2.12e-04\n"}
,{"stream_name":"stdout","time":3401.572340232,"data":"epoch 139 loss   0.8887 lr 2.06e-04\n"}
,{"stream_name":"stdout","time":3426.907556407,"data":"epoch 140 loss   0.8308 lr 2.00e-04 val EPE 1.691 D1 9.50%\n"}
,{"stream_name":"stdout","time":3450.69213243,"data":"epoch 141 loss   0.7480 lr 1.94e-04\n"}
,{"stream_name":"stdout","time":3474.455737013,"data":"epoch 142 loss   0.8758 lr 1.87e-04\n"}
,{"stream_name":"stdout","time":3498.321570605,"data":"epoch 143 loss   0.8047 lr 1.81e-04\n"}
,{"stream_name":"stdout","time":3522.108532427,"data":"epoch 144 loss   0.7859 lr 1.75e-04\n"}
,{"stream_name":"stdout","time":3547.300496636,"data":"epoch 145 loss   0.7761 lr 1.69e-04 val EPE 1.694 D1 9.43%\n"}
,{"stream_name":"stdout","time":3571.091220482,"data":"epoch 146 loss   0.6507 lr 1.63e-04\n"}
,{"stream_name":"stdout","time":3595.045890842,"data":"epoch 147 loss   0.9207 lr 1.58e-04\n"}
,{"stream_name":"stdout","time":3618.856024507,"data":"epoch 148 loss   0.7701 lr 1.52e-04\n"}
,{"stream_name":"stdout","time":3642.853562406,"data":"epoch 149 loss   0.8696 lr 1.46e-04\n"}
,{"stream_name":"stdout","time":3668.36864143,"data":"epoch 150 loss   0.7053 lr 1.41e-04 val EPE 1.685 D1 9.36%\n"}
,{"stream_name":"stdout","time":3692.386409701,"data":"epoch 151 loss   0.7055 lr 1.36e-04\n"}
,{"stream_name":"stdout","time":3716.614179755,"data":"epoch 152 loss   0.7208 lr 1.30e-04\n"}
,{"stream_name":"stdout","time":3740.629455669,"data":"epoch 153 loss   0.7326 lr 1.25e-04\n"}
,{"stream_name":"stdout","time":3764.701034272,"data":"epoch 154 loss   0.8579 lr 1.20e-04\n"}
,{"stream_name":"stdout","time":3790.111814612,"data":"epoch 155 loss   0.8202 lr 1.15e-04 val EPE 1.676 D1 9.30%\n"}
,{"stream_name":"stdout","time":3813.975600655,"data":"epoch 156 loss   0.7072 lr 1.10e-04\n"}
,{"stream_name":"stdout","time":3837.99013345,"data":"epoch 157 loss   0.7763 lr 1.05e-04\n"}
,{"stream_name":"stdout","time":3861.855310293,"data":"epoch 158 loss   0.7795 lr 1.00e-04\n"}
,{"stream_name":"stdout","time":3885.909902532,"data":"epoch 159 loss   0.7244 lr 9.55e-05\n"}
,{"stream_name":"stdout","time":3911.286459626,"data":"epoch 160 loss   0.7436 lr 9.09e-05 val EPE 1.676 D1 9.23%\n"}
,{"stream_name":"stdout","time":3935.151757284,"data":"epoch 161 loss   0.7343 lr 8.65e-05\n"}
,{"stream_name":"stdout","time":3958.971293627,"data":"epoch 162 loss   0.7678 lr 8.21e-05\n"}
,{"stream_name":"stdout","time":3982.750579253,"data":"epoch 163 loss   0.7828 lr 7.78e-05\n"}
,{"stream_name":"stdout","time":4006.59785579,"data":"epoch 164 loss   0.7179 lr 7.37e-05\n"}
,{"stream_name":"stdout","time":4031.888533563,"data":"epoch 165 loss   0.8441 lr 6.96e-05 val EPE 1.680 D1 9.20%\n"}
,{"stream_name":"stdout","time":4055.957536904,"data":"epoch 166 loss   0.7205 lr 6.57e-05\n"}
,{"stream_name":"stdout","time":4079.958165558,"data":"epoch 167 loss   0.6945 lr 6.18e-05\n"}
,{"stream_name":"stdout","time":4103.924359584,"data":"epoch 168 loss   0.7704 lr 5.81e-05\n"}
,{"stream_name":"stdout","time":4127.841446193,"data":"epoch 169 loss   0.7298 lr 5.45e-05\n"}
,{"stream_name":"stdout","time":4153.183609168,"data":"epoch 170 loss   0.7433 lr 5.10e-05 val EPE 1.673 D1 9.15%\n"}
,{"stream_name":"stdout","time":4177.222190887,"data":"epoch 171 loss   0.6710 lr 4.76e-05\n"}
,{"stream_name":"stdout","time":4201.335709561,"data":"epoch 172 loss   0.8149 lr 4.43e-05\n"}
,{"stream_name":"stdout","time":4225.115330025,"data":"epoch 173 loss   0.6208 lr 4.11e-05\n"}
,{"stream_name":"stdout","time":4249.029573674,"data":"epoch 174 loss   0.7688 lr 3.81e-05\n"}
,{"stream_name":"stdout","time":4274.412544481,"data":"epoch 175 loss   0.7264 lr 3.51e-05 val EPE 1.675 D1 9.13%\n"}
,{"stream_name":"stdout","time":4298.8438929,"data":"epoch 176 loss   0.8337 lr 3.23e-05\n"}
,{"stream_name":"stdout","time":4322.974668021,"data":"epoch 177 loss   0.6990 lr 2.96e-05\n"}
,{"stream_name":"stdout","time":4347.066818076,"data":"epoch 178 loss   0.6449 lr 2.70e-05\n"}
,{"stream_name":"stdout","time":4371.146614654,"data":"epoch 179 loss   0.7126 lr 2.45e-05\n"}
,{"stream_name":"stdout","time":4396.858648109,"data":"epoch 180 loss   0.8183 lr 2.21e-05 val EPE 1.679 D1 9.15%\n"}
,{"stream_name":"stdout","time":4421.098128462,"data":"epoch 181 loss   0.7034 lr 1.99e-05\n"}
,{"stream_name":"stdout","time":4445.179763081,"data":"epoch 182 loss   0.7280 lr 1.77e-05\n"}
,{"stream_name":"stdout","time":4469.181304434,"data":"epoch 183 loss   0.7435 lr 1.57e-05\n"}
,{"stream_name":"stdout","time":4493.352580437,"data":"epoch 184 loss   0.6986 lr 1.38e-05\n"}
,{"stream_name":"stdout","time":4518.889375569,"data":"epoch 185 loss   0.7553 lr 1.20e-05 val EPE 1.680 D1 9.15%\n"}
,{"stream_name":"stdout","time":4542.963735867,"data":"epoch 186 loss   0.6327 lr 1.04e-05\n"}
,{"stream_name":"stdout","time":4566.997161909,"data":"epoch 187 loss   0.7523 lr 8.86e-06\n"}
,{"stream_name":"stdout","time":4591.147947173,"data":"epoch 188 loss   0.6886 lr 7.45e-06\n"}
,{"stream_name":"stdout","time":4615.324746966,"data":"epoch 189 loss   0.7249 lr 6.16e-06\n"}
,{"stream_name":"stdout","time":4640.821428755,"data":"epoch 190 loss   0.6888 lr 4.99e-06 val EPE 1.684 D1 9.18%\n"}
,{"stream_name":"stdout","time":4665.067763211,"data":"epoch 191 loss   0.7011 lr 3.94e-06\n"}
,{"stream_name":"stdout","time":4689.220636227,"data":"epoch 192 loss   0.7454 lr 3.02e-06\n"}
,{"stream_name":"stdout","time":4713.19472435,"data":"epoch 193 loss   0.7650 lr 2.22e-06\n"}
,{"stream_name":"stdout","time":4737.254003378,"data":"epoch 194 loss   0.7337 lr 1.54e-06\n"}
,{"stream_name":"stdout","time":4762.699542527,"data":"epoch 195 loss   0.6694 lr 9.87e-07 val EPE 1.684 D1 9.18%\n"}
,{"stream_name":"stdout","time":4786.78314352,"data":"epoch 196 loss   0.8532 lr 5.55e-07\n"}
,{"stream_name":"stdout","time":4810.674573969,"data":"epoch 197 loss   0.6972 lr 2.47e-07\n"}
,{"stream_name":"stdout","time":4834.720046605,"data":"epoch 198 loss   0.7281 lr 6.17e-08\n"}
,{"stream_name":"stdout","time":4860.199466972,"data":"epoch 199 loss   0.7826 lr 0.00e+00 val EPE 1.683 D1 9.17%\n"}
,{"stream_name":"stdout","time":4860.232530013,"data":"P2A seed 0 done: wall 4842.5s best10 EPE 1.6734 @epoch 170\n"}
,{"stream_name":"stdout","time":4863.161784406,"data":"ARM armp COMPLETE wall=4853.3s best10=1.6734@170 final_lr=0.00e+00\n"}
,{"stream_name":"stdout","time":4871.865289707,"data":"armp/best EPE 1.2164890 D1 6.4237% contract True\n"}
,{"stream_name":"stdout","time":4878.480040114,"data":"armp/final EPE 1.2185249 D1 6.4085% contract True\n"}
,{"stream_name":"stdout","time":4878.498799373,"data":"\n"}
,{"stream_name":"stdout","time":4878.498825721,"data":"E1 seed 0 COMPLETE in 4877.2s\n"}
,{"stream_name":"stdout","time":4878.498853055,"data":"  best  EPE 1.2164890  D1 6.4237%\n"}
,{"stream_name":"stdout","time":4878.498856942,"data":"  final EPE 1.2185249  D1 6.4085%\n"}
,{"stream_name":"stdout","time":4878.498859899,"data":"wrote /kaggle/working/e1_seed0.json\n"}
,{"stream_name":"stderr","time":4881.578234344,"data":"/usr/local/lib/python3.12/dist-packages/mistune.py:435: SyntaxWarning: invalid escape sequence '\\|'\n"}
,{"stream_name":"stderr","time":4881.578290138,"data":"  cells[i][c] = re.sub('\\\\\\\\\\|', '|', cell)\n"}
,{"stream_name":"stderr","time":4881.903329489,"data":"/usr/local/lib/python3.12/dist-packages/nbconvert/filters/filter_links.py:36: SyntaxWarning: invalid escape sequence '\\_'\n"}
,{"stream_name":"stderr","time":4881.903355818,"data":"  text = re.sub(r'_', '\\_', text) # Escape underscores in display text\n"}
,{"stream_name":"stderr","time":4882.641772591,"data":"[NbConvertApp] Converting notebook __script__.ipynb to html\n"}
,{"stream_name":"stderr","time":4884.093404458,"data":"[NbConvertApp] Writing 308975 bytes to __results__.html\n"}
]