integrity guard: {"param_count": 397954, "param_count_ok": true, "all_ok": true}
init: {"source": "random", "note": "PyTorch defaults, random (P2A recipe)"}
epoch   0 loss  13.0626 lr 1.00e-03 val EPE 18.591 D1 87.85%
epoch   1 loss  11.6892 lr 1.00e-03
epoch   2 loss  10.3856 lr 9.99e-04
epoch   3 loss  10.0308 lr 9.99e-04
epoch   4 loss  10.6646 lr 9.98e-04
epoch   5 loss   9.2242 lr 9.98e-04 val EPE 19.614 D1 91.22%
epoch   6 loss  11.4449 lr 9.97e-04
epoch   7 loss  11.7018 lr 9.96e-04
epoch   8 loss  10.5244 lr 9.95e-04
epoch   9 loss   9.5458 lr 9.94e-04
epoch  10 loss   7.1180 lr 9.93e-04 val EPE 12.440 D1 81.50%
epoch  11 loss   6.3904 lr 9.91e-04
epoch  12 loss   5.5208 lr 9.90e-04
epoch  13 loss   5.3429 lr 9.88e-04
epoch  14 loss   5.0603 lr 9.86e-04
epoch  15 loss   4.0752 lr 9.84e-04 val EPE 8.399 D1 69.87%
epoch  16 loss   4.1781 lr 9.82e-04
epoch  17 loss   3.8009 lr 9.80e-04
epoch  18 loss   3.8793 lr 9.78e-04
epoch  19 loss   3.7610 lr 9.76e-04
epoch  20 loss   3.6770 lr 9.73e-04 val EPE 7.832 D1 71.99%
epoch  21 loss   3.4939 lr 9.70e-04
epoch  22 loss   3.6560 lr 9.68e-04
epoch  23 loss   3.3261 lr 9.65e-04
epoch  24 loss   3.3471 lr 9.62e-04
epoch  25 loss   3.0863 lr 9.59e-04 val EPE 5.345 D1 43.43%
epoch  26 loss   3.3994 lr 9.56e-04
epoch  27 loss   2.8025 lr 9.52e-04
epoch  28 loss   3.3060 lr 9.49e-04
epoch  29 loss   3.0548 lr 9.46e-04
epoch  30 loss   2.6951 lr 9.42e-04 val EPE 4.850 D1 34.61%
epoch  31 loss   3.1299 lr 9.38e-04
epoch  32 loss   2.8593 lr 9.34e-04
epoch  33 loss   2.9089 lr 9.30e-04
epoch  34 loss   2.2985 lr 9.26e-04
epoch  35 loss   2.4659 lr 9.22e-04 val EPE 4.455 D1 34.58%
epoch  36 loss   2.3252 lr 9.18e-04
epoch  37 loss   2.2376 lr 9.14e-04
epoch  38 loss   2.5058 lr 9.09e-04
epoch  39 loss   2.6934 lr 9.05e-04
epoch  40 loss   3.0626 lr 9.00e-04 val EPE 4.462 D1 31.64%
epoch  41 loss   2.7230 lr 8.95e-04
epoch  42 loss   2.3985 lr 8.90e-04
epoch  43 loss   2.4566 lr 8.85e-04
epoch  44 loss   2.6020 lr 8.80e-04
epoch  45 loss   2.8810 lr 8.75e-04 val EPE 4.327 D1 38.84%
epoch  46 loss   2.7975 lr 8.70e-04
epoch  47 loss   2.4846 lr 8.64e-04
epoch  48 loss   2.4038 lr 8.59e-04
epoch  49 loss   2.2877 lr 8.54e-04
epoch  50 loss   2.0127 lr 8.48e-04 val EPE 4.030 D1 35.10%
epoch  51 loss   2.2621 lr 8.42e-04
epoch  52 loss   2.3935 lr 8.37e-04
epoch  53 loss   1.8883 lr 8.31e-04
epoch  54 loss   2.1502 lr 8.25e-04
epoch  55 loss   2.2615 lr 8.19e-04 val EPE 3.592 D1 28.86%
epoch  56 loss   1.9305 lr 8.13e-04
epoch  57 loss   2.0606 lr 8.06e-04
epoch  58 loss   1.6959 lr 8.00e-04
epoch  59 loss   1.8748 lr 7.94e-04
epoch  60 loss   2.0878 lr 7.88e-04 val EPE 3.647 D1 27.65%
epoch  61 loss   1.7947 lr 7.81e-04
epoch  62 loss   2.0337 lr 7.75e-04
epoch  63 loss   1.8246 lr 7.68e-04
epoch  64 loss   1.7575 lr 7.61e-04
epoch  65 loss   1.9102 lr 7.55e-04 val EPE 3.325 D1 25.68%
epoch  66 loss   2.2659 lr 7.48e-04
epoch  67 loss   1.9064 lr 7.41e-04
epoch  68 loss   1.6902 lr 7.34e-04
epoch  69 loss   2.1030 lr 7.27e-04
epoch  70 loss   1.9522 lr 7.20e-04 val EPE 3.413 D1 25.38%
epoch  71 loss   2.0059 lr 7.13e-04
epoch  72 loss   1.8188 lr 7.06e-04
epoch  73 loss   1.9615 lr 6.99e-04
epoch  74 loss   1.9195 lr 6.91e-04
epoch  75 loss   1.9010 lr 6.84e-04 val EPE 3.534 D1 26.40%
epoch  76 loss   1.7744 lr 6.77e-04
epoch  77 loss   1.7279 lr 6.69e-04
epoch  78 loss   1.9645 lr 6.62e-04
epoch  79 loss   1.7765 lr 6.55e-04
epoch  80 loss   1.7164 lr 6.47e-04 val EPE 2.732 D1 17.98%
epoch  81 loss   1.7664 lr 6.39e-04
epoch  82 loss   1.7982 lr 6.32e-04
epoch  83 loss   1.5809 lr 6.24e-04
epoch  84 loss   1.7962 lr 6.17e-04
epoch  85 loss   2.0460 lr 6.09e-04 val EPE 3.126 D1 21.98%
epoch  86 loss   1.7632 lr 6.01e-04
epoch  87 loss   1.8198 lr 5.94e-04
epoch  88 loss   1.8886 lr 5.86e-04
epoch  89 loss   1.8896 lr 5.78e-04
epoch  90 loss   2.0822 lr 5.70e-04 val EPE 3.049 D1 20.93%
epoch  91 loss   1.7427 lr 5.63e-04
epoch  92 loss   1.6859 lr 5.55e-04
epoch  93 loss   1.3120 lr 5.47e-04
epoch  94 loss   1.5968 lr 5.39e-04
epoch  95 loss   1.4079 lr 5.31e-04 val EPE 2.646 D1 17.44%
epoch  96 loss   1.4497 lr 5.24e-04
epoch  97 loss   1.3461 lr 5.16e-04
epoch  98 loss   1.5705 lr 5.08e-04
epoch  99 loss   1.3860 lr 5.00e-04
epoch 100 loss   1.4451 lr 4.92e-04 val EPE 2.580 D1 17.23%
epoch 101 loss   1.6156 lr 4.84e-04
epoch 102 loss   1.4317 lr 4.76e-04
epoch 103 loss   1.6663 lr 4.69e-04
epoch 104 loss   1.6842 lr 4.61e-04
epoch 105 loss   1.4041 lr 4.53e-04 val EPE 2.361 D1 15.85%
epoch 106 loss   1.3189 lr 4.45e-04
epoch 107 loss   1.3649 lr 4.37e-04
epoch 108 loss   1.2269 lr 4.30e-04
epoch 109 loss   1.5299 lr 4.22e-04
epoch 110 loss   1.3504 lr 4.14e-04 val EPE 2.974 D1 22.82%
epoch 111 loss   1.3099 lr 4.06e-04
epoch 112 loss   1.4009 lr 3.99e-04
epoch 113 loss   1.4307 lr 3.91e-04
epoch 114 loss   1.4583 lr 3.83e-04
epoch 115 loss   1.2769 lr 3.76e-04 val EPE 2.560 D1 16.93%
epoch 116 loss   1.4413 lr 3.68e-04
epoch 117 loss   1.2828 lr 3.61e-04
epoch 118 loss   1.3658 lr 3.53e-04
epoch 119 loss   1.5940 lr 3.45e-04
epoch 120 loss   1.2534 lr 3.38e-04 val EPE 2.563 D1 15.35%
epoch 121 loss   1.1686 lr 3.31e-04
epoch 122 loss   1.2178 lr 3.23e-04
epoch 123 loss   1.2110 lr 3.16e-04
epoch 124 loss   1.5353 lr 3.09e-04
epoch 125 loss   1.1826 lr 3.01e-04 val EPE 2.193 D1 14.47%
epoch 126 loss   1.3938 lr 2.94e-04
epoch 127 loss   1.4375 lr 2.87e-04
epoch 128 loss   1.2189 lr 2.80e-04
epoch 129 loss   1.1681 lr 2.73e-04
epoch 130 loss   1.1554 lr 2.66e-04 val EPE 2.229 D1 14.21%
epoch 131 loss   1.0388 lr 2.59e-04
epoch 132 loss   1.2611 lr 2.52e-04
epoch 133 loss   1.2377 lr 2.45e-04
epoch 134 loss   1.2847 lr 2.39e-04
epoch 135 loss   1.2413 lr 2.32e-04 val EPE 2.460 D1 16.10%
epoch 136 loss   1.2481 lr 2.25e-04
epoch 137 loss   1.2621 lr 2.19e-04
epoch 138 loss   1.3777 lr 2.12e-04
epoch 139 loss   1.3621 lr 2.06e-04
epoch 140 loss   1.3484 lr 2.00e-04 val EPE 2.277 D1 14.35%
epoch 141 loss   1.1175 lr 1.94e-04
epoch 142 loss   1.2781 lr 1.87e-04
epoch 143 loss   1.1821 lr 1.81e-04
epoch 144 loss   1.1830 lr 1.75e-04
epoch 145 loss   1.1784 lr 1.69e-04 val EPE 2.218 D1 14.41%
epoch 146 loss   0.9797 lr 1.63e-04
epoch 147 loss   1.3359 lr 1.58e-04
epoch 148 loss   1.1516 lr 1.52e-04
epoch 149 loss   1.3413 lr 1.46e-04
epoch 150 loss   1.0795 lr 1.41e-04 val EPE 2.039 D1 13.02%
epoch 151 loss   1.0309 lr 1.36e-04
epoch 152 loss   1.0691 lr 1.30e-04
epoch 153 loss   1.0674 lr 1.25e-04
epoch 154 loss   1.3006 lr 1.20e-04
epoch 155 loss   1.2924 lr 1.15e-04 val EPE 2.202 D1 14.69%
epoch 156 loss   1.0377 lr 1.10e-04
epoch 157 loss   1.1376 lr 1.05e-04
epoch 158 loss   1.1656 lr 1.00e-04
epoch 159 loss   1.0190 lr 9.55e-05
epoch 160 loss   1.0818 lr 9.09e-05 val EPE 2.280 D1 14.39%
epoch 161 loss   1.0755 lr 8.65e-05
epoch 162 loss   1.1080 lr 8.21e-05
epoch 163 loss   1.1723 lr 7.78e-05
epoch 164 loss   1.0275 lr 7.37e-05
epoch 165 loss   1.2861 lr 6.96e-05 val EPE 2.268 D1 14.19%
epoch 166 loss   1.0797 lr 6.57e-05
epoch 167 loss   0.9607 lr 6.18e-05
epoch 168 loss   1.1378 lr 5.81e-05
epoch 169 loss   1.0903 lr 5.45e-05
epoch 170 loss   1.1458 lr 5.10e-05 val EPE 2.107 D1 12.97%
epoch 171 loss   0.9424 lr 4.76e-05
epoch 172 loss   1.1893 lr 4.43e-05
epoch 173 loss   0.9566 lr 4.11e-05
epoch 174 loss   1.0492 lr 3.81e-05
epoch 175 loss   1.0561 lr 3.51e-05 val EPE 2.241 D1 13.91%
epoch 176 loss   1.2092 lr 3.23e-05
epoch 177 loss   1.0021 lr 2.96e-05
epoch 178 loss   0.9035 lr 2.70e-05
epoch 179 loss   1.0317 lr 2.45e-05
epoch 180 loss   1.1751 lr 2.21e-05 val EPE 2.060 D1 13.41%
epoch 181 loss   1.0167 lr 1.99e-05
epoch 182 loss   1.0289 lr 1.77e-05
epoch 183 loss   1.0376 lr 1.57e-05
epoch 184 loss   1.0349 lr 1.38e-05
epoch 185 loss   1.0764 lr 1.20e-05 val EPE 2.091 D1 13.08%
epoch 186 loss   0.9137 lr 1.04e-05
epoch 187 loss   1.0233 lr 8.86e-06
epoch 188 loss   0.9824 lr 7.45e-06
epoch 189 loss   1.0386 lr 6.16e-06
epoch 190 loss   0.9676 lr 4.99e-06 val EPE 2.076 D1 12.98%
epoch 191 loss   0.9618 lr 3.94e-06
epoch 192 loss   1.0472 lr 3.02e-06
epoch 193 loss   1.0989 lr 2.22e-06
epoch 194 loss   1.0265 lr 1.54e-06
epoch 195 loss   1.0283 lr 9.87e-07 val EPE 2.061 D1 12.90%
epoch 196 loss   1.1789 lr 5.55e-07
epoch 197 loss   0.9947 lr 2.47e-07
epoch 198 loss   0.9859 lr 6.17e-08
epoch 199 loss   1.1076 lr 0.00e+00 val EPE 2.063 D1 12.94%
P2A seed 0 done: wall 3771.3s best10 EPE 2.0388 @epoch 150
