plan: stage-f followup audit2; device=cuda smoke=False
=== subject seed0_final contract (FULL) ===
seed 0/final hailo_val [10/40] epe_sofar=1.5817
seed 0/final hailo_val [20/40] epe_sofar=1.4063
seed 0/final hailo_val [30/40] epe_sofar=1.2139
seed 0/final hailo_val [40/40] epe_sofar=1.1629
=== subject seed1_final contract (FULL) ===
seed 1/final hailo_val [10/40] epe_sofar=1.5984
seed 1/final hailo_val [20/40] epe_sofar=1.4131
seed 1/final hailo_val [30/40] epe_sofar=1.2226
seed 1/final hailo_val [40/40] epe_sofar=1.1729
=== subject seed2_final contract (FULL) ===
seed 2/final hailo_val [10/40] epe_sofar=1.5584
seed 2/final hailo_val [20/40] epe_sofar=1.3966
seed 2/final hailo_val [30/40] epe_sofar=1.2122
seed 2/final hailo_val [40/40] epe_sofar=1.1670
=== subject seed0_final train (FULL) ===
seed 0/final hailo_calib [10/160] epe_sofar=1.0489
seed 0/final hailo_calib [20/160] epe_sofar=0.9634
seed 0/final hailo_calib [30/160] epe_sofar=0.9973
seed 0/final hailo_calib [40/160] epe_sofar=0.9564
seed 0/final hailo_calib [50/160] epe_sofar=0.9265
seed 0/final hailo_calib [60/160] epe_sofar=0.9041
seed 0/final hailo_calib [70/160] epe_sofar=0.9484
seed 0/final hailo_calib [80/160] epe_sofar=0.9351
seed 0/final hailo_calib [90/160] epe_sofar=0.9374
seed 0/final hailo_calib [100/160] epe_sofar=0.9460
seed 0/final hailo_calib [110/160] epe_sofar=0.9573
seed 0/final hailo_calib [120/160] epe_sofar=0.9476
seed 0/final hailo_calib [130/160] epe_sofar=0.9375
seed 0/final hailo_calib [140/160] epe_sofar=0.9250
seed 0/final hailo_calib [150/160] epe_sofar=0.9163
seed 0/final hailo_calib [160/160] epe_sofar=0.9170
wrote C:\Users\vishn\stereo_depth_vision\stage_f\followup\audit2\audit2.json + per_scene.csv status=OK
