{
  "schedule": {
    "class": "FrozenCosineAnnealingLR",
    "T_max_requested_by_training_code": 200,
    "T_max_actually_used": 200,
    "lr_epoch_0": 0.001,
    "optimizer_state_empty_at_construction": true
  },
  "six_block_boundary": {
    "min": 2.2955181809208267,
    "max": 2.3982217171269924,
    "read_back_from_records": {
      "0": 2.2955181809208267,
      "1": 2.3982217171269924,
      "2": 2.3950487882916516
    },
    "note": "the pre-registered decision boundary, fixed before this batch was launched"
  },
  "runs": {
    "EXP-BLOCKCOUNT-FULL-001-ARM-C-SEED1": {
      "arm": "C",
      "seed": 1,
      "blocks": 4,
      "dilations": [
        1,
        2,
        4,
        8
      ],
      "parameters": 386594,
      "init_weight_sha": "2cac2916ed802495",
      "init_matches_seed_screen": true,
      "epoch_budget": 200,
      "train_scenes": 160,
      "crop_shape": [
        3,
        256,
        512
      ],
      "batch_size": 2,
      "optimizer": "Adam(lr=1e-3, betas=(0.9, 0.999))"
    },
    "EXP-BLOCKCOUNT-FULL-001-ARM-C-SEED2": {
      "arm": "C",
      "seed": 2,
      "blocks": 4,
      "dilations": [
        1,
        2,
        4,
        8
      ],
      "parameters": 386594,
      "init_weight_sha": "e622226a5a22fc9b",
      "init_matches_seed_screen": true,
      "epoch_budget": 200,
      "train_scenes": 160,
      "crop_shape": [
        3,
        256,
        512
      ],
      "batch_size": 2,
      "optimizer": "Adam(lr=1e-3, betas=(0.9, 0.999))"
    }
  },
  "checks": {
    "phase_1_diff_empty": true,
    "deterministic_controls_enabled": true,
    "seeds_are_1_and_2": true,
    "block_count_is_4": true,
    "dilations_are_1_2_4_8": true,
    "dilations_match_registration": true,
    "shift_is_left": true,
    "readout_is_standardised": true,
    "candidates_are_12": true,
    "parameter_count_matches_registration": true,
    "epoch_budget_is_200": true,
    "schedule_T_max_is_200": true,
    "schedule_not_refitted": true,
    "initialisation_is_fresh_not_seed0": true,
    "initialisation_matches_seed_screen": true,
    "no_checkpoint_loaded": true,
    "optimizer_state_fresh": true,
    "surviving_weights_bit_identical_within_seed": true,
    "train_split_is_hailo_calib": true,
    "val_split_is_hailo_val": true,
    "batch_size_is_2": true,
    "run_count_is_2": true,
    "batch_is_C1_and_C2_only": true,
    "seed_0_not_scheduled": true,
    "seed_3_not_scheduled": true,
    "five_block_not_scheduled": true,
    "six_block_not_scheduled": true,
    "decision_boundary_matches_frozen_records": true,
    "PASS": true
  }
}

PREFLIGHT PASS (28/28 checks).
