[{"stream_name":"stdout","time":9.768706367,"data":"{\"python\": \"3.12.13\", \"torch\": \"2.10.0+cu128\", \"cuda\": \"12.8\", \"cudnn\": 91002, \"gpu\": \"Tesla T4\", \"device_count\": 2}\n"}
,{"stream_name":"stdout","time":9.768789259,"data":"+ /usr/bin/python3 /kaggle/working/repo/stage_e_recipe/run/scripts/run_arm.py --arm armp --init /kaggle/input/datasets/vishnuvardhanksece/stage-e-e4-init/e4_pretrain_best.pth --outdir /kaggle/working/repo/stage_e_recipe/run/armp --seed 1 --epochs 200 --timeout_s 18000.0\n"}
,{"stream_name":"stdout","time":9.864460312,"data":"RUN arm=armp init=/kaggle/input/datasets/vishnuvardhanksece/stage-e-e4-init/e4_pretrain_best.pth pid=20 cmd=['/usr/bin/python3', '/kaggle/working/repo/stage_e_recipe/run/scripts/finetune_pilot.py', '--init', '/kaggle/input/datasets/vishnuvardhanksece/stage-e-e4-init/e4_pretrain_best.pth', '--arm', 'armp']\n"}
,{"stream_name":"stdout","time":12.426491101,"data":"integrity guard: {\"param_count\": 397954, \"param_count_ok\": true, \"all_ok\": true}\n"}
,{"stream_name":"stdout","time":12.441214093,"data":"init: {\"source\": \"/kaggle/input/datasets/vishnuvardhanksece/stage-e-e4-init/e4_pretrain_best.pth\", \"strict\": true, \"sha256\": \"4c16fbe32724d0c1157aa91b0503f67e7e1576faf597325d62c87510aa6b829f\", \"n_keys\": 70, \"param_count\": 397954}\n"}
,{"stream_name":"stdout","time":20.170328138,"data":"/kaggle/working/repo/stage_e_recipe/run/scripts/finetune_pilot.py:303: UserWarning: Converting a tensor with requires_grad=True to a scalar may lead to unexpected behavior.\n"}
,{"stream_name":"stdout","time":20.170354619,"data":"Consider using tensor.detach() first. (Triggered internally at /pytorch/torch/csrc/autograd/generated/python_variable_methods.cpp:836.)\n"}
,{"stream_name":"stdout","time":20.170358819,"data":"  epoch_loss += float(loss)\n"}
,{"stream_name":"stdout","time":58.924170718,"data":"epoch   0 loss   1.9049 lr 1.00e-03 val EPE 3.125 D1 24.07%\n"}
,{"stream_name":"stdout","time":82.308486403,"data":"epoch   1 loss   1.8532 lr 1.00e-03\n"}
,{"stream_name":"stdout","time":106.58312747,"data":"epoch   2 loss   1.6463 lr 9.99e-04\n"}
,{"stream_name":"stdout","time":131.437396678,"data":"epoch   3 loss   1.4633 lr 9.99e-04\n"}
,{"stream_name":"stdout","time":155.357368962,"data":"epoch   4 loss   1.3029 lr 9.98e-04\n"}
,{"stream_name":"stdout","time":181.149972314,"data":"epoch   5 loss   1.1683 lr 9.98e-04 val EPE 1.990 D1 12.84%\n"}
,{"stream_name":"stdout","time":205.558594351,"data":"epoch   6 loss   1.7227 lr 9.97e-04\n"}
,{"stream_name":"stdout","time":229.914554071,"data":"epoch   7 loss   1.4607 lr 9.96e-04\n"}
,{"stream_name":"stdout","time":254.081692451,"data":"epoch   8 loss   1.5740 lr 9.95e-04\n"}
,{"stream_name":"stdout","time":278.409604413,"data":"epoch   9 loss   1.3779 lr 9.94e-04\n"}
,{"stream_name":"stdout","time":304.567237601,"data":"epoch  10 loss   1.1983 lr 9.93e-04 val EPE 2.150 D1 13.97%\n"}
,{"stream_name":"stdout","time":328.817046159,"data":"epoch  11 loss   1.2194 lr 9.91e-04\n"}
,{"stream_name":"stdout","time":352.973610819,"data":"epoch  12 loss   1.2214 lr 9.90e-04\n"}
,{"stream_name":"stdout","time":377.374105692,"data":"epoch  13 loss   1.3474 lr 9.88e-04\n"}
,{"stream_name":"stdout","time":401.710547826,"data":"epoch  14 loss   1.1917 lr 9.86e-04\n"}
,{"stream_name":"stdout","time":427.344965291,"data":"epoch  15 loss   1.0742 lr 9.84e-04 val EPE 2.039 D1 12.31%\n"}
,{"stream_name":"stdout","time":451.750235891,"data":"epoch  16 loss   1.2240 lr 9.82e-04\n"}
,{"stream_name":"stdout","time":476.293024231,"data":"epoch  17 loss   1.0741 lr 9.80e-04\n"}
,{"stream_name":"stdout","time":500.532846641,"data":"epoch  18 loss   1.1011 lr 9.78e-04\n"}
,{"stream_name":"stdout","time":524.781247718,"data":"epoch  19 loss   1.0370 lr 9.76e-04\n"}
,{"stream_name":"stdout","time":550.687926226,"data":"epoch  20 loss   1.0564 lr 9.73e-04 val EPE 1.901 D1 11.21%\n"}
,{"stream_name":"stdout","time":575.080045799,"data":"epoch  21 loss   1.2697 lr 9.70e-04\n"}
,{"stream_name":"stdout","time":599.548328241,"data":"epoch  22 loss   1.2982 lr 9.68e-04\n"}
,{"stream_name":"stdout","time":623.822914656,"data":"epoch  23 loss   1.4280 lr 9.65e-04\n"}
,{"stream_name":"stdout","time":648.735656653,"data":"epoch  24 loss   1.2894 lr 9.62e-04\n"}
,{"stream_name":"stdout","time":675.270670546,"data":"epoch  25 loss   1.1441 lr 9.59e-04 val EPE 2.058 D1 13.00%\n"}
,{"stream_name":"stdout","time":700.246348636,"data":"epoch  26 loss   1.3288 lr 9.56e-04\n"}
,{"stream_name":"stdout","time":725.137725692,"data":"epoch  27 loss   1.2236 lr 9.52e-04\n"}
,{"stream_name":"stdout","time":750.258845526,"data":"epoch  28 loss   1.4249 lr 9.49e-04\n"}
,{"stream_name":"stdout","time":775.170378238,"data":"epoch  29 loss   1.4591 lr 9.46e-04\n"}
,{"stream_name":"stdout","time":801.52798274,"data":"epoch  30 loss   1.1654 lr 9.42e-04 val EPE 2.196 D1 13.92%\n"}
,{"stream_name":"stdout","time":826.213958586,"data":"epoch  31 loss   1.1949 lr 9.38e-04\n"}
,{"stream_name":"stdout","time":851.040580255,"data":"epoch  32 loss   1.0998 lr 9.34e-04\n"}
,{"stream_name":"stdout","time":875.771588794,"data":"epoch  33 loss   0.9594 lr 9.30e-04\n"}
,{"stream_name":"stdout","time":900.836084863,"data":"epoch  34 loss   1.1287 lr 9.26e-04\n"}
,{"stream_name":"stdout","time":927.225701109,"data":"epoch  35 loss   1.0286 lr 9.22e-04 val EPE 2.174 D1 13.32%\n"}
,{"stream_name":"stdout","time":952.114601408,"data":"epoch  36 loss   1.1006 lr 9.18e-04\n"}
,{"stream_name":"stdout","time":976.755716513,"data":"epoch  37 loss   1.0839 lr 9.14e-04\n"}
,{"stream_name":"stdout","time":1001.646659293,"data":"epoch  38 loss   1.2011 lr 9.09e-04\n"}
,{"stream_name":"stdout","time":1026.48447087,"data":"epoch  39 loss   1.3129 lr 9.05e-04\n"}
,{"stream_name":"stdout","time":1053.22857093,"data":"epoch  40 loss   1.1173 lr 9.00e-04 val EPE 1.983 D1 11.78%\n"}
,{"stream_name":"stdout","time":1077.9011535,"data":"epoch  41 loss   0.9961 lr 8.95e-04\n"}
,{"stream_name":"stdout","time":1102.803640623,"data":"epoch  42 loss   1.2212 lr 8.90e-04\n"}
,{"stream_name":"stdout","time":1127.754742958,"data":"epoch  43 loss   0.9573 lr 8.85e-04\n"}
,{"stream_name":"stdout","time":1152.636697433,"data":"epoch  44 loss   0.9808 lr 8.80e-04\n"}
,{"stream_name":"stdout","time":1178.906326997,"data":"epoch  45 loss   1.1298 lr 8.75e-04 val EPE 2.349 D1 14.60%\n"}
,{"stream_name":"stdout","time":1203.543336685,"data":"epoch  46 loss   1.1896 lr 8.70e-04\n"}
,{"stream_name":"stdout","time":1228.063351932,"data":"epoch  47 loss   1.2541 lr 8.64e-04\n"}
,{"stream_name":"stdout","time":1252.418614321,"data":"epoch  48 loss   1.2560 lr 8.59e-04\n"}
,{"stream_name":"stdout","time":1276.777707335,"data":"epoch  49 loss   1.2116 lr 8.54e-04\n"}
,{"stream_name":"stdout","time":1303.037568051,"data":"epoch  50 loss   0.9769 lr 8.48e-04 val EPE 1.873 D1 10.83%\n"}
,{"stream_name":"stdout","time":1327.44177005,"data":"epoch  51 loss   0.9693 lr 8.42e-04\n"}
,{"stream_name":"stdout","time":1351.864810653,"data":"epoch  52 loss   0.9206 lr 8.37e-04\n"}
,{"stream_name":"stdout","time":1376.194837991,"data":"epoch  53 loss   0.9339 lr 8.31e-04\n"}
,{"stream_name":"stdout","time":1400.510691343,"data":"epoch  54 loss   1.0328 lr 8.25e-04\n"}
,{"stream_name":"stdout","time":1426.795314738,"data":"epoch  55 loss   1.0466 lr 8.19e-04 val EPE 1.768 D1 10.69%\n"}
,{"stream_name":"stdout","time":1451.280893083,"data":"epoch  56 loss   1.2629 lr 8.13e-04\n"}
,{"stream_name":"stdout","time":1475.772305361,"data":"epoch  57 loss   1.0283 lr 8.06e-04\n"}
,{"stream_name":"stdout","time":1500.419511927,"data":"epoch  58 loss   1.1303 lr 8.00e-04\n"}
,{"stream_name":"stdout","time":1525.09773661,"data":"epoch  59 loss   1.2229 lr 7.94e-04\n"}
,{"stream_name":"stdout","time":1551.213247847,"data":"epoch  60 loss   1.0480 lr 7.88e-04 val EPE 1.967 D1 11.51%\n"}
,{"stream_name":"stdout","time":1575.435057326,"data":"epoch  61 loss   1.0819 lr 7.81e-04\n"}
,{"stream_name":"stdout","time":1599.970353821,"data":"epoch  62 loss   0.9671 lr 7.75e-04\n"}
,{"stream_name":"stdout","time":1624.561763353,"data":"epoch  63 loss   0.9861 lr 7.68e-04\n"}
,{"stream_name":"stdout","time":1648.712358695,"data":"epoch  64 loss   1.0698 lr 7.61e-04\n"}
,{"stream_name":"stdout","time":1674.88644563,"data":"epoch  65 loss   1.0298 lr 7.55e-04 val EPE 1.840 D1 10.56%\n"}
,{"stream_name":"stdout","time":1699.233649658,"data":"epoch  66 loss   1.0518 lr 7.48e-04\n"}
,{"stream_name":"stdout","time":1723.52538721,"data":"epoch  67 loss   1.0057 lr 7.41e-04\n"}
,{"stream_name":"stdout","time":1747.842966885,"data":"epoch  68 loss   1.1579 lr 7.34e-04\n"}
,{"stream_name":"stdout","time":1772.239001327,"data":"epoch  69 loss   1.2937 lr 7.27e-04\n"}
,{"stream_name":"stdout","time":1798.559296849,"data":"epoch  70 loss   1.0425 lr 7.20e-04 val EPE 1.915 D1 11.87%\n"}
,{"stream_name":"stdout","time":1823.11198885,"data":"epoch  71 loss   1.5754 lr 7.13e-04\n"}
,{"stream_name":"stdout","time":1847.569714276,"data":"epoch  72 loss   1.1022 lr 7.06e-04\n"}
,{"stream_name":"stdout","time":1871.992908925,"data":"epoch  73 loss   1.1096 lr 6.99e-04\n"}
,{"stream_name":"stdout","time":1896.310878358,"data":"epoch  74 loss   1.0163 lr 6.91e-04\n"}
,{"stream_name":"stdout","time":1922.161466138,"data":"epoch  75 loss   1.1584 lr 6.84e-04 val EPE 1.913 D1 11.31%\n"}
,{"stream_name":"stdout","time":1946.679393447,"data":"epoch  76 loss   1.0651 lr 6.77e-04\n"}
,{"stream_name":"stdout","time":1971.104145826,"data":"epoch  77 loss   1.0464 lr 6.69e-04\n"}
,{"stream_name":"stdout","time":1995.383820656,"data":"epoch  78 loss   0.8354 lr 6.62e-04\n"}
,{"stream_name":"stdout","time":2019.643985843,"data":"epoch  79 loss   0.8982 lr 6.55e-04\n"}
,{"stream_name":"stdout","time":2045.476130485,"data":"epoch  80 loss   0.9282 lr 6.47e-04 val EPE 1.824 D1 11.04%\n"}
,{"stream_name":"stdout","time":2070.126844449,"data":"epoch  81 loss   0.8780 lr 6.39e-04\n"}
,{"stream_name":"stdout","time":2094.529314738,"data":"epoch  82 loss   0.9293 lr 6.32e-04\n"}
,{"stream_name":"stdout","time":2119.047373374,"data":"epoch  83 loss   1.1362 lr 6.24e-04\n"}
,{"stream_name":"stdout","time":2143.410894648,"data":"epoch  84 loss   1.0753 lr 6.17e-04\n"}
,{"stream_name":"stdout","time":2169.295610783,"data":"epoch  85 loss   0.9718 lr 6.09e-04 val EPE 1.862 D1 11.42%\n"}
,{"stream_name":"stdout","time":2193.823387057,"data":"epoch  86 loss   0.9636 lr 6.01e-04\n"}
,{"stream_name":"stdout","time":2218.370828984,"data":"epoch  87 loss   1.0850 lr 5.94e-04\n"}
,{"stream_name":"stdout","time":2242.7537442,"data":"epoch  88 loss   0.8630 lr 5.86e-04\n"}
,{"stream_name":"stdout","time":2266.962803972,"data":"epoch  89 loss   0.9814 lr 5.78e-04\n"}
,{"stream_name":"stdout","time":2292.661541802,"data":"epoch  90 loss   1.0896 lr 5.70e-04 val EPE 2.033 D1 12.51%\n"}
,{"stream_name":"stdout","time":2317.413382491,"data":"epoch  91 loss   0.9629 lr 5.63e-04\n"}
,{"stream_name":"stdout","time":2341.799750356,"data":"epoch  92 loss   0.9239 lr 5.55e-04\n"}
,{"stream_name":"stdout","time":2366.135367046,"data":"epoch  93 loss   0.8114 lr 5.47e-04\n"}
,{"stream_name":"stdout","time":2390.85375979,"data":"epoch  94 loss   0.7852 lr 5.39e-04\n"}
,{"stream_name":"stdout","time":2416.824779594,"data":"epoch  95 loss   0.9324 lr 5.31e-04 val EPE 1.799 D1 10.33%\n"}
,{"stream_name":"stdout","time":2441.408186454,"data":"epoch  96 loss   0.9542 lr 5.24e-04\n"}
,{"stream_name":"stdout","time":2466.324218874,"data":"epoch  97 loss   1.0928 lr 5.16e-04\n"}
,{"stream_name":"stdout","time":2491.206300988,"data":"epoch  98 loss   0.9146 lr 5.08e-04\n"}
,{"stream_name":"stdout","time":2516.106099394,"data":"epoch  99 loss   0.7665 lr 5.00e-04\n"}
,{"stream_name":"stdout","time":2542.400487055,"data":"epoch 100 loss   1.1439 lr 4.92e-04 val EPE 1.828 D1 10.45%\n"}
,{"stream_name":"stdout","time":2567.185830989,"data":"epoch 101 loss   0.8934 lr 4.84e-04\n"}
,{"stream_name":"stdout","time":2591.73281351,"data":"epoch 102 loss   0.7194 lr 4.76e-04\n"}
,{"stream_name":"stdout","time":2616.338025541,"data":"epoch 103 loss   0.8260 lr 4.69e-04\n"}
,{"stream_name":"stdout","time":2640.897096225,"data":"epoch 104 loss   0.8444 lr 4.61e-04\n"}
,{"stream_name":"stdout","time":2666.918857211,"data":"epoch 105 loss   0.7901 lr 4.53e-04 val EPE 1.782 D1 10.84%\n"}
,{"stream_name":"stdout","time":2691.432804316,"data":"epoch 106 loss   0.8638 lr 4.45e-04\n"}
,{"stream_name":"stdout","time":2715.890477255,"data":"epoch 107 loss   0.7512 lr 4.37e-04\n"}
,{"stream_name":"stdout","time":2740.274021923,"data":"epoch 108 loss   0.8801 lr 4.30e-04\n"}
,{"stream_name":"stdout","time":2764.590891882,"data":"epoch 109 loss   0.9321 lr 4.22e-04\n"}
,{"stream_name":"stdout","time":2790.462842525,"data":"epoch 110 loss   0.9245 lr 4.14e-04 val EPE 1.730 D1 9.44%\n"}
,{"stream_name":"stdout","time":2814.984184329,"data":"epoch 111 loss   0.9014 lr 4.06e-04\n"}
,{"stream_name":"stdout","time":2839.480113875,"data":"epoch 112 loss   0.8585 lr 3.99e-04\n"}
,{"stream_name":"stdout","time":2863.868497371,"data":"epoch 113 loss   0.9959 lr 3.91e-04\n"}
,{"stream_name":"stdout","time":2888.049872755,"data":"epoch 114 loss   0.9333 lr 3.83e-04\n"}
,{"stream_name":"stdout","time":2913.984981545,"data":"epoch 115 loss   1.0522 lr 3.76e-04 val EPE 1.751 D1 9.43%\n"}
,{"stream_name":"stdout","time":2938.54728244,"data":"epoch 116 loss   0.7230 lr 3.68e-04\n"}
,{"stream_name":"stdout","time":2962.781057998,"data":"epoch 117 loss   1.0873 lr 3.61e-04\n"}
,{"stream_name":"stdout","time":2987.362104002,"data":"epoch 118 loss   0.8608 lr 3.53e-04\n"}
,{"stream_name":"stdout","time":3011.725589539,"data":"epoch 119 loss   0.8998 lr 3.45e-04\n"}
,{"stream_name":"stdout","time":3037.662057713,"data":"epoch 120 loss   0.9499 lr 3.38e-04 val EPE 1.808 D1 9.75%\n"}
,{"stream_name":"stdout","time":3062.154660282,"data":"epoch 121 loss   0.7568 lr 3.31e-04\n"}
,{"stream_name":"stdout","time":3086.599404321,"data":"epoch 122 loss   0.8548 lr 3.23e-04\n"}
,{"stream_name":"stdout","time":3111.021631847,"data":"epoch 123 loss   0.7956 lr 3.16e-04\n"}
,{"stream_name":"stdout","time":3135.511974726,"data":"epoch 124 loss   0.8512 lr 3.09e-04\n"}
,{"stream_name":"stdout","time":3161.199525714,"data":"epoch 125 loss   0.9991 lr 3.01e-04 val EPE 1.763 D1 9.92%\n"}
,{"stream_name":"stdout","time":3185.416010745,"data":"epoch 126 loss   1.0003 lr 2.94e-04\n"}
,{"stream_name":"stdout","time":3209.707428905,"data":"epoch 127 loss   0.7696 lr 2.87e-04\n"}
,{"stream_name":"stdout","time":3234.405462871,"data":"epoch 128 loss   0.7254 lr 2.80e-04\n"}
,{"stream_name":"stdout","time":3259.031383412,"data":"epoch 129 loss   0.8141 lr 2.73e-04\n"}
,{"stream_name":"stdout","time":3285.446011768,"data":"epoch 130 loss   0.9185 lr 2.66e-04 val EPE 1.754 D1 9.82%\n"}
,{"stream_name":"stdout","time":3310.473692962,"data":"epoch 131 loss   0.6452 lr 2.59e-04\n"}
,{"stream_name":"stdout","time":3335.021204195,"data":"epoch 132 loss   0.6894 lr 2.52e-04\n"}
,{"stream_name":"stdout","time":3359.498777488,"data":"epoch 133 loss   0.7155 lr 2.45e-04\n"}
,{"stream_name":"stdout","time":3383.910469944,"data":"epoch 134 loss   0.8872 lr 2.39e-04\n"}
,{"stream_name":"stdout","time":3409.885176008,"data":"epoch 135 loss   0.7314 lr 2.32e-04 val EPE 1.765 D1 9.72%\n"}
,{"stream_name":"stdout","time":3434.601371389,"data":"epoch 136 loss   0.7592 lr 2.25e-04\n"}
,{"stream_name":"stdout","time":3459.216860387,"data":"epoch 137 loss   0.7513 lr 2.19e-04\n"}
,{"stream_name":"stdout","time":3483.753211447,"data":"epoch 138 loss   0.8051 lr 2.12e-04\n"}
,{"stream_name":"stdout","time":3507.79078369,"data":"epoch 139 loss   0.8171 lr 2.06e-04\n"}
,{"stream_name":"stdout","time":3533.383113851,"data":"epoch 140 loss   0.7159 lr 2.00e-04 val EPE 1.875 D1 10.36%\n"}
,{"stream_name":"stdout","time":3557.549877266,"data":"epoch 141 loss   0.6987 lr 1.94e-04\n"}
,{"stream_name":"stdout","time":3581.74273203,"data":"epoch 142 loss   0.8311 lr 1.87e-04\n"}
,{"stream_name":"stdout","time":3605.892815269,"data":"epoch 143 loss   0.8018 lr 1.81e-04\n"}
,{"stream_name":"stdout","time":3629.907731908,"data":"epoch 144 loss   0.7800 lr 1.75e-04\n"}
,{"stream_name":"stdout","time":3655.527945707,"data":"epoch 145 loss   0.9182 lr 1.69e-04 val EPE 1.757 D1 9.51%\n"}
,{"stream_name":"stdout","time":3679.786000208,"data":"epoch 146 loss   0.8336 lr 1.63e-04\n"}
,{"stream_name":"stdout","time":3703.977921584,"data":"epoch 147 loss   0.7655 lr 1.58e-04\n"}
,{"stream_name":"stdout","time":3727.9809524,"data":"epoch 148 loss   0.7620 lr 1.52e-04\n"}
,{"stream_name":"stdout","time":3752.201546392,"data":"epoch 149 loss   0.6899 lr 1.46e-04\n"}
,{"stream_name":"stdout","time":3778.172362506,"data":"epoch 150 loss   0.6666 lr 1.41e-04 val EPE 1.632 D1 9.04%\n"}
,{"stream_name":"stdout","time":3803.855038437,"data":"epoch 151 loss   0.7796 lr 1.36e-04\n"}
,{"stream_name":"stdout","time":3829.18620574,"data":"epoch 152 loss   0.7396 lr 1.30e-04\n"}
,{"stream_name":"stdout","time":3853.925393081,"data":"epoch 153 loss   0.7015 lr 1.25e-04\n"}
,{"stream_name":"stdout","time":3878.169564103,"data":"epoch 154 loss   0.7114 lr 1.20e-04\n"}
,{"stream_name":"stdout","time":3903.807952816,"data":"epoch 155 loss   0.8231 lr 1.15e-04 val EPE 1.757 D1 9.55%\n"}
,{"stream_name":"stdout","time":3928.029533961,"data":"epoch 156 loss   0.7364 lr 1.10e-04\n"}
,{"stream_name":"stdout","time":3952.345812307,"data":"epoch 157 loss   0.7847 lr 1.05e-04\n"}
,{"stream_name":"stdout","time":3976.577705875,"data":"epoch 158 loss   0.7372 lr 1.00e-04\n"}
,{"stream_name":"stdout","time":4000.944634117,"data":"epoch 159 loss   0.7261 lr 9.55e-05\n"}
,{"stream_name":"stdout","time":4026.639350682,"data":"epoch 160 loss   0.6543 lr 9.09e-05 val EPE 1.617 D1 8.90%\n"}
,{"stream_name":"stdout","time":4050.800875961,"data":"epoch 161 loss   0.7993 lr 8.65e-05\n"}
,{"stream_name":"stdout","time":4074.908554298,"data":"epoch 162 loss   0.6788 lr 8.21e-05\n"}
,{"stream_name":"stdout","time":4099.35456771,"data":"epoch 163 loss   0.7314 lr 7.78e-05\n"}
,{"stream_name":"stdout","time":4123.47465341,"data":"epoch 164 loss   0.8317 lr 7.37e-05\n"}
,{"stream_name":"stdout","time":4148.951864906,"data":"epoch 165 loss   0.6678 lr 6.96e-05 val EPE 1.696 D1 9.03%\n"}
,{"stream_name":"stdout","time":4172.953222031,"data":"epoch 166 loss   0.7769 lr 6.57e-05\n"}
,{"stream_name":"stdout","time":4197.115909581,"data":"epoch 167 loss   0.8629 lr 6.18e-05\n"}
,{"stream_name":"stdout","time":4221.241382068,"data":"epoch 168 loss   0.7396 lr 5.81e-05\n"}
,{"stream_name":"stdout","time":4245.34669008,"data":"epoch 169 loss   0.6032 lr 5.45e-05\n"}
,{"stream_name":"stdout","time":4271.117824266,"data":"epoch 170 loss   0.7031 lr 5.10e-05 val EPE 1.659 D1 8.75%\n"}
,{"stream_name":"stdout","time":4295.450092669,"data":"epoch 171 loss   0.7256 lr 4.76e-05\n"}
,{"stream_name":"stdout","time":4319.767290623,"data":"epoch 172 loss   0.7128 lr 4.43e-05\n"}
,{"stream_name":"stdout","time":4344.037235295,"data":"epoch 173 loss   0.6713 lr 4.11e-05\n"}
,{"stream_name":"stdout","time":4368.23442768,"data":"epoch 174 loss   0.7116 lr 3.81e-05\n"}
,{"stream_name":"stdout","time":4394.098082982,"data":"epoch 175 loss   0.7304 lr 3.51e-05 val EPE 1.693 D1 9.14%\n"}
,{"stream_name":"stdout","time":4418.400228286,"data":"epoch 176 loss   0.8093 lr 3.23e-05\n"}
,{"stream_name":"stdout","time":4442.841294534,"data":"epoch 177 loss   0.7569 lr 2.96e-05\n"}
,{"stream_name":"stdout","time":4467.055864294,"data":"epoch 178 loss   0.8263 lr 2.70e-05\n"}
,{"stream_name":"stdout","time":4491.151471688,"data":"epoch 179 loss   0.6379 lr 2.45e-05\n"}
,{"stream_name":"stdout","time":4517.181540728,"data":"epoch 180 loss   0.6937 lr 2.21e-05 val EPE 1.688 D1 8.95%\n"}
,{"stream_name":"stdout","time":4541.428001911,"data":"epoch 181 loss   0.7209 lr 1.99e-05\n"}
,{"stream_name":"stdout","time":4565.604913249,"data":"epoch 182 loss   0.5888 lr 1.77e-05\n"}
,{"stream_name":"stdout","time":4589.604857425,"data":"epoch 183 loss   0.6742 lr 1.57e-05\n"}
,{"stream_name":"stdout","time":4613.863873741,"data":"epoch 184 loss   0.6684 lr 1.38e-05\n"}
,{"stream_name":"stdout","time":4639.556853942,"data":"epoch 185 loss   0.6628 lr 1.20e-05 val EPE 1.594 D1 8.38%\n"}
,{"stream_name":"stdout","time":4663.483327273,"data":"epoch 186 loss   0.7125 lr 1.04e-05\n"}
,{"stream_name":"stdout","time":4687.51293939,"data":"epoch 187 loss   0.5739 lr 8.86e-06\n"}
,{"stream_name":"stdout","time":4711.616353933,"data":"epoch 188 loss   0.7008 lr 7.45e-06\n"}
,{"stream_name":"stdout","time":4735.89516378,"data":"epoch 189 loss   0.7954 lr 6.16e-06\n"}
,{"stream_name":"stdout","time":4761.573889207,"data":"epoch 190 loss   0.7158 lr 4.99e-06 val EPE 1.628 D1 8.49%\n"}
,{"stream_name":"stdout","time":4785.79607638,"data":"epoch 191 loss   0.6842 lr 3.94e-06\n"}
,{"stream_name":"stdout","time":4809.805618894,"data":"epoch 192 loss   0.7626 lr 3.02e-06\n"}
,{"stream_name":"stdout","time":4833.870517742,"data":"epoch 193 loss   0.6848 lr 2.22e-06\n"}
,{"stream_name":"stdout","time":4858.25964314,"data":"epoch 194 loss   0.6510 lr 1.54e-06\n"}
,{"stream_name":"stdout","time":4883.775195507,"data":"epoch 195 loss   0.7033 lr 9.87e-07 val EPE 1.635 D1 8.52%\n"}
,{"stream_name":"stdout","time":4907.770504044,"data":"epoch 196 loss   0.7808 lr 5.55e-07\n"}
,{"stream_name":"stdout","time":4932.303714654,"data":"epoch 197 loss   0.6741 lr 2.47e-07\n"}
,{"stream_name":"stdout","time":4956.685215157,"data":"epoch 198 loss   0.7549 lr 6.17e-08\n"}
,{"stream_name":"stdout","time":4982.700849719,"data":"epoch 199 loss   0.7167 lr 0.00e+00 val EPE 1.630 D1 8.49%\n"}
,{"stream_name":"stdout","time":4982.731924308,"data":"P2A seed 1 done: wall 4964.8s best10 EPE 1.5939 @epoch 185\n"}
,{"stream_name":"stdout","time":4985.636878096,"data":"STOP[armp]: wrong_checkpoint_resume {\"init_record\": {\"source\": \"/kaggle/input/datasets/vishnuvardhanksece/stage-e-e4-init/e4_pretrain_best.pth\", \"strict\": true, \"sha256\": \"4c16fbe32724d0c1157aa91b0503f67e7e1576faf597325d62c87510aa6b829f\", \"n_keys\": 70, \"param_count\": 397954}}\n"}
,{"stream_name":"stderr","time":4985.653353406,"data":"E4 STOPPED: {\"arm\": \"armp\", \"status\": \"STOPPED\", \"reason\": \"wrong_checkpoint_resume\", \"detail\": {\"init_record\": {\"source\": \"/kaggle/input/datasets/vishnuvardhanksece/stage-e-e4-init/e4_pretrain_best.pth\", \"strict\": true, \"sha256\": \"4c16fbe32724d0c1157aa91b0503f67e7e1576faf597325d62c87510aa6b829f\", \"n_keys\": 70, \"param_count\": 397954}}, \"utc\": \"2026-09-23T17:28:14Z\"}\n"}
,{"stream_name":"stderr","time":4988.541186613,"data":"/usr/local/lib/python3.12/dist-packages/mistune.py:435: SyntaxWarning: invalid escape sequence '\\|'\n"}
,{"stream_name":"stderr","time":4988.541219909,"data":"  cells[i][c] = re.sub('\\\\\\\\\\|', '|', cell)\n"}
,{"stream_name":"stderr","time":4988.872418175,"data":"/usr/local/lib/python3.12/dist-packages/nbconvert/filters/filter_links.py:36: SyntaxWarning: invalid escape sequence '\\_'\n"}
,{"stream_name":"stderr","time":4988.872452628,"data":"  text = re.sub(r'_', '\\_', text) # Escape underscores in display text\n"}
,{"stream_name":"stderr","time":4989.590934226,"data":"[NbConvertApp] Converting notebook __script__.ipynb to html\n"}
,{"stream_name":"stderr","time":4991.017292997,"data":"[NbConvertApp] Writing 312822 bytes to __results__.html\n"}
]