integrity guard: {"param_count": 397954, "param_count_ok": true, "all_ok": true}
init: {"source": "/kaggle/input/stage-e-e4-init/e4_pretrain_best.pth", "strict": true, "sha256": "4c16fbe32724d0c1157aa91b0503f67e7e1576faf597325d62c87510aa6b829f", "n_keys": 70, "param_count": 397954}
/kaggle/working/repo/stage_e_recipe/run/scripts/finetune_pilot.py:303: UserWarning: Converting a tensor with requires_grad=True to a scalar may lead to unexpected behavior.
Consider using tensor.detach() first. (Triggered internally at /pytorch/torch/csrc/autograd/generated/python_variable_methods.cpp:836.)
  epoch_loss += float(loss)
epoch   0 loss   1.6935 lr 1.00e-03 val EPE 2.606 D1 17.88%
epoch   1 loss   1.5822 lr 1.00e-03
epoch   2 loss   1.4396 lr 9.99e-04
epoch   3 loss   1.6827 lr 9.99e-04
epoch   4 loss   1.3729 lr 9.98e-04
epoch   5 loss   1.3378 lr 9.98e-04 val EPE 2.014 D1 12.79%
epoch   6 loss   1.5182 lr 9.97e-04
epoch   7 loss   1.2438 lr 9.96e-04
epoch   8 loss   1.7037 lr 9.95e-04
epoch   9 loss   1.8490 lr 9.94e-04
epoch  10 loss   1.4008 lr 9.93e-04 val EPE 2.197 D1 13.40%
epoch  11 loss   1.2844 lr 9.91e-04
epoch  12 loss   1.1682 lr 9.90e-04
epoch  13 loss   1.4914 lr 9.88e-04
epoch  14 loss   1.2916 lr 9.86e-04
epoch  15 loss   1.1373 lr 9.84e-04 val EPE 2.518 D1 17.37%
epoch  16 loss   1.0404 lr 9.82e-04
epoch  17 loss   1.1080 lr 9.80e-04
epoch  18 loss   1.2671 lr 9.78e-04
epoch  19 loss   1.2078 lr 9.76e-04
epoch  20 loss   1.0199 lr 9.73e-04 val EPE 1.969 D1 11.73%
epoch  21 loss   1.0777 lr 9.70e-04
epoch  22 loss   1.2760 lr 9.68e-04
epoch  23 loss   1.2216 lr 9.65e-04
epoch  24 loss   1.0853 lr 9.62e-04
epoch  25 loss   1.1781 lr 9.59e-04 val EPE 2.054 D1 12.40%
epoch  26 loss   1.0785 lr 9.56e-04
epoch  27 loss   1.1195 lr 9.52e-04
epoch  28 loss   1.0181 lr 9.49e-04
epoch  29 loss   0.9346 lr 9.46e-04
epoch  30 loss   1.3201 lr 9.42e-04 val EPE 2.029 D1 12.32%
epoch  31 loss   1.1595 lr 9.38e-04
epoch  32 loss   1.4739 lr 9.34e-04
epoch  33 loss   1.2012 lr 9.30e-04
epoch  34 loss   1.4117 lr 9.26e-04
epoch  35 loss   1.0725 lr 9.22e-04 val EPE 1.884 D1 11.83%
epoch  36 loss   1.1032 lr 9.18e-04
epoch  37 loss   1.0760 lr 9.14e-04
epoch  38 loss   0.9822 lr 9.09e-04
epoch  39 loss   0.9994 lr 9.05e-04
epoch  40 loss   1.0735 lr 9.00e-04 val EPE 2.012 D1 11.47%
epoch  41 loss   1.1822 lr 8.95e-04
epoch  42 loss   1.2235 lr 8.90e-04
epoch  43 loss   1.1550 lr 8.85e-04
epoch  44 loss   0.9458 lr 8.80e-04
epoch  45 loss   0.9470 lr 8.75e-04 val EPE 1.977 D1 12.09%
epoch  46 loss   0.9995 lr 8.70e-04
epoch  47 loss   1.1019 lr 8.64e-04
epoch  48 loss   1.1169 lr 8.59e-04
epoch  49 loss   1.0823 lr 8.54e-04
epoch  50 loss   1.0275 lr 8.48e-04 val EPE 2.108 D1 12.16%
epoch  51 loss   1.1001 lr 8.42e-04
epoch  52 loss   0.8970 lr 8.37e-04
epoch  53 loss   1.0776 lr 8.31e-04
epoch  54 loss   1.0474 lr 8.25e-04
epoch  55 loss   1.0283 lr 8.19e-04 val EPE 2.216 D1 12.79%
epoch  56 loss   1.1258 lr 8.13e-04
epoch  57 loss   1.0240 lr 8.06e-04
epoch  58 loss   0.9219 lr 8.00e-04
epoch  59 loss   0.9592 lr 7.94e-04
epoch  60 loss   0.9702 lr 7.88e-04 val EPE 1.981 D1 11.85%
epoch  61 loss   0.9859 lr 7.81e-04
epoch  62 loss   1.2654 lr 7.75e-04
epoch  63 loss   1.0682 lr 7.68e-04
epoch  64 loss   1.1539 lr 7.61e-04
epoch  65 loss   1.2236 lr 7.55e-04 val EPE 2.004 D1 11.68%
epoch  66 loss   1.0101 lr 7.48e-04
epoch  67 loss   1.2819 lr 7.41e-04
epoch  68 loss   1.2990 lr 7.34e-04
epoch  69 loss   1.1780 lr 7.27e-04
epoch  70 loss   0.8751 lr 7.20e-04 val EPE 1.950 D1 11.82%
epoch  71 loss   0.9546 lr 7.13e-04
epoch  72 loss   0.9425 lr 7.06e-04
epoch  73 loss   0.8527 lr 6.99e-04
epoch  74 loss   1.0584 lr 6.91e-04
epoch  75 loss   0.9358 lr 6.84e-04 val EPE 2.463 D1 16.04%
epoch  76 loss   1.0361 lr 6.77e-04
epoch  77 loss   0.8237 lr 6.69e-04
epoch  78 loss   0.8674 lr 6.62e-04
epoch  79 loss   0.8546 lr 6.55e-04
epoch  80 loss   0.9094 lr 6.47e-04 val EPE 1.980 D1 11.66%
epoch  81 loss   0.9016 lr 6.39e-04
epoch  82 loss   1.0822 lr 6.32e-04
epoch  83 loss   0.9515 lr 6.24e-04
epoch  84 loss   1.1303 lr 6.17e-04
epoch  85 loss   1.0477 lr 6.09e-04 val EPE 1.940 D1 10.81%
epoch  86 loss   0.9658 lr 6.01e-04
epoch  87 loss   0.9914 lr 5.94e-04
epoch  88 loss   0.9355 lr 5.86e-04
epoch  89 loss   1.0189 lr 5.78e-04
epoch  90 loss   0.8325 lr 5.70e-04 val EPE 1.875 D1 10.92%
epoch  91 loss   0.9902 lr 5.63e-04
epoch  92 loss   0.8212 lr 5.55e-04
epoch  93 loss   0.9179 lr 5.47e-04
epoch  94 loss   0.8478 lr 5.39e-04
epoch  95 loss   0.8490 lr 5.31e-04 val EPE 1.821 D1 10.78%
epoch  96 loss   0.8191 lr 5.24e-04
epoch  97 loss   0.9309 lr 5.16e-04
epoch  98 loss   0.8526 lr 5.08e-04
epoch  99 loss   1.0318 lr 5.00e-04
epoch 100 loss   0.9561 lr 4.92e-04 val EPE 1.936 D1 11.34%
epoch 101 loss   0.9946 lr 4.84e-04
epoch 102 loss   1.0427 lr 4.76e-04
epoch 103 loss   0.9483 lr 4.69e-04
epoch 104 loss   0.9004 lr 4.61e-04
epoch 105 loss   0.8823 lr 4.53e-04 val EPE 1.969 D1 10.41%
epoch 106 loss   0.7509 lr 4.45e-04
epoch 107 loss   0.8261 lr 4.37e-04
epoch 108 loss   0.8804 lr 4.30e-04
epoch 109 loss   0.8361 lr 4.22e-04
epoch 110 loss   0.8371 lr 4.14e-04 val EPE 1.655 D1 8.92%
epoch 111 loss   0.8763 lr 4.06e-04
epoch 112 loss   0.8258 lr 3.99e-04
epoch 113 loss   0.8032 lr 3.91e-04
epoch 114 loss   0.8494 lr 3.83e-04
epoch 115 loss   0.8875 lr 3.76e-04 val EPE 2.017 D1 10.95%
epoch 116 loss   0.8713 lr 3.68e-04
epoch 117 loss   0.7376 lr 3.61e-04
epoch 118 loss   1.0152 lr 3.53e-04
epoch 119 loss   0.8111 lr 3.45e-04
epoch 120 loss   0.8207 lr 3.38e-04 val EPE 1.780 D1 10.59%
epoch 121 loss   0.7210 lr 3.31e-04
epoch 122 loss   0.8004 lr 3.23e-04
epoch 123 loss   0.7812 lr 3.16e-04
epoch 124 loss   0.8056 lr 3.09e-04
epoch 125 loss   0.8788 lr 3.01e-04 val EPE 1.674 D1 8.82%
epoch 126 loss   0.7495 lr 2.94e-04
epoch 127 loss   0.7473 lr 2.87e-04
epoch 128 loss   0.7074 lr 2.80e-04
epoch 129 loss   0.8618 lr 2.73e-04
epoch 130 loss   0.7500 lr 2.66e-04 val EPE 1.758 D1 9.54%
epoch 131 loss   0.8642 lr 2.59e-04
epoch 132 loss   0.7224 lr 2.52e-04
epoch 133 loss   0.7158 lr 2.45e-04
epoch 134 loss   0.7211 lr 2.39e-04
epoch 135 loss   0.7061 lr 2.32e-04 val EPE 1.675 D1 9.13%
epoch 136 loss   0.8823 lr 2.25e-04
epoch 137 loss   0.6532 lr 2.19e-04
epoch 138 loss   0.7934 lr 2.12e-04
epoch 139 loss   0.7243 lr 2.06e-04
epoch 140 loss   0.8072 lr 2.00e-04 val EPE 1.642 D1 8.79%
epoch 141 loss   0.7703 lr 1.94e-04
epoch 142 loss   0.6841 lr 1.87e-04
epoch 143 loss   0.7768 lr 1.81e-04
epoch 144 loss   0.7498 lr 1.75e-04
epoch 145 loss   0.7763 lr 1.69e-04 val EPE 1.599 D1 8.48%
epoch 146 loss   0.7479 lr 1.63e-04
epoch 147 loss   0.7613 lr 1.58e-04
epoch 148 loss   0.7104 lr 1.52e-04
epoch 149 loss   0.7780 lr 1.46e-04
epoch 150 loss   0.6933 lr 1.41e-04 val EPE 1.662 D1 8.40%
epoch 151 loss   0.7927 lr 1.36e-04
epoch 152 loss   0.6589 lr 1.30e-04
epoch 153 loss   0.8217 lr 1.25e-04
epoch 154 loss   0.8737 lr 1.20e-04
epoch 155 loss   0.7131 lr 1.15e-04 val EPE 1.719 D1 9.14%
epoch 156 loss   0.8305 lr 1.10e-04
epoch 157 loss   0.6568 lr 1.05e-04
epoch 158 loss   0.6515 lr 1.00e-04
epoch 159 loss   0.7522 lr 9.55e-05
epoch 160 loss   0.7715 lr 9.09e-05 val EPE 1.599 D1 8.38%
epoch 161 loss   0.6411 lr 8.65e-05
epoch 162 loss   0.7023 lr 8.21e-05
epoch 163 loss   0.8456 lr 7.78e-05
epoch 164 loss   0.6426 lr 7.37e-05
epoch 165 loss   0.6640 lr 6.96e-05 val EPE 1.607 D1 8.63%
epoch 166 loss   0.7369 lr 6.57e-05
epoch 167 loss   0.6031 lr 6.18e-05
epoch 168 loss   0.6219 lr 5.81e-05
epoch 169 loss   0.7580 lr 5.45e-05
epoch 170 loss   0.6696 lr 5.10e-05 val EPE 1.635 D1 9.06%
epoch 171 loss   0.8129 lr 4.76e-05
epoch 172 loss   0.7577 lr 4.43e-05
epoch 173 loss   0.6911 lr 4.11e-05
epoch 174 loss   0.7858 lr 3.81e-05
epoch 175 loss   0.6424 lr 3.51e-05 val EPE 1.630 D1 8.61%
epoch 176 loss   0.7180 lr 3.23e-05
epoch 177 loss   0.7940 lr 2.96e-05
epoch 178 loss   0.6884 lr 2.70e-05
epoch 179 loss   0.6670 lr 2.45e-05
epoch 180 loss   0.6762 lr 2.21e-05 val EPE 1.617 D1 8.63%
epoch 181 loss   0.8552 lr 1.99e-05
epoch 182 loss   0.7173 lr 1.77e-05
epoch 183 loss   0.7103 lr 1.57e-05
epoch 184 loss   0.7353 lr 1.38e-05
epoch 185 loss   0.6754 lr 1.20e-05 val EPE 1.667 D1 8.67%
epoch 186 loss   0.7087 lr 1.04e-05
epoch 187 loss   0.6165 lr 8.86e-06
epoch 188 loss   0.6597 lr 7.45e-06
epoch 189 loss   0.6790 lr 6.16e-06
epoch 190 loss   0.6660 lr 4.99e-06 val EPE 1.640 D1 8.67%
epoch 191 loss   0.6645 lr 3.94e-06
epoch 192 loss   0.7792 lr 3.02e-06
epoch 193 loss   0.7059 lr 2.22e-06
epoch 194 loss   0.6757 lr 1.54e-06
epoch 195 loss   0.5944 lr 9.87e-07 val EPE 1.626 D1 8.51%
epoch 196 loss   0.7000 lr 5.55e-07
epoch 197 loss   0.7638 lr 2.47e-07
epoch 198 loss   0.6740 lr 6.17e-08
epoch 199 loss   0.6584 lr 0.00e+00 val EPE 1.617 D1 8.44%
P2A seed 2 done: wall 4814.7s best10 EPE 1.5989 @epoch 145
