[{"stream_name":"stdout","time":9.640779636,"data":"{\"python\": \"3.12.13\", \"torch\": \"2.10.0+cu128\", \"cuda\": \"12.8\", \"cudnn\": 91002, \"gpu\": \"Tesla T4\", \"device_count\": 2}\n"}
,{"stream_name":"stdout","time":9.640844007,"data":"+ /usr/bin/python3 /kaggle/working/repo/stage_e_recipe/run/scripts/run_arm.py --arm armp --init /kaggle/input/stage-e-e4-init/e4_pretrain_best.pth --outdir /kaggle/working/repo/stage_e_recipe/run/armp --seed 2 --epochs 200 --timeout_s 18000.0\n"}
,{"stream_name":"stdout","time":9.736412909,"data":"RUN arm=armp init=/kaggle/input/stage-e-e4-init/e4_pretrain_best.pth pid=20 cmd=['/usr/bin/python3', '/kaggle/working/repo/stage_e_recipe/run/scripts/finetune_pilot.py', '--init', '/kaggle/input/stage-e-e4-init/e4_pretrain_best.pth', '--arm', 'armp']\n"}
,{"stream_name":"stdout","time":12.24513677,"data":"integrity guard: {\"param_count\": 397954, \"param_count_ok\": true, \"all_ok\": true}\n"}
,{"stream_name":"stdout","time":12.262631127,"data":"init: {\"source\": \"/kaggle/input/stage-e-e4-init/e4_pretrain_best.pth\", \"strict\": true, \"sha256\": \"4c16fbe32724d0c1157aa91b0503f67e7e1576faf597325d62c87510aa6b829f\", \"n_keys\": 70, \"param_count\": 397954}\n"}
,{"stream_name":"stdout","time":19.802584384,"data":"/kaggle/working/repo/stage_e_recipe/run/scripts/finetune_pilot.py:303: UserWarning: Converting a tensor with requires_grad=True to a scalar may lead to unexpected behavior.\n"}
,{"stream_name":"stdout","time":19.802637732,"data":"Consider using tensor.detach() first. (Triggered internally at /pytorch/torch/csrc/autograd/generated/python_variable_methods.cpp:836.)\n"}
,{"stream_name":"stdout","time":19.802642362,"data":"  epoch_loss += float(loss)\n"}
,{"stream_name":"stdout","time":51.44151531,"data":"epoch   0 loss   1.6935 lr 1.00e-03 val EPE 2.606 D1 17.88%\n"}
,{"stream_name":"stdout","time":73.205250322,"data":"epoch   1 loss   1.5822 lr 1.00e-03\n"}
,{"stream_name":"stdout","time":95.607014865,"data":"epoch   2 loss   1.4396 lr 9.99e-04\n"}
,{"stream_name":"stdout","time":117.506809452,"data":"epoch   3 loss   1.6827 lr 9.99e-04\n"}
,{"stream_name":"stdout","time":139.284298164,"data":"epoch   4 loss   1.3729 lr 9.98e-04\n"}
,{"stream_name":"stdout","time":162.44888959,"data":"epoch   5 loss   1.3378 lr 9.98e-04 val EPE 2.014 D1 12.79%\n"}
,{"stream_name":"stdout","time":184.472510441,"data":"epoch   6 loss   1.5182 lr 9.97e-04\n"}
,{"stream_name":"stdout","time":206.580071311,"data":"epoch   7 loss   1.2438 lr 9.96e-04\n"}
,{"stream_name":"stdout","time":228.879500472,"data":"epoch   8 loss   1.7037 lr 9.95e-04\n"}
,{"stream_name":"stdout","time":251.444419807,"data":"epoch   9 loss   1.8490 lr 9.94e-04\n"}
,{"stream_name":"stdout","time":275.005252915,"data":"epoch  10 loss   1.4008 lr 9.93e-04 val EPE 2.197 D1 13.40%\n"}
,{"stream_name":"stdout","time":297.189445007,"data":"epoch  11 loss   1.2844 lr 9.91e-04\n"}
,{"stream_name":"stdout","time":319.621025218,"data":"epoch  12 loss   1.1682 lr 9.90e-04\n"}
,{"stream_name":"stdout","time":342.78211381,"data":"epoch  13 loss   1.4914 lr 9.88e-04\n"}
,{"stream_name":"stdout","time":367.066109196,"data":"epoch  14 loss   1.2916 lr 9.86e-04\n"}
,{"stream_name":"stdout","time":392.538002269,"data":"epoch  15 loss   1.1373 lr 9.84e-04 val EPE 2.518 D1 17.37%\n"}
,{"stream_name":"stdout","time":416.187170075,"data":"epoch  16 loss   1.0404 lr 9.82e-04\n"}
,{"stream_name":"stdout","time":439.980686435,"data":"epoch  17 loss   1.1080 lr 9.80e-04\n"}
,{"stream_name":"stdout","time":463.763056953,"data":"epoch  18 loss   1.2671 lr 9.78e-04\n"}
,{"stream_name":"stdout","time":487.436786345,"data":"epoch  19 loss   1.2078 lr 9.76e-04\n"}
,{"stream_name":"stdout","time":512.525012236,"data":"epoch  20 loss   1.0199 lr 9.73e-04 val EPE 1.969 D1 11.73%\n"}
,{"stream_name":"stdout","time":536.267669022,"data":"epoch  21 loss   1.0777 lr 9.70e-04\n"}
,{"stream_name":"stdout","time":559.918265369,"data":"epoch  22 loss   1.2760 lr 9.68e-04\n"}
,{"stream_name":"stdout","time":583.523602399,"data":"epoch  23 loss   1.2216 lr 9.65e-04\n"}
,{"stream_name":"stdout","time":607.330551849,"data":"epoch  24 loss   1.0853 lr 9.62e-04\n"}
,{"stream_name":"stdout","time":632.42127932,"data":"epoch  25 loss   1.1781 lr 9.59e-04 val EPE 2.054 D1 12.40%\n"}
,{"stream_name":"stdout","time":656.275290749,"data":"epoch  26 loss   1.0785 lr 9.56e-04\n"}
,{"stream_name":"stdout","time":680.092084951,"data":"epoch  27 loss   1.1195 lr 9.52e-04\n"}
,{"stream_name":"stdout","time":703.865042329,"data":"epoch  28 loss   1.0181 lr 9.49e-04\n"}
,{"stream_name":"stdout","time":727.747679342,"data":"epoch  29 loss   0.9346 lr 9.46e-04\n"}
,{"stream_name":"stdout","time":752.872372538,"data":"epoch  30 loss   1.3201 lr 9.42e-04 val EPE 2.029 D1 12.32%\n"}
,{"stream_name":"stdout","time":776.630666406,"data":"epoch  31 loss   1.1595 lr 9.38e-04\n"}
,{"stream_name":"stdout","time":800.411339833,"data":"epoch  32 loss   1.4739 lr 9.34e-04\n"}
,{"stream_name":"stdout","time":824.121468994,"data":"epoch  33 loss   1.2012 lr 9.30e-04\n"}
,{"stream_name":"stdout","time":847.816913123,"data":"epoch  34 loss   1.4117 lr 9.26e-04\n"}
,{"stream_name":"stdout","time":872.922718273,"data":"epoch  35 loss   1.0725 lr 9.22e-04 val EPE 1.884 D1 11.83%\n"}
,{"stream_name":"stdout","time":896.658509246,"data":"epoch  36 loss   1.1032 lr 9.18e-04\n"}
,{"stream_name":"stdout","time":920.331485323,"data":"epoch  37 loss   1.0760 lr 9.14e-04\n"}
,{"stream_name":"stdout","time":944.020768784,"data":"epoch  38 loss   0.9822 lr 9.09e-04\n"}
,{"stream_name":"stdout","time":967.767384352,"data":"epoch  39 loss   0.9994 lr 9.05e-04\n"}
,{"stream_name":"stdout","time":993.025089396,"data":"epoch  40 loss   1.0735 lr 9.00e-04 val EPE 2.012 D1 11.47%\n"}
,{"stream_name":"stdout","time":1016.755623885,"data":"epoch  41 loss   1.1822 lr 8.95e-04\n"}
,{"stream_name":"stdout","time":1040.446860741,"data":"epoch  42 loss   1.2235 lr 8.90e-04\n"}
,{"stream_name":"stdout","time":1064.108179327,"data":"epoch  43 loss   1.1550 lr 8.85e-04\n"}
,{"stream_name":"stdout","time":1087.834039535,"data":"epoch  44 loss   0.9458 lr 8.80e-04\n"}
,{"stream_name":"stdout","time":1112.857283919,"data":"epoch  45 loss   0.9470 lr 8.75e-04 val EPE 1.977 D1 12.09%\n"}
,{"stream_name":"stdout","time":1136.581448336,"data":"epoch  46 loss   0.9995 lr 8.70e-04\n"}
,{"stream_name":"stdout","time":1160.431066171,"data":"epoch  47 loss   1.1019 lr 8.64e-04\n"}
,{"stream_name":"stdout","time":1184.152829709,"data":"epoch  48 loss   1.1169 lr 8.59e-04\n"}
,{"stream_name":"stdout","time":1207.877038625,"data":"epoch  49 loss   1.0823 lr 8.54e-04\n"}
,{"stream_name":"stdout","time":1232.966128854,"data":"epoch  50 loss   1.0275 lr 8.48e-04 val EPE 2.108 D1 12.16%\n"}
,{"stream_name":"stdout","time":1256.64591817,"data":"epoch  51 loss   1.1001 lr 8.42e-04\n"}
,{"stream_name":"stdout","time":1280.265511931,"data":"epoch  52 loss   0.8970 lr 8.37e-04\n"}
,{"stream_name":"stdout","time":1303.948001218,"data":"epoch  53 loss   1.0776 lr 8.31e-04\n"}
,{"stream_name":"stdout","time":1327.63348688,"data":"epoch  54 loss   1.0474 lr 8.25e-04\n"}
,{"stream_name":"stdout","time":1352.728365888,"data":"epoch  55 loss   1.0283 lr 8.19e-04 val EPE 2.216 D1 12.79%\n"}
,{"stream_name":"stdout","time":1376.423595822,"data":"epoch  56 loss   1.1258 lr 8.13e-04\n"}
,{"stream_name":"stdout","time":1400.081516118,"data":"epoch  57 loss   1.0240 lr 8.06e-04\n"}
,{"stream_name":"stdout","time":1423.673040599,"data":"epoch  58 loss   0.9219 lr 8.00e-04\n"}
,{"stream_name":"stdout","time":1447.283632728,"data":"epoch  59 loss   0.9592 lr 7.94e-04\n"}
,{"stream_name":"stdout","time":1472.237261214,"data":"epoch  60 loss   0.9702 lr 7.88e-04 val EPE 1.981 D1 11.85%\n"}
,{"stream_name":"stdout","time":1495.971927327,"data":"epoch  61 loss   0.9859 lr 7.81e-04\n"}
,{"stream_name":"stdout","time":1519.728537851,"data":"epoch  62 loss   1.2654 lr 7.75e-04\n"}
,{"stream_name":"stdout","time":1543.428141867,"data":"epoch  63 loss   1.0682 lr 7.68e-04\n"}
,{"stream_name":"stdout","time":1567.214508896,"data":"epoch  64 loss   1.1539 lr 7.61e-04\n"}
,{"stream_name":"stdout","time":1592.575741455,"data":"epoch  65 loss   1.2236 lr 7.55e-04 val EPE 2.004 D1 11.68%\n"}
,{"stream_name":"stdout","time":1616.610509838,"data":"epoch  66 loss   1.0101 lr 7.48e-04\n"}
,{"stream_name":"stdout","time":1640.66634872,"data":"epoch  67 loss   1.2819 lr 7.41e-04\n"}
,{"stream_name":"stdout","time":1664.989011076,"data":"epoch  68 loss   1.2990 lr 7.34e-04\n"}
,{"stream_name":"stdout","time":1688.897147292,"data":"epoch  69 loss   1.1780 lr 7.27e-04\n"}
,{"stream_name":"stdout","time":1714.133768813,"data":"epoch  70 loss   0.8751 lr 7.20e-04 val EPE 1.950 D1 11.82%\n"}
,{"stream_name":"stdout","time":1737.897974515,"data":"epoch  71 loss   0.9546 lr 7.13e-04\n"}
,{"stream_name":"stdout","time":1761.566633998,"data":"epoch  72 loss   0.9425 lr 7.06e-04\n"}
,{"stream_name":"stdout","time":1785.268126457,"data":"epoch  73 loss   0.8527 lr 6.99e-04\n"}
,{"stream_name":"stdout","time":1809.034244534,"data":"epoch  74 loss   1.0584 lr 6.91e-04\n"}
,{"stream_name":"stdout","time":1834.043200556,"data":"epoch  75 loss   0.9358 lr 6.84e-04 val EPE 2.463 D1 16.04%\n"}
,{"stream_name":"stdout","time":1857.746448827,"data":"epoch  76 loss   1.0361 lr 6.77e-04\n"}
,{"stream_name":"stdout","time":1881.621823632,"data":"epoch  77 loss   0.8237 lr 6.69e-04\n"}
,{"stream_name":"stdout","time":1905.395960477,"data":"epoch  78 loss   0.8674 lr 6.62e-04\n"}
,{"stream_name":"stdout","time":1929.25254703,"data":"epoch  79 loss   0.8546 lr 6.55e-04\n"}
,{"stream_name":"stdout","time":1954.491428266,"data":"epoch  80 loss   0.9094 lr 6.47e-04 val EPE 1.980 D1 11.66%\n"}
,{"stream_name":"stdout","time":1978.273420842,"data":"epoch  81 loss   0.9016 lr 6.39e-04\n"}
,{"stream_name":"stdout","time":2001.955189085,"data":"epoch  82 loss   1.0822 lr 6.32e-04\n"}
,{"stream_name":"stdout","time":2025.677810083,"data":"epoch  83 loss   0.9515 lr 6.24e-04\n"}
,{"stream_name":"stdout","time":2049.488823759,"data":"epoch  84 loss   1.1303 lr 6.17e-04\n"}
,{"stream_name":"stdout","time":2074.737434663,"data":"epoch  85 loss   1.0477 lr 6.09e-04 val EPE 1.940 D1 10.81%\n"}
,{"stream_name":"stdout","time":2098.69103373,"data":"epoch  86 loss   0.9658 lr 6.01e-04\n"}
,{"stream_name":"stdout","time":2122.571960813,"data":"epoch  87 loss   0.9914 lr 5.94e-04\n"}
,{"stream_name":"stdout","time":2146.483245231,"data":"epoch  88 loss   0.9355 lr 5.86e-04\n"}
,{"stream_name":"stdout","time":2170.40153009,"data":"epoch  89 loss   1.0189 lr 5.78e-04\n"}
,{"stream_name":"stdout","time":2195.778215082,"data":"epoch  90 loss   0.8325 lr 5.70e-04 val EPE 1.875 D1 10.92%\n"}
,{"stream_name":"stdout","time":2219.699251995,"data":"epoch  91 loss   0.9902 lr 5.63e-04\n"}
,{"stream_name":"stdout","time":2243.574877779,"data":"epoch  92 loss   0.8212 lr 5.55e-04\n"}
,{"stream_name":"stdout","time":2267.594076155,"data":"epoch  93 loss   0.9179 lr 5.47e-04\n"}
,{"stream_name":"stdout","time":2291.489667953,"data":"epoch  94 loss   0.8478 lr 5.39e-04\n"}
,{"stream_name":"stdout","time":2316.567495798,"data":"epoch  95 loss   0.8490 lr 5.31e-04 val EPE 1.821 D1 10.78%\n"}
,{"stream_name":"stdout","time":2340.299036444,"data":"epoch  96 loss   0.8191 lr 5.24e-04\n"}
,{"stream_name":"stdout","time":2364.068321762,"data":"epoch  97 loss   0.9309 lr 5.16e-04\n"}
,{"stream_name":"stdout","time":2387.747983878,"data":"epoch  98 loss   0.8526 lr 5.08e-04\n"}
,{"stream_name":"stdout","time":2411.550342893,"data":"epoch  99 loss   1.0318 lr 5.00e-04\n"}
,{"stream_name":"stdout","time":2436.605320309,"data":"epoch 100 loss   0.9561 lr 4.92e-04 val EPE 1.936 D1 11.34%\n"}
,{"stream_name":"stdout","time":2460.324490134,"data":"epoch 101 loss   0.9946 lr 4.84e-04\n"}
,{"stream_name":"stdout","time":2483.996408804,"data":"epoch 102 loss   1.0427 lr 4.76e-04\n"}
,{"stream_name":"stdout","time":2507.642059135,"data":"epoch 103 loss   0.9483 lr 4.69e-04\n"}
,{"stream_name":"stdout","time":2531.277866232,"data":"epoch 104 loss   0.9004 lr 4.61e-04\n"}
,{"stream_name":"stdout","time":2556.361876253,"data":"epoch 105 loss   0.8823 lr 4.53e-04 val EPE 1.969 D1 10.41%\n"}
,{"stream_name":"stdout","time":2580.026900522,"data":"epoch 106 loss   0.7509 lr 4.45e-04\n"}
,{"stream_name":"stdout","time":2603.777505314,"data":"epoch 107 loss   0.8261 lr 4.37e-04\n"}
,{"stream_name":"stdout","time":2627.528708875,"data":"epoch 108 loss   0.8804 lr 4.30e-04\n"}
,{"stream_name":"stdout","time":2651.253326929,"data":"epoch 109 loss   0.8361 lr 4.22e-04\n"}
,{"stream_name":"stdout","time":2676.223237664,"data":"epoch 110 loss   0.8371 lr 4.14e-04 val EPE 1.655 D1 8.92%\n"}
,{"stream_name":"stdout","time":2699.942538076,"data":"epoch 111 loss   0.8763 lr 4.06e-04\n"}
,{"stream_name":"stdout","time":2723.58011142,"data":"epoch 112 loss   0.8258 lr 3.99e-04\n"}
,{"stream_name":"stdout","time":2747.258630721,"data":"epoch 113 loss   0.8032 lr 3.91e-04\n"}
,{"stream_name":"stdout","time":2770.867147426,"data":"epoch 114 loss   0.8494 lr 3.83e-04\n"}
,{"stream_name":"stdout","time":2795.940287964,"data":"epoch 115 loss   0.8875 lr 3.76e-04 val EPE 2.017 D1 10.95%\n"}
,{"stream_name":"stdout","time":2819.58135654,"data":"epoch 116 loss   0.8713 lr 3.68e-04\n"}
,{"stream_name":"stdout","time":2843.396866337,"data":"epoch 117 loss   0.7376 lr 3.61e-04\n"}
,{"stream_name":"stdout","time":2867.109311465,"data":"epoch 118 loss   1.0152 lr 3.53e-04\n"}
,{"stream_name":"stdout","time":2890.79339208,"data":"epoch 119 loss   0.8111 lr 3.45e-04\n"}
,{"stream_name":"stdout","time":2915.820523074,"data":"epoch 120 loss   0.8207 lr 3.38e-04 val EPE 1.780 D1 10.59%\n"}
,{"stream_name":"stdout","time":2939.408450685,"data":"epoch 121 loss   0.7210 lr 3.31e-04\n"}
,{"stream_name":"stdout","time":2963.053064524,"data":"epoch 122 loss   0.8004 lr 3.23e-04\n"}
,{"stream_name":"stdout","time":2986.721396773,"data":"epoch 123 loss   0.7812 lr 3.16e-04\n"}
,{"stream_name":"stdout","time":3010.410510991,"data":"epoch 124 loss   0.8056 lr 3.09e-04\n"}
,{"stream_name":"stdout","time":3035.441611372,"data":"epoch 125 loss   0.8788 lr 3.01e-04 val EPE 1.674 D1 8.82%\n"}
,{"stream_name":"stdout","time":3059.128090043,"data":"epoch 126 loss   0.7495 lr 2.94e-04\n"}
,{"stream_name":"stdout","time":3083.010085098,"data":"epoch 127 loss   0.7473 lr 2.87e-04\n"}
,{"stream_name":"stdout","time":3106.824726362,"data":"epoch 128 loss   0.7074 lr 2.80e-04\n"}
,{"stream_name":"stdout","time":3130.674977692,"data":"epoch 129 loss   0.8618 lr 2.73e-04\n"}
,{"stream_name":"stdout","time":3158.646763465,"data":"epoch 130 loss   0.7500 lr 2.66e-04 val EPE 1.758 D1 9.54%\n"}
,{"stream_name":"stdout","time":3185.677101017,"data":"epoch 131 loss   0.8642 lr 2.59e-04\n"}
,{"stream_name":"stdout","time":3211.849604034,"data":"epoch 132 loss   0.7224 lr 2.52e-04\n"}
,{"stream_name":"stdout","time":3237.040644543,"data":"epoch 133 loss   0.7158 lr 2.45e-04\n"}
,{"stream_name":"stdout","time":3263.7310157,"data":"epoch 134 loss   0.7211 lr 2.39e-04\n"}
,{"stream_name":"stdout","time":3289.358200073,"data":"epoch 135 loss   0.7061 lr 2.32e-04 val EPE 1.675 D1 9.13%\n"}
,{"stream_name":"stdout","time":3313.190916281,"data":"epoch 136 loss   0.8823 lr 2.25e-04\n"}
,{"stream_name":"stdout","time":3337.162611887,"data":"epoch 137 loss   0.6532 lr 2.19e-04\n"}
,{"stream_name":"stdout","time":3360.997775628,"data":"epoch 138 loss   0.7934 lr 2.12e-04\n"}
,{"stream_name":"stdout","time":3384.954831901,"data":"epoch 139 loss   0.7243 lr 2.06e-04\n"}
,{"stream_name":"stdout","time":3410.264929687,"data":"epoch 140 loss   0.8072 lr 2.00e-04 val EPE 1.642 D1 8.79%\n"}
,{"stream_name":"stdout","time":3434.421921364,"data":"epoch 141 loss   0.7703 lr 1.94e-04\n"}
,{"stream_name":"stdout","time":3458.308295673,"data":"epoch 142 loss   0.6841 lr 1.87e-04\n"}
,{"stream_name":"stdout","time":3482.320901156,"data":"epoch 143 loss   0.7768 lr 1.81e-04\n"}
,{"stream_name":"stdout","time":3506.167879595,"data":"epoch 144 loss   0.7498 lr 1.75e-04\n"}
,{"stream_name":"stdout","time":3531.457495519,"data":"epoch 145 loss   0.7763 lr 1.69e-04 val EPE 1.599 D1 8.48%\n"}
,{"stream_name":"stdout","time":3555.26126734,"data":"epoch 146 loss   0.7479 lr 1.63e-04\n"}
,{"stream_name":"stdout","time":3579.128989094,"data":"epoch 147 loss   0.7613 lr 1.58e-04\n"}
,{"stream_name":"stdout","time":3603.011415495,"data":"epoch 148 loss   0.7104 lr 1.52e-04\n"}
,{"stream_name":"stdout","time":3626.978973096,"data":"epoch 149 loss   0.7780 lr 1.46e-04\n"}
,{"stream_name":"stdout","time":3652.453877483,"data":"epoch 150 loss   0.6933 lr 1.41e-04 val EPE 1.662 D1 8.40%\n"}
,{"stream_name":"stdout","time":3676.210924332,"data":"epoch 151 loss   0.7927 lr 1.36e-04\n"}
,{"stream_name":"stdout","time":3699.995239142,"data":"epoch 152 loss   0.6589 lr 1.30e-04\n"}
,{"stream_name":"stdout","time":3723.792516196,"data":"epoch 153 loss   0.8217 lr 1.25e-04\n"}
,{"stream_name":"stdout","time":3747.510113909,"data":"epoch 154 loss   0.8737 lr 1.20e-04\n"}
,{"stream_name":"stdout","time":3772.562052856,"data":"epoch 155 loss   0.7131 lr 1.15e-04 val EPE 1.719 D1 9.14%\n"}
,{"stream_name":"stdout","time":3796.302649846,"data":"epoch 156 loss   0.8305 lr 1.10e-04\n"}
,{"stream_name":"stdout","time":3820.092928241,"data":"epoch 157 loss   0.6568 lr 1.05e-04\n"}
,{"stream_name":"stdout","time":3843.838971048,"data":"epoch 158 loss   0.6515 lr 1.00e-04\n"}
,{"stream_name":"stdout","time":3867.58648665,"data":"epoch 159 loss   0.7522 lr 9.55e-05\n"}
,{"stream_name":"stdout","time":3892.630052213,"data":"epoch 160 loss   0.7715 lr 9.09e-05 val EPE 1.599 D1 8.38%\n"}
,{"stream_name":"stdout","time":3916.293003227,"data":"epoch 161 loss   0.6411 lr 8.65e-05\n"}
,{"stream_name":"stdout","time":3939.982447388,"data":"epoch 162 loss   0.7023 lr 8.21e-05\n"}
,{"stream_name":"stdout","time":3963.760801231,"data":"epoch 163 loss   0.8456 lr 7.78e-05\n"}
,{"stream_name":"stdout","time":3987.801567208,"data":"epoch 164 loss   0.6426 lr 7.37e-05\n"}
,{"stream_name":"stdout","time":4013.004587776,"data":"epoch 165 loss   0.6640 lr 6.96e-05 val EPE 1.607 D1 8.63%\n"}
,{"stream_name":"stdout","time":4036.722150841,"data":"epoch 166 loss   0.7369 lr 6.57e-05\n"}
,{"stream_name":"stdout","time":4060.405444722,"data":"epoch 167 loss   0.6031 lr 6.18e-05\n"}
,{"stream_name":"stdout","time":4084.142475285,"data":"epoch 168 loss   0.6219 lr 5.81e-05\n"}
,{"stream_name":"stdout","time":4107.803612025,"data":"epoch 169 loss   0.7580 lr 5.45e-05\n"}
,{"stream_name":"stdout","time":4132.816834797,"data":"epoch 170 loss   0.6696 lr 5.10e-05 val EPE 1.635 D1 9.06%\n"}
,{"stream_name":"stdout","time":4156.535088195,"data":"epoch 171 loss   0.8129 lr 4.76e-05\n"}
,{"stream_name":"stdout","time":4180.257465853,"data":"epoch 172 loss   0.7577 lr 4.43e-05\n"}
,{"stream_name":"stdout","time":4204.172088326,"data":"epoch 173 loss   0.6911 lr 4.11e-05\n"}
,{"stream_name":"stdout","time":4227.991089518,"data":"epoch 174 loss   0.7858 lr 3.81e-05\n"}
,{"stream_name":"stdout","time":4253.452129517,"data":"epoch 175 loss   0.6424 lr 3.51e-05 val EPE 1.630 D1 8.61%\n"}
,{"stream_name":"stdout","time":4277.446525569,"data":"epoch 176 loss   0.7180 lr 3.23e-05\n"}
,{"stream_name":"stdout","time":4301.299697114,"data":"epoch 177 loss   0.7940 lr 2.96e-05\n"}
,{"stream_name":"stdout","time":4325.039114003,"data":"epoch 178 loss   0.6884 lr 2.70e-05\n"}
,{"stream_name":"stdout","time":4348.812444216,"data":"epoch 179 loss   0.6670 lr 2.45e-05\n"}
,{"stream_name":"stdout","time":4373.78155748,"data":"epoch 180 loss   0.6762 lr 2.21e-05 val EPE 1.617 D1 8.63%\n"}
,{"stream_name":"stdout","time":4397.446815121,"data":"epoch 181 loss   0.8552 lr 1.99e-05\n"}
,{"stream_name":"stdout","time":4421.286143789,"data":"epoch 182 loss   0.7173 lr 1.77e-05\n"}
,{"stream_name":"stdout","time":4445.285025889,"data":"epoch 183 loss   0.7103 lr 1.57e-05\n"}
,{"stream_name":"stdout","time":4469.475081241,"data":"epoch 184 loss   0.7353 lr 1.38e-05\n"}
,{"stream_name":"stdout","time":4494.748399544,"data":"epoch 185 loss   0.6754 lr 1.20e-05 val EPE 1.667 D1 8.67%\n"}
,{"stream_name":"stdout","time":4518.624226062,"data":"epoch 186 loss   0.7087 lr 1.04e-05\n"}
,{"stream_name":"stdout","time":4542.541891471,"data":"epoch 187 loss   0.6165 lr 8.86e-06\n"}
,{"stream_name":"stdout","time":4566.438508082,"data":"epoch 188 loss   0.6597 lr 7.45e-06\n"}
,{"stream_name":"stdout","time":4590.406736988,"data":"epoch 189 loss   0.6790 lr 6.16e-06\n"}
,{"stream_name":"stdout","time":4615.707451033,"data":"epoch 190 loss   0.6660 lr 4.99e-06 val EPE 1.640 D1 8.67%\n"}
,{"stream_name":"stdout","time":4639.464893808,"data":"epoch 191 loss   0.6645 lr 3.94e-06\n"}
,{"stream_name":"stdout","time":4663.210347756,"data":"epoch 192 loss   0.7792 lr 3.02e-06\n"}
,{"stream_name":"stdout","time":4686.99202489,"data":"epoch 193 loss   0.7059 lr 2.22e-06\n"}
,{"stream_name":"stdout","time":4710.728483298,"data":"epoch 194 loss   0.6757 lr 1.54e-06\n"}
,{"stream_name":"stdout","time":4735.895678432,"data":"epoch 195 loss   0.5944 lr 9.87e-07 val EPE 1.626 D1 8.51%\n"}
,{"stream_name":"stdout","time":4759.607749325,"data":"epoch 196 loss   0.7000 lr 5.55e-07\n"}
,{"stream_name":"stdout","time":4783.364340281,"data":"epoch 197 loss   0.7638 lr 2.47e-07\n"}
,{"stream_name":"stdout","time":4807.136529136,"data":"epoch 198 loss   0.6740 lr 6.17e-08\n"}
,{"stream_name":"stdout","time":4832.238826963,"data":"epoch 199 loss   0.6584 lr 0.00e+00 val EPE 1.617 D1 8.44%\n"}
,{"stream_name":"stdout","time":4832.268711827,"data":"P2A seed 2 done: wall 4814.7s best10 EPE 1.5989 @epoch 145\n"}
,{"stream_name":"stdout","time":4835.144120186,"data":"ARM armp COMPLETE wall=4825.4s best10=1.5989@145 final_lr=0.00e+00\n"}
,{"stream_name":"stdout","time":4843.262207292,"data":"armp/best EPE 1.2111491 D1 6.1724% contract True\n"}
,{"stream_name":"stdout","time":4849.565340219,"data":"armp/final EPE 1.1987598 D1 6.0917% contract True\n"}
,{"stream_name":"stdout","time":4849.590080659,"data":"\n"}
,{"stream_name":"stdout","time":4849.590102367,"data":"E4 seed 2 COMPLETE in 4848.5s\n"}
,{"stream_name":"stdout","time":4849.590115854,"data":"  best  EPE 1.2111491  D1 6.1724%\n"}
,{"stream_name":"stdout","time":4849.590119936,"data":"  final EPE 1.1987598  D1 6.0917%\n"}
,{"stream_name":"stdout","time":4849.590123768,"data":"wrote /kaggle/working/e4_seed2.json\n"}
,{"stream_name":"stderr","time":4852.52120181,"data":"/usr/local/lib/python3.12/dist-packages/mistune.py:435: SyntaxWarning: invalid escape sequence '\\|'\n"}
,{"stream_name":"stderr","time":4852.521285185,"data":"  cells[i][c] = re.sub('\\\\\\\\\\|', '|', cell)\n"}
,{"stream_name":"stderr","time":4852.848522532,"data":"/usr/local/lib/python3.12/dist-packages/nbconvert/filters/filter_links.py:36: SyntaxWarning: invalid escape sequence '\\_'\n"}
,{"stream_name":"stderr","time":4852.848563743,"data":"  text = re.sub(r'_', '\\_', text) # Escape underscores in display text\n"}
,{"stream_name":"stderr","time":4853.533326573,"data":"[NbConvertApp] Converting notebook __script__.ipynb to html\n"}
,{"stream_name":"stderr","time":4854.880439381,"data":"[NbConvertApp] Writing 312822 bytes to __results__.html\n"}
]