integrity guard: {"param_count": 397954, "param_count_ok": true, "all_ok": true}
init: {"source": "C:\\Users\\vishn\\stereo_depth_vision\\stage_b_armp\\20260918T062146Z_stage1_pretrain\\checkpoints\\armp_stage1_best.pth", "strict": true, "sha256": "3ae6fb3be6b2bda9287b325ccbe6d1397744c8f20ef5e56c046176d9f1a29be7", "n_keys": 70, "param_count": 397954}
epoch   0 loss   2.4681 lr 1.00e-03 val EPE 4.000 D1 40.41%
epoch   1 loss   2.1560 lr 1.00e-03
epoch   2 loss   1.6195 lr 9.99e-04
epoch   3 loss   1.7831 lr 9.99e-04
epoch   4 loss   1.4801 lr 9.98e-04
epoch   5 loss   1.3867 lr 9.98e-04 val EPE 2.146 D1 13.96%
epoch   6 loss   1.6487 lr 9.97e-04
epoch   7 loss   1.5426 lr 9.96e-04
epoch   8 loss   1.7375 lr 9.95e-04
epoch   9 loss   1.3724 lr 9.94e-04
epoch  10 loss   1.2312 lr 9.93e-04 val EPE 2.396 D1 15.04%
epoch  11 loss   1.2561 lr 9.91e-04
epoch  12 loss   1.2784 lr 9.90e-04
epoch  13 loss   1.3733 lr 9.88e-04
epoch  14 loss   1.1549 lr 9.86e-04
epoch  15 loss   1.2185 lr 9.84e-04 val EPE 2.009 D1 12.22%
epoch  16 loss   1.2063 lr 9.82e-04
epoch  17 loss   1.2035 lr 9.80e-04
epoch  18 loss   1.1640 lr 9.78e-04
epoch  19 loss   1.1070 lr 9.76e-04
epoch  20 loss   1.0831 lr 9.73e-04 val EPE 1.913 D1 11.49%
epoch  21 loss   1.4232 lr 9.70e-04
epoch  22 loss   1.2829 lr 9.68e-04
epoch  23 loss   1.2537 lr 9.65e-04
epoch  24 loss   1.3327 lr 9.62e-04
epoch  25 loss   1.1926 lr 9.59e-04 val EPE 1.968 D1 12.02%
epoch  26 loss   1.2103 lr 9.56e-04
epoch  27 loss   1.2378 lr 9.52e-04
epoch  28 loss   1.2032 lr 9.49e-04
epoch  29 loss   1.2951 lr 9.46e-04
epoch  30 loss   1.0679 lr 9.42e-04 val EPE 1.972 D1 12.77%
epoch  31 loss   1.1481 lr 9.38e-04
epoch  32 loss   1.0169 lr 9.34e-04
epoch  33 loss   0.9476 lr 9.30e-04
epoch  34 loss   1.1989 lr 9.26e-04
epoch  35 loss   1.0625 lr 9.22e-04 val EPE 2.461 D1 14.45%
epoch  36 loss   1.2435 lr 9.18e-04
epoch  37 loss   1.1279 lr 9.14e-04
epoch  38 loss   1.3494 lr 9.09e-04
epoch  39 loss   1.2391 lr 9.05e-04
epoch  40 loss   1.1018 lr 9.00e-04 val EPE 1.900 D1 11.53%
epoch  41 loss   0.9857 lr 8.95e-04
epoch  42 loss   1.1548 lr 8.90e-04
epoch  43 loss   1.0256 lr 8.85e-04
epoch  44 loss   0.9356 lr 8.80e-04
epoch  45 loss   1.1364 lr 8.75e-04 val EPE 2.333 D1 13.32%
epoch  46 loss   1.1691 lr 8.70e-04
epoch  47 loss   1.3121 lr 8.64e-04
epoch  48 loss   1.2647 lr 8.59e-04
epoch  49 loss   1.1598 lr 8.54e-04
epoch  50 loss   0.9553 lr 8.48e-04 val EPE 1.742 D1 10.57%
epoch  51 loss   1.0041 lr 8.42e-04
epoch  52 loss   0.9605 lr 8.37e-04
epoch  53 loss   0.9737 lr 8.31e-04
epoch  54 loss   1.0370 lr 8.25e-04
epoch  55 loss   1.0013 lr 8.19e-04 val EPE 1.746 D1 10.77%
epoch  56 loss   1.3609 lr 8.13e-04
epoch  57 loss   1.0796 lr 8.06e-04
epoch  58 loss   1.1130 lr 8.00e-04
epoch  59 loss   1.1568 lr 7.94e-04
epoch  60 loss   1.0340 lr 7.88e-04 val EPE 1.952 D1 11.41%
epoch  61 loss   1.0736 lr 7.81e-04
epoch  62 loss   0.9426 lr 7.75e-04
epoch  63 loss   1.0276 lr 7.68e-04
epoch  64 loss   1.0476 lr 7.61e-04
epoch  65 loss   1.0597 lr 7.55e-04 val EPE 1.965 D1 10.91%
epoch  66 loss   1.0902 lr 7.48e-04
epoch  67 loss   1.0534 lr 7.41e-04
epoch  68 loss   1.2107 lr 7.34e-04
epoch  69 loss   1.3907 lr 7.27e-04
epoch  70 loss   1.0840 lr 7.20e-04 val EPE 1.956 D1 11.91%
epoch  71 loss   1.4212 lr 7.13e-04
epoch  72 loss   1.0292 lr 7.06e-04
epoch  73 loss   1.1248 lr 6.99e-04
epoch  74 loss   1.0010 lr 6.91e-04
epoch  75 loss   1.1867 lr 6.84e-04 val EPE 1.948 D1 11.17%
epoch  76 loss   1.1038 lr 6.77e-04
epoch  77 loss   1.0907 lr 6.69e-04
epoch  78 loss   0.8581 lr 6.62e-04
epoch  79 loss   0.9053 lr 6.55e-04
epoch  80 loss   0.8657 lr 6.47e-04 val EPE 1.780 D1 10.46%
epoch  81 loss   0.9040 lr 6.39e-04
epoch  82 loss   0.8645 lr 6.32e-04
epoch  83 loss   1.1606 lr 6.24e-04
epoch  84 loss   1.0557 lr 6.17e-04
epoch  85 loss   0.9356 lr 6.09e-04 val EPE 1.885 D1 11.82%
epoch  86 loss   0.9500 lr 6.01e-04
epoch  87 loss   1.0808 lr 5.94e-04
epoch  88 loss   0.8859 lr 5.86e-04
epoch  89 loss   0.9503 lr 5.78e-04
epoch  90 loss   1.1085 lr 5.70e-04 val EPE 1.810 D1 10.78%
epoch  91 loss   0.9935 lr 5.63e-04
epoch  92 loss   0.9231 lr 5.55e-04
epoch  93 loss   0.7997 lr 5.47e-04
epoch  94 loss   0.8109 lr 5.39e-04
epoch  95 loss   0.9361 lr 5.31e-04 val EPE 1.782 D1 9.78%
epoch  96 loss   0.9551 lr 5.24e-04
epoch  97 loss   1.0977 lr 5.16e-04
epoch  98 loss   0.9177 lr 5.08e-04
epoch  99 loss   0.8347 lr 5.00e-04
epoch 100 loss   1.1721 lr 4.92e-04 val EPE 1.896 D1 12.20%
epoch 101 loss   0.9014 lr 4.84e-04
epoch 102 loss   0.7109 lr 4.76e-04
epoch 103 loss   0.8514 lr 4.69e-04
epoch 104 loss   0.8104 lr 4.61e-04
epoch 105 loss   0.8430 lr 4.53e-04 val EPE 1.839 D1 11.30%
epoch 106 loss   0.8486 lr 4.45e-04
epoch 107 loss   0.7620 lr 4.37e-04
epoch 108 loss   0.8760 lr 4.30e-04
epoch 109 loss   0.9518 lr 4.22e-04
epoch 110 loss   0.9234 lr 4.14e-04 val EPE 1.749 D1 10.49%
epoch 111 loss   0.8973 lr 4.06e-04
epoch 112 loss   0.9016 lr 3.99e-04
epoch 113 loss   0.9768 lr 3.91e-04
epoch 114 loss   0.9704 lr 3.83e-04
epoch 115 loss   1.1007 lr 3.76e-04 val EPE 1.671 D1 9.63%
epoch 116 loss   0.7520 lr 3.68e-04
epoch 117 loss   1.0825 lr 3.61e-04
epoch 118 loss   0.8429 lr 3.53e-04
epoch 119 loss   0.8722 lr 3.45e-04
epoch 120 loss   0.9237 lr 3.38e-04 val EPE 1.783 D1 9.88%
epoch 121 loss   0.7903 lr 3.31e-04
epoch 122 loss   0.8707 lr 3.23e-04
epoch 123 loss   0.8074 lr 3.16e-04
epoch 124 loss   0.8773 lr 3.09e-04
epoch 125 loss   1.0300 lr 3.01e-04 val EPE 1.762 D1 9.66%
epoch 126 loss   1.0560 lr 2.94e-04
epoch 127 loss   0.8086 lr 2.87e-04
epoch 128 loss   0.7653 lr 2.80e-04
epoch 129 loss   0.8177 lr 2.73e-04
epoch 130 loss   0.9771 lr 2.66e-04 val EPE 1.803 D1 9.95%
epoch 131 loss   0.6576 lr 2.59e-04
epoch 132 loss   0.7185 lr 2.52e-04
epoch 133 loss   0.7528 lr 2.45e-04
epoch 134 loss   0.8919 lr 2.39e-04
epoch 135 loss   0.7850 lr 2.32e-04 val EPE 1.720 D1 10.10%
epoch 136 loss   0.8005 lr 2.25e-04
epoch 137 loss   0.7880 lr 2.19e-04
epoch 138 loss   0.8425 lr 2.12e-04
epoch 139 loss   0.8376 lr 2.06e-04
epoch 140 loss   0.7505 lr 2.00e-04 val EPE 1.862 D1 9.94%
epoch 141 loss   0.7245 lr 1.94e-04
epoch 142 loss   0.8199 lr 1.87e-04
epoch 143 loss   0.8297 lr 1.81e-04
epoch 144 loss   0.7910 lr 1.75e-04
epoch 145 loss   0.8996 lr 1.69e-04 val EPE 1.808 D1 9.87%
epoch 146 loss   0.8809 lr 1.63e-04
epoch 147 loss   0.7984 lr 1.58e-04
epoch 148 loss   0.7814 lr 1.52e-04
epoch 149 loss   0.7227 lr 1.46e-04
epoch 150 loss   0.7087 lr 1.41e-04 val EPE 1.669 D1 9.45%
epoch 151 loss   0.9035 lr 1.36e-04
epoch 152 loss   0.7876 lr 1.30e-04
epoch 153 loss   0.7388 lr 1.25e-04
epoch 154 loss   0.7511 lr 1.20e-04
epoch 155 loss   0.8162 lr 1.15e-04 val EPE 1.795 D1 9.87%
epoch 156 loss   0.7631 lr 1.10e-04
epoch 157 loss   0.8165 lr 1.05e-04
epoch 158 loss   0.7886 lr 1.00e-04
epoch 159 loss   0.7259 lr 9.55e-05
epoch 160 loss   0.6829 lr 9.09e-05 val EPE 1.665 D1 9.14%
epoch 161 loss   0.7726 lr 8.65e-05
epoch 162 loss   0.6928 lr 8.21e-05
epoch 163 loss   0.7599 lr 7.78e-05
epoch 164 loss   0.8663 lr 7.37e-05
epoch 165 loss   0.7109 lr 6.96e-05 val EPE 1.690 D1 9.24%
epoch 166 loss   0.8161 lr 6.57e-05
epoch 167 loss   0.9000 lr 6.18e-05
epoch 168 loss   0.7503 lr 5.81e-05
epoch 169 loss   0.6268 lr 5.45e-05
epoch 170 loss   0.7196 lr 5.10e-05 val EPE 1.625 D1 9.10%
epoch 171 loss   0.7657 lr 4.76e-05
epoch 172 loss   0.7279 lr 4.43e-05
epoch 173 loss   0.6986 lr 4.11e-05
epoch 174 loss   0.7342 lr 3.81e-05
epoch 175 loss   0.7351 lr 3.51e-05 val EPE 1.683 D1 9.37%
epoch 176 loss   0.8488 lr 3.23e-05
epoch 177 loss   0.8147 lr 2.96e-05
epoch 178 loss   0.8802 lr 2.70e-05
epoch 179 loss   0.6561 lr 2.45e-05
epoch 180 loss   0.7070 lr 2.21e-05 val EPE 1.696 D1 9.46%
epoch 181 loss   0.7749 lr 1.99e-05
epoch 182 loss   0.6000 lr 1.77e-05
epoch 183 loss   0.6939 lr 1.57e-05
epoch 184 loss   0.6714 lr 1.38e-05
epoch 185 loss   0.6751 lr 1.20e-05 val EPE 1.603 D1 8.87%
epoch 186 loss   0.7444 lr 1.04e-05
epoch 187 loss   0.5875 lr 8.86e-06
epoch 188 loss   0.7225 lr 7.45e-06
epoch 189 loss   0.8362 lr 6.16e-06
epoch 190 loss   0.7307 lr 4.99e-06 val EPE 1.616 D1 8.85%
epoch 191 loss   0.7052 lr 3.94e-06
epoch 192 loss   0.7936 lr 3.02e-06
epoch 193 loss   0.6930 lr 2.22e-06
epoch 194 loss   0.6934 lr 1.54e-06
epoch 195 loss   0.7228 lr 9.87e-07 val EPE 1.630 D1 8.95%
epoch 196 loss   0.8011 lr 5.55e-07
epoch 197 loss   0.7169 lr 2.47e-07
epoch 198 loss   0.7748 lr 6.17e-08
epoch 199 loss   0.7613 lr 0.00e+00 val EPE 1.627 D1 8.93%
P2A seed 1 done: wall 3728.1s best10 EPE 1.6027 @epoch 185
