integrity guard: {"param_count": 397954, "param_count_ok": true, "all_ok": true}
init: {"source": "/kaggle/working/repo/checkpoints/armp_stage1_best.pth", "strict": true, "sha256": "3ae6fb3be6b2bda9287b325ccbe6d1397744c8f20ef5e56c046176d9f1a29be7", "n_keys": 70, "param_count": 397954}
/kaggle/working/repo/stage_e_recipe/run/scripts/finetune_pilot.py:303: UserWarning: Converting a tensor with requires_grad=True to a scalar may lead to unexpected behavior.
Consider using tensor.detach() first. (Triggered internally at /pytorch/torch/csrc/autograd/generated/python_variable_methods.cpp:836.)
  epoch_loss += float(loss)
epoch   0 loss   2.4498 lr 1.00e-03 val EPE 4.492 D1 46.54%
epoch   1 loss   2.1902 lr 1.00e-03
epoch   2 loss   1.6379 lr 1.00e-03
epoch   3 loss   1.7769 lr 1.00e-03
epoch   4 loss   1.4411 lr 1.00e-03
epoch   5 loss   1.3425 lr 9.99e-04 val EPE 2.122 D1 13.59%
epoch   6 loss   1.4946 lr 9.99e-04
epoch   7 loss   1.5179 lr 9.99e-04
epoch   8 loss   1.7574 lr 9.99e-04
epoch   9 loss   1.6026 lr 9.98e-04
epoch  10 loss   1.2935 lr 9.98e-04 val EPE 2.398 D1 15.14%
epoch  11 loss   1.2815 lr 9.98e-04
epoch  12 loss   1.4800 lr 9.97e-04
epoch  13 loss   1.3559 lr 9.97e-04
epoch  14 loss   1.2130 lr 9.97e-04
epoch  15 loss   1.1665 lr 9.96e-04 val EPE 1.905 D1 12.01%
epoch  16 loss   1.2013 lr 9.96e-04
epoch  17 loss   1.1871 lr 9.95e-04
epoch  18 loss   1.1991 lr 9.94e-04
epoch  19 loss   1.0431 lr 9.94e-04
epoch  20 loss   1.1064 lr 9.93e-04 val EPE 1.838 D1 11.04%
epoch  21 loss   1.3670 lr 9.93e-04
epoch  22 loss   1.3045 lr 9.92e-04
epoch  23 loss   1.2817 lr 9.91e-04
epoch  24 loss   1.3045 lr 9.90e-04
epoch  25 loss   1.2718 lr 9.90e-04 val EPE 2.114 D1 13.05%
epoch  26 loss   1.1134 lr 9.89e-04
epoch  27 loss   1.2376 lr 9.88e-04
epoch  28 loss   1.2308 lr 9.87e-04
epoch  29 loss   1.2902 lr 9.86e-04
epoch  30 loss   1.1206 lr 9.85e-04 val EPE 2.016 D1 12.43%
epoch  31 loss   1.1794 lr 9.84e-04
epoch  32 loss   0.9975 lr 9.83e-04
epoch  33 loss   0.9646 lr 9.82e-04
epoch  34 loss   1.1335 lr 9.81e-04
epoch  35 loss   1.0451 lr 9.80e-04 val EPE 2.114 D1 13.06%
epoch  36 loss   1.1637 lr 9.79e-04
epoch  37 loss   1.1086 lr 9.78e-04
epoch  38 loss   1.3020 lr 9.77e-04
epoch  39 loss   1.2598 lr 9.76e-04
epoch  40 loss   1.1038 lr 9.74e-04 val EPE 1.861 D1 11.20%
epoch  41 loss   0.9860 lr 9.73e-04
epoch  42 loss   1.2086 lr 9.72e-04
epoch  43 loss   1.0631 lr 9.70e-04
epoch  44 loss   0.9476 lr 9.69e-04
epoch  45 loss   1.1483 lr 9.68e-04 val EPE 2.757 D1 17.04%
epoch  46 loss   1.3703 lr 9.66e-04
epoch  47 loss   1.3813 lr 9.65e-04
epoch  48 loss   1.3181 lr 9.63e-04
epoch  49 loss   1.1766 lr 9.62e-04
epoch  50 loss   1.0392 lr 9.60e-04 val EPE 1.933 D1 11.80%
epoch  51 loss   1.0221 lr 9.59e-04
epoch  52 loss   0.9295 lr 9.57e-04
epoch  53 loss   0.9240 lr 9.56e-04
epoch  54 loss   1.0732 lr 9.54e-04
epoch  55 loss   1.0040 lr 9.52e-04 val EPE 2.069 D1 12.63%
epoch  56 loss   1.3756 lr 9.51e-04
epoch  57 loss   0.9991 lr 9.49e-04
epoch  58 loss   1.1038 lr 9.47e-04
epoch  59 loss   1.1844 lr 9.46e-04
epoch  60 loss   1.0196 lr 9.44e-04 val EPE 1.864 D1 11.12%
epoch  61 loss   1.1479 lr 9.42e-04
epoch  62 loss   0.9982 lr 9.40e-04
epoch  63 loss   1.0392 lr 9.38e-04
epoch  64 loss   1.1358 lr 9.36e-04
epoch  65 loss   1.0720 lr 9.34e-04 val EPE 1.811 D1 10.55%
epoch  66 loss   1.0492 lr 9.32e-04
epoch  67 loss   1.0969 lr 9.30e-04
epoch  68 loss   1.1070 lr 9.28e-04
epoch  69 loss   1.3755 lr 9.26e-04
epoch  70 loss   1.1360 lr 9.24e-04 val EPE 2.011 D1 12.22%
epoch  71 loss   1.5737 lr 9.22e-04
epoch  72 loss   1.0127 lr 9.20e-04
epoch  73 loss   1.1572 lr 9.18e-04
epoch  74 loss   1.0491 lr 9.16e-04
epoch  75 loss   1.3240 lr 9.14e-04 val EPE 2.026 D1 11.24%
epoch  76 loss   1.1361 lr 9.11e-04
epoch  77 loss   1.1133 lr 9.09e-04
epoch  78 loss   0.8469 lr 9.07e-04
epoch  79 loss   1.1270 lr 9.05e-04
epoch  80 loss   1.2065 lr 9.02e-04 val EPE 1.961 D1 11.13%
epoch  81 loss   1.0302 lr 9.00e-04
epoch  82 loss   1.0002 lr 8.97e-04
epoch  83 loss   1.2052 lr 8.95e-04
epoch  84 loss   1.2235 lr 8.93e-04
epoch  85 loss   1.0273 lr 8.90e-04 val EPE 2.147 D1 13.35%
epoch  86 loss   1.1028 lr 8.88e-04
epoch  87 loss   1.1195 lr 8.85e-04
epoch  88 loss   0.9303 lr 8.83e-04
epoch  89 loss   1.0236 lr 8.80e-04
epoch  90 loss   1.1972 lr 8.78e-04 val EPE 2.401 D1 15.39%
epoch  91 loss   1.1676 lr 8.75e-04
epoch  92 loss   1.0056 lr 8.72e-04
epoch  93 loss   0.8466 lr 8.70e-04
epoch  94 loss   0.8557 lr 8.67e-04
epoch  95 loss   1.0195 lr 8.64e-04 val EPE 1.888 D1 11.52%
epoch  96 loss   1.0196 lr 8.62e-04
epoch  97 loss   1.1431 lr 8.59e-04
epoch  98 loss   1.0656 lr 8.56e-04
epoch  99 loss   0.8806 lr 8.54e-04
epoch 100 loss   1.2724 lr 8.51e-04 val EPE 1.994 D1 12.58%
epoch 101 loss   0.9208 lr 8.48e-04
epoch 102 loss   0.7184 lr 8.45e-04
epoch 103 loss   0.9243 lr 8.42e-04
epoch 104 loss   0.8442 lr 8.39e-04
epoch 105 loss   0.9133 lr 8.37e-04 val EPE 1.857 D1 11.13%
epoch 106 loss   0.9356 lr 8.34e-04
epoch 107 loss   0.8497 lr 8.31e-04
epoch 108 loss   0.9887 lr 8.28e-04
epoch 109 loss   1.0439 lr 8.25e-04
epoch 110 loss   1.0172 lr 8.22e-04 val EPE 1.798 D1 9.94%
epoch 111 loss   1.0162 lr 8.19e-04
epoch 112 loss   1.0825 lr 8.16e-04
epoch 113 loss   1.1656 lr 8.13e-04
epoch 114 loss   1.0580 lr 8.10e-04
epoch 115 loss   1.2899 lr 8.06e-04 val EPE 2.099 D1 11.16%
epoch 116 loss   0.8586 lr 8.03e-04
epoch 117 loss   1.2675 lr 8.00e-04
epoch 118 loss   1.1270 lr 7.97e-04
epoch 119 loss   1.0438 lr 7.94e-04
epoch 120 loss   1.0646 lr 7.91e-04 val EPE 1.889 D1 10.77%
epoch 121 loss   0.8657 lr 7.88e-04
epoch 122 loss   1.0297 lr 7.84e-04
epoch 123 loss   0.9667 lr 7.81e-04
epoch 124 loss   0.9537 lr 7.78e-04
epoch 125 loss   1.1597 lr 7.75e-04 val EPE 1.862 D1 10.22%
epoch 126 loss   1.2893 lr 7.71e-04
epoch 127 loss   1.0394 lr 7.68e-04
epoch 128 loss   0.8969 lr 7.65e-04
epoch 129 loss   0.9715 lr 7.61e-04
epoch 130 loss   1.0987 lr 7.58e-04 val EPE 1.962 D1 11.43%
epoch 131 loss   0.7619 lr 7.55e-04
epoch 132 loss   0.8049 lr 7.51e-04
epoch 133 loss   0.8556 lr 7.48e-04
epoch 134 loss   1.0989 lr 7.44e-04
epoch 135 loss   0.8964 lr 7.41e-04 val EPE 1.924 D1 10.58%
epoch 136 loss   0.9270 lr 7.37e-04
epoch 137 loss   0.9241 lr 7.34e-04
epoch 138 loss   0.9899 lr 7.30e-04
epoch 139 loss   0.9548 lr 7.27e-04
epoch 140 loss   0.9281 lr 7.23e-04 val EPE 1.716 D1 9.29%
epoch 141 loss   0.8129 lr 7.20e-04
epoch 142 loss   0.9314 lr 7.16e-04
epoch 143 loss   0.9789 lr 7.13e-04
epoch 144 loss   0.9208 lr 7.09e-04
epoch 145 loss   0.9820 lr 7.06e-04 val EPE 1.774 D1 9.47%
epoch 146 loss   1.0914 lr 7.02e-04
epoch 147 loss   0.9452 lr 6.99e-04
epoch 148 loss   0.9157 lr 6.95e-04
epoch 149 loss   0.8469 lr 6.91e-04
epoch 150 loss   0.8163 lr 6.88e-04 val EPE 1.862 D1 10.31%
epoch 151 loss   1.0228 lr 6.84e-04
epoch 152 loss   0.9494 lr 6.80e-04
epoch 153 loss   0.9383 lr 6.77e-04
epoch 154 loss   0.8535 lr 6.73e-04
epoch 155 loss   0.9713 lr 6.69e-04 val EPE 2.034 D1 11.94%
epoch 156 loss   0.8662 lr 6.66e-04
epoch 157 loss   0.8999 lr 6.62e-04
epoch 158 loss   0.9180 lr 6.58e-04
epoch 159 loss   0.8343 lr 6.55e-04
epoch 160 loss   0.7690 lr 6.51e-04 val EPE 1.773 D1 10.47%
epoch 161 loss   0.9425 lr 6.47e-04
epoch 162 loss   0.8521 lr 6.43e-04
epoch 163 loss   0.8970 lr 6.39e-04
epoch 164 loss   1.0135 lr 6.36e-04
epoch 165 loss   0.8159 lr 6.32e-04 val EPE 1.809 D1 10.01%
epoch 166 loss   0.9385 lr 6.28e-04
epoch 167 loss   1.1035 lr 6.24e-04
epoch 168 loss   0.8687 lr 6.21e-04
epoch 169 loss   0.7191 lr 6.17e-04
epoch 170 loss   0.8270 lr 6.13e-04 val EPE 2.076 D1 11.31%
epoch 171 loss   0.9197 lr 6.09e-04
epoch 172 loss   0.8891 lr 6.05e-04
epoch 173 loss   0.8240 lr 6.01e-04
epoch 174 loss   0.8295 lr 5.98e-04
epoch 175 loss   0.8501 lr 5.94e-04 val EPE 1.764 D1 9.83%
epoch 176 loss   1.0476 lr 5.90e-04
epoch 177 loss   1.0671 lr 5.86e-04
epoch 178 loss   1.1380 lr 5.82e-04
epoch 179 loss   0.7801 lr 5.78e-04
epoch 180 loss   0.8403 lr 5.74e-04 val EPE 1.899 D1 10.61%
epoch 181 loss   0.9122 lr 5.70e-04
epoch 182 loss   0.7265 lr 5.67e-04
epoch 183 loss   0.8198 lr 5.63e-04
epoch 184 loss   0.7894 lr 5.59e-04
epoch 185 loss   0.7740 lr 5.55e-04 val EPE 1.790 D1 9.24%
epoch 186 loss   0.8722 lr 5.51e-04
epoch 187 loss   0.6727 lr 5.47e-04
epoch 188 loss   0.8077 lr 5.43e-04
epoch 189 loss   1.0506 lr 5.39e-04
epoch 190 loss   0.9570 lr 5.35e-04 val EPE 2.325 D1 13.17%
epoch 191 loss   0.8530 lr 5.31e-04
epoch 192 loss   0.9284 lr 5.27e-04
epoch 193 loss   0.8332 lr 5.24e-04
epoch 194 loss   0.8113 lr 5.20e-04
epoch 195 loss   0.8218 lr 5.16e-04 val EPE 1.938 D1 9.97%
epoch 196 loss   1.0175 lr 5.12e-04
epoch 197 loss   0.8395 lr 5.08e-04
epoch 198 loss   0.8642 lr 5.04e-04
epoch 199 loss   0.8316 lr 5.00e-04
epoch 200 loss   0.8967 lr 4.96e-04 val EPE 1.828 D1 9.88%
epoch 201 loss   0.9530 lr 4.92e-04
epoch 202 loss   0.8983 lr 4.88e-04
epoch 203 loss   0.8467 lr 4.84e-04
epoch 204 loss   0.7169 lr 4.80e-04
epoch 205 loss   0.7538 lr 4.76e-04 val EPE 1.725 D1 9.70%
epoch 206 loss   0.7228 lr 4.73e-04
epoch 207 loss   0.8117 lr 4.69e-04
epoch 208 loss   0.8188 lr 4.65e-04
epoch 209 loss   0.8162 lr 4.61e-04
epoch 210 loss   0.9650 lr 4.57e-04 val EPE 2.002 D1 11.17%
epoch 211 loss   0.7345 lr 4.53e-04
epoch 212 loss   0.7175 lr 4.49e-04
epoch 213 loss   0.7129 lr 4.45e-04
epoch 214 loss   0.8225 lr 4.41e-04
epoch 215 loss   0.9454 lr 4.37e-04 val EPE 1.689 D1 9.84%
epoch 216 loss   0.8763 lr 4.33e-04
epoch 217 loss   0.7040 lr 4.30e-04
epoch 218 loss   0.8342 lr 4.26e-04
epoch 219 loss   0.8707 lr 4.22e-04
epoch 220 loss   0.7380 lr 4.18e-04 val EPE 1.605 D1 8.49%
epoch 221 loss   0.7167 lr 4.14e-04
epoch 222 loss   0.7640 lr 4.10e-04
epoch 223 loss   0.7265 lr 4.06e-04
epoch 224 loss   0.6619 lr 4.02e-04
epoch 225 loss   0.9454 lr 3.99e-04 val EPE 1.667 D1 9.39%
epoch 226 loss   0.7517 lr 3.95e-04
epoch 227 loss   0.8270 lr 3.91e-04
epoch 228 loss   0.7640 lr 3.87e-04
epoch 229 loss   0.6415 lr 3.83e-04
epoch 230 loss   0.8195 lr 3.79e-04 val EPE 1.776 D1 8.98%
epoch 231 loss   0.6476 lr 3.76e-04
epoch 232 loss   0.7583 lr 3.72e-04
epoch 233 loss   0.9525 lr 3.68e-04
epoch 234 loss   1.0111 lr 3.64e-04
epoch 235 loss   0.9256 lr 3.61e-04 val EPE 1.636 D1 8.72%
epoch 236 loss   0.6876 lr 3.57e-04
epoch 237 loss   0.8269 lr 3.53e-04
epoch 238 loss   0.8909 lr 3.49e-04
epoch 239 loss   0.8626 lr 3.45e-04
epoch 240 loss   0.7425 lr 3.42e-04 val EPE 1.741 D1 9.37%
epoch 241 loss   0.7883 lr 3.38e-04
epoch 242 loss   0.6989 lr 3.34e-04
epoch 243 loss   0.7103 lr 3.31e-04
epoch 244 loss   0.7583 lr 3.27e-04
epoch 245 loss   0.7702 lr 3.23e-04 val EPE 1.633 D1 8.62%
epoch 246 loss   0.8161 lr 3.20e-04
epoch 247 loss   0.7582 lr 3.16e-04
epoch 248 loss   0.8073 lr 3.12e-04
epoch 249 loss   0.7317 lr 3.09e-04
epoch 250 loss   0.7419 lr 3.05e-04 val EPE 1.872 D1 9.97%
epoch 251 loss   0.7861 lr 3.01e-04
epoch 252 loss   0.6969 lr 2.98e-04
epoch 253 loss   0.8395 lr 2.94e-04
epoch 254 loss   0.6786 lr 2.91e-04
epoch 255 loss   0.9474 lr 2.87e-04 val EPE 1.907 D1 10.39%
epoch 256 loss   0.8046 lr 2.84e-04
epoch 257 loss   1.0107 lr 2.80e-04
epoch 258 loss   0.7697 lr 2.77e-04
epoch 259 loss   0.8542 lr 2.73e-04
epoch 260 loss   0.7378 lr 2.70e-04 val EPE 1.664 D1 8.92%
epoch 261 loss   0.7419 lr 2.66e-04
epoch 262 loss   0.7524 lr 2.63e-04
epoch 263 loss   0.6843 lr 2.59e-04
epoch 264 loss   0.7810 lr 2.56e-04
epoch 265 loss   0.7911 lr 2.52e-04 val EPE 1.589 D1 8.88%
epoch 266 loss   0.7434 lr 2.49e-04
epoch 267 loss   0.8235 lr 2.45e-04
epoch 268 loss   0.6927 lr 2.42e-04
epoch 269 loss   0.6960 lr 2.39e-04
epoch 270 loss   0.7411 lr 2.35e-04 val EPE 1.641 D1 8.36%
epoch 271 loss   0.7002 lr 2.32e-04
epoch 272 loss   0.7132 lr 2.29e-04
epoch 273 loss   0.7351 lr 2.25e-04
epoch 274 loss   0.7914 lr 2.22e-04
epoch 275 loss   0.6795 lr 2.19e-04 val EPE 1.594 D1 8.36%
epoch 276 loss   0.6603 lr 2.16e-04
epoch 277 loss   0.6921 lr 2.12e-04
epoch 278 loss   0.8741 lr 2.09e-04
epoch 279 loss   0.7124 lr 2.06e-04
epoch 280 loss   0.7897 lr 2.03e-04 val EPE 1.556 D1 8.35%
epoch 281 loss   0.8128 lr 2.00e-04
epoch 282 loss   0.6591 lr 1.97e-04
epoch 283 loss   0.7006 lr 1.94e-04
epoch 284 loss   0.7448 lr 1.90e-04
epoch 285 loss   0.6573 lr 1.87e-04 val EPE 1.697 D1 9.00%
epoch 286 loss   0.7307 lr 1.84e-04
epoch 287 loss   0.6000 lr 1.81e-04
epoch 288 loss   0.6209 lr 1.78e-04
epoch 289 loss   0.6320 lr 1.75e-04
epoch 290 loss   0.7393 lr 1.72e-04 val EPE 1.556 D1 7.92%
epoch 291 loss   0.7251 lr 1.69e-04
epoch 292 loss   0.8334 lr 1.66e-04
epoch 293 loss   0.6473 lr 1.63e-04
epoch 294 loss   0.5901 lr 1.61e-04
epoch 295 loss   0.6462 lr 1.58e-04 val EPE 1.597 D1 8.01%
epoch 296 loss   0.7612 lr 1.55e-04
epoch 297 loss   0.7092 lr 1.52e-04
epoch 298 loss   0.6496 lr 1.49e-04
epoch 299 loss   0.6160 lr 1.46e-04
epoch 300 loss   0.6619 lr 1.44e-04 val EPE 1.685 D1 8.96%
epoch 301 loss   0.6607 lr 1.41e-04
epoch 302 loss   0.8636 lr 1.38e-04
epoch 303 loss   0.5542 lr 1.36e-04
epoch 304 loss   0.6065 lr 1.33e-04
epoch 305 loss   0.7067 lr 1.30e-04 val EPE 1.696 D1 8.89%
epoch 306 loss   0.6849 lr 1.28e-04
epoch 307 loss   0.6923 lr 1.25e-04
epoch 308 loss   0.6007 lr 1.22e-04
epoch 309 loss   0.6888 lr 1.20e-04
epoch 310 loss   0.6131 lr 1.17e-04 val EPE 1.562 D1 8.20%
epoch 311 loss   0.7605 lr 1.15e-04
epoch 312 loss   0.6672 lr 1.12e-04
epoch 313 loss   0.7151 lr 1.10e-04
epoch 314 loss   0.6089 lr 1.07e-04
epoch 315 loss   0.6142 lr 1.05e-04 val EPE 1.617 D1 8.85%
epoch 316 loss   0.6992 lr 1.03e-04
epoch 317 loss   0.7524 lr 1.00e-04
epoch 318 loss   0.6291 lr 9.78e-05
epoch 319 loss   0.6059 lr 9.55e-05
epoch 320 loss   0.6989 lr 9.32e-05 val EPE 1.603 D1 8.56%
epoch 321 loss   0.5761 lr 9.09e-05
epoch 322 loss   0.6763 lr 8.87e-05
epoch 323 loss   0.7441 lr 8.65e-05
epoch 324 loss   0.7029 lr 8.43e-05
epoch 325 loss   0.6465 lr 8.21e-05 val EPE 1.591 D1 8.11%
epoch 326 loss   0.7050 lr 8.00e-05
epoch 327 loss   0.6304 lr 7.78e-05
epoch 328 loss   0.7849 lr 7.57e-05
epoch 329 loss   0.6330 lr 7.37e-05
epoch 330 loss   0.7221 lr 7.16e-05 val EPE 1.633 D1 8.46%
epoch 331 loss   0.6001 lr 6.96e-05
epoch 332 loss   0.6838 lr 6.76e-05
epoch 333 loss   0.6648 lr 6.57e-05
epoch 334 loss   0.6493 lr 6.38e-05
epoch 335 loss   0.6990 lr 6.18e-05 val EPE 1.752 D1 9.48%
epoch 336 loss   0.6373 lr 6.00e-05
epoch 337 loss   0.6283 lr 5.81e-05
epoch 338 loss   0.6992 lr 5.63e-05
epoch 339 loss   0.6053 lr 5.45e-05
epoch 340 loss   0.6339 lr 5.27e-05 val EPE 1.613 D1 8.39%
epoch 341 loss   0.6838 lr 5.10e-05
epoch 342 loss   0.6586 lr 4.93e-05
epoch 343 loss   0.6373 lr 4.76e-05
epoch 344 loss   0.6092 lr 4.59e-05
epoch 345 loss   0.6222 lr 4.43e-05 val EPE 1.620 D1 8.32%
epoch 346 loss   0.7293 lr 4.27e-05
epoch 347 loss   0.6326 lr 4.11e-05
epoch 348 loss   0.6681 lr 3.96e-05
epoch 349 loss   0.6315 lr 3.81e-05
epoch 350 loss   0.6110 lr 3.66e-05 val EPE 1.605 D1 8.50%
epoch 351 loss   0.7019 lr 3.51e-05
epoch 352 loss   0.6459 lr 3.37e-05
epoch 353 loss   0.7606 lr 3.23e-05
epoch 354 loss   0.5789 lr 3.09e-05
epoch 355 loss   0.6973 lr 2.96e-05 val EPE 1.647 D1 8.76%
epoch 356 loss   0.5438 lr 2.82e-05
epoch 357 loss   0.6905 lr 2.70e-05
epoch 358 loss   0.6667 lr 2.57e-05
epoch 359 loss   0.6354 lr 2.45e-05
epoch 360 loss   0.7016 lr 2.33e-05 val EPE 1.617 D1 8.52%
epoch 361 loss   0.7094 lr 2.21e-05
epoch 362 loss   0.7226 lr 2.10e-05
epoch 363 loss   0.6629 lr 1.99e-05
epoch 364 loss   0.5792 lr 1.88e-05
epoch 365 loss   0.6324 lr 1.77e-05 val EPE 1.563 D1 8.00%
epoch 366 loss   0.6576 lr 1.67e-05
epoch 367 loss   0.6850 lr 1.57e-05
epoch 368 loss   0.7046 lr 1.47e-05
epoch 369 loss   0.6772 lr 1.38e-05
epoch 370 loss   0.5755 lr 1.29e-05 val EPE 1.602 D1 8.36%
epoch 371 loss   0.5705 lr 1.20e-05
epoch 372 loss   0.5909 lr 1.12e-05
epoch 373 loss   0.6012 lr 1.04e-05
epoch 374 loss   0.5282 lr 9.61e-06
epoch 375 loss   0.5678 lr 8.86e-06 val EPE 1.577 D1 8.17%
epoch 376 loss   0.7347 lr 8.14e-06
epoch 377 loss   0.6515 lr 7.45e-06
epoch 378 loss   0.7565 lr 6.79e-06
epoch 379 loss   0.6711 lr 6.16e-06
epoch 380 loss   0.6877 lr 5.56e-06 val EPE 1.604 D1 8.36%
epoch 381 loss   0.6428 lr 4.99e-06
epoch 382 loss   0.7079 lr 4.45e-06
epoch 383 loss   0.7395 lr 3.94e-06
epoch 384 loss   0.7170 lr 3.47e-06
epoch 385 loss   0.6596 lr 3.02e-06 val EPE 1.586 D1 8.23%
epoch 386 loss   0.6475 lr 2.60e-06
epoch 387 loss   0.6288 lr 2.22e-06
epoch 388 loss   0.6522 lr 1.86e-06
epoch 389 loss   0.6651 lr 1.54e-06
epoch 390 loss   0.6129 lr 1.25e-06 val EPE 1.594 D1 8.31%
epoch 391 loss   0.6277 lr 9.87e-07
epoch 392 loss   0.6408 lr 7.55e-07
epoch 393 loss   0.5785 lr 5.55e-07
epoch 394 loss   0.6835 lr 3.85e-07
epoch 395 loss   0.6869 lr 2.47e-07 val EPE 1.599 D1 8.34%
epoch 396 loss   0.5810 lr 1.39e-07
epoch 397 loss   0.6040 lr 6.17e-08
epoch 398 loss   0.6956 lr 1.54e-08
epoch 399 loss   0.6916 lr 0.00e+00 val EPE 1.599 D1 8.34%
P2A seed 1 done: wall 9152.2s best10 EPE 1.5557 @epoch 290
