
| Blocks | Seed | EPE@10 | EPE@50 | EPE@100 | EPE@150 | EPE@200 | D1@200 |
|---|---:|---:|---:|---:|---:|---:|---:|
| 6 | 1 | 16.3545 | 6.1696 | 4.4041 | 4.0561 | 3.7716 | 26.8671 |
| 6 | 2 | 15.3428 | 6.6223 | 4.6175 | 4.2247 | 3.9893 | 25.7998 |
| 5 | 1 | 16.5181 | 6.5220 | 4.9436 | 4.6493 | 4.3086 | 27.9642 |

40-scene at epoch 200:
  6 blocks seed 1:  EPE 2.3982  D1 18.3357  RMSE 5.6772
  6 blocks seed 2:  EPE 2.3950  D1 17.4699  RMSE 5.9350
  5 blocks seed 1:  EPE 2.4730  D1 18.2062  RMSE 6.2149

seed-0 frozen 40-scene records (read-only, NOT retrained):
  6 blocks seed 0:  EPE 2.2955  D1 15.6045
  5 blocks seed 0:  EPE 2.6458  D1 21.3712
  4 blocks seed 0:  EPE 2.3387  D1 16.9797

seed spread at 6 blocks (the reference scale):
{
  "10": {
    "seed1_epe": 16.354468555031907,
    "seed2_epe": 15.342843913060761,
    "abs_delta_epe": 1.0116246419711459,
    "seed1_d1": 86.71300569370469,
    "seed2_d1": 86.42149746904673,
    "abs_delta_d1": 0.2915082246579601
  },
  "20": {
    "seed1_epe": 11.531113655002551,
    "seed2_epe": 13.264679111775289,
    "abs_delta_epe": 1.7335654567727374,
    "seed1_d1": 77.13223814492031,
    "seed2_d1": 83.31107355183377,
    "abs_delta_d1": 6.178835406913464
  },
  "50": {
    "seed1_epe": 6.169618695218914,
    "seed2_epe": 6.622251526930431,
    "abs_delta_epe": 0.4526328317115169,
    "seed1_d1": 45.81385378600739,
    "seed2_d1": 54.11694927456034,
    "abs_delta_d1": 8.303095488552948
  },
  "100": {
    "seed1_epe": 4.404146008461303,
    "seed2_epe": 4.6174564068776665,
    "abs_delta_epe": 0.2133103984163638,
    "seed1_d1": 32.0092792665984,
    "seed2_d1": 29.277934234970886,
    "abs_delta_d1": 2.7313450316275123
  },
  "150": {
    "seed1_epe": 4.056053978442787,
    "seed2_epe": 4.224714857928113,
    "abs_delta_epe": 0.16866087948532638,
    "seed1_d1": 29.077112682488128,
    "seed2_d1": 27.12842371735844,
    "abs_delta_d1": 1.948688965129687
  },
  "200": {
    "seed1_epe": 3.771619626791916,
    "seed2_epe": 3.9892760797350344,
    "abs_delta_epe": 0.21765645294311842,
    "seed1_d1": 26.867108567204305,
    "seed2_d1": 25.79982099052625,
    "abs_delta_d1": 1.067287576678055
  }
}

5 blocks seed 1 vs the 6-block seed range:
{
  "10": {
    "blocks5_seed1_epe": 16.518099166643857,
    "blocks6_seed_range_epe": [
      15.342843913060761,
      16.354468555031907
    ],
    "epe_inside_6block_seed_range": false,
    "blocks5_seed1_d1": 87.15279307428894,
    "blocks6_seed_range_d1": [
      86.42149746904673,
      86.71300569370469
    ],
    "d1_inside_6block_seed_range": false
  },
  "20": {
    "blocks5_seed1_epe": 11.794639559516389,
    "blocks6_seed_range_epe": [
      11.531113655002551,
      13.264679111775289
    ],
    "epe_inside_6block_seed_range": true,
    "blocks5_seed1_d1": 78.85678919754115,
    "blocks6_seed_range_d1": [
      77.13223814492031,
      83.31107355183377
    ],
    "d1_inside_6block_seed_range": true
  },
  "50": {
    "blocks5_seed1_epe": 6.5219985885154035,
    "blocks6_seed_range_epe": [
      6.169618695218914,
      6.622251526930431
    ],
    "epe_inside_6block_seed_range": true,
    "blocks5_seed1_d1": 49.50578987124427,
    "blocks6_seed_range_d1": [
      45.81385378600739,
      54.11694927456034
    ],
    "d1_inside_6block_seed_range": true
  },
  "100": {
    "blocks5_seed1_epe": 4.943623574614236,
    "blocks6_seed_range_epe": [
      4.404146008461303,
      4.6174564068776665
    ],
    "epe_inside_6block_seed_range": false,
    "blocks5_seed1_d1": 32.696198573726434,
    "blocks6_seed_range_d1": [
      29.277934234970886,
      32.0092792665984
    ],
    "d1_inside_6block_seed_range": false
  },
  "150": {
    "blocks5_seed1_epe": 4.649278412635284,
    "blocks6_seed_range_epe": [
      4.056053978442787,
      4.224714857928113
    ],
    "epe_inside_6block_seed_range": false,
    "blocks5_seed1_d1": 31.23554143918889,
    "blocks6_seed_range_d1": [
      27.12842371735844,
      29.077112682488128
    ],
    "d1_inside_6block_seed_range": false
  },
  "200": {
    "blocks5_seed1_epe": 4.30859402087679,
    "blocks6_seed_range_epe": [
      3.771619626791916,
      3.9892760797350344
    ],
    "epe_inside_6block_seed_range": false,
    "blocks5_seed1_d1": 27.964159423731328,
    "blocks6_seed_range_d1": [
      25.79982099052625,
      26.867108567204305
    ],
    "d1_inside_6block_seed_range": false
  }
}

One 5-block seed against two 6-block seeds cannot separate an architecture effect from a seed effect. 'Inside the 6-block seed range' is a descriptive statement about two seeds, not a test.
