[{"stream_name":"stdout","time":3.429751488,"data":"bootstrap loaded from /kaggle/input/datasets/vishnu3727/armp-tier2-seed2-bundle/kaggle_bootstrap.py\n"}
,{"stream_name":"stdout","time":3.706384755,"data":"assembled {\"repo\": \"/kaggle/working/repo\", \"bundle\": \"/kaggle/input/datasets/vishnu3727/armp-tier2-seed2-bundle\", \"data\": \"/kaggle/input/datasets/vishnu3727/kitti2015-tier2-seed2-subset\", \"data_link\": \"training-shim\", \"data_layout\": \"flat\", \"scripts\": \"/kaggle/working/repo/stage_b_armp/seed2/scripts\"}\n"}
,{"stream_name":"stdout","time":14.195742009,"data":"preflight OK {\"strict_load\": \"OK\", \"params\": 397954, \"keys\": 70, \"data\": {\"calib\": 160, \"val\": 40, \"overlap\": 0, \"valid_pixels\": 3802797}}\n"}
,{"stream_name":"stdout","time":14.512583076,"data":"RUN [\"/usr/bin/python3\", \"/kaggle/working/repo/stage_b_armp/seed2/scripts/run_arm.py\", \"--arm\", \"armp\", \"--init\", \"/kaggle/working/repo/checkpoints/armp_stage1_best.pth\", \"--outdir\", \"/kaggle/working/runs/armp_seed2\", \"--timeout_s\", \"39600\"]\n"}
,{"stream_name":"stdout","time":14.604461797,"data":"RUN arm=armp init=/kaggle/working/repo/checkpoints/armp_stage1_best.pth pid=23 cmd=['/usr/bin/python3', '/kaggle/working/repo/stage_b_armp/seed2/scripts/finetune_pilot.py', '--init', '/kaggle/working/repo/checkpoints/armp_stage1_best.pth', '--arm', 'armp']\n"}
,{"stream_name":"stdout","time":16.793336286,"data":"integrity guard: {\"param_count\": 397954, \"param_count_ok\": true, \"all_ok\": true}\n"}
,{"stream_name":"stdout","time":16.805939375,"data":"init: {\"source\": \"/kaggle/working/repo/checkpoints/armp_stage1_best.pth\", \"strict\": true, \"sha256\": \"3ae6fb3be6b2bda9287b325ccbe6d1397744c8f20ef5e56c046176d9f1a29be7\", \"n_keys\": 70, \"param_count\": 397954}\n"}
,{"stream_name":"stdout","time":23.89207271,"data":"/kaggle/working/repo/stage_b_armp/seed2/scripts/finetune_pilot.py:303: UserWarning: Converting a tensor with requires_grad=True to a scalar may lead to unexpected behavior.\n"}
,{"stream_name":"stdout","time":23.892103569,"data":"Consider using tensor.detach() first. (Triggered internally at /pytorch/torch/csrc/autograd/generated/python_variable_methods.cpp:836.)\n"}
,{"stream_name":"stdout","time":23.8921094,"data":"  epoch_loss += float(loss)\n"}
,{"stream_name":"stdout","time":52.407324223,"data":"epoch   0 loss   2.3861 lr 1.00e-03 val EPE 3.415 D1 26.99%\n"}
,{"stream_name":"stdout","time":74.096009006,"data":"epoch   1 loss   1.7413 lr 1.00e-03\n"}
,{"stream_name":"stdout","time":96.297583938,"data":"epoch   2 loss   1.6539 lr 9.99e-04\n"}
,{"stream_name":"stdout","time":118.999545902,"data":"epoch   3 loss   1.5072 lr 9.99e-04\n"}
,{"stream_name":"stdout","time":141.876475119,"data":"epoch   4 loss   1.4324 lr 9.98e-04\n"}
,{"stream_name":"stdout","time":165.625220033,"data":"epoch   5 loss   1.4079 lr 9.98e-04 val EPE 2.210 D1 14.34%\n"}
,{"stream_name":"stdout","time":187.991799602,"data":"epoch   6 loss   1.4869 lr 9.97e-04\n"}
,{"stream_name":"stdout","time":210.552226621,"data":"epoch   7 loss   1.3703 lr 9.96e-04\n"}
,{"stream_name":"stdout","time":233.205685286,"data":"epoch   8 loss   1.8076 lr 9.95e-04\n"}
,{"stream_name":"stdout","time":255.785565638,"data":"epoch   9 loss   1.6221 lr 9.94e-04\n"}
,{"stream_name":"stdout","time":279.616032899,"data":"epoch  10 loss   1.5426 lr 9.93e-04 val EPE 2.148 D1 14.16%\n"}
,{"stream_name":"stdout","time":302.197734077,"data":"epoch  11 loss   1.2591 lr 9.91e-04\n"}
,{"stream_name":"stdout","time":324.905280472,"data":"epoch  12 loss   1.1404 lr 9.90e-04\n"}
,{"stream_name":"stdout","time":347.600366052,"data":"epoch  13 loss   1.4209 lr 9.88e-04\n"}
,{"stream_name":"stdout","time":370.412867877,"data":"epoch  14 loss   1.2267 lr 9.86e-04\n"}
,{"stream_name":"stdout","time":394.381317932,"data":"epoch  15 loss   1.1912 lr 9.84e-04 val EPE 2.323 D1 15.19%\n"}
,{"stream_name":"stdout","time":417.173152441,"data":"epoch  16 loss   1.0754 lr 9.82e-04\n"}
,{"stream_name":"stdout","time":439.538579027,"data":"epoch  17 loss   1.2584 lr 9.80e-04\n"}
,{"stream_name":"stdout","time":461.858323649,"data":"epoch  18 loss   1.3416 lr 9.78e-04\n"}
,{"stream_name":"stdout","time":484.168558365,"data":"epoch  19 loss   1.3061 lr 9.76e-04\n"}
,{"stream_name":"stdout","time":507.733246452,"data":"epoch  20 loss   1.0993 lr 9.73e-04 val EPE 2.148 D1 13.03%\n"}
,{"stream_name":"stdout","time":530.030568588,"data":"epoch  21 loss   1.1134 lr 9.70e-04\n"}
,{"stream_name":"stdout","time":552.378984966,"data":"epoch  22 loss   1.3113 lr 9.68e-04\n"}
,{"stream_name":"stdout","time":574.669658532,"data":"epoch  23 loss   1.3785 lr 9.65e-04\n"}
,{"stream_name":"stdout","time":597.051544046,"data":"epoch  24 loss   1.1129 lr 9.62e-04\n"}
,{"stream_name":"stdout","time":620.691775288,"data":"epoch  25 loss   1.3008 lr 9.59e-04 val EPE 2.110 D1 12.59%\n"}
,{"stream_name":"stdout","time":643.085084947,"data":"epoch  26 loss   1.1939 lr 9.56e-04\n"}
,{"stream_name":"stdout","time":665.357536494,"data":"epoch  27 loss   1.1163 lr 9.52e-04\n"}
,{"stream_name":"stdout","time":687.667417197,"data":"epoch  28 loss   1.0006 lr 9.49e-04\n"}
,{"stream_name":"stdout","time":709.964203364,"data":"epoch  29 loss   0.9555 lr 9.46e-04\n"}
,{"stream_name":"stdout","time":733.640239338,"data":"epoch  30 loss   1.3152 lr 9.42e-04 val EPE 2.893 D1 19.38%\n"}
,{"stream_name":"stdout","time":755.972143791,"data":"epoch  31 loss   1.2444 lr 9.38e-04\n"}
,{"stream_name":"stdout","time":778.228125849,"data":"epoch  32 loss   1.5701 lr 9.34e-04\n"}
,{"stream_name":"stdout","time":800.492855418,"data":"epoch  33 loss   1.1510 lr 9.30e-04\n"}
,{"stream_name":"stdout","time":822.834364786,"data":"epoch  34 loss   1.4877 lr 9.26e-04\n"}
,{"stream_name":"stdout","time":846.471641362,"data":"epoch  35 loss   1.1346 lr 9.22e-04 val EPE 1.921 D1 11.83%\n"}
,{"stream_name":"stdout","time":868.857088111,"data":"epoch  36 loss   1.0565 lr 9.18e-04\n"}
,{"stream_name":"stdout","time":891.181895436,"data":"epoch  37 loss   1.0393 lr 9.14e-04\n"}
,{"stream_name":"stdout","time":913.500317081,"data":"epoch  38 loss   1.0358 lr 9.09e-04\n"}
,{"stream_name":"stdout","time":935.797868838,"data":"epoch  39 loss   0.9665 lr 9.05e-04\n"}
,{"stream_name":"stdout","time":959.468386273,"data":"epoch  40 loss   1.0436 lr 9.00e-04 val EPE 1.889 D1 10.80%\n"}
,{"stream_name":"stdout","time":981.75988447,"data":"epoch  41 loss   1.1561 lr 8.95e-04\n"}
,{"stream_name":"stdout","time":1004.081668895,"data":"epoch  42 loss   1.2515 lr 8.90e-04\n"}
,{"stream_name":"stdout","time":1026.42773413,"data":"epoch  43 loss   1.0144 lr 8.85e-04\n"}
,{"stream_name":"stdout","time":1048.730503669,"data":"epoch  44 loss   1.0116 lr 8.80e-04\n"}
,{"stream_name":"stdout","time":1072.400401252,"data":"epoch  45 loss   0.9490 lr 8.75e-04 val EPE 1.829 D1 10.68%\n"}
,{"stream_name":"stdout","time":1094.692821943,"data":"epoch  46 loss   0.9682 lr 8.70e-04\n"}
,{"stream_name":"stdout","time":1116.955844724,"data":"epoch  47 loss   1.0943 lr 8.64e-04\n"}
,{"stream_name":"stdout","time":1139.212827343,"data":"epoch  48 loss   1.0627 lr 8.59e-04\n"}
,{"stream_name":"stdout","time":1161.434955788,"data":"epoch  49 loss   1.1692 lr 8.54e-04\n"}
,{"stream_name":"stdout","time":1185.017856293,"data":"epoch  50 loss   1.0534 lr 8.48e-04 val EPE 2.014 D1 11.85%\n"}
,{"stream_name":"stdout","time":1207.776853697,"data":"epoch  51 loss   1.1397 lr 8.42e-04\n"}
,{"stream_name":"stdout","time":1230.469480769,"data":"epoch  52 loss   0.9000 lr 8.37e-04\n"}
,{"stream_name":"stdout","time":1252.9143239,"data":"epoch  53 loss   1.1224 lr 8.31e-04\n"}
,{"stream_name":"stdout","time":1275.34888674,"data":"epoch  54 loss   1.0781 lr 8.25e-04\n"}
,{"stream_name":"stdout","time":1299.06092595,"data":"epoch  55 loss   1.0076 lr 8.19e-04 val EPE 1.847 D1 10.95%\n"}
,{"stream_name":"stdout","time":1321.532000943,"data":"epoch  56 loss   1.0653 lr 8.13e-04\n"}
,{"stream_name":"stdout","time":1344.022399934,"data":"epoch  57 loss   1.0857 lr 8.06e-04\n"}
,{"stream_name":"stdout","time":1366.421227517,"data":"epoch  58 loss   0.9167 lr 8.00e-04\n"}
,{"stream_name":"stdout","time":1388.768163523,"data":"epoch  59 loss   0.9956 lr 7.94e-04\n"}
,{"stream_name":"stdout","time":1412.486131879,"data":"epoch  60 loss   0.9803 lr 7.88e-04 val EPE 1.828 D1 11.30%\n"}
,{"stream_name":"stdout","time":1434.880058758,"data":"epoch  61 loss   0.9607 lr 7.81e-04\n"}
,{"stream_name":"stdout","time":1457.292628288,"data":"epoch  62 loss   1.2742 lr 7.75e-04\n"}
,{"stream_name":"stdout","time":1479.753999786,"data":"epoch  63 loss   0.9579 lr 7.68e-04\n"}
,{"stream_name":"stdout","time":1502.280929531,"data":"epoch  64 loss   1.0531 lr 7.61e-04\n"}
,{"stream_name":"stdout","time":1526.102314566,"data":"epoch  65 loss   1.1473 lr 7.55e-04 val EPE 1.983 D1 11.15%\n"}
,{"stream_name":"stdout","time":1548.604898359,"data":"epoch  66 loss   0.9682 lr 7.48e-04\n"}
,{"stream_name":"stdout","time":1571.008796354,"data":"epoch  67 loss   1.1863 lr 7.41e-04\n"}
,{"stream_name":"stdout","time":1593.389442501,"data":"epoch  68 loss   1.2267 lr 7.34e-04\n"}
,{"stream_name":"stdout","time":1615.988237711,"data":"epoch  69 loss   1.1961 lr 7.27e-04\n"}
,{"stream_name":"stdout","time":1639.689611469,"data":"epoch  70 loss   0.8722 lr 7.20e-04 val EPE 1.838 D1 10.68%\n"}
,{"stream_name":"stdout","time":1666.937323323,"data":"epoch  71 loss   0.9443 lr 7.13e-04\n"}
,{"stream_name":"stdout","time":1694.637985443,"data":"epoch  72 loss   0.9194 lr 7.06e-04\n"}
,{"stream_name":"stdout","time":1722.734776913,"data":"epoch  73 loss   0.8820 lr 6.99e-04\n"}
,{"stream_name":"stdout","time":1750.938274179,"data":"epoch  74 loss   1.2719 lr 6.91e-04\n"}
,{"stream_name":"stdout","time":1780.511123853,"data":"epoch  75 loss   0.9647 lr 6.84e-04 val EPE 2.401 D1 13.14%\n"}
,{"stream_name":"stdout","time":1811.729322469,"data":"epoch  76 loss   0.9745 lr 6.77e-04\n"}
,{"stream_name":"stdout","time":1834.800649864,"data":"epoch  77 loss   0.8202 lr 6.69e-04\n"}
,{"stream_name":"stdout","time":1857.436771355,"data":"epoch  78 loss   0.8733 lr 6.62e-04\n"}
,{"stream_name":"stdout","time":1879.793209084,"data":"epoch  79 loss   0.8728 lr 6.55e-04\n"}
,{"stream_name":"stdout","time":1903.551096283,"data":"epoch  80 loss   0.9152 lr 6.47e-04 val EPE 1.798 D1 10.65%\n"}
,{"stream_name":"stdout","time":1925.850038157,"data":"epoch  81 loss   0.8958 lr 6.39e-04\n"}
,{"stream_name":"stdout","time":1948.231539461,"data":"epoch  82 loss   1.0868 lr 6.32e-04\n"}
,{"stream_name":"stdout","time":1970.885294271,"data":"epoch  83 loss   0.9397 lr 6.24e-04\n"}
,{"stream_name":"stdout","time":1993.126029443,"data":"epoch  84 loss   1.0392 lr 6.17e-04\n"}
,{"stream_name":"stdout","time":2016.735509626,"data":"epoch  85 loss   1.0024 lr 6.09e-04 val EPE 1.800 D1 10.02%\n"}
,{"stream_name":"stdout","time":2039.34156031,"data":"epoch  86 loss   0.9711 lr 6.01e-04\n"}
,{"stream_name":"stdout","time":2061.744377737,"data":"epoch  87 loss   1.0323 lr 5.94e-04\n"}
,{"stream_name":"stdout","time":2084.116035411,"data":"epoch  88 loss   0.9413 lr 5.86e-04\n"}
,{"stream_name":"stdout","time":2106.631872969,"data":"epoch  89 loss   0.9938 lr 5.78e-04\n"}
,{"stream_name":"stdout","time":2130.576716547,"data":"epoch  90 loss   0.8815 lr 5.70e-04 val EPE 2.138 D1 11.74%\n"}
,{"stream_name":"stdout","time":2153.10993005,"data":"epoch  91 loss   0.9661 lr 5.63e-04\n"}
,{"stream_name":"stdout","time":2175.733622625,"data":"epoch  92 loss   0.8303 lr 5.55e-04\n"}
,{"stream_name":"stdout","time":2198.529935095,"data":"epoch  93 loss   0.9399 lr 5.47e-04\n"}
,{"stream_name":"stdout","time":2221.151424958,"data":"epoch  94 loss   0.8368 lr 5.39e-04\n"}
,{"stream_name":"stdout","time":2245.149369554,"data":"epoch  95 loss   0.8716 lr 5.31e-04 val EPE 1.830 D1 10.16%\n"}
,{"stream_name":"stdout","time":2267.786306204,"data":"epoch  96 loss   0.8616 lr 5.24e-04\n"}
,{"stream_name":"stdout","time":2290.369052676,"data":"epoch  97 loss   0.9993 lr 5.16e-04\n"}
,{"stream_name":"stdout","time":2312.878133792,"data":"epoch  98 loss   0.9075 lr 5.08e-04\n"}
,{"stream_name":"stdout","time":2335.494003997,"data":"epoch  99 loss   1.0490 lr 5.00e-04\n"}
,{"stream_name":"stdout","time":2359.29296283,"data":"epoch 100 loss   1.0094 lr 4.92e-04 val EPE 1.940 D1 10.95%\n"}
,{"stream_name":"stdout","time":2381.909031595,"data":"epoch 101 loss   0.9754 lr 4.84e-04\n"}
,{"stream_name":"stdout","time":2405.272733808,"data":"epoch 102 loss   1.0279 lr 4.76e-04\n"}
,{"stream_name":"stdout","time":2428.592713889,"data":"epoch 103 loss   0.9826 lr 4.69e-04\n"}
,{"stream_name":"stdout","time":2451.744102224,"data":"epoch 104 loss   0.9357 lr 4.61e-04\n"}
,{"stream_name":"stdout","time":2476.593910447,"data":"epoch 105 loss   0.8968 lr 4.53e-04 val EPE 1.717 D1 9.46%\n"}
,{"stream_name":"stdout","time":2499.876037181,"data":"epoch 106 loss   0.7543 lr 4.45e-04\n"}
,{"stream_name":"stdout","time":2522.742637139,"data":"epoch 107 loss   0.8190 lr 4.37e-04\n"}
,{"stream_name":"stdout","time":2545.572127524,"data":"epoch 108 loss   0.8983 lr 4.30e-04\n"}
,{"stream_name":"stdout","time":2568.139503695,"data":"epoch 109 loss   0.8959 lr 4.22e-04\n"}
,{"stream_name":"stdout","time":2592.264461251,"data":"epoch 110 loss   0.8447 lr 4.14e-04 val EPE 1.710 D1 9.52%\n"}
,{"stream_name":"stdout","time":2614.822035105,"data":"epoch 111 loss   0.8931 lr 4.06e-04\n"}
,{"stream_name":"stdout","time":2637.346012044,"data":"epoch 112 loss   0.8707 lr 3.99e-04\n"}
,{"stream_name":"stdout","time":2659.864873966,"data":"epoch 113 loss   0.8423 lr 3.91e-04\n"}
,{"stream_name":"stdout","time":2682.378437892,"data":"epoch 114 loss   0.8676 lr 3.83e-04\n"}
,{"stream_name":"stdout","time":2706.142253834,"data":"epoch 115 loss   0.9011 lr 3.76e-04 val EPE 2.103 D1 11.70%\n"}
,{"stream_name":"stdout","time":2728.555925771,"data":"epoch 116 loss   0.9042 lr 3.68e-04\n"}
,{"stream_name":"stdout","time":2750.998463485,"data":"epoch 117 loss   0.7620 lr 3.61e-04\n"}
,{"stream_name":"stdout","time":2773.453433951,"data":"epoch 118 loss   1.0391 lr 3.53e-04\n"}
,{"stream_name":"stdout","time":2795.959046582,"data":"epoch 119 loss   0.8354 lr 3.45e-04\n"}
,{"stream_name":"stdout","time":2819.812309681,"data":"epoch 120 loss   0.8201 lr 3.38e-04 val EPE 1.761 D1 9.96%\n"}
,{"stream_name":"stdout","time":2842.377918367,"data":"epoch 121 loss   0.7382 lr 3.31e-04\n"}
,{"stream_name":"stdout","time":2864.934704512,"data":"epoch 122 loss   0.8314 lr 3.23e-04\n"}
,{"stream_name":"stdout","time":2887.539489995,"data":"epoch 123 loss   0.7930 lr 3.16e-04\n"}
,{"stream_name":"stdout","time":2910.127192456,"data":"epoch 124 loss   0.8263 lr 3.09e-04\n"}
,{"stream_name":"stdout","time":2934.035170744,"data":"epoch 125 loss   0.9250 lr 3.01e-04 val EPE 1.695 D1 9.31%\n"}
,{"stream_name":"stdout","time":2956.575893051,"data":"epoch 126 loss   0.7867 lr 2.94e-04\n"}
,{"stream_name":"stdout","time":2979.010808094,"data":"epoch 127 loss   0.7914 lr 2.87e-04\n"}
,{"stream_name":"stdout","time":3001.403886468,"data":"epoch 128 loss   0.7221 lr 2.80e-04\n"}
,{"stream_name":"stdout","time":3023.883462436,"data":"epoch 129 loss   0.8658 lr 2.73e-04\n"}
,{"stream_name":"stdout","time":3047.634339776,"data":"epoch 130 loss   0.7630 lr 2.66e-04 val EPE 1.678 D1 9.77%\n"}
,{"stream_name":"stdout","time":3070.082421419,"data":"epoch 131 loss   0.9008 lr 2.59e-04\n"}
,{"stream_name":"stdout","time":3092.5597008,"data":"epoch 132 loss   0.7252 lr 2.52e-04\n"}
,{"stream_name":"stdout","time":3115.001423268,"data":"epoch 133 loss   0.7232 lr 2.45e-04\n"}
,{"stream_name":"stdout","time":3137.466563049,"data":"epoch 134 loss   0.7591 lr 2.39e-04\n"}
,{"stream_name":"stdout","time":3161.274937781,"data":"epoch 135 loss   0.7132 lr 2.32e-04 val EPE 1.670 D1 9.43%\n"}
,{"stream_name":"stdout","time":3183.762014018,"data":"epoch 136 loss   0.9237 lr 2.25e-04\n"}
,{"stream_name":"stdout","time":3206.308149274,"data":"epoch 137 loss   0.6760 lr 2.19e-04\n"}
,{"stream_name":"stdout","time":3228.829388611,"data":"epoch 138 loss   0.8206 lr 2.12e-04\n"}
,{"stream_name":"stdout","time":3251.24525479,"data":"epoch 139 loss   0.7428 lr 2.06e-04\n"}
,{"stream_name":"stdout","time":3275.094926598,"data":"epoch 140 loss   0.8141 lr 2.00e-04 val EPE 1.588 D1 8.86%\n"}
,{"stream_name":"stdout","time":3297.531570552,"data":"epoch 141 loss   0.7728 lr 1.94e-04\n"}
,{"stream_name":"stdout","time":3320.034657226,"data":"epoch 142 loss   0.7188 lr 1.87e-04\n"}
,{"stream_name":"stdout","time":3342.541733971,"data":"epoch 143 loss   0.7966 lr 1.81e-04\n"}
,{"stream_name":"stdout","time":3365.381392069,"data":"epoch 144 loss   0.7414 lr 1.75e-04\n"}
,{"stream_name":"stdout","time":3389.306193385,"data":"epoch 145 loss   0.7871 lr 1.69e-04 val EPE 1.542 D1 8.62%\n"}
,{"stream_name":"stdout","time":3411.920490067,"data":"epoch 146 loss   0.7633 lr 1.63e-04\n"}
,{"stream_name":"stdout","time":3434.430896137,"data":"epoch 147 loss   0.7929 lr 1.58e-04\n"}
,{"stream_name":"stdout","time":3457.042113978,"data":"epoch 148 loss   0.7269 lr 1.52e-04\n"}
,{"stream_name":"stdout","time":3479.553939863,"data":"epoch 149 loss   0.8094 lr 1.46e-04\n"}
,{"stream_name":"stdout","time":3503.503009523,"data":"epoch 150 loss   0.7282 lr 1.41e-04 val EPE 1.636 D1 8.96%\n"}
,{"stream_name":"stdout","time":3526.077005791,"data":"epoch 151 loss   0.8069 lr 1.36e-04\n"}
,{"stream_name":"stdout","time":3548.715006931,"data":"epoch 152 loss   0.6776 lr 1.30e-04\n"}
,{"stream_name":"stdout","time":3571.597804515,"data":"epoch 153 loss   0.9114 lr 1.25e-04\n"}
,{"stream_name":"stdout","time":3594.690700761,"data":"epoch 154 loss   0.9083 lr 1.20e-04\n"}
,{"stream_name":"stdout","time":3619.047496005,"data":"epoch 155 loss   0.7314 lr 1.15e-04 val EPE 1.636 D1 8.78%\n"}
,{"stream_name":"stdout","time":3641.951467247,"data":"epoch 156 loss   0.8677 lr 1.10e-04\n"}
,{"stream_name":"stdout","time":3664.845661308,"data":"epoch 157 loss   0.6765 lr 1.05e-04\n"}
,{"stream_name":"stdout","time":3687.979941929,"data":"epoch 158 loss   0.6652 lr 1.00e-04\n"}
,{"stream_name":"stdout","time":3711.053073622,"data":"epoch 159 loss   0.8034 lr 9.55e-05\n"}
,{"stream_name":"stdout","time":3735.230926668,"data":"epoch 160 loss   0.7668 lr 9.09e-05 val EPE 1.579 D1 8.90%\n"}
,{"stream_name":"stdout","time":3757.892318959,"data":"epoch 161 loss   0.6466 lr 8.65e-05\n"}
,{"stream_name":"stdout","time":3780.525440253,"data":"epoch 162 loss   0.7249 lr 8.21e-05\n"}
,{"stream_name":"stdout","time":3803.095400907,"data":"epoch 163 loss   0.8703 lr 7.78e-05\n"}
,{"stream_name":"stdout","time":3825.625394381,"data":"epoch 164 loss   0.6761 lr 7.37e-05\n"}
,{"stream_name":"stdout","time":3849.675668748,"data":"epoch 165 loss   0.6992 lr 6.96e-05 val EPE 1.577 D1 8.66%\n"}
,{"stream_name":"stdout","time":3872.331425577,"data":"epoch 166 loss   0.7399 lr 6.57e-05\n"}
,{"stream_name":"stdout","time":3895.037382333,"data":"epoch 167 loss   0.6264 lr 6.18e-05\n"}
,{"stream_name":"stdout","time":3917.660109475,"data":"epoch 168 loss   0.6360 lr 5.81e-05\n"}
,{"stream_name":"stdout","time":3940.235326716,"data":"epoch 169 loss   0.7795 lr 5.45e-05\n"}
,{"stream_name":"stdout","time":3964.169861497,"data":"epoch 170 loss   0.6811 lr 5.10e-05 val EPE 1.604 D1 8.87%\n"}
,{"stream_name":"stdout","time":3986.681995548,"data":"epoch 171 loss   0.8337 lr 4.76e-05\n"}
,{"stream_name":"stdout","time":4009.132432499,"data":"epoch 172 loss   0.7748 lr 4.43e-05\n"}
,{"stream_name":"stdout","time":4031.637825705,"data":"epoch 173 loss   0.7276 lr 4.11e-05\n"}
,{"stream_name":"stdout","time":4054.087604064,"data":"epoch 174 loss   0.7839 lr 3.81e-05\n"}
,{"stream_name":"stdout","time":4077.985799361,"data":"epoch 175 loss   0.6681 lr 3.51e-05 val EPE 1.591 D1 8.63%\n"}
,{"stream_name":"stdout","time":4100.454800639,"data":"epoch 176 loss   0.7267 lr 3.23e-05\n"}
,{"stream_name":"stdout","time":4122.94615242,"data":"epoch 177 loss   0.8226 lr 2.96e-05\n"}
,{"stream_name":"stdout","time":4145.467394692,"data":"epoch 178 loss   0.7232 lr 2.70e-05\n"}
,{"stream_name":"stdout","time":4167.985695193,"data":"epoch 179 loss   0.6879 lr 2.45e-05\n"}
,{"stream_name":"stdout","time":4191.886567969,"data":"epoch 180 loss   0.7139 lr 2.21e-05 val EPE 1.584 D1 8.71%\n"}
,{"stream_name":"stdout","time":4214.397781157,"data":"epoch 181 loss   0.8794 lr 1.99e-05\n"}
,{"stream_name":"stdout","time":4237.024013362,"data":"epoch 182 loss   0.7363 lr 1.77e-05\n"}
,{"stream_name":"stdout","time":4259.537086044,"data":"epoch 183 loss   0.7331 lr 1.57e-05\n"}
,{"stream_name":"stdout","time":4282.145898896,"data":"epoch 184 loss   0.7659 lr 1.38e-05\n"}
,{"stream_name":"stdout","time":4306.003588079,"data":"epoch 185 loss   0.6995 lr 1.20e-05 val EPE 1.602 D1 8.70%\n"}
,{"stream_name":"stdout","time":4328.602399318,"data":"epoch 186 loss   0.7198 lr 1.04e-05\n"}
,{"stream_name":"stdout","time":4351.587076776,"data":"epoch 187 loss   0.6460 lr 8.86e-06\n"}
,{"stream_name":"stdout","time":4374.467089836,"data":"epoch 188 loss   0.7009 lr 7.45e-06\n"}
,{"stream_name":"stdout","time":4397.324728028,"data":"epoch 189 loss   0.7059 lr 6.16e-06\n"}
,{"stream_name":"stdout","time":4421.393293319,"data":"epoch 190 loss   0.6960 lr 4.99e-06 val EPE 1.605 D1 8.87%\n"}
,{"stream_name":"stdout","time":4444.206770486,"data":"epoch 191 loss   0.6693 lr 3.94e-06\n"}
,{"stream_name":"stdout","time":4466.944856823,"data":"epoch 192 loss   0.7907 lr 3.02e-06\n"}
,{"stream_name":"stdout","time":4489.332104215,"data":"epoch 193 loss   0.7566 lr 2.22e-06\n"}
,{"stream_name":"stdout","time":4511.700005738,"data":"epoch 194 loss   0.7008 lr 1.54e-06\n"}
,{"stream_name":"stdout","time":4535.392551062,"data":"epoch 195 loss   0.6284 lr 9.87e-07 val EPE 1.585 D1 8.71%\n"}
,{"stream_name":"stdout","time":4557.717201813,"data":"epoch 196 loss   0.7309 lr 5.55e-07\n"}
,{"stream_name":"stdout","time":4580.072273265,"data":"epoch 197 loss   0.8262 lr 2.47e-07\n"}
,{"stream_name":"stdout","time":4602.477708833,"data":"epoch 198 loss   0.7143 lr 6.17e-08\n"}
,{"stream_name":"stdout","time":4626.237589397,"data":"epoch 199 loss   0.6955 lr 0.00e+00 val EPE 1.577 D1 8.65%\n"}
,{"stream_name":"stdout","time":4626.265394863,"data":"P2A seed 2 done: wall 4604.4s best10 EPE 1.5419 @epoch 145\n"}
,{"stream_name":"stdout","time":4628.883638925,"data":"ARM armp COMPLETE wall=4614.3s best10=1.5419@145 final_lr=0.00e+00\n"}
,{"stream_name":"stdout","time":4628.908420295,"data":"provenance /kaggle/working/provenance_armp_seed2.json rc=0 wall=4628.0\n"}
,{"stream_name":"stderr","time":4631.580116062,"data":"/usr/local/lib/python3.12/dist-packages/mistune.py:435: SyntaxWarning: invalid escape sequence '\\|'\n"}
,{"stream_name":"stderr","time":4631.58018201,"data":"  cells[i][c] = re.sub('\\\\\\\\\\|', '|', cell)\n"}
,{"stream_name":"stderr","time":4631.908494166,"data":"/usr/local/lib/python3.12/dist-packages/nbconvert/filters/filter_links.py:36: SyntaxWarning: invalid escape sequence '\\_'\n"}
,{"stream_name":"stderr","time":4631.908526173,"data":"  text = re.sub(r'_', '\\_', text) # Escape underscores in display text\n"}
,{"stream_name":"stderr","time":4632.60285975,"data":"[NbConvertApp] Converting notebook __script__.ipynb to html\n"}
,{"stream_name":"stderr","time":4633.903470912,"data":"[NbConvertApp] Writing 309332 bytes to __results__.html\n"}
]