[{"stream_name":"stdout","time":6.5121988,"data":"{\"python\": \"3.12.13\", \"torch\": \"2.10.0+cu128\", \"cuda\": \"12.8\", \"cudnn\": 91002, \"gpu\": \"Tesla T4\", \"device_count\": 2}\n"}
,{"stream_name":"stdout","time":6.512261076,"data":"+ /usr/bin/python3 /kaggle/working/repo/stage_e_recipe/run/scripts/run_arm.py --arm armp --init /kaggle/working/repo/checkpoints/e3_seed0_final.pth --outdir /kaggle/working/repo/stage_e_recipe/run/armp --seed 0 --epochs 40 --timeout_s 18000.0\n"}
,{"stream_name":"stdout","time":6.609402541,"data":"RUN arm=armp init=/kaggle/working/repo/checkpoints/e3_seed0_final.pth pid=20 cmd=['/usr/bin/python3', '/kaggle/working/repo/stage_e_recipe/run/scripts/finetune_pilot.py', '--init', '/kaggle/working/repo/checkpoints/e3_seed0_final.pth', '--arm', 'armp']\n"}
,{"stream_name":"stdout","time":8.858454213,"data":"integrity guard: {\"param_count\": 397954, \"param_count_ok\": true, \"all_ok\": true}\n"}
,{"stream_name":"stdout","time":8.871421701,"data":"init: {\"source\": \"/kaggle/working/repo/checkpoints/e3_seed0_final.pth\", \"strict\": true, \"sha256\": \"82e58bc441a4382ec449479fe26bf479f6b45e9ace4d79b530abeeb40ea79c6d\", \"n_keys\": 70, \"param_count\": 397954}\n"}
,{"stream_name":"stdout","time":15.271030959,"data":"/kaggle/working/repo/stage_e_recipe/run/scripts/finetune_pilot.py:303: UserWarning: Converting a tensor with requires_grad=True to a scalar may lead to unexpected behavior.\n"}
,{"stream_name":"stdout","time":15.271066586,"data":"Consider using tensor.detach() first. (Triggered internally at /pytorch/torch/csrc/autograd/generated/python_variable_methods.cpp:836.)\n"}
,{"stream_name":"stdout","time":15.271072969,"data":"  epoch_loss += float(loss)\n"}
,{"stream_name":"stdout","time":40.071016684,"data":"epoch   0 loss   0.6716 lr 9.98e-05 val EPE 1.645 D1 8.76%\n"}
,{"stream_name":"stdout","time":61.840014914,"data":"epoch   1 loss   0.6538 lr 9.94e-05\n"}
,{"stream_name":"stdout","time":83.763140725,"data":"epoch   2 loss   0.6308 lr 9.86e-05\n"}
,{"stream_name":"stdout","time":105.933961613,"data":"epoch   3 loss   0.6955 lr 9.76e-05\n"}
,{"stream_name":"stdout","time":128.476584205,"data":"epoch   4 loss   0.6254 lr 9.62e-05\n"}
,{"stream_name":"stdout","time":152.602395094,"data":"epoch   5 loss   0.5689 lr 9.46e-05 val EPE 1.554 D1 8.28%\n"}
,{"stream_name":"stdout","time":175.492023285,"data":"epoch   6 loss   0.7159 lr 9.26e-05\n"}
,{"stream_name":"stdout","time":198.258190439,"data":"epoch   7 loss   0.6419 lr 9.05e-05\n"}
,{"stream_name":"stdout","time":220.870869153,"data":"epoch   8 loss   0.6871 lr 8.80e-05\n"}
,{"stream_name":"stdout","time":243.659277293,"data":"epoch   9 loss   0.7518 lr 8.54e-05\n"}
,{"stream_name":"stdout","time":267.813037871,"data":"epoch  10 loss   0.6096 lr 8.25e-05 val EPE 1.532 D1 8.35%\n"}
,{"stream_name":"stdout","time":290.59483615,"data":"epoch  11 loss   0.6070 lr 7.94e-05\n"}
,{"stream_name":"stdout","time":313.381677823,"data":"epoch  12 loss   0.7033 lr 7.61e-05\n"}
,{"stream_name":"stdout","time":336.264741723,"data":"epoch  13 loss   0.6802 lr 7.27e-05\n"}
,{"stream_name":"stdout","time":359.106936977,"data":"epoch  14 loss   0.6615 lr 6.91e-05\n"}
,{"stream_name":"stdout","time":383.258936374,"data":"epoch  15 loss   0.6535 lr 6.55e-05 val EPE 1.630 D1 8.70%\n"}
,{"stream_name":"stdout","time":406.087160958,"data":"epoch  16 loss   0.6465 lr 6.17e-05\n"}
,{"stream_name":"stdout","time":428.978680546,"data":"epoch  17 loss   0.6722 lr 5.78e-05\n"}
,{"stream_name":"stdout","time":451.886544574,"data":"epoch  18 loss   0.6401 lr 5.39e-05\n"}
,{"stream_name":"stdout","time":474.740137051,"data":"epoch  19 loss   0.6305 lr 5.00e-05\n"}
,{"stream_name":"stdout","time":498.957680057,"data":"epoch  20 loss   0.7610 lr 4.61e-05 val EPE 1.534 D1 8.09%\n"}
,{"stream_name":"stdout","time":521.864397777,"data":"epoch  21 loss   0.6405 lr 4.22e-05\n"}
,{"stream_name":"stdout","time":544.735264455,"data":"epoch  22 loss   0.6834 lr 3.83e-05\n"}
,{"stream_name":"stdout","time":567.797482744,"data":"epoch  23 loss   0.6509 lr 3.45e-05\n"}
,{"stream_name":"stdout","time":590.624098578,"data":"epoch  24 loss   0.7051 lr 3.09e-05\n"}
,{"stream_name":"stdout","time":614.744225831,"data":"epoch  25 loss   0.6521 lr 2.73e-05 val EPE 1.643 D1 8.74%\n"}
,{"stream_name":"stdout","time":637.639343056,"data":"epoch  26 loss   0.6776 lr 2.39e-05\n"}
,{"stream_name":"stdout","time":660.537838238,"data":"epoch  27 loss   0.5838 lr 2.06e-05\n"}
,{"stream_name":"stdout","time":683.598332142,"data":"epoch  28 loss   0.7451 lr 1.75e-05\n"}
,{"stream_name":"stdout","time":706.505324306,"data":"epoch  29 loss   0.6420 lr 1.46e-05\n"}
,{"stream_name":"stdout","time":730.789290693,"data":"epoch  30 loss   0.5657 lr 1.20e-05 val EPE 1.606 D1 8.55%\n"}
,{"stream_name":"stdout","time":753.78701099,"data":"epoch  31 loss   0.6329 lr 9.55e-06\n"}
,{"stream_name":"stdout","time":776.743505393,"data":"epoch  32 loss   0.6910 lr 7.37e-06\n"}
,{"stream_name":"stdout","time":799.668288622,"data":"epoch  33 loss   0.6615 lr 5.45e-06\n"}
,{"stream_name":"stdout","time":823.47899729,"data":"epoch  34 loss   0.5246 lr 3.81e-06\n"}
,{"stream_name":"stdout","time":847.808192884,"data":"epoch  35 loss   0.6278 lr 2.45e-06 val EPE 1.593 D1 8.46%\n"}
,{"stream_name":"stdout","time":870.783276348,"data":"epoch  36 loss   0.5560 lr 1.38e-06\n"}
,{"stream_name":"stdout","time":893.669848336,"data":"epoch  37 loss   0.5744 lr 6.16e-07\n"}
,{"stream_name":"stdout","time":917.087866428,"data":"epoch  38 loss   0.5954 lr 1.54e-07\n"}
,{"stream_name":"stdout","time":942.763576519,"data":"epoch  39 loss   0.6337 lr 0.00e+00 val EPE 1.590 D1 8.43%\n"}
,{"stream_name":"stdout","time":942.788594974,"data":"P2A seed 0 done: wall 929.1s best10 EPE 1.5322 @epoch 10\n"}
,{"stream_name":"stdout","time":944.762430481,"data":"ARM armp COMPLETE wall=938.1s best10=1.5322@10 final_lr=0.00e+00\n"}
,{"stream_name":"stdout","time":954.481215491,"data":"armp/best EPE 1.1526628 D1 6.0258% contract True\n"}
,{"stream_name":"stdout","time":960.842929884,"data":"armp/final EPE 1.1659959 D1 6.0021% contract True\n"}
,{"stream_name":"stdout","time":960.861593129,"data":"\n"}
,{"stream_name":"stdout","time":960.861633668,"data":"L1C seed 0 COMPLETE in 960.1s\n"}
,{"stream_name":"stdout","time":960.861640253,"data":"  best  EPE 1.1526628  D1 6.0258%\n"}
,{"stream_name":"stdout","time":960.861644795,"data":"  final EPE 1.1659959  D1 6.0021%\n"}
,{"stream_name":"stdout","time":960.861649151,"data":"wrote /kaggle/working/l1c_seed0.json\n"}
,{"stream_name":"stderr","time":963.390200459,"data":"/usr/local/lib/python3.12/dist-packages/mistune.py:435: SyntaxWarning: invalid escape sequence '\\|'\n"}
,{"stream_name":"stderr","time":963.390251749,"data":"  cells[i][c] = re.sub('\\\\\\\\\\|', '|', cell)\n"}
,{"stream_name":"stderr","time":963.618131965,"data":"/usr/local/lib/python3.12/dist-packages/nbconvert/filters/filter_links.py:36: SyntaxWarning: invalid escape sequence '\\_'\n"}
,{"stream_name":"stderr","time":963.618155748,"data":"  text = re.sub(r'_', '\\_', text) # Escape underscores in display text\n"}
,{"stream_name":"stderr","time":964.214565457,"data":"[NbConvertApp] Converting notebook __script__.ipynb to html\n"}
,{"stream_name":"stderr","time":965.333224879,"data":"[NbConvertApp] Writing 309065 bytes to __results__.html\n"}
]