integrity guard: {"param_count": 397954, "param_count_ok": true, "all_ok": true}
init: {"source": "/kaggle/working/repo/checkpoints/e3_seed0_final.pth", "strict": true, "sha256": "82e58bc441a4382ec449479fe26bf479f6b45e9ace4d79b530abeeb40ea79c6d", "n_keys": 70, "param_count": 397954}
/kaggle/working/repo/stage_e_recipe/run/scripts/finetune_pilot.py:324: UserWarning: Converting a tensor with requires_grad=True to a scalar may lead to unexpected behavior.
Consider using tensor.detach() first. (Triggered internally at /pytorch/torch/csrc/autograd/generated/python_variable_methods.cpp:836.)
  epoch_loss += float(loss)
epoch   0 loss   1.0167 lr 9.98e-05 val EPE 1.649 D1 8.75%
epoch   1 loss   0.9928 lr 9.94e-05
epoch   2 loss   0.9715 lr 9.86e-05
epoch   3 loss   1.0327 lr 9.76e-05
epoch   4 loss   0.9634 lr 9.62e-05
epoch   5 loss   0.9023 lr 9.46e-05 val EPE 1.548 D1 8.32%
epoch   6 loss   1.0554 lr 9.26e-05
epoch   7 loss   0.9872 lr 9.05e-05
epoch   8 loss   1.0286 lr 8.80e-05
epoch   9 loss   1.1045 lr 8.54e-05
epoch  10 loss   0.9469 lr 8.25e-05 val EPE 1.535 D1 8.36%
epoch  11 loss   0.9441 lr 7.94e-05
epoch  12 loss   1.0504 lr 7.61e-05
epoch  13 loss   1.0185 lr 7.27e-05
epoch  14 loss   1.0068 lr 6.91e-05
epoch  15 loss   0.9885 lr 6.55e-05 val EPE 1.620 D1 8.62%
epoch  16 loss   0.9820 lr 6.17e-05
epoch  17 loss   1.0105 lr 5.78e-05
epoch  18 loss   0.9795 lr 5.39e-05
epoch  19 loss   0.9684 lr 5.00e-05
epoch  20 loss   1.0964 lr 4.61e-05 val EPE 1.546 D1 8.17%
epoch  21 loss   0.9811 lr 4.22e-05
epoch  22 loss   1.0224 lr 3.83e-05
epoch  23 loss   0.9928 lr 3.45e-05
epoch  24 loss   1.0361 lr 3.09e-05
epoch  25 loss   0.9938 lr 2.73e-05 val EPE 1.650 D1 8.73%
epoch  26 loss   1.0142 lr 2.39e-05
epoch  27 loss   0.9170 lr 2.06e-05
epoch  28 loss   1.0861 lr 1.75e-05
epoch  29 loss   0.9795 lr 1.46e-05
epoch  30 loss   0.8993 lr 1.20e-05 val EPE 1.597 D1 8.48%
epoch  31 loss   0.9701 lr 9.55e-06
epoch  32 loss   1.0234 lr 7.37e-06
epoch  33 loss   1.0009 lr 5.45e-06
epoch  34 loss   0.8553 lr 3.81e-06
epoch  35 loss   0.9591 lr 2.45e-06 val EPE 1.582 D1 8.39%
epoch  36 loss   0.8897 lr 1.38e-06
epoch  37 loss   0.9067 lr 6.16e-07
epoch  38 loss   0.9339 lr 1.54e-07
epoch  39 loss   0.9682 lr 0.00e+00 val EPE 1.578 D1 8.36%
P2A seed 0 done: wall 934.4s best10 EPE 1.5353 @epoch 10
