integrity guard: {"param_count": 397954, "param_count_ok": true, "all_ok": true}
init: {"source": "/kaggle/working/repo/checkpoints/armp_stage1_best.pth", "strict": true, "sha256": "3ae6fb3be6b2bda9287b325ccbe6d1397744c8f20ef5e56c046176d9f1a29be7", "n_keys": 70, "param_count": 397954}
/kaggle/working/repo/stage_e_recipe/run/scripts/finetune_pilot.py:303: UserWarning: Converting a tensor with requires_grad=True to a scalar may lead to unexpected behavior.
Consider using tensor.detach() first. (Triggered internally at /pytorch/torch/csrc/autograd/generated/python_variable_methods.cpp:836.)
  epoch_loss += float(loss)
epoch   0 loss   2.3738 lr 1.00e-03 val EPE 3.346 D1 25.65%
epoch   1 loss   1.7139 lr 1.00e-03
epoch   2 loss   1.6397 lr 9.99e-04
epoch   3 loss   1.5510 lr 9.99e-04
epoch   4 loss   1.5324 lr 9.98e-04
epoch   5 loss   1.4257 lr 9.98e-04 val EPE 2.165 D1 14.22%
epoch   6 loss   1.5118 lr 9.97e-04
epoch   7 loss   1.3075 lr 9.96e-04
epoch   8 loss   1.6514 lr 9.95e-04
epoch   9 loss   1.7435 lr 9.94e-04
epoch  10 loss   1.5760 lr 9.93e-04 val EPE 2.066 D1 13.38%
epoch  11 loss   1.2833 lr 9.91e-04
epoch  12 loss   1.1723 lr 9.90e-04
epoch  13 loss   1.4319 lr 9.88e-04
epoch  14 loss   1.2414 lr 9.86e-04
epoch  15 loss   1.2194 lr 9.84e-04 val EPE 1.984 D1 13.15%
epoch  16 loss   1.0854 lr 9.82e-04
epoch  17 loss   1.2214 lr 9.80e-04
epoch  18 loss   1.5007 lr 9.78e-04
epoch  19 loss   1.3312 lr 9.76e-04
epoch  20 loss   1.0942 lr 9.73e-04 val EPE 2.130 D1 12.88%
epoch  21 loss   1.0686 lr 9.70e-04
epoch  22 loss   1.2652 lr 9.68e-04
epoch  23 loss   1.2356 lr 9.65e-04
epoch  24 loss   1.1258 lr 9.62e-04
epoch  25 loss   1.2887 lr 9.59e-04 val EPE 2.304 D1 15.04%
epoch  26 loss   1.2745 lr 9.56e-04
epoch  27 loss   1.2106 lr 9.52e-04
epoch  28 loss   1.0471 lr 9.49e-04
epoch  29 loss   1.0554 lr 9.46e-04
epoch  30 loss   1.2058 lr 9.42e-04 val EPE 2.410 D1 14.64%
epoch  31 loss   1.1276 lr 9.38e-04
epoch  32 loss   1.4757 lr 9.34e-04
epoch  33 loss   1.1395 lr 9.30e-04
epoch  34 loss   1.3222 lr 9.26e-04
epoch  35 loss   1.0939 lr 9.22e-04 val EPE 1.859 D1 11.11%
epoch  36 loss   1.1083 lr 9.18e-04
epoch  37 loss   1.0863 lr 9.14e-04
epoch  38 loss   1.0623 lr 9.09e-04
epoch  39 loss   0.9518 lr 9.05e-04
epoch  40 loss   1.0783 lr 9.00e-04 val EPE 2.046 D1 11.13%
epoch  41 loss   1.1403 lr 8.95e-04
epoch  42 loss   1.2637 lr 8.90e-04
epoch  43 loss   1.0122 lr 8.85e-04
epoch  44 loss   1.0436 lr 8.80e-04
epoch  45 loss   0.9642 lr 8.75e-04 val EPE 1.949 D1 10.92%
epoch  46 loss   0.9793 lr 8.70e-04
epoch  47 loss   1.0938 lr 8.64e-04
epoch  48 loss   1.3996 lr 8.59e-04
epoch  49 loss   1.2399 lr 8.54e-04
epoch  50 loss   1.1373 lr 8.48e-04 val EPE 2.090 D1 12.38%
epoch  51 loss   1.2947 lr 8.42e-04
epoch  52 loss   0.9817 lr 8.37e-04
epoch  53 loss   1.1190 lr 8.31e-04
epoch  54 loss   1.1317 lr 8.25e-04
epoch  55 loss   0.9986 lr 8.19e-04 val EPE 1.870 D1 11.36%
epoch  56 loss   1.0801 lr 8.13e-04
epoch  57 loss   1.1644 lr 8.06e-04
epoch  58 loss   1.0017 lr 8.00e-04
epoch  59 loss   1.0110 lr 7.94e-04
epoch  60 loss   1.0176 lr 7.88e-04 val EPE 1.875 D1 11.23%
epoch  61 loss   0.9663 lr 7.81e-04
epoch  62 loss   1.2327 lr 7.75e-04
epoch  63 loss   1.0153 lr 7.68e-04
epoch  64 loss   1.0179 lr 7.61e-04
epoch  65 loss   1.2264 lr 7.55e-04 val EPE 1.910 D1 11.16%
epoch  66 loss   1.0212 lr 7.48e-04
epoch  67 loss   1.1341 lr 7.41e-04
epoch  68 loss   1.2341 lr 7.34e-04
epoch  69 loss   1.0794 lr 7.27e-04
epoch  70 loss   0.9356 lr 7.20e-04 val EPE 2.613 D1 14.35%
epoch  71 loss   1.0664 lr 7.13e-04
epoch  72 loss   0.9432 lr 7.06e-04
epoch  73 loss   0.8712 lr 6.99e-04
epoch  74 loss   1.0248 lr 6.91e-04
epoch  75 loss   0.9216 lr 6.84e-04 val EPE 2.228 D1 11.99%
epoch  76 loss   0.9608 lr 6.77e-04
epoch  77 loss   0.8238 lr 6.69e-04
epoch  78 loss   0.8593 lr 6.62e-04
epoch  79 loss   0.9031 lr 6.55e-04
epoch  80 loss   0.9164 lr 6.47e-04 val EPE 1.810 D1 11.02%
epoch  81 loss   0.8969 lr 6.39e-04
epoch  82 loss   1.0167 lr 6.32e-04
epoch  83 loss   0.9607 lr 6.24e-04
epoch  84 loss   1.0659 lr 6.17e-04
epoch  85 loss   1.0468 lr 6.09e-04 val EPE 1.812 D1 10.98%
epoch  86 loss   0.9829 lr 6.01e-04
epoch  87 loss   1.0020 lr 5.94e-04
epoch  88 loss   1.0220 lr 5.86e-04
epoch  89 loss   1.1376 lr 5.78e-04
epoch  90 loss   0.9556 lr 5.70e-04 val EPE 2.132 D1 11.84%
epoch  91 loss   1.0029 lr 5.63e-04
epoch  92 loss   0.8673 lr 5.55e-04
epoch  93 loss   0.9798 lr 5.47e-04
epoch  94 loss   0.8789 lr 5.39e-04
epoch  95 loss   0.8837 lr 5.31e-04 val EPE 1.756 D1 10.21%
epoch  96 loss   0.8633 lr 5.24e-04
epoch  97 loss   0.9936 lr 5.16e-04
epoch  98 loss   0.9345 lr 5.08e-04
epoch  99 loss   1.1804 lr 5.00e-04
epoch 100 loss   1.0757 lr 4.92e-04 val EPE 1.941 D1 11.39%
epoch 101 loss   1.0131 lr 4.84e-04
epoch 102 loss   1.0687 lr 4.76e-04
epoch 103 loss   0.9748 lr 4.69e-04
epoch 104 loss   0.9501 lr 4.61e-04
epoch 105 loss   0.9251 lr 4.53e-04 val EPE 1.717 D1 9.99%
epoch 106 loss   0.7506 lr 4.45e-04
epoch 107 loss   0.8548 lr 4.37e-04
epoch 108 loss   0.8858 lr 4.30e-04
epoch 109 loss   0.9191 lr 4.22e-04
epoch 110 loss   0.8879 lr 4.14e-04 val EPE 1.673 D1 9.49%
epoch 111 loss   0.9017 lr 4.06e-04
epoch 112 loss   0.8598 lr 3.99e-04
epoch 113 loss   0.8452 lr 3.91e-04
epoch 114 loss   0.8589 lr 3.83e-04
epoch 115 loss   0.9151 lr 3.76e-04 val EPE 2.095 D1 11.22%
epoch 116 loss   0.9004 lr 3.68e-04
epoch 117 loss   0.7623 lr 3.61e-04
epoch 118 loss   0.9518 lr 3.53e-04
epoch 119 loss   0.8401 lr 3.45e-04
epoch 120 loss   0.8391 lr 3.38e-04 val EPE 1.741 D1 9.76%
epoch 121 loss   0.7641 lr 3.31e-04
epoch 122 loss   0.8264 lr 3.23e-04
epoch 123 loss   0.8148 lr 3.16e-04
epoch 124 loss   0.8325 lr 3.09e-04
epoch 125 loss   0.9204 lr 3.01e-04 val EPE 1.728 D1 9.24%
epoch 126 loss   0.8022 lr 2.94e-04
epoch 127 loss   0.8135 lr 2.87e-04
epoch 128 loss   0.7241 lr 2.80e-04
epoch 129 loss   0.8481 lr 2.73e-04
epoch 130 loss   0.7982 lr 2.66e-04 val EPE 1.756 D1 9.84%
epoch 131 loss   0.9697 lr 2.59e-04
epoch 132 loss   0.7284 lr 2.52e-04
epoch 133 loss   0.7324 lr 2.45e-04
epoch 134 loss   0.7563 lr 2.39e-04
epoch 135 loss   0.7323 lr 2.32e-04 val EPE 1.682 D1 9.32%
epoch 136 loss   0.9228 lr 2.25e-04
epoch 137 loss   0.6889 lr 2.19e-04
epoch 138 loss   0.8544 lr 2.12e-04
epoch 139 loss   0.7597 lr 2.06e-04
epoch 140 loss   0.8335 lr 2.00e-04 val EPE 1.568 D1 8.58%
epoch 141 loss   0.7944 lr 1.94e-04
epoch 142 loss   0.7286 lr 1.87e-04
epoch 143 loss   0.8148 lr 1.81e-04
epoch 144 loss   0.7518 lr 1.75e-04
epoch 145 loss   0.8155 lr 1.69e-04 val EPE 1.595 D1 8.85%
epoch 146 loss   0.7788 lr 1.63e-04
epoch 147 loss   0.7958 lr 1.58e-04
epoch 148 loss   0.7392 lr 1.52e-04
epoch 149 loss   0.8224 lr 1.46e-04
epoch 150 loss   0.7212 lr 1.41e-04 val EPE 1.655 D1 9.18%
epoch 151 loss   0.8205 lr 1.36e-04
epoch 152 loss   0.6903 lr 1.30e-04
epoch 153 loss   0.8880 lr 1.25e-04
epoch 154 loss   0.8543 lr 1.20e-04
epoch 155 loss   0.7319 lr 1.15e-04 val EPE 1.698 D1 9.25%
epoch 156 loss   0.8525 lr 1.10e-04
epoch 157 loss   0.6687 lr 1.05e-04
epoch 158 loss   0.6673 lr 1.00e-04
epoch 159 loss   0.8077 lr 9.55e-05
epoch 160 loss   0.7838 lr 9.09e-05 val EPE 1.563 D1 8.90%
epoch 161 loss   0.6718 lr 8.65e-05
epoch 162 loss   0.7301 lr 8.21e-05
epoch 163 loss   0.8646 lr 7.78e-05
epoch 164 loss   0.6787 lr 7.37e-05
epoch 165 loss   0.7168 lr 6.96e-05 val EPE 1.598 D1 8.87%
epoch 166 loss   0.7669 lr 6.57e-05
epoch 167 loss   0.6257 lr 6.18e-05
epoch 168 loss   0.6453 lr 5.81e-05
epoch 169 loss   0.7978 lr 5.45e-05
epoch 170 loss   0.7142 lr 5.10e-05 val EPE 1.637 D1 9.22%
epoch 171 loss   0.8434 lr 4.76e-05
epoch 172 loss   0.7793 lr 4.43e-05
epoch 173 loss   0.7358 lr 4.11e-05
epoch 174 loss   0.8004 lr 3.81e-05
epoch 175 loss   0.6773 lr 3.51e-05 val EPE 1.650 D1 9.06%
epoch 176 loss   0.7441 lr 3.23e-05
epoch 177 loss   0.8169 lr 2.96e-05
epoch 178 loss   0.7362 lr 2.70e-05
epoch 179 loss   0.6954 lr 2.45e-05
epoch 180 loss   0.7032 lr 2.21e-05 val EPE 1.617 D1 8.97%
epoch 181 loss   0.8927 lr 1.99e-05
epoch 182 loss   0.7383 lr 1.77e-05
epoch 183 loss   0.7470 lr 1.57e-05
epoch 184 loss   0.7702 lr 1.38e-05
epoch 185 loss   0.7292 lr 1.20e-05 val EPE 1.651 D1 9.03%
epoch 186 loss   0.7360 lr 1.04e-05
epoch 187 loss   0.6549 lr 8.86e-06
epoch 188 loss   0.7091 lr 7.45e-06
epoch 189 loss   0.7203 lr 6.16e-06
epoch 190 loss   0.6993 lr 4.99e-06 val EPE 1.636 D1 9.13%
epoch 191 loss   0.6930 lr 3.94e-06
epoch 192 loss   0.7960 lr 3.02e-06
epoch 193 loss   0.7515 lr 2.22e-06
epoch 194 loss   0.7041 lr 1.54e-06
epoch 195 loss   0.6436 lr 9.87e-07 val EPE 1.618 D1 8.97%
epoch 196 loss   0.7442 lr 5.55e-07
epoch 197 loss   0.8152 lr 2.47e-07
epoch 198 loss   0.7250 lr 6.17e-08
epoch 199 loss   0.6880 lr 0.00e+00 val EPE 1.611 D1 8.94%
P2A seed 2 done: wall 4758.6s best10 EPE 1.5627 @epoch 160
