scene: 000161_10.png  left crop (272, 1136, 3)
Lf shape (1, 32, 17, 71)  |Lf| max 1.606e+07

tau=1 t=16px   pixel identity right[:, :-t]==left[:, t:] -> True
  |Lf[w+tau] - Rf[w]| per column, max over C,H:
    w=0..5    [5.317e+06 7.233e+06 3.673e+06 1.440e+06 1.120e+06 8.028e+05]
    w=28..34  [0. 0. 0. 0. 0. 0. 0.]
    w=50..56  [  0.   0.   0.   0.   0.   0. 438.]
  |V[:,k=tau,:,w]| exactly-zero columns: n=41  range=15..55
  |V| max over the whole k=tau slice: 7.23312e+06
  per-row max (rows 0..16): [1.97e+06 3.02e+06 3.40e+06 4.59e+06 4.62e+06 5.37e+06 5.43e+06 6.04e+06 4.40e+06 5.01e+06 5.06e+06 4.36e+06 4.03e+06 7.23e+06 5.28e+06 3.41e+06 5.10e+06]
  non-zero columns: [ 0  1  2  3  4  5  6  7  8  9 10 11] ... [63 64 65 66 67 68 69 70]

tau=3 t=48px   pixel identity right[:, :-t]==left[:, t:] -> True
  |Lf[w+tau] - Rf[w]| per column, max over C,H:
    w=0..5    [8.985e+06 6.621e+06 5.092e+06 2.304e+06 1.259e+06 6.270e+05]
    w=28..34  [0. 0. 0. 0. 0. 0. 0.]
    w=50..56  [   0.      0.      0.      0.    438.    750.25 1043.  ]
  |V[:,k=tau,:,w]| exactly-zero columns: n=39  range=15..53
  |V| max over the whole k=tau slice: 1.12201e+07
  per-row max (rows 0..16): [3.17e+06 5.04e+06 5.60e+06 7.70e+06 5.99e+06 6.88e+06 6.61e+06 1.12e+07 5.31e+06 7.56e+06 6.63e+06 7.39e+06 5.98e+06 6.62e+06 5.71e+06 5.29e+06 8.99e+06]
  non-zero columns: [ 0  1  2  3  4  5  6  7  8  9 10 11] ... [63 64 65 66 67 68 69 70]

tau=6 t=96px   pixel identity right[:, :-t]==left[:, t:] -> True
  |Lf[w+tau] - Rf[w]| per column, max over C,H:
    w=0..5    [8.166e+06 5.725e+06 3.705e+06 2.264e+06 9.272e+05 5.175e+05]
    w=28..34  [0. 0. 0. 0. 0. 0. 0.]
    w=50..56  [    0.      438.      750.25   1043.     1803.125  6606.5   18627.25 ]
  |V[:,k=tau,:,w]| exactly-zero columns: n=36  range=15..50
  |V| max over the whole k=tau slice: 1.24912e+07
  per-row max (rows 0..16): [3.45e+06 3.57e+06 4.51e+06 5.74e+06 8.88e+06 7.31e+06 9.34e+06 1.25e+07 7.48e+06 8.29e+06 8.02e+06 8.00e+06 6.95e+06 8.17e+06 6.42e+06 8.13e+06 9.89e+06]
  non-zero columns: [ 0  1  2  3  4  5  6  7  8  9 10 11] ... [63 64 65 66 67 68 69 70]

--- exact-zero interior rectangle search (tau=1..6) ---
tau=1  all-zero rows none   all-zero cols [15 16 17 18 19 20 21 22 23 24 25 26 27 28 29 30 31 32 33 34 35 36 37 38
 39 40 41 42 43 44 45 46 47 48 49 50 51 52 53 54 55]   total zero cells 702/1207
tau=2  all-zero rows none   all-zero cols [15 16 17 18 19 20 21 22 23 24 25 26 27 28 29 30 31 32 33 34 35 36 37 38
 39 40 41 42 43 44 45 46 47 48 49 50 51 52 53 54]   total zero cells 684/1207
tau=3  all-zero rows none   all-zero cols [15 16 17 18 19 20 21 22 23 24 25 26 27 28 29 30 31 32 33 34 35 36 37 38
 39 40 41 42 43 44 45 46 47 48 49 50 51 52 53]   total zero cells 667/1207
tau=4  all-zero rows none   all-zero cols [15 16 17 18 19 20 21 22 23 24 25 26 27 28 29 30 31 32 33 34 35 36 37 38
 39 40 41 42 43 44 45 46 47 48 49 50 51 52]   total zero cells 650/1207
tau=5  all-zero rows none   all-zero cols [15 16 17 18 19 20 21 22 23 24 25 26 27 28 29 30 31 32 33 34 35 36 37 38
 39 40 41 42 43 44 45 46 47 48 49 50 51]   total zero cells 633/1207
tau=6  all-zero rows none   all-zero cols [15 16 17 18 19 20 21 22 23 24 25 26 27 28 29 30 31 32 33 34 35 36 37 38
 39 40 41 42 43 44 45 46 47 48 49 50]   total zero cells 618/1207
