integrity guard: {"param_count": 397954, "param_count_ok": true, "all_ok": true}
init: {"source": "/kaggle/working/repo/checkpoints/armp_stage1_best.pth", "strict": true, "sha256": "3ae6fb3be6b2bda9287b325ccbe6d1397744c8f20ef5e56c046176d9f1a29be7", "n_keys": 70, "param_count": 397954}
/kaggle/working/repo/stage_e_recipe/run/scripts/finetune_pilot.py:318: UserWarning: Converting a tensor with requires_grad=True to a scalar may lead to unexpected behavior.
Consider using tensor.detach() first. (Triggered internally at /pytorch/torch/csrc/autograd/generated/python_variable_methods.cpp:836.)
  epoch_loss += float(loss)
epoch   0 loss   2.6140 ce   2.7793 lr 1.00e-03 val EPE 2.742 D1 19.73%
epoch   1 loss   2.0203 ce   2.6470 lr 1.00e-03
epoch   2 loss   1.7943 ce   2.5384 lr 9.99e-04
epoch   3 loss   1.9350 ce   2.5145 lr 9.99e-04
epoch   4 loss   1.6450 ce   2.4695 lr 9.98e-04
epoch   5 loss   1.4949 ce   2.3726 lr 9.98e-04 val EPE 2.385 D1 15.74%
epoch   6 loss   1.7473 ce   2.3200 lr 9.97e-04
epoch   7 loss   1.4749 ce   2.2554 lr 9.96e-04
epoch   8 loss   1.6410 ce   2.2038 lr 9.95e-04
epoch   9 loss   1.5216 ce   2.1518 lr 9.94e-04
epoch  10 loss   1.4272 ce   2.1014 lr 9.93e-04 val EPE 2.882 D1 24.65%
epoch  11 loss   1.3186 ce   2.0635 lr 9.91e-04
epoch  12 loss   1.7854 ce   2.0716 lr 9.90e-04
epoch  13 loss   1.4688 ce   2.0445 lr 9.88e-04
epoch  14 loss   1.4475 ce   2.0179 lr 9.86e-04
epoch  15 loss   1.4512 ce   1.9637 lr 9.84e-04 val EPE 2.040 D1 13.54%
epoch  16 loss   1.5034 ce   1.9439 lr 9.82e-04
epoch  17 loss   1.5505 ce   1.8971 lr 9.80e-04
epoch  18 loss   1.4835 ce   1.8931 lr 9.78e-04
epoch  19 loss   1.4719 ce   1.8885 lr 9.76e-04
epoch  20 loss   1.7290 ce   1.8731 lr 9.73e-04 val EPE 2.593 D1 16.69%
epoch  21 loss   1.5378 ce   1.8335 lr 9.70e-04
epoch  22 loss   1.6449 ce   1.8461 lr 9.68e-04
epoch  23 loss   1.5632 ce   1.8516 lr 9.65e-04
epoch  24 loss   1.5819 ce   1.8349 lr 9.62e-04
epoch  25 loss   1.3173 ce   1.7559 lr 9.59e-04 val EPE 1.992 D1 11.98%
epoch  26 loss   1.7264 ce   1.7581 lr 9.56e-04
epoch  27 loss   1.2762 ce   1.7236 lr 9.52e-04
epoch  28 loss   1.4367 ce   1.7063 lr 9.49e-04
epoch  29 loss   1.4245 ce   1.6776 lr 9.46e-04
epoch  30 loss   1.1870 ce   1.6894 lr 9.42e-04 val EPE 2.070 D1 12.28%
epoch  31 loss   1.3965 ce   1.7194 lr 9.38e-04
epoch  32 loss   1.6480 ce   1.7262 lr 9.34e-04
epoch  33 loss   1.4192 ce   1.6898 lr 9.30e-04
epoch  34 loss   1.1057 ce   1.6476 lr 9.26e-04
epoch  35 loss   1.2656 ce   1.6257 lr 9.22e-04 val EPE 2.388 D1 16.14%
epoch  36 loss   1.2009 ce   1.6207 lr 9.18e-04
epoch  37 loss   1.0602 ce   1.5955 lr 9.14e-04
epoch  38 loss   1.1225 ce   1.5671 lr 9.09e-04
epoch  39 loss   1.1909 ce   1.5572 lr 9.05e-04
epoch  40 loss   1.3857 ce   1.5957 lr 9.00e-04 val EPE 1.826 D1 11.15%
epoch  41 loss   1.3976 ce   1.5937 lr 8.95e-04
epoch  42 loss   1.1469 ce   1.5594 lr 8.90e-04
epoch  43 loss   1.1936 ce   1.5415 lr 8.85e-04
epoch  44 loss   1.2648 ce   1.5688 lr 8.80e-04
epoch  45 loss   1.3771 ce   1.5430 lr 8.75e-04 val EPE 1.895 D1 11.30%
epoch  46 loss   1.4053 ce   1.5555 lr 8.70e-04
epoch  47 loss   1.2533 ce   1.5363 lr 8.64e-04
epoch  48 loss   1.2479 ce   1.5201 lr 8.59e-04
epoch  49 loss   1.3053 ce   1.5444 lr 8.54e-04
epoch  50 loss   1.1098 ce   1.5079 lr 8.48e-04 val EPE 2.284 D1 14.77%
epoch  51 loss   1.1670 ce   1.5050 lr 8.42e-04
epoch  52 loss   1.2503 ce   1.5036 lr 8.37e-04
epoch  53 loss   1.1850 ce   1.4792 lr 8.31e-04
epoch  54 loss   1.1684 ce   1.4871 lr 8.25e-04
epoch  55 loss   1.2308 ce   1.4880 lr 8.19e-04 val EPE 1.944 D1 12.05%
epoch  56 loss   1.1458 ce   1.4751 lr 8.13e-04
epoch  57 loss   1.1929 ce   1.4867 lr 8.06e-04
epoch  58 loss   1.1120 ce   1.4533 lr 8.00e-04
epoch  59 loss   1.1590 ce   1.4674 lr 7.94e-04
epoch  60 loss   1.2981 ce   1.4879 lr 7.88e-04 val EPE 2.151 D1 12.43%
epoch  61 loss   1.2509 ce   1.4629 lr 7.81e-04
epoch  62 loss   1.2512 ce   1.4721 lr 7.75e-04
epoch  63 loss   1.1199 ce   1.4764 lr 7.68e-04
epoch  64 loss   1.0995 ce   1.4566 lr 7.61e-04
epoch  65 loss   1.1660 ce   1.4604 lr 7.55e-04 val EPE 1.783 D1 11.17%
epoch  66 loss   1.2856 ce   1.4602 lr 7.48e-04
epoch  67 loss   1.1581 ce   1.4489 lr 7.41e-04
epoch  68 loss   1.1066 ce   1.4309 lr 7.34e-04
epoch  69 loss   1.3088 ce   1.4435 lr 7.27e-04
epoch  70 loss   1.3579 ce   1.4696 lr 7.20e-04 val EPE 1.860 D1 11.03%
epoch  71 loss   1.1973 ce   1.4571 lr 7.13e-04
epoch  72 loss   1.1230 ce   1.4276 lr 7.06e-04
epoch  73 loss   1.2246 ce   1.4394 lr 6.99e-04
epoch  74 loss   1.2020 ce   1.4356 lr 6.91e-04
epoch  75 loss   1.1647 ce   1.4327 lr 6.84e-04 val EPE 1.949 D1 11.92%
epoch  76 loss   1.0722 ce   1.4137 lr 6.77e-04
epoch  77 loss   1.1089 ce   1.4168 lr 6.69e-04
epoch  78 loss   1.1541 ce   1.4279 lr 6.62e-04
epoch  79 loss   1.1590 ce   1.4248 lr 6.55e-04
epoch  80 loss   1.1655 ce   1.4235 lr 6.47e-04 val EPE 1.737 D1 10.31%
epoch  81 loss   1.2012 ce   1.4153 lr 6.39e-04
epoch  82 loss   1.1599 ce   1.4106 lr 6.32e-04
epoch  83 loss   1.0270 ce   1.3917 lr 6.24e-04
epoch  84 loss   1.0900 ce   1.4048 lr 6.17e-04
epoch  85 loss   1.0669 ce   1.4073 lr 6.09e-04 val EPE 1.770 D1 10.48%
epoch  86 loss   1.0359 ce   1.4081 lr 6.01e-04
epoch  87 loss   1.1584 ce   1.4083 lr 5.94e-04
epoch  88 loss   1.2130 ce   1.4090 lr 5.86e-04
epoch  89 loss   1.1982 ce   1.4104 lr 5.78e-04
epoch  90 loss   1.5068 ce   1.4320 lr 5.70e-04 val EPE 2.944 D1 21.23%
epoch  91 loss   1.3104 ce   1.4211 lr 5.63e-04
epoch  92 loss   1.1652 ce   1.4026 lr 5.55e-04
epoch  93 loss   0.8873 ce   1.3858 lr 5.47e-04
epoch  94 loss   1.1559 ce   1.4097 lr 5.39e-04
epoch  95 loss   1.0971 ce   1.3926 lr 5.31e-04 val EPE 2.065 D1 11.77%
epoch  96 loss   0.9720 ce   1.3784 lr 5.24e-04
epoch  97 loss   0.9880 ce   1.3728 lr 5.16e-04
epoch  98 loss   1.0714 ce   1.3875 lr 5.08e-04
epoch  99 loss   0.9906 ce   1.3863 lr 5.00e-04
epoch 100 loss   1.0175 ce   1.3845 lr 4.92e-04 val EPE 1.725 D1 10.32%
epoch 101 loss   1.1614 ce   1.3997 lr 4.84e-04
epoch 102 loss   1.0570 ce   1.3867 lr 4.76e-04
epoch 103 loss   1.3090 ce   1.3988 lr 4.69e-04
epoch 104 loss   1.2119 ce   1.4039 lr 4.61e-04
epoch 105 loss   1.0081 ce   1.3870 lr 4.53e-04 val EPE 1.873 D1 10.46%
epoch 106 loss   0.9656 ce   1.3725 lr 4.45e-04
epoch 107 loss   1.0313 ce   1.3807 lr 4.37e-04
epoch 108 loss   0.9131 ce   1.3703 lr 4.30e-04
epoch 109 loss   1.1270 ce   1.3871 lr 4.22e-04
epoch 110 loss   0.9714 ce   1.3847 lr 4.14e-04 val EPE 1.821 D1 10.74%
epoch 111 loss   0.9352 ce   1.3712 lr 4.06e-04
epoch 112 loss   1.0610 ce   1.3840 lr 3.99e-04
epoch 113 loss   1.1035 ce   1.3823 lr 3.91e-04
epoch 114 loss   1.0331 ce   1.3769 lr 3.83e-04
epoch 115 loss   0.9026 ce   1.3637 lr 3.76e-04 val EPE 1.700 D1 9.78%
epoch 116 loss   0.9726 ce   1.3711 lr 3.68e-04
epoch 117 loss   0.9895 ce   1.3656 lr 3.61e-04
epoch 118 loss   1.0572 ce   1.3721 lr 3.53e-04
epoch 119 loss   1.0940 ce   1.3758 lr 3.45e-04
epoch 120 loss   0.9557 ce   1.3643 lr 3.38e-04 val EPE 1.721 D1 9.60%
epoch 121 loss   0.8763 ce   1.3588 lr 3.31e-04
epoch 122 loss   0.9184 ce   1.3625 lr 3.23e-04
epoch 123 loss   0.9416 ce   1.3642 lr 3.16e-04
epoch 124 loss   1.1429 ce   1.3846 lr 3.09e-04
epoch 125 loss   0.9258 ce   1.3610 lr 3.01e-04 val EPE 1.695 D1 9.56%
epoch 126 loss   1.0476 ce   1.3785 lr 2.94e-04
epoch 127 loss   1.0592 ce   1.3818 lr 2.87e-04
epoch 128 loss   0.8801 ce   1.3622 lr 2.80e-04
epoch 129 loss   0.8958 ce   1.3598 lr 2.73e-04
epoch 130 loss   0.9008 ce   1.3548 lr 2.66e-04 val EPE 1.743 D1 9.93%
epoch 131 loss   0.8120 ce   1.3434 lr 2.59e-04
epoch 132 loss   0.9575 ce   1.3631 lr 2.52e-04
epoch 133 loss   0.9556 ce   1.3613 lr 2.45e-04
epoch 134 loss   0.9250 ce   1.3555 lr 2.39e-04
epoch 135 loss   0.9904 ce   1.3601 lr 2.32e-04 val EPE 1.928 D1 11.13%
epoch 136 loss   0.9607 ce   1.3583 lr 2.25e-04
epoch 137 loss   0.9241 ce   1.3587 lr 2.19e-04
epoch 138 loss   0.9823 ce   1.3659 lr 2.12e-04
epoch 139 loss   1.0373 ce   1.3692 lr 2.06e-04
epoch 140 loss   1.0013 ce   1.3651 lr 2.00e-04 val EPE 1.659 D1 9.26%
epoch 141 loss   0.9076 ce   1.3519 lr 1.94e-04
epoch 142 loss   1.0145 ce   1.3600 lr 1.87e-04
epoch 143 loss   0.9508 ce   1.3567 lr 1.81e-04
epoch 144 loss   0.9234 ce   1.3533 lr 1.75e-04
epoch 145 loss   0.9067 ce   1.3513 lr 1.69e-04 val EPE 1.739 D1 9.93%
epoch 146 loss   0.7814 ce   1.3417 lr 1.63e-04
epoch 147 loss   1.0559 ce   1.3655 lr 1.58e-04
epoch 148 loss   0.9269 ce   1.3522 lr 1.52e-04
epoch 149 loss   1.0535 ce   1.3657 lr 1.46e-04
epoch 150 loss   0.8442 ce   1.3469 lr 1.41e-04 val EPE 1.658 D1 9.33%
epoch 151 loss   0.8356 ce   1.3459 lr 1.36e-04
epoch 152 loss   0.8633 ce   1.3467 lr 1.30e-04
epoch 153 loss   0.8827 ce   1.3488 lr 1.25e-04
epoch 154 loss   1.0094 ce   1.3560 lr 1.20e-04
epoch 155 loss   0.9634 ce   1.3592 lr 1.15e-04 val EPE 1.655 D1 9.63%
epoch 156 loss   0.8443 ce   1.3457 lr 1.10e-04
epoch 157 loss   0.9279 ce   1.3523 lr 1.05e-04
epoch 158 loss   0.9277 ce   1.3527 lr 1.00e-04
epoch 159 loss   0.8486 ce   1.3483 lr 9.55e-05
epoch 160 loss   0.8801 ce   1.3490 lr 9.09e-05 val EPE 1.748 D1 10.01%
epoch 161 loss   0.8789 ce   1.3476 lr 8.65e-05
epoch 162 loss   0.9050 ce   1.3516 lr 8.21e-05
epoch 163 loss   0.9495 ce   1.3564 lr 7.78e-05
epoch 164 loss   0.8589 ce   1.3432 lr 7.37e-05
epoch 165 loss   0.9949 ce   1.3644 lr 6.96e-05 val EPE 1.750 D1 9.80%
epoch 166 loss   0.8668 ce   1.3487 lr 6.57e-05
epoch 167 loss   0.8385 ce   1.3400 lr 6.18e-05
epoch 168 loss   0.9099 ce   1.3524 lr 5.81e-05
epoch 169 loss   0.8859 ce   1.3531 lr 5.45e-05
epoch 170 loss   0.8954 ce   1.3516 lr 5.10e-05 val EPE 1.672 D1 9.24%
epoch 171 loss   0.8033 ce   1.3396 lr 4.76e-05
epoch 172 loss   0.9481 ce   1.3596 lr 4.43e-05
epoch 173 loss   0.7670 ce   1.3348 lr 4.11e-05
epoch 174 loss   0.8991 ce   1.3519 lr 3.81e-05
epoch 175 loss   0.8552 ce   1.3472 lr 3.51e-05 val EPE 1.702 D1 9.43%
epoch 176 loss   0.9749 ce   1.3686 lr 3.23e-05
epoch 177 loss   0.8385 ce   1.3423 lr 2.96e-05
epoch 178 loss   0.7887 ce   1.3353 lr 2.70e-05
epoch 179 loss   0.8600 ce   1.3514 lr 2.45e-05
epoch 180 loss   0.9725 ce   1.3588 lr 2.21e-05 val EPE 1.641 D1 8.94%
epoch 181 loss   0.8507 ce   1.3421 lr 1.99e-05
epoch 182 loss   0.8579 ce   1.3465 lr 1.77e-05
epoch 183 loss   0.8891 ce   1.3405 lr 1.57e-05
epoch 184 loss   0.8488 ce   1.3472 lr 1.38e-05
epoch 185 loss   0.9092 ce   1.3480 lr 1.20e-05 val EPE 1.637 D1 9.00%
epoch 186 loss   0.7807 ce   1.3372 lr 1.04e-05
epoch 187 loss   0.8839 ce   1.3486 lr 8.86e-06
epoch 188 loss   0.8324 ce   1.3431 lr 7.45e-06
epoch 189 loss   0.8668 ce   1.3445 lr 6.16e-06
epoch 190 loss   0.8238 ce   1.3368 lr 4.99e-06 val EPE 1.650 D1 9.05%
epoch 191 loss   0.8224 ce   1.3426 lr 3.94e-06
epoch 192 loss   0.8763 ce   1.3443 lr 3.02e-06
epoch 193 loss   0.9041 ce   1.3504 lr 2.22e-06
epoch 194 loss   0.8739 ce   1.3434 lr 1.54e-06
epoch 195 loss   0.7941 ce   1.3414 lr 9.87e-07 val EPE 1.638 D1 8.99%
epoch 196 loss   0.9854 ce   1.3614 lr 5.55e-07
epoch 197 loss   0.8331 ce   1.3473 lr 2.47e-07
epoch 198 loss   0.8778 ce   1.3427 lr 6.17e-08
epoch 199 loss   0.9157 ce   1.3490 lr 0.00e+00 val EPE 1.631 D1 8.95%
P2A seed 0 done: wall 4863.5s best10 EPE 1.6311 @epoch 199
