integrity guard: {"param_count": 397954, "param_count_ok": true, "all_ok": true}
init: {"source": "/kaggle/input/datasets/vishnuvardhanksece/stage-e-e4-init/e4_pretrain_best.pth", "strict": true, "sha256": "4c16fbe32724d0c1157aa91b0503f67e7e1576faf597325d62c87510aa6b829f", "n_keys": 70, "param_count": 397954}
/kaggle/working/repo/stage_e_recipe/run/scripts/finetune_pilot.py:303: UserWarning: Converting a tensor with requires_grad=True to a scalar may lead to unexpected behavior.
Consider using tensor.detach() first. (Triggered internally at /pytorch/torch/csrc/autograd/generated/python_variable_methods.cpp:836.)
  epoch_loss += float(loss)
epoch   0 loss   1.9208 lr 1.00e-03 val EPE 2.293 D1 15.85%
epoch   1 loss   1.6264 lr 1.00e-03
epoch   2 loss   1.3189 lr 9.99e-04
epoch   3 loss   1.4253 lr 9.99e-04
epoch   4 loss   1.2316 lr 9.98e-04
epoch   5 loss   1.1858 lr 9.98e-04 val EPE 2.078 D1 13.36%
epoch   6 loss   1.4289 lr 9.97e-04
epoch   7 loss   1.1941 lr 9.96e-04
epoch   8 loss   1.3578 lr 9.95e-04
epoch   9 loss   1.3412 lr 9.94e-04
epoch  10 loss   1.1324 lr 9.93e-04 val EPE 2.144 D1 14.40%
epoch  11 loss   1.1240 lr 9.91e-04
epoch  12 loss   1.2820 lr 9.90e-04
epoch  13 loss   1.1421 lr 9.88e-04
epoch  14 loss   1.1201 lr 9.86e-04
epoch  15 loss   1.1260 lr 9.84e-04 val EPE 2.064 D1 12.80%
epoch  16 loss   1.3911 lr 9.82e-04
epoch  17 loss   1.2683 lr 9.80e-04
epoch  18 loss   1.2112 lr 9.78e-04
epoch  19 loss   1.5076 lr 9.76e-04
epoch  20 loss   1.4162 lr 9.73e-04 val EPE 3.159 D1 23.78%
epoch  21 loss   1.3921 lr 9.70e-04
epoch  22 loss   1.3715 lr 9.68e-04
epoch  23 loss   1.1479 lr 9.65e-04
epoch  24 loss   1.3254 lr 9.62e-04
epoch  25 loss   1.1110 lr 9.59e-04 val EPE 1.939 D1 11.94%
epoch  26 loss   1.5098 lr 9.56e-04
epoch  27 loss   1.1131 lr 9.52e-04
epoch  28 loss   1.2708 lr 9.49e-04
epoch  29 loss   1.2651 lr 9.46e-04
epoch  30 loss   1.0657 lr 9.42e-04 val EPE 2.271 D1 14.35%
epoch  31 loss   1.3393 lr 9.38e-04
epoch  32 loss   1.3415 lr 9.34e-04
epoch  33 loss   1.2931 lr 9.30e-04
epoch  34 loss   0.9908 lr 9.26e-04
epoch  35 loss   1.0619 lr 9.22e-04 val EPE 2.404 D1 15.26%
epoch  36 loss   1.0121 lr 9.18e-04
epoch  37 loss   0.9067 lr 9.14e-04
epoch  38 loss   0.9548 lr 9.09e-04
epoch  39 loss   1.0206 lr 9.05e-04
epoch  40 loss   1.2374 lr 9.00e-04 val EPE 1.932 D1 11.66%
epoch  41 loss   1.2882 lr 8.95e-04
epoch  42 loss   1.0859 lr 8.90e-04
epoch  43 loss   1.1015 lr 8.85e-04
epoch  44 loss   1.1903 lr 8.80e-04
epoch  45 loss   1.2552 lr 8.75e-04 val EPE 1.946 D1 12.59%
epoch  46 loss   1.2467 lr 8.70e-04
epoch  47 loss   1.3124 lr 8.64e-04
epoch  48 loss   1.1827 lr 8.59e-04
epoch  49 loss   1.1548 lr 8.54e-04
epoch  50 loss   1.0158 lr 8.48e-04 val EPE 2.157 D1 13.84%
epoch  51 loss   1.1065 lr 8.42e-04
epoch  52 loss   1.1963 lr 8.37e-04
epoch  53 loss   0.9492 lr 8.31e-04
epoch  54 loss   0.9773 lr 8.25e-04
epoch  55 loss   1.0698 lr 8.19e-04 val EPE 1.780 D1 10.64%
epoch  56 loss   0.9834 lr 8.13e-04
epoch  57 loss   1.0520 lr 8.06e-04
epoch  58 loss   0.8970 lr 8.00e-04
epoch  59 loss   1.0852 lr 7.94e-04
epoch  60 loss   1.3208 lr 7.88e-04 val EPE 2.679 D1 22.95%
epoch  61 loss   1.0528 lr 7.81e-04
epoch  62 loss   1.1561 lr 7.75e-04
epoch  63 loss   0.9536 lr 7.68e-04
epoch  64 loss   0.9730 lr 7.61e-04
epoch  65 loss   0.9646 lr 7.55e-04 val EPE 1.960 D1 11.98%
epoch  66 loss   1.0948 lr 7.48e-04
epoch  67 loss   0.9319 lr 7.41e-04
epoch  68 loss   0.9139 lr 7.34e-04
epoch  69 loss   1.1326 lr 7.27e-04
epoch  70 loss   1.0248 lr 7.20e-04 val EPE 1.783 D1 10.74%
epoch  71 loss   0.9607 lr 7.13e-04
epoch  72 loss   0.9056 lr 7.06e-04
epoch  73 loss   1.0804 lr 6.99e-04
epoch  74 loss   1.0718 lr 6.91e-04
epoch  75 loss   0.9679 lr 6.84e-04 val EPE 1.973 D1 11.89%
epoch  76 loss   0.9295 lr 6.77e-04
epoch  77 loss   0.9478 lr 6.69e-04
epoch  78 loss   1.0056 lr 6.62e-04
epoch  79 loss   0.9177 lr 6.55e-04
epoch  80 loss   0.9812 lr 6.47e-04 val EPE 1.884 D1 10.93%
epoch  81 loss   1.0456 lr 6.39e-04
epoch  82 loss   1.0022 lr 6.32e-04
epoch  83 loss   0.8828 lr 6.24e-04
epoch  84 loss   0.8936 lr 6.17e-04
epoch  85 loss   0.8628 lr 6.09e-04 val EPE 1.746 D1 10.18%
epoch  86 loss   0.8395 lr 6.01e-04
epoch  87 loss   1.0099 lr 5.94e-04
epoch  88 loss   1.0209 lr 5.86e-04
epoch  89 loss   1.0505 lr 5.78e-04
epoch  90 loss   1.1840 lr 5.70e-04 val EPE 2.833 D1 16.65%
epoch  91 loss   1.1758 lr 5.63e-04
epoch  92 loss   1.0765 lr 5.55e-04
epoch  93 loss   0.7607 lr 5.47e-04
epoch  94 loss   1.0229 lr 5.39e-04
epoch  95 loss   0.9033 lr 5.31e-04 val EPE 1.893 D1 10.44%
epoch  96 loss   0.7865 lr 5.24e-04
epoch  97 loss   0.7887 lr 5.16e-04
epoch  98 loss   0.8913 lr 5.08e-04
epoch  99 loss   0.8293 lr 5.00e-04
epoch 100 loss   0.8472 lr 4.92e-04 val EPE 1.714 D1 9.71%
epoch 101 loss   1.0099 lr 4.84e-04
epoch 102 loss   1.0077 lr 4.76e-04
epoch 103 loss   1.0718 lr 4.69e-04
epoch 104 loss   1.0952 lr 4.61e-04
epoch 105 loss   0.8390 lr 4.53e-04 val EPE 1.695 D1 9.32%
epoch 106 loss   0.8049 lr 4.45e-04
epoch 107 loss   0.8383 lr 4.37e-04
epoch 108 loss   0.7698 lr 4.30e-04
epoch 109 loss   0.9637 lr 4.22e-04
epoch 110 loss   0.8312 lr 4.14e-04 val EPE 1.735 D1 10.37%
epoch 111 loss   0.7493 lr 4.06e-04
epoch 112 loss   0.9272 lr 3.99e-04
epoch 113 loss   0.9613 lr 3.91e-04
epoch 114 loss   0.8968 lr 3.83e-04
epoch 115 loss   0.7756 lr 3.76e-04 val EPE 1.611 D1 9.61%
epoch 116 loss   0.8875 lr 3.68e-04
epoch 117 loss   0.7953 lr 3.61e-04
epoch 118 loss   0.8548 lr 3.53e-04
epoch 119 loss   0.9335 lr 3.45e-04
epoch 120 loss   0.7881 lr 3.38e-04 val EPE 1.822 D1 10.35%
epoch 121 loss   0.7482 lr 3.31e-04
epoch 122 loss   0.7785 lr 3.23e-04
epoch 123 loss   0.7735 lr 3.16e-04
epoch 124 loss   0.9627 lr 3.09e-04
epoch 125 loss   0.7927 lr 3.01e-04 val EPE 1.599 D1 8.98%
epoch 126 loss   0.9045 lr 2.94e-04
epoch 127 loss   0.8504 lr 2.87e-04
epoch 128 loss   0.7334 lr 2.80e-04
epoch 129 loss   0.7712 lr 2.73e-04
epoch 130 loss   0.7272 lr 2.66e-04 val EPE 1.630 D1 8.73%
epoch 131 loss   0.6611 lr 2.59e-04
epoch 132 loss   0.8023 lr 2.52e-04
epoch 133 loss   0.8027 lr 2.45e-04
epoch 134 loss   0.7637 lr 2.39e-04
epoch 135 loss   0.7971 lr 2.32e-04 val EPE 1.837 D1 10.31%
epoch 136 loss   0.7895 lr 2.25e-04
epoch 137 loss   0.7686 lr 2.19e-04
epoch 138 loss   0.8830 lr 2.12e-04
epoch 139 loss   0.8773 lr 2.06e-04
epoch 140 loss   0.7885 lr 2.00e-04 val EPE 1.629 D1 8.50%
epoch 141 loss   0.7365 lr 1.94e-04
epoch 142 loss   0.8508 lr 1.87e-04
epoch 143 loss   0.7595 lr 1.81e-04
epoch 144 loss   0.7758 lr 1.75e-04
epoch 145 loss   0.7621 lr 1.69e-04 val EPE 1.677 D1 9.25%
epoch 146 loss   0.6227 lr 1.63e-04
epoch 147 loss   0.8817 lr 1.58e-04
epoch 148 loss   0.7574 lr 1.52e-04
epoch 149 loss   0.9214 lr 1.46e-04
epoch 150 loss   0.7023 lr 1.41e-04 val EPE 1.621 D1 8.57%
epoch 151 loss   0.6502 lr 1.36e-04
epoch 152 loss   0.7000 lr 1.30e-04
epoch 153 loss   0.7366 lr 1.25e-04
epoch 154 loss   0.8290 lr 1.20e-04
epoch 155 loss   0.8084 lr 1.15e-04 val EPE 1.598 D1 8.83%
epoch 156 loss   0.7092 lr 1.10e-04
epoch 157 loss   0.7723 lr 1.05e-04
epoch 158 loss   0.7609 lr 1.00e-04
epoch 159 loss   0.7253 lr 9.55e-05
epoch 160 loss   0.7282 lr 9.09e-05 val EPE 1.709 D1 9.24%
epoch 161 loss   0.7188 lr 8.65e-05
epoch 162 loss   0.7433 lr 8.21e-05
epoch 163 loss   0.7314 lr 7.78e-05
epoch 164 loss   0.7018 lr 7.37e-05
epoch 165 loss   0.8102 lr 6.96e-05 val EPE 1.625 D1 8.63%
epoch 166 loss   0.7076 lr 6.57e-05
epoch 167 loss   0.6941 lr 6.18e-05
epoch 168 loss   0.7497 lr 5.81e-05
epoch 169 loss   0.7507 lr 5.45e-05
epoch 170 loss   0.7330 lr 5.10e-05 val EPE 1.662 D1 8.92%
epoch 171 loss   0.6547 lr 4.76e-05
epoch 172 loss   0.7922 lr 4.43e-05
epoch 173 loss   0.6069 lr 4.11e-05
epoch 174 loss   0.7267 lr 3.81e-05
epoch 175 loss   0.7019 lr 3.51e-05 val EPE 1.701 D1 9.04%
epoch 176 loss   0.8013 lr 3.23e-05
epoch 177 loss   0.6702 lr 2.96e-05
epoch 178 loss   0.6325 lr 2.70e-05
epoch 179 loss   0.6971 lr 2.45e-05
epoch 180 loss   0.8013 lr 2.21e-05 val EPE 1.612 D1 8.64%
epoch 181 loss   0.6654 lr 1.99e-05
epoch 182 loss   0.6921 lr 1.77e-05
epoch 183 loss   0.7448 lr 1.57e-05
epoch 184 loss   0.6920 lr 1.38e-05
epoch 185 loss   0.7176 lr 1.20e-05 val EPE 1.610 D1 8.68%
epoch 186 loss   0.6285 lr 1.04e-05
epoch 187 loss   0.7071 lr 8.86e-06
epoch 188 loss   0.6839 lr 7.45e-06
epoch 189 loss   0.6853 lr 6.16e-06
epoch 190 loss   0.6772 lr 4.99e-06 val EPE 1.627 D1 8.68%
epoch 191 loss   0.6953 lr 3.94e-06
epoch 192 loss   0.7181 lr 3.02e-06
epoch 193 loss   0.7305 lr 2.22e-06
epoch 194 loss   0.7040 lr 1.54e-06
epoch 195 loss   0.6557 lr 9.87e-07 val EPE 1.605 D1 8.55%
epoch 196 loss   0.8023 lr 5.55e-07
epoch 197 loss   0.6551 lr 2.47e-07
epoch 198 loss   0.7020 lr 6.17e-08
epoch 199 loss   0.7550 lr 0.00e+00 val EPE 1.601 D1 8.54%
P2A seed 0 done: wall 4427.7s best10 EPE 1.5984 @epoch 155
