integrity guard: {"param_count": 397954, "param_count_ok": true, "all_ok": true}
init: {"source": "/kaggle/working/repo/checkpoints/armp_stage1_best.pth", "strict": true, "sha256": "3ae6fb3be6b2bda9287b325ccbe6d1397744c8f20ef5e56c046176d9f1a29be7", "n_keys": 70, "param_count": 397954}
/kaggle/working/repo/stage_e_recipe/run/scripts/finetune_pilot.py:303: UserWarning: Converting a tensor with requires_grad=True to a scalar may lead to unexpected behavior.
Consider using tensor.detach() first. (Triggered internally at /pytorch/torch/csrc/autograd/generated/python_variable_methods.cpp:836.)
  epoch_loss += float(loss)
epoch   0 loss   2.3353 lr 1.00e-03 val EPE 2.680 D1 19.28%
epoch   1 loss   1.6961 lr 1.00e-03
epoch   2 loss   1.4725 lr 9.99e-04
epoch   3 loss   1.8133 lr 9.99e-04
epoch   4 loss   1.4345 lr 9.98e-04
epoch   5 loss   1.2609 lr 9.98e-04 val EPE 2.266 D1 14.75%
epoch   6 loss   1.4542 lr 9.97e-04
epoch   7 loss   1.2203 lr 9.96e-04
epoch   8 loss   1.4633 lr 9.95e-04
epoch   9 loss   1.3502 lr 9.94e-04
epoch  10 loss   1.1656 lr 9.93e-04 val EPE 2.557 D1 17.61%
epoch  11 loss   1.1373 lr 9.91e-04
epoch  12 loss   1.6208 lr 9.90e-04
epoch  13 loss   1.2214 lr 9.88e-04
epoch  14 loss   1.2694 lr 9.86e-04
epoch  15 loss   1.3555 lr 9.84e-04 val EPE 2.214 D1 13.62%
epoch  16 loss   1.4287 lr 9.82e-04
epoch  17 loss   1.3510 lr 9.80e-04
epoch  18 loss   1.2455 lr 9.78e-04
epoch  19 loss   1.2138 lr 9.76e-04
epoch  20 loss   1.5670 lr 9.73e-04 val EPE 3.135 D1 20.39%
epoch  21 loss   1.3561 lr 9.70e-04
epoch  22 loss   1.4446 lr 9.68e-04
epoch  23 loss   1.1916 lr 9.65e-04
epoch  24 loss   1.3009 lr 9.62e-04
epoch  25 loss   1.1119 lr 9.59e-04 val EPE 2.055 D1 12.43%
epoch  26 loss   1.4629 lr 9.56e-04
epoch  27 loss   1.0454 lr 9.52e-04
epoch  28 loss   1.2909 lr 9.49e-04
epoch  29 loss   1.2348 lr 9.46e-04
epoch  30 loss   0.9957 lr 9.42e-04 val EPE 2.121 D1 12.17%
epoch  31 loss   1.1777 lr 9.38e-04
epoch  32 loss   1.2892 lr 9.34e-04
epoch  33 loss   1.2018 lr 9.30e-04
epoch  34 loss   0.9048 lr 9.26e-04
epoch  35 loss   1.0592 lr 9.22e-04 val EPE 2.595 D1 17.71%
epoch  36 loss   0.9978 lr 9.18e-04
epoch  37 loss   0.8757 lr 9.14e-04
epoch  38 loss   0.9331 lr 9.09e-04
epoch  39 loss   0.9853 lr 9.05e-04
epoch  40 loss   1.1407 lr 9.00e-04 val EPE 1.793 D1 10.54%
epoch  41 loss   1.1563 lr 8.95e-04
epoch  42 loss   0.9878 lr 8.90e-04
epoch  43 loss   1.1317 lr 8.85e-04
epoch  44 loss   1.1411 lr 8.80e-04
epoch  45 loss   1.2639 lr 8.75e-04 val EPE 2.127 D1 13.06%
epoch  46 loss   1.2879 lr 8.70e-04
epoch  47 loss   1.1594 lr 8.64e-04
epoch  48 loss   1.1137 lr 8.59e-04
epoch  49 loss   1.0833 lr 8.54e-04
epoch  50 loss   0.9757 lr 8.48e-04 val EPE 2.152 D1 13.53%
epoch  51 loss   1.0160 lr 8.42e-04
epoch  52 loss   1.1656 lr 8.37e-04
epoch  53 loss   1.0039 lr 8.31e-04
epoch  54 loss   1.0615 lr 8.25e-04
epoch  55 loss   1.1625 lr 8.19e-04 val EPE 1.946 D1 12.27%
epoch  56 loss   1.0006 lr 8.13e-04
epoch  57 loss   1.0784 lr 8.06e-04
epoch  58 loss   0.9006 lr 8.00e-04
epoch  59 loss   1.0707 lr 7.94e-04
epoch  60 loss   1.2128 lr 7.88e-04 val EPE 2.204 D1 12.84%
epoch  61 loss   0.9638 lr 7.81e-04
epoch  62 loss   1.1271 lr 7.75e-04
epoch  63 loss   1.0238 lr 7.68e-04
epoch  64 loss   1.0145 lr 7.61e-04
epoch  65 loss   1.0120 lr 7.55e-04 val EPE 1.864 D1 11.38%
epoch  66 loss   1.2547 lr 7.48e-04
epoch  67 loss   1.0902 lr 7.41e-04
epoch  68 loss   0.9924 lr 7.34e-04
epoch  69 loss   1.1701 lr 7.27e-04
epoch  70 loss   1.1279 lr 7.20e-04 val EPE 1.851 D1 11.10%
epoch  71 loss   1.0086 lr 7.13e-04
epoch  72 loss   0.9488 lr 7.06e-04
epoch  73 loss   1.0709 lr 6.99e-04
epoch  74 loss   1.0421 lr 6.91e-04
epoch  75 loss   1.0168 lr 6.84e-04 val EPE 1.867 D1 11.28%
epoch  76 loss   0.9243 lr 6.77e-04
epoch  77 loss   0.9649 lr 6.69e-04
epoch  78 loss   0.9974 lr 6.62e-04
epoch  79 loss   0.9653 lr 6.55e-04
epoch  80 loss   0.9538 lr 6.47e-04 val EPE 1.830 D1 10.55%
epoch  81 loss   1.0471 lr 6.39e-04
epoch  82 loss   1.0257 lr 6.32e-04
epoch  83 loss   0.8640 lr 6.24e-04
epoch  84 loss   0.8861 lr 6.17e-04
epoch  85 loss   0.8870 lr 6.09e-04 val EPE 1.747 D1 10.46%
epoch  86 loss   0.9553 lr 6.01e-04
epoch  87 loss   1.0065 lr 5.94e-04
epoch  88 loss   1.0331 lr 5.86e-04
epoch  89 loss   1.0605 lr 5.78e-04
epoch  90 loss   1.2596 lr 5.70e-04 val EPE 2.271 D1 13.42%
epoch  91 loss   1.0617 lr 5.63e-04
epoch  92 loss   1.0459 lr 5.55e-04
epoch  93 loss   0.7277 lr 5.47e-04
epoch  94 loss   1.0412 lr 5.39e-04
epoch  95 loss   0.9229 lr 5.31e-04 val EPE 2.050 D1 11.94%
epoch  96 loss   0.8202 lr 5.24e-04
epoch  97 loss   0.8331 lr 5.16e-04
epoch  98 loss   0.9258 lr 5.08e-04
epoch  99 loss   0.8164 lr 5.00e-04
epoch 100 loss   0.8380 lr 4.92e-04 val EPE 1.683 D1 9.52%
epoch 101 loss   0.9676 lr 4.84e-04
epoch 102 loss   0.8905 lr 4.76e-04
epoch 103 loss   1.1762 lr 4.69e-04
epoch 104 loss   1.2176 lr 4.61e-04
epoch 105 loss   0.8792 lr 4.53e-04 val EPE 1.864 D1 10.34%
epoch 106 loss   0.8487 lr 4.45e-04
epoch 107 loss   0.8906 lr 4.37e-04
epoch 108 loss   0.7703 lr 4.30e-04
epoch 109 loss   0.9954 lr 4.22e-04
epoch 110 loss   0.8271 lr 4.14e-04 val EPE 1.976 D1 11.29%
epoch 111 loss   0.8059 lr 4.06e-04
epoch 112 loss   0.9312 lr 3.99e-04
epoch 113 loss   0.9502 lr 3.91e-04
epoch 114 loss   0.8936 lr 3.83e-04
epoch 115 loss   0.7719 lr 3.76e-04 val EPE 1.702 D1 9.59%
epoch 116 loss   0.8803 lr 3.68e-04
epoch 117 loss   0.8460 lr 3.61e-04
epoch 118 loss   0.8864 lr 3.53e-04
epoch 119 loss   0.9506 lr 3.45e-04
epoch 120 loss   0.7872 lr 3.38e-04 val EPE 1.762 D1 9.57%
epoch 121 loss   0.7442 lr 3.31e-04
epoch 122 loss   0.8012 lr 3.23e-04
epoch 123 loss   0.8053 lr 3.16e-04
epoch 124 loss   0.9560 lr 3.09e-04
epoch 125 loss   0.7826 lr 3.01e-04 val EPE 1.674 D1 9.52%
epoch 126 loss   0.9096 lr 2.94e-04
epoch 127 loss   0.8776 lr 2.87e-04
epoch 128 loss   0.7480 lr 2.80e-04
epoch 129 loss   0.7638 lr 2.73e-04
epoch 130 loss   0.7436 lr 2.66e-04 val EPE 1.746 D1 9.99%
epoch 131 loss   0.6927 lr 2.59e-04
epoch 132 loss   0.8274 lr 2.52e-04
epoch 133 loss   0.8216 lr 2.45e-04
epoch 134 loss   0.7494 lr 2.39e-04
epoch 135 loss   0.8532 lr 2.32e-04 val EPE 2.033 D1 11.84%
epoch 136 loss   0.8028 lr 2.25e-04
epoch 137 loss   0.7760 lr 2.19e-04
epoch 138 loss   0.8578 lr 2.12e-04
epoch 139 loss   0.9206 lr 2.06e-04
epoch 140 loss   0.8990 lr 2.00e-04 val EPE 1.735 D1 9.35%
epoch 141 loss   0.7821 lr 1.94e-04
epoch 142 loss   0.8756 lr 1.87e-04
epoch 143 loss   0.8194 lr 1.81e-04
epoch 144 loss   0.7783 lr 1.75e-04
epoch 145 loss   0.7846 lr 1.69e-04 val EPE 1.758 D1 10.01%
epoch 146 loss   0.6461 lr 1.63e-04
epoch 147 loss   0.9237 lr 1.58e-04
epoch 148 loss   0.7793 lr 1.52e-04
epoch 149 loss   0.9049 lr 1.46e-04
epoch 150 loss   0.7146 lr 1.41e-04 val EPE 1.670 D1 9.41%
epoch 151 loss   0.6925 lr 1.36e-04
epoch 152 loss   0.7146 lr 1.30e-04
epoch 153 loss   0.7416 lr 1.25e-04
epoch 154 loss   0.8641 lr 1.20e-04
epoch 155 loss   0.8030 lr 1.15e-04 val EPE 1.672 D1 9.82%
epoch 156 loss   0.7132 lr 1.10e-04
epoch 157 loss   0.7831 lr 1.05e-04
epoch 158 loss   0.7755 lr 1.00e-04
epoch 159 loss   0.7287 lr 9.55e-05
epoch 160 loss   0.7496 lr 9.09e-05 val EPE 1.738 D1 9.72%
epoch 161 loss   0.7413 lr 8.65e-05
epoch 162 loss   0.7636 lr 8.21e-05
epoch 163 loss   0.7803 lr 7.78e-05
epoch 164 loss   0.7265 lr 7.37e-05
epoch 165 loss   0.8450 lr 6.96e-05 val EPE 1.697 D1 9.34%
epoch 166 loss   0.7361 lr 6.57e-05
epoch 167 loss   0.7034 lr 6.18e-05
epoch 168 loss   0.7740 lr 5.81e-05
epoch 169 loss   0.7360 lr 5.45e-05
epoch 170 loss   0.7518 lr 5.10e-05 val EPE 1.709 D1 9.42%
epoch 171 loss   0.6796 lr 4.76e-05
epoch 172 loss   0.8224 lr 4.43e-05
epoch 173 loss   0.6322 lr 4.11e-05
epoch 174 loss   0.7747 lr 3.81e-05
epoch 175 loss   0.7374 lr 3.51e-05 val EPE 1.743 D1 9.62%
epoch 176 loss   0.8322 lr 3.23e-05
epoch 177 loss   0.7060 lr 2.96e-05
epoch 178 loss   0.6500 lr 2.70e-05
epoch 179 loss   0.7195 lr 2.45e-05
epoch 180 loss   0.8396 lr 2.21e-05 val EPE 1.641 D1 9.10%
epoch 181 loss   0.6989 lr 1.99e-05
epoch 182 loss   0.7198 lr 1.77e-05
epoch 183 loss   0.7402 lr 1.57e-05
epoch 184 loss   0.6971 lr 1.38e-05
epoch 185 loss   0.7514 lr 1.20e-05 val EPE 1.635 D1 9.13%
epoch 186 loss   0.6429 lr 1.04e-05
epoch 187 loss   0.7582 lr 8.86e-06
epoch 188 loss   0.6941 lr 7.45e-06
epoch 189 loss   0.7226 lr 6.16e-06
epoch 190 loss   0.6907 lr 4.99e-06 val EPE 1.660 D1 9.26%
epoch 191 loss   0.7020 lr 3.94e-06
epoch 192 loss   0.7434 lr 3.02e-06
epoch 193 loss   0.7635 lr 2.22e-06
epoch 194 loss   0.7313 lr 1.54e-06
epoch 195 loss   0.6763 lr 9.87e-07 val EPE 1.642 D1 9.14%
epoch 196 loss   0.8392 lr 5.55e-07
epoch 197 loss   0.6968 lr 2.47e-07
epoch 198 loss   0.7288 lr 6.17e-08
epoch 199 loss   0.7815 lr 0.00e+00 val EPE 1.638 D1 9.11%
P2A seed 0 done: wall 4637.0s best10 EPE 1.6347 @epoch 185
