integrity guard: {"param_count": 397954, "param_count_ok": true, "all_ok": true}
init: {"source": "random", "note": "PyTorch defaults, random (P2A recipe)"}
epoch   0 loss  12.2769 lr 1.00e-03 val EPE 18.773 D1 87.48%
epoch   1 loss  11.6680 lr 1.00e-03
epoch   2 loss  11.4088 lr 9.99e-04
epoch   3 loss  11.0673 lr 9.99e-04
epoch   4 loss   7.8270 lr 9.98e-04
epoch   5 loss   5.8248 lr 9.98e-04 val EPE 9.561 D1 71.75%
epoch   6 loss   5.4885 lr 9.97e-04
epoch   7 loss   4.9615 lr 9.96e-04
epoch   8 loss   5.0786 lr 9.95e-04
epoch   9 loss   4.5587 lr 9.94e-04
epoch  10 loss   3.6867 lr 9.93e-04 val EPE 6.721 D1 49.33%
epoch  11 loss   3.4212 lr 9.91e-04
epoch  12 loss   3.6683 lr 9.90e-04
epoch  13 loss   4.2295 lr 9.88e-04
epoch  14 loss   3.3917 lr 9.86e-04
epoch  15 loss   3.0206 lr 9.84e-04 val EPE 5.237 D1 39.98%
epoch  16 loss   2.9711 lr 9.82e-04
epoch  17 loss   3.1225 lr 9.80e-04
epoch  18 loss   2.9506 lr 9.78e-04
epoch  19 loss   2.7034 lr 9.76e-04
epoch  20 loss   2.6688 lr 9.73e-04 val EPE 4.191 D1 34.98%
epoch  21 loss   2.6765 lr 9.70e-04
epoch  22 loss   2.8232 lr 9.68e-04
epoch  23 loss   3.0018 lr 9.65e-04
epoch  24 loss   2.7301 lr 9.62e-04
epoch  25 loss   2.7407 lr 9.59e-04 val EPE 5.209 D1 55.82%
epoch  26 loss   2.5968 lr 9.56e-04
epoch  27 loss   2.7961 lr 9.52e-04
epoch  28 loss   2.5861 lr 9.49e-04
epoch  29 loss   3.1093 lr 9.46e-04
epoch  30 loss   2.5821 lr 9.42e-04 val EPE 4.666 D1 46.71%
epoch  31 loss   2.3885 lr 9.38e-04
epoch  32 loss   2.1866 lr 9.34e-04
epoch  33 loss   2.0669 lr 9.30e-04
epoch  34 loss   2.2066 lr 9.26e-04
epoch  35 loss   2.0092 lr 9.22e-04 val EPE 3.726 D1 26.93%
epoch  36 loss   2.3407 lr 9.18e-04
epoch  37 loss   2.0202 lr 9.14e-04
epoch  38 loss   2.6171 lr 9.09e-04
epoch  39 loss   2.2696 lr 9.05e-04
epoch  40 loss   2.0602 lr 9.00e-04 val EPE 3.462 D1 24.56%
epoch  41 loss   1.8705 lr 8.95e-04
epoch  42 loss   2.2594 lr 8.90e-04
epoch  43 loss   1.8524 lr 8.85e-04
epoch  44 loss   1.7154 lr 8.80e-04
epoch  45 loss   2.1044 lr 8.75e-04 val EPE 3.745 D1 28.67%
epoch  46 loss   2.1334 lr 8.70e-04
epoch  47 loss   2.1619 lr 8.64e-04
epoch  48 loss   2.3224 lr 8.59e-04
epoch  49 loss   2.1719 lr 8.54e-04
epoch  50 loss   1.9619 lr 8.48e-04 val EPE 3.025 D1 20.19%
epoch  51 loss   1.9195 lr 8.42e-04
epoch  52 loss   1.8032 lr 8.37e-04
epoch  53 loss   1.8373 lr 8.31e-04
epoch  54 loss   1.8879 lr 8.25e-04
epoch  55 loss   1.7140 lr 8.19e-04 val EPE 2.955 D1 19.85%
epoch  56 loss   2.1938 lr 8.13e-04
epoch  57 loss   1.7748 lr 8.06e-04
epoch  58 loss   1.8458 lr 8.00e-04
epoch  59 loss   1.8586 lr 7.94e-04
epoch  60 loss   1.7748 lr 7.88e-04 val EPE 2.613 D1 17.32%
epoch  61 loss   1.8178 lr 7.81e-04
epoch  62 loss   1.6112 lr 7.75e-04
epoch  63 loss   1.7660 lr 7.68e-04
epoch  64 loss   1.7083 lr 7.61e-04
epoch  65 loss   1.7091 lr 7.55e-04 val EPE 2.667 D1 19.19%
epoch  66 loss   1.7060 lr 7.48e-04
epoch  67 loss   1.6875 lr 7.41e-04
epoch  68 loss   2.0390 lr 7.34e-04
epoch  69 loss   2.0818 lr 7.27e-04
epoch  70 loss   1.8881 lr 7.20e-04 val EPE 3.154 D1 23.09%
epoch  71 loss   2.3005 lr 7.13e-04
epoch  72 loss   1.7900 lr 7.06e-04
epoch  73 loss   1.7671 lr 6.99e-04
epoch  74 loss   1.7295 lr 6.91e-04
epoch  75 loss   2.0642 lr 6.84e-04 val EPE 2.594 D1 17.73%
epoch  76 loss   1.8314 lr 6.77e-04
epoch  77 loss   1.6481 lr 6.69e-04
epoch  78 loss   1.3586 lr 6.62e-04
epoch  79 loss   1.4735 lr 6.55e-04
epoch  80 loss   1.4530 lr 6.47e-04 val EPE 2.911 D1 20.20%
epoch  81 loss   1.4479 lr 6.39e-04
epoch  82 loss   1.4290 lr 6.32e-04
epoch  83 loss   1.7162 lr 6.24e-04
epoch  84 loss   1.5229 lr 6.17e-04
epoch  85 loss   1.5458 lr 6.09e-04 val EPE 2.612 D1 18.36%
epoch  86 loss   1.5822 lr 6.01e-04
epoch  87 loss   1.6762 lr 5.94e-04
epoch  88 loss   1.4134 lr 5.86e-04
epoch  89 loss   1.5121 lr 5.78e-04
epoch  90 loss   1.9639 lr 5.70e-04 val EPE 3.317 D1 24.13%
epoch  91 loss   1.7909 lr 5.63e-04
epoch  92 loss   1.4979 lr 5.55e-04
epoch  93 loss   1.2650 lr 5.47e-04
epoch  94 loss   1.3231 lr 5.39e-04
epoch  95 loss   1.3801 lr 5.31e-04 val EPE 2.436 D1 15.66%
epoch  96 loss   1.4925 lr 5.24e-04
epoch  97 loss   1.6629 lr 5.16e-04
epoch  98 loss   1.4200 lr 5.08e-04
epoch  99 loss   1.2290 lr 5.00e-04
epoch 100 loss   1.9428 lr 4.92e-04 val EPE 2.613 D1 17.39%
epoch 101 loss   1.5365 lr 4.84e-04
epoch 102 loss   1.1617 lr 4.76e-04
epoch 103 loss   1.3241 lr 4.69e-04
epoch 104 loss   1.3873 lr 4.61e-04
epoch 105 loss   1.2792 lr 4.53e-04 val EPE 2.588 D1 16.13%
epoch 106 loss   1.2797 lr 4.45e-04
epoch 107 loss   1.0945 lr 4.37e-04
epoch 108 loss   1.3980 lr 4.30e-04
epoch 109 loss   1.4427 lr 4.22e-04
epoch 110 loss   1.3966 lr 4.14e-04 val EPE 2.293 D1 14.15%
epoch 111 loss   1.2845 lr 4.06e-04
epoch 112 loss   1.3357 lr 3.99e-04
epoch 113 loss   1.4838 lr 3.91e-04
epoch 114 loss   1.3918 lr 3.83e-04
epoch 115 loss   1.5713 lr 3.76e-04 val EPE 2.197 D1 14.48%
epoch 116 loss   1.0997 lr 3.68e-04
epoch 117 loss   1.6343 lr 3.61e-04
epoch 118 loss   1.2626 lr 3.53e-04
epoch 119 loss   1.2860 lr 3.45e-04
epoch 120 loss   1.4952 lr 3.38e-04 val EPE 2.487 D1 15.55%
epoch 121 loss   1.2271 lr 3.31e-04
epoch 122 loss   1.3053 lr 3.23e-04
epoch 123 loss   1.2072 lr 3.16e-04
epoch 124 loss   1.2448 lr 3.09e-04
epoch 125 loss   1.4843 lr 3.01e-04 val EPE 2.225 D1 13.73%
epoch 126 loss   1.4343 lr 2.94e-04
epoch 127 loss   1.2070 lr 2.87e-04
epoch 128 loss   1.0943 lr 2.80e-04
epoch 129 loss   1.1832 lr 2.73e-04
epoch 130 loss   1.3663 lr 2.66e-04 val EPE 2.232 D1 14.44%
epoch 131 loss   0.9575 lr 2.59e-04
epoch 132 loss   1.0142 lr 2.52e-04
epoch 133 loss   1.0656 lr 2.45e-04
epoch 134 loss   1.3395 lr 2.39e-04
epoch 135 loss   1.0521 lr 2.32e-04 val EPE 2.168 D1 13.08%
epoch 136 loss   1.0753 lr 2.25e-04
epoch 137 loss   1.1396 lr 2.19e-04
epoch 138 loss   1.1909 lr 2.12e-04
epoch 139 loss   1.2129 lr 2.06e-04
epoch 140 loss   1.0825 lr 2.00e-04 val EPE 2.504 D1 15.63%
epoch 141 loss   1.0321 lr 1.94e-04
epoch 142 loss   1.1337 lr 1.87e-04
epoch 143 loss   1.2560 lr 1.81e-04
epoch 144 loss   1.1382 lr 1.75e-04
epoch 145 loss   1.2568 lr 1.69e-04 val EPE 2.206 D1 13.71%
epoch 146 loss   1.2675 lr 1.63e-04
epoch 147 loss   1.1100 lr 1.58e-04
epoch 148 loss   1.0782 lr 1.52e-04
epoch 149 loss   1.0049 lr 1.46e-04
epoch 150 loss   0.9472 lr 1.41e-04 val EPE 2.279 D1 14.01%
epoch 151 loss   1.1730 lr 1.36e-04
epoch 152 loss   1.1213 lr 1.30e-04
epoch 153 loss   1.0696 lr 1.25e-04
epoch 154 loss   1.0659 lr 1.20e-04
epoch 155 loss   1.1670 lr 1.15e-04 val EPE 2.196 D1 13.51%
epoch 156 loss   1.0042 lr 1.10e-04
epoch 157 loss   1.0972 lr 1.05e-04
epoch 158 loss   1.0381 lr 1.00e-04
epoch 159 loss   1.0263 lr 9.55e-05
epoch 160 loss   0.9624 lr 9.09e-05 val EPE 2.069 D1 13.15%
epoch 161 loss   1.0875 lr 8.65e-05
epoch 162 loss   0.9863 lr 8.21e-05
epoch 163 loss   1.0284 lr 7.78e-05
epoch 164 loss   1.2638 lr 7.37e-05
epoch 165 loss   0.9594 lr 6.96e-05 val EPE 2.073 D1 12.81%
epoch 166 loss   1.0728 lr 6.57e-05
epoch 167 loss   1.2220 lr 6.18e-05
epoch 168 loss   1.0643 lr 5.81e-05
epoch 169 loss   0.8669 lr 5.45e-05
epoch 170 loss   1.0240 lr 5.10e-05 val EPE 2.014 D1 12.39%
epoch 171 loss   1.1100 lr 4.76e-05
epoch 172 loss   0.9703 lr 4.43e-05
epoch 173 loss   1.0074 lr 4.11e-05
epoch 174 loss   0.9754 lr 3.81e-05
epoch 175 loss   0.9894 lr 3.51e-05 val EPE 2.081 D1 12.39%
epoch 176 loss   1.1579 lr 3.23e-05
epoch 177 loss   1.0203 lr 2.96e-05
epoch 178 loss   1.1884 lr 2.70e-05
epoch 179 loss   0.8978 lr 2.45e-05
epoch 180 loss   0.9528 lr 2.21e-05 val EPE 2.109 D1 12.34%
epoch 181 loss   1.0096 lr 1.99e-05
epoch 182 loss   0.8459 lr 1.77e-05
epoch 183 loss   1.0020 lr 1.57e-05
epoch 184 loss   0.9142 lr 1.38e-05
epoch 185 loss   0.9417 lr 1.20e-05 val EPE 1.993 D1 11.94%
epoch 186 loss   0.9729 lr 1.04e-05
epoch 187 loss   0.8335 lr 8.86e-06
epoch 188 loss   1.0108 lr 7.45e-06
epoch 189 loss   1.0751 lr 6.16e-06
epoch 190 loss   0.9821 lr 4.99e-06 val EPE 2.034 D1 12.03%
epoch 191 loss   0.9411 lr 3.94e-06
epoch 192 loss   1.0077 lr 3.02e-06
epoch 193 loss   0.9595 lr 2.22e-06
epoch 194 loss   0.9481 lr 1.54e-06
epoch 195 loss   0.9401 lr 9.87e-07 val EPE 2.036 D1 12.05%
epoch 196 loss   1.1429 lr 5.55e-07
epoch 197 loss   0.9706 lr 2.47e-07
epoch 198 loss   1.0187 lr 6.17e-08
epoch 199 loss   1.0110 lr 0.00e+00 val EPE 2.024 D1 11.99%
P2A seed 1 done: wall 3812.7s best10 EPE 1.9931 @epoch 185
