integrity guard: {"param_count": 397954, "param_count_ok": true, "all_ok": true}
init: {"source": "/kaggle/working/repo/checkpoints/armp_stage1_best.pth", "strict": true, "sha256": "3ae6fb3be6b2bda9287b325ccbe6d1397744c8f20ef5e56c046176d9f1a29be7", "n_keys": 70, "param_count": 397954}
/kaggle/working/repo/stage_b_armp/seed2/scripts/finetune_pilot.py:303: UserWarning: Converting a tensor with requires_grad=True to a scalar may lead to unexpected behavior.
Consider using tensor.detach() first. (Triggered internally at /pytorch/torch/csrc/autograd/generated/python_variable_methods.cpp:836.)
  epoch_loss += float(loss)
epoch   0 loss   2.3861 lr 1.00e-03 val EPE 3.415 D1 26.99%
epoch   1 loss   1.7413 lr 1.00e-03
epoch   2 loss   1.6539 lr 9.99e-04
epoch   3 loss   1.5072 lr 9.99e-04
epoch   4 loss   1.4324 lr 9.98e-04
epoch   5 loss   1.4079 lr 9.98e-04 val EPE 2.210 D1 14.34%
epoch   6 loss   1.4869 lr 9.97e-04
epoch   7 loss   1.3703 lr 9.96e-04
epoch   8 loss   1.8076 lr 9.95e-04
epoch   9 loss   1.6221 lr 9.94e-04
epoch  10 loss   1.5426 lr 9.93e-04 val EPE 2.148 D1 14.16%
epoch  11 loss   1.2591 lr 9.91e-04
epoch  12 loss   1.1404 lr 9.90e-04
epoch  13 loss   1.4209 lr 9.88e-04
epoch  14 loss   1.2267 lr 9.86e-04
epoch  15 loss   1.1912 lr 9.84e-04 val EPE 2.323 D1 15.19%
epoch  16 loss   1.0754 lr 9.82e-04
epoch  17 loss   1.2584 lr 9.80e-04
epoch  18 loss   1.3416 lr 9.78e-04
epoch  19 loss   1.3061 lr 9.76e-04
epoch  20 loss   1.0993 lr 9.73e-04 val EPE 2.148 D1 13.03%
epoch  21 loss   1.1134 lr 9.70e-04
epoch  22 loss   1.3113 lr 9.68e-04
epoch  23 loss   1.3785 lr 9.65e-04
epoch  24 loss   1.1129 lr 9.62e-04
epoch  25 loss   1.3008 lr 9.59e-04 val EPE 2.110 D1 12.59%
epoch  26 loss   1.1939 lr 9.56e-04
epoch  27 loss   1.1163 lr 9.52e-04
epoch  28 loss   1.0006 lr 9.49e-04
epoch  29 loss   0.9555 lr 9.46e-04
epoch  30 loss   1.3152 lr 9.42e-04 val EPE 2.893 D1 19.38%
epoch  31 loss   1.2444 lr 9.38e-04
epoch  32 loss   1.5701 lr 9.34e-04
epoch  33 loss   1.1510 lr 9.30e-04
epoch  34 loss   1.4877 lr 9.26e-04
epoch  35 loss   1.1346 lr 9.22e-04 val EPE 1.921 D1 11.83%
epoch  36 loss   1.0565 lr 9.18e-04
epoch  37 loss   1.0393 lr 9.14e-04
epoch  38 loss   1.0358 lr 9.09e-04
epoch  39 loss   0.9665 lr 9.05e-04
epoch  40 loss   1.0436 lr 9.00e-04 val EPE 1.889 D1 10.80%
epoch  41 loss   1.1561 lr 8.95e-04
epoch  42 loss   1.2515 lr 8.90e-04
epoch  43 loss   1.0144 lr 8.85e-04
epoch  44 loss   1.0116 lr 8.80e-04
epoch  45 loss   0.9490 lr 8.75e-04 val EPE 1.829 D1 10.68%
epoch  46 loss   0.9682 lr 8.70e-04
epoch  47 loss   1.0943 lr 8.64e-04
epoch  48 loss   1.0627 lr 8.59e-04
epoch  49 loss   1.1692 lr 8.54e-04
epoch  50 loss   1.0534 lr 8.48e-04 val EPE 2.014 D1 11.85%
epoch  51 loss   1.1397 lr 8.42e-04
epoch  52 loss   0.9000 lr 8.37e-04
epoch  53 loss   1.1224 lr 8.31e-04
epoch  54 loss   1.0781 lr 8.25e-04
epoch  55 loss   1.0076 lr 8.19e-04 val EPE 1.847 D1 10.95%
epoch  56 loss   1.0653 lr 8.13e-04
epoch  57 loss   1.0857 lr 8.06e-04
epoch  58 loss   0.9167 lr 8.00e-04
epoch  59 loss   0.9956 lr 7.94e-04
epoch  60 loss   0.9803 lr 7.88e-04 val EPE 1.828 D1 11.30%
epoch  61 loss   0.9607 lr 7.81e-04
epoch  62 loss   1.2742 lr 7.75e-04
epoch  63 loss   0.9579 lr 7.68e-04
epoch  64 loss   1.0531 lr 7.61e-04
epoch  65 loss   1.1473 lr 7.55e-04 val EPE 1.983 D1 11.15%
epoch  66 loss   0.9682 lr 7.48e-04
epoch  67 loss   1.1863 lr 7.41e-04
epoch  68 loss   1.2267 lr 7.34e-04
epoch  69 loss   1.1961 lr 7.27e-04
epoch  70 loss   0.8722 lr 7.20e-04 val EPE 1.838 D1 10.68%
epoch  71 loss   0.9443 lr 7.13e-04
epoch  72 loss   0.9194 lr 7.06e-04
epoch  73 loss   0.8820 lr 6.99e-04
epoch  74 loss   1.2719 lr 6.91e-04
epoch  75 loss   0.9647 lr 6.84e-04 val EPE 2.401 D1 13.14%
epoch  76 loss   0.9745 lr 6.77e-04
epoch  77 loss   0.8202 lr 6.69e-04
epoch  78 loss   0.8733 lr 6.62e-04
epoch  79 loss   0.8728 lr 6.55e-04
epoch  80 loss   0.9152 lr 6.47e-04 val EPE 1.798 D1 10.65%
epoch  81 loss   0.8958 lr 6.39e-04
epoch  82 loss   1.0868 lr 6.32e-04
epoch  83 loss   0.9397 lr 6.24e-04
epoch  84 loss   1.0392 lr 6.17e-04
epoch  85 loss   1.0024 lr 6.09e-04 val EPE 1.800 D1 10.02%
epoch  86 loss   0.9711 lr 6.01e-04
epoch  87 loss   1.0323 lr 5.94e-04
epoch  88 loss   0.9413 lr 5.86e-04
epoch  89 loss   0.9938 lr 5.78e-04
epoch  90 loss   0.8815 lr 5.70e-04 val EPE 2.138 D1 11.74%
epoch  91 loss   0.9661 lr 5.63e-04
epoch  92 loss   0.8303 lr 5.55e-04
epoch  93 loss   0.9399 lr 5.47e-04
epoch  94 loss   0.8368 lr 5.39e-04
epoch  95 loss   0.8716 lr 5.31e-04 val EPE 1.830 D1 10.16%
epoch  96 loss   0.8616 lr 5.24e-04
epoch  97 loss   0.9993 lr 5.16e-04
epoch  98 loss   0.9075 lr 5.08e-04
epoch  99 loss   1.0490 lr 5.00e-04
epoch 100 loss   1.0094 lr 4.92e-04 val EPE 1.940 D1 10.95%
epoch 101 loss   0.9754 lr 4.84e-04
epoch 102 loss   1.0279 lr 4.76e-04
epoch 103 loss   0.9826 lr 4.69e-04
epoch 104 loss   0.9357 lr 4.61e-04
epoch 105 loss   0.8968 lr 4.53e-04 val EPE 1.717 D1 9.46%
epoch 106 loss   0.7543 lr 4.45e-04
epoch 107 loss   0.8190 lr 4.37e-04
epoch 108 loss   0.8983 lr 4.30e-04
epoch 109 loss   0.8959 lr 4.22e-04
epoch 110 loss   0.8447 lr 4.14e-04 val EPE 1.710 D1 9.52%
epoch 111 loss   0.8931 lr 4.06e-04
epoch 112 loss   0.8707 lr 3.99e-04
epoch 113 loss   0.8423 lr 3.91e-04
epoch 114 loss   0.8676 lr 3.83e-04
epoch 115 loss   0.9011 lr 3.76e-04 val EPE 2.103 D1 11.70%
epoch 116 loss   0.9042 lr 3.68e-04
epoch 117 loss   0.7620 lr 3.61e-04
epoch 118 loss   1.0391 lr 3.53e-04
epoch 119 loss   0.8354 lr 3.45e-04
epoch 120 loss   0.8201 lr 3.38e-04 val EPE 1.761 D1 9.96%
epoch 121 loss   0.7382 lr 3.31e-04
epoch 122 loss   0.8314 lr 3.23e-04
epoch 123 loss   0.7930 lr 3.16e-04
epoch 124 loss   0.8263 lr 3.09e-04
epoch 125 loss   0.9250 lr 3.01e-04 val EPE 1.695 D1 9.31%
epoch 126 loss   0.7867 lr 2.94e-04
epoch 127 loss   0.7914 lr 2.87e-04
epoch 128 loss   0.7221 lr 2.80e-04
epoch 129 loss   0.8658 lr 2.73e-04
epoch 130 loss   0.7630 lr 2.66e-04 val EPE 1.678 D1 9.77%
epoch 131 loss   0.9008 lr 2.59e-04
epoch 132 loss   0.7252 lr 2.52e-04
epoch 133 loss   0.7232 lr 2.45e-04
epoch 134 loss   0.7591 lr 2.39e-04
epoch 135 loss   0.7132 lr 2.32e-04 val EPE 1.670 D1 9.43%
epoch 136 loss   0.9237 lr 2.25e-04
epoch 137 loss   0.6760 lr 2.19e-04
epoch 138 loss   0.8206 lr 2.12e-04
epoch 139 loss   0.7428 lr 2.06e-04
epoch 140 loss   0.8141 lr 2.00e-04 val EPE 1.588 D1 8.86%
epoch 141 loss   0.7728 lr 1.94e-04
epoch 142 loss   0.7188 lr 1.87e-04
epoch 143 loss   0.7966 lr 1.81e-04
epoch 144 loss   0.7414 lr 1.75e-04
epoch 145 loss   0.7871 lr 1.69e-04 val EPE 1.542 D1 8.62%
epoch 146 loss   0.7633 lr 1.63e-04
epoch 147 loss   0.7929 lr 1.58e-04
epoch 148 loss   0.7269 lr 1.52e-04
epoch 149 loss   0.8094 lr 1.46e-04
epoch 150 loss   0.7282 lr 1.41e-04 val EPE 1.636 D1 8.96%
epoch 151 loss   0.8069 lr 1.36e-04
epoch 152 loss   0.6776 lr 1.30e-04
epoch 153 loss   0.9114 lr 1.25e-04
epoch 154 loss   0.9083 lr 1.20e-04
epoch 155 loss   0.7314 lr 1.15e-04 val EPE 1.636 D1 8.78%
epoch 156 loss   0.8677 lr 1.10e-04
epoch 157 loss   0.6765 lr 1.05e-04
epoch 158 loss   0.6652 lr 1.00e-04
epoch 159 loss   0.8034 lr 9.55e-05
epoch 160 loss   0.7668 lr 9.09e-05 val EPE 1.579 D1 8.90%
epoch 161 loss   0.6466 lr 8.65e-05
epoch 162 loss   0.7249 lr 8.21e-05
epoch 163 loss   0.8703 lr 7.78e-05
epoch 164 loss   0.6761 lr 7.37e-05
epoch 165 loss   0.6992 lr 6.96e-05 val EPE 1.577 D1 8.66%
epoch 166 loss   0.7399 lr 6.57e-05
epoch 167 loss   0.6264 lr 6.18e-05
epoch 168 loss   0.6360 lr 5.81e-05
epoch 169 loss   0.7795 lr 5.45e-05
epoch 170 loss   0.6811 lr 5.10e-05 val EPE 1.604 D1 8.87%
epoch 171 loss   0.8337 lr 4.76e-05
epoch 172 loss   0.7748 lr 4.43e-05
epoch 173 loss   0.7276 lr 4.11e-05
epoch 174 loss   0.7839 lr 3.81e-05
epoch 175 loss   0.6681 lr 3.51e-05 val EPE 1.591 D1 8.63%
epoch 176 loss   0.7267 lr 3.23e-05
epoch 177 loss   0.8226 lr 2.96e-05
epoch 178 loss   0.7232 lr 2.70e-05
epoch 179 loss   0.6879 lr 2.45e-05
epoch 180 loss   0.7139 lr 2.21e-05 val EPE 1.584 D1 8.71%
epoch 181 loss   0.8794 lr 1.99e-05
epoch 182 loss   0.7363 lr 1.77e-05
epoch 183 loss   0.7331 lr 1.57e-05
epoch 184 loss   0.7659 lr 1.38e-05
epoch 185 loss   0.6995 lr 1.20e-05 val EPE 1.602 D1 8.70%
epoch 186 loss   0.7198 lr 1.04e-05
epoch 187 loss   0.6460 lr 8.86e-06
epoch 188 loss   0.7009 lr 7.45e-06
epoch 189 loss   0.7059 lr 6.16e-06
epoch 190 loss   0.6960 lr 4.99e-06 val EPE 1.605 D1 8.87%
epoch 191 loss   0.6693 lr 3.94e-06
epoch 192 loss   0.7907 lr 3.02e-06
epoch 193 loss   0.7566 lr 2.22e-06
epoch 194 loss   0.7008 lr 1.54e-06
epoch 195 loss   0.6284 lr 9.87e-07 val EPE 1.585 D1 8.71%
epoch 196 loss   0.7309 lr 5.55e-07
epoch 197 loss   0.8262 lr 2.47e-07
epoch 198 loss   0.7143 lr 6.17e-08
epoch 199 loss   0.6955 lr 0.00e+00 val EPE 1.577 D1 8.65%
P2A seed 2 done: wall 4604.4s best10 EPE 1.5419 @epoch 145
