python : C:\Users\vishn\stereo_depth_vision\phase1\scripts\train_arm_w.py:1: SyntaxWarning: invalid escape sequence 
'\s'
At line:2 char:1
+ python phase1\scripts\train_arm_w.py 2>&1 | Tee-Object -FilePath 'C:\ ...
+ ~~~~~~~~~~~~~~~~~~~~~~~~~~~~~~~~~~~~~~~~~
    + CategoryInfo          : NotSpecified: (C:\Users\vishn\...e sequence '\s':String) [], RemoteException
    + FullyQualifiedErrorId : NativeCommandError
 
  """ARM W — 200-epoch KITTI from random init with finer disparity sampling and
epoch   0 loss  10.6998 lr 1.00e-03 val EPE 16.462 D1 87.56%
epoch   1 loss   9.3424 lr 1.00e-03
epoch   2 loss   8.7552 lr 9.99e-04
epoch   3 loss   8.1608 lr 9.99e-04
epoch   4 loss   7.7246 lr 9.98e-04
epoch   5 loss   8.0356 lr 9.98e-04 val EPE 15.880 D1 85.44%
epoch   6 loss   6.6194 lr 9.97e-04
epoch   7 loss   5.5207 lr 9.96e-04
epoch   8 loss   4.6793 lr 9.95e-04
epoch   9 loss   4.1595 lr 9.94e-04
epoch  10 loss   3.7705 lr 9.93e-04 val EPE 8.792 D1 60.61%
epoch  11 loss   3.1244 lr 9.91e-04
epoch  12 loss   2.8912 lr 9.90e-04
epoch  13 loss   2.5772 lr 9.88e-04
epoch  14 loss   2.6103 lr 9.86e-04
epoch  15 loss   2.8101 lr 9.84e-04 val EPE 7.038 D1 46.55%
epoch  16 loss   2.5749 lr 9.82e-04
epoch  17 loss   2.2856 lr 9.80e-04
epoch  18 loss   2.7552 lr 9.78e-04
epoch  19 loss   2.3323 lr 9.76e-04
epoch  20 loss   2.4399 lr 9.73e-04 val EPE 6.578 D1 44.75%
epoch  21 loss   2.3580 lr 9.70e-04
epoch  22 loss   2.2632 lr 9.68e-04
epoch  23 loss   2.2904 lr 9.65e-04
epoch  24 loss   2.0452 lr 9.62e-04
epoch  25 loss   1.8722 lr 9.59e-04 val EPE 5.603 D1 32.82%
epoch  26 loss   2.1717 lr 9.56e-04
epoch  27 loss   1.7505 lr 9.52e-04
epoch  28 loss   1.9326 lr 9.49e-04
epoch  29 loss   2.1724 lr 9.46e-04
epoch  30 loss   2.1639 lr 9.42e-04 val EPE 5.090 D1 29.28%
epoch  31 loss   1.7185 lr 9.38e-04
epoch  32 loss   1.5916 lr 9.34e-04
epoch  33 loss   1.6306 lr 9.30e-04
epoch  34 loss   1.6308 lr 9.26e-04
epoch  35 loss   1.7758 lr 9.22e-04 val EPE 5.001 D1 28.78%
epoch  36 loss   1.3311 lr 9.18e-04
epoch  37 loss   1.8940 lr 9.14e-04
epoch  38 loss   1.8664 lr 9.09e-04
epoch  39 loss   1.6805 lr 9.05e-04
epoch  40 loss   1.6504 lr 9.00e-04 val EPE 4.920 D1 30.18%
epoch  41 loss   1.5449 lr 8.95e-04
epoch  42 loss   1.6806 lr 8.90e-04
epoch  43 loss   1.3997 lr 8.85e-04
epoch  44 loss   1.4854 lr 8.80e-04
epoch  45 loss   1.8137 lr 8.75e-04 val EPE 5.107 D1 27.37%
epoch  46 loss   1.5095 lr 8.70e-04
epoch  47 loss   1.6461 lr 8.64e-04
epoch  48 loss   1.5494 lr 8.59e-04
epoch  49 loss   1.3291 lr 8.54e-04
epoch  50 loss   1.4405 lr 8.48e-04 val EPE 4.350 D1 22.46%
epoch  51 loss   1.5468 lr 8.42e-04
epoch  52 loss   1.3162 lr 8.37e-04
epoch  53 loss   1.4345 lr 8.31e-04
epoch  54 loss   1.4326 lr 8.25e-04
epoch  55 loss   1.2952 lr 8.19e-04 val EPE 4.749 D1 25.33%
epoch  56 loss   1.3385 lr 8.13e-04
epoch  57 loss   1.3388 lr 8.06e-04
epoch  58 loss   1.2563 lr 8.00e-04
epoch  59 loss   1.5962 lr 7.94e-04
epoch  60 loss   1.1644 lr 7.88e-04 val EPE 4.285 D1 21.01%
epoch  61 loss   1.3833 lr 7.81e-04
epoch  62 loss   1.3393 lr 7.75e-04
epoch  63 loss   1.2548 lr 7.68e-04
epoch  64 loss   1.3293 lr 7.61e-04
epoch  65 loss   1.2459 lr 7.55e-04 val EPE 4.460 D1 27.17%
epoch  66 loss   1.4685 lr 7.48e-04
epoch  67 loss   1.2630 lr 7.41e-04
epoch  68 loss   1.3327 lr 7.34e-04
epoch  69 loss   1.3045 lr 7.27e-04
epoch  70 loss   1.2928 lr 7.20e-04 val EPE 4.149 D1 20.93%
epoch  71 loss   1.1407 lr 7.13e-04
epoch  72 loss   1.1226 lr 7.06e-04
epoch  73 loss   1.1011 lr 6.99e-04
epoch  74 loss   1.2011 lr 6.91e-04
epoch  75 loss   1.1906 lr 6.84e-04 val EPE 4.428 D1 24.77%
epoch  76 loss   1.1399 lr 6.77e-04
epoch  77 loss   1.1572 lr 6.69e-04
epoch  78 loss   1.0438 lr 6.62e-04
epoch  79 loss   1.0920 lr 6.55e-04
epoch  80 loss   1.1422 lr 6.47e-04 val EPE 3.677 D1 19.44%
epoch  81 loss   1.0158 lr 6.39e-04
epoch  82 loss   1.1129 lr 6.32e-04
epoch  83 loss   1.0342 lr 6.24e-04
epoch  84 loss   1.0701 lr 6.17e-04
epoch  85 loss   1.0290 lr 6.09e-04 val EPE 3.686 D1 20.48%
epoch  86 loss   0.9690 lr 6.01e-04
epoch  87 loss   1.0620 lr 5.94e-04
epoch  88 loss   0.9742 lr 5.86e-04
epoch  89 loss   1.0890 lr 5.78e-04
epoch  90 loss   0.8802 lr 5.70e-04 val EPE 3.682 D1 18.77%
epoch  91 loss   0.9018 lr 5.63e-04
epoch  92 loss   0.9821 lr 5.55e-04
epoch  93 loss   0.9929 lr 5.47e-04
epoch  94 loss   1.0173 lr 5.39e-04
epoch  95 loss   0.9490 lr 5.31e-04 val EPE 3.634 D1 17.08%
epoch  96 loss   0.9855 lr 5.24e-04
epoch  97 loss   0.9418 lr 5.16e-04
epoch  98 loss   1.0097 lr 5.08e-04
epoch  99 loss   0.9293 lr 5.00e-04
epoch 100 loss   0.9372 lr 4.92e-04 val EPE 3.533 D1 18.33%
epoch 101 loss   0.9058 lr 4.84e-04
epoch 102 loss   0.8780 lr 4.76e-04
epoch 103 loss   0.8510 lr 4.69e-04
epoch 104 loss   0.9953 lr 4.61e-04
epoch 105 loss   1.1285 lr 4.53e-04 val EPE 3.434 D1 17.79%
epoch 106 loss   0.9583 lr 4.45e-04
epoch 107 loss   0.8513 lr 4.37e-04
epoch 108 loss   0.9431 lr 4.30e-04
epoch 109 loss   0.7948 lr 4.22e-04
epoch 110 loss   0.7727 lr 4.14e-04 val EPE 3.653 D1 18.23%
epoch 111 loss   1.0012 lr 4.06e-04
epoch 112 loss   1.0589 lr 3.99e-04
epoch 113 loss   0.8292 lr 3.91e-04
epoch 114 loss   0.8070 lr 3.83e-04
epoch 115 loss   0.8996 lr 3.76e-04 val EPE 3.300 D1 16.81%
epoch 116 loss   0.8582 lr 3.68e-04
epoch 117 loss   0.7621 lr 3.61e-04
epoch 118 loss   0.7567 lr 3.53e-04
epoch 119 loss   0.8280 lr 3.45e-04
epoch 120 loss   0.7723 lr 3.38e-04 val EPE 3.408 D1 17.06%
epoch 121 loss   0.7991 lr 3.31e-04
epoch 122 loss   0.8373 lr 3.23e-04
epoch 123 loss   0.7568 lr 3.16e-04
epoch 124 loss   0.8029 lr 3.09e-04
epoch 125 loss   0.7910 lr 3.01e-04 val EPE 3.271 D1 16.00%
epoch 126 loss   0.8267 lr 2.94e-04
epoch 127 loss   0.8382 lr 2.87e-04
epoch 128 loss   0.7939 lr 2.80e-04
epoch 129 loss   0.8516 lr 2.73e-04
epoch 130 loss   0.7950 lr 2.66e-04 val EPE 3.457 D1 15.67%
epoch 131 loss   0.7453 lr 2.59e-04
epoch 132 loss   0.7177 lr 2.52e-04
epoch 133 loss   0.7646 lr 2.45e-04
epoch 134 loss   0.7390 lr 2.39e-04
epoch 135 loss   0.7284 lr 2.32e-04 val EPE 3.147 D1 16.04%
epoch 136 loss   0.8215 lr 2.25e-04
epoch 137 loss   0.7586 lr 2.19e-04
epoch 138 loss   0.7746 lr 2.12e-04
epoch 139 loss   0.7050 lr 2.06e-04
epoch 140 loss   0.6618 lr 2.00e-04 val EPE 3.480 D1 16.06%
epoch 141 loss   0.7050 lr 1.94e-04
epoch 142 loss   0.7382 lr 1.87e-04
epoch 143 loss   0.7116 lr 1.81e-04
epoch 144 loss   0.6727 lr 1.75e-04
epoch 145 loss   0.8362 lr 1.69e-04 val EPE 3.170 D1 15.32%
epoch 146 loss   0.6503 lr 1.63e-04
epoch 147 loss   0.6459 lr 1.58e-04
epoch 148 loss   0.6940 lr 1.52e-04
epoch 149 loss   0.6879 lr 1.46e-04
epoch 150 loss   0.6760 lr 1.41e-04 val EPE 3.184 D1 15.31%
epoch 151 loss   0.6919 lr 1.36e-04
epoch 152 loss   0.6800 lr 1.30e-04
epoch 153 loss   0.6577 lr 1.25e-04
epoch 154 loss   0.6962 lr 1.20e-04
epoch 155 loss   0.6441 lr 1.15e-04 val EPE 3.162 D1 15.92%
epoch 156 loss   0.6544 lr 1.10e-04
epoch 157 loss   0.6358 lr 1.05e-04
epoch 158 loss   0.5754 lr 1.00e-04
epoch 159 loss   0.6347 lr 9.55e-05
epoch 160 loss   0.6333 lr 9.09e-05 val EPE 3.225 D1 15.34%
epoch 161 loss   0.6397 lr 8.65e-05
epoch 162 loss   0.5832 lr 8.21e-05
epoch 163 loss   0.6763 lr 7.78e-05
epoch 164 loss   0.6696 lr 7.37e-05
epoch 165 loss   0.6845 lr 6.96e-05 val EPE 3.180 D1 14.72%
epoch 166 loss   0.6042 lr 6.57e-05
epoch 167 loss   0.6219 lr 6.18e-05
epoch 168 loss   0.6021 lr 5.81e-05
epoch 169 loss   0.6028 lr 5.45e-05
epoch 170 loss   0.6189 lr 5.10e-05 val EPE 3.244 D1 15.17%
epoch 171 loss   0.6137 lr 4.76e-05
epoch 172 loss   0.5975 lr 4.43e-05
epoch 173 loss   0.5675 lr 4.11e-05
epoch 174 loss   0.6656 lr 3.81e-05
epoch 175 loss   0.6176 lr 3.51e-05 val EPE 3.207 D1 14.97%
epoch 176 loss   0.6071 lr 3.23e-05
epoch 177 loss   0.5755 lr 2.96e-05
epoch 178 loss   0.6182 lr 2.70e-05
epoch 179 loss   0.5970 lr 2.45e-05
epoch 180 loss   0.6829 lr 2.21e-05 val EPE 3.128 D1 14.52%
epoch 181 loss   0.6577 lr 1.99e-05
epoch 182 loss   0.6171 lr 1.77e-05
epoch 183 loss   0.5835 lr 1.57e-05
epoch 184 loss   0.5599 lr 1.38e-05
epoch 185 loss   0.5966 lr 1.20e-05 val EPE 3.122 D1 14.60%
epoch 186 loss   0.5651 lr 1.04e-05
epoch 187 loss   0.5831 lr 8.86e-06
epoch 188 loss   0.6037 lr 7.45e-06
epoch 189 loss   0.5701 lr 6.16e-06
epoch 190 loss   0.6340 lr 4.99e-06 val EPE 3.148 D1 14.70%
epoch 191 loss   0.5757 lr 3.94e-06
epoch 192 loss   0.5791 lr 3.02e-06
epoch 193 loss   0.6089 lr 2.22e-06
epoch 194 loss   0.5899 lr 1.54e-06
epoch 195 loss   0.5793 lr 9.87e-07 val EPE 3.137 D1 14.65%
epoch 196 loss   0.5789 lr 5.55e-07
epoch 197 loss   0.5825 lr 2.47e-07
epoch 198 loss   0.5704 lr 6.17e-08
epoch 199 loss   0.5595 lr 0.00e+00 val EPE 3.126 D1 14.61%
ARM W done: wall 4158.1s best10 EPE 3.1221 @epoch 185
