epoch   0 loss  12.2897 lr 1.00e-03 val EPE 17.391 D1 87.22%
epoch   1 loss   9.8781 lr 1.00e-03
epoch   2 loss   9.4806 lr 9.99e-04
epoch   3 loss   8.7897 lr 9.99e-04
epoch   4 loss   8.7260 lr 9.98e-04
epoch   5 loss   8.9778 lr 9.98e-04 val EPE 19.389 D1 89.00%
epoch   6 loss   8.4200 lr 9.97e-04
epoch   7 loss   8.0113 lr 9.96e-04
epoch   8 loss   8.4297 lr 9.95e-04
epoch   9 loss   8.3115 lr 9.94e-04
epoch  10 loss   8.2907 lr 9.93e-04 val EPE 20.580 D1 91.13%
epoch  11 loss   8.4006 lr 9.91e-04
epoch  12 loss   7.8157 lr 9.90e-04
epoch  13 loss   7.6534 lr 9.88e-04
epoch  14 loss   7.7681 lr 9.86e-04
epoch  15 loss   8.2208 lr 9.84e-04 val EPE 17.736 D1 87.27%
epoch  16 loss   7.7894 lr 9.82e-04
epoch  17 loss   8.3672 lr 9.80e-04
epoch  18 loss   8.0360 lr 9.78e-04
epoch  19 loss   7.3877 lr 9.76e-04
epoch  20 loss   7.6313 lr 9.73e-04 val EPE 18.799 D1 88.65%
epoch  21 loss   8.0814 lr 9.70e-04
epoch  22 loss   7.6013 lr 9.68e-04
epoch  23 loss   7.8595 lr 9.65e-04
epoch  24 loss   7.2649 lr 9.62e-04
epoch  25 loss   7.3446 lr 9.59e-04 val EPE 17.170 D1 88.15%
epoch  26 loss   7.9308 lr 9.56e-04
epoch  27 loss   6.8689 lr 9.52e-04
epoch  28 loss   7.1618 lr 9.49e-04
epoch  29 loss   7.5418 lr 9.46e-04
epoch  30 loss   7.1154 lr 9.42e-04 val EPE 15.781 D1 85.77%
epoch  31 loss   7.1861 lr 9.38e-04
epoch  32 loss   6.8092 lr 9.34e-04
epoch  33 loss   7.4506 lr 9.30e-04
epoch  34 loss   6.9079 lr 9.26e-04
epoch  35 loss   7.0646 lr 9.22e-04 val EPE 15.964 D1 87.15%
epoch  36 loss   6.4112 lr 9.18e-04
epoch  37 loss   7.0662 lr 9.14e-04
epoch  38 loss   7.2139 lr 9.09e-04
epoch  39 loss   6.9229 lr 9.05e-04
epoch  40 loss   6.9243 lr 9.00e-04 val EPE 15.819 D1 84.80%
epoch  41 loss   6.7882 lr 8.95e-04
epoch  42 loss   7.2999 lr 8.90e-04
epoch  43 loss   6.4327 lr 8.85e-04
epoch  44 loss   6.6339 lr 8.80e-04
epoch  45 loss   6.7447 lr 8.75e-04 val EPE 16.865 D1 86.85%
epoch  46 loss   6.3879 lr 8.70e-04
epoch  47 loss   6.8573 lr 8.64e-04
epoch  48 loss   6.7116 lr 8.59e-04
epoch  49 loss   6.1559 lr 8.54e-04
epoch  50 loss   7.1413 lr 8.48e-04 val EPE 15.222 D1 85.82%
epoch  51 loss   6.8597 lr 8.42e-04
epoch  52 loss   6.4919 lr 8.37e-04
epoch  53 loss   6.2695 lr 8.31e-04
epoch  54 loss   6.6686 lr 8.25e-04
epoch  55 loss   6.3374 lr 8.19e-04 val EPE 18.264 D1 88.37%
epoch  56 loss   6.3911 lr 8.13e-04
epoch  57 loss   6.4817 lr 8.06e-04
epoch  58 loss   6.0632 lr 8.00e-04
epoch  59 loss   6.5486 lr 7.94e-04
epoch  60 loss   5.7920 lr 7.88e-04 val EPE 15.205 D1 83.64%
epoch  61 loss   6.3146 lr 7.81e-04
epoch  62 loss   6.7246 lr 7.75e-04
epoch  63 loss   5.9755 lr 7.68e-04
epoch  64 loss   6.2320 lr 7.61e-04
epoch  65 loss   6.3842 lr 7.55e-04 val EPE 14.603 D1 85.03%
epoch  66 loss   6.6661 lr 7.48e-04
epoch  67 loss   6.6649 lr 7.41e-04
epoch  68 loss   6.1513 lr 7.34e-04
epoch  69 loss   6.0189 lr 7.27e-04
epoch  70 loss   5.9417 lr 7.20e-04 val EPE 17.073 D1 85.64%
epoch  71 loss   5.7959 lr 7.13e-04
epoch  72 loss   6.0767 lr 7.06e-04
epoch  73 loss   5.5897 lr 6.99e-04
epoch  74 loss   5.9989 lr 6.91e-04
epoch  75 loss   5.9940 lr 6.84e-04 val EPE 14.528 D1 82.84%
epoch  76 loss   6.1310 lr 6.77e-04
epoch  77 loss   5.9328 lr 6.69e-04
epoch  78 loss   5.8067 lr 6.62e-04
epoch  79 loss   6.3285 lr 6.55e-04
epoch  80 loss   5.9219 lr 6.47e-04 val EPE 13.598 D1 79.96%
epoch  81 loss   5.6722 lr 6.39e-04
epoch  82 loss   5.7104 lr 6.32e-04
epoch  83 loss   5.6656 lr 6.24e-04
epoch  84 loss   6.1362 lr 6.17e-04
epoch  85 loss   5.9297 lr 6.09e-04 val EPE 16.832 D1 87.03%
epoch  86 loss   5.5560 lr 6.01e-04
epoch  87 loss   5.7249 lr 5.94e-04
epoch  88 loss   5.2648 lr 5.86e-04
epoch  89 loss   5.8107 lr 5.78e-04
epoch  90 loss   5.3542 lr 5.70e-04 val EPE 14.787 D1 82.19%
epoch  91 loss   5.2148 lr 5.63e-04
epoch  92 loss   5.0578 lr 5.55e-04
epoch  93 loss   5.5181 lr 5.47e-04
epoch  94 loss   5.3312 lr 5.39e-04
epoch  95 loss   5.3765 lr 5.31e-04 val EPE 13.991 D1 81.96%
epoch  96 loss   5.6796 lr 5.24e-04
epoch  97 loss   5.1387 lr 5.16e-04
epoch  98 loss   5.3520 lr 5.08e-04
epoch  99 loss   5.2033 lr 5.00e-04
epoch 100 loss   5.5023 lr 4.92e-04 val EPE 15.998 D1 85.63%
epoch 101 loss   5.3089 lr 4.84e-04
epoch 102 loss   5.3828 lr 4.76e-04
epoch 103 loss   5.0749 lr 4.69e-04
epoch 104 loss   4.9845 lr 4.61e-04
epoch 105 loss   5.6365 lr 4.53e-04 val EPE 14.346 D1 81.93%
epoch 106 loss   5.3768 lr 4.45e-04
epoch 107 loss   4.8989 lr 4.37e-04
epoch 108 loss   5.6910 lr 4.30e-04
epoch 109 loss   4.9526 lr 4.22e-04
epoch 110 loss   4.6503 lr 4.14e-04 val EPE 15.219 D1 83.35%
epoch 111 loss   5.4155 lr 4.06e-04
epoch 112 loss   5.7787 lr 3.99e-04
epoch 113 loss   4.6745 lr 3.91e-04
epoch 114 loss   5.3087 lr 3.83e-04
epoch 115 loss   5.2609 lr 3.76e-04 val EPE 13.642 D1 80.15%
epoch 116 loss   4.8562 lr 3.68e-04
epoch 117 loss   4.8811 lr 3.61e-04
epoch 118 loss   4.8914 lr 3.53e-04
epoch 119 loss   4.7045 lr 3.45e-04
epoch 120 loss   4.7646 lr 3.38e-04 val EPE 14.906 D1 81.70%
epoch 121 loss   4.9901 lr 3.31e-04
epoch 122 loss   5.1457 lr 3.23e-04
epoch 123 loss   4.7643 lr 3.16e-04
epoch 124 loss   4.9934 lr 3.09e-04
epoch 125 loss   4.9373 lr 3.01e-04 val EPE 14.036 D1 79.37%
epoch 126 loss   4.9850 lr 2.94e-04
epoch 127 loss   4.9714 lr 2.87e-04
epoch 128 loss   4.6208 lr 2.80e-04
epoch 129 loss   4.9586 lr 2.73e-04
epoch 130 loss   4.8985 lr 2.66e-04 val EPE 13.998 D1 81.29%
epoch 131 loss   4.6871 lr 2.59e-04
epoch 132 loss   4.4714 lr 2.52e-04
epoch 133 loss   4.7442 lr 2.45e-04
epoch 134 loss   4.5953 lr 2.39e-04
epoch 135 loss   4.6296 lr 2.32e-04 val EPE 14.257 D1 81.30%
epoch 136 loss   4.6707 lr 2.25e-04
epoch 137 loss   4.5520 lr 2.19e-04
epoch 138 loss   4.7312 lr 2.12e-04
epoch 139 loss   4.3256 lr 2.06e-04
epoch 140 loss   4.3575 lr 2.00e-04 val EPE 13.323 D1 78.33%
epoch 141 loss   4.2735 lr 1.94e-04
epoch 142 loss   4.9077 lr 1.87e-04
epoch 143 loss   4.7434 lr 1.81e-04
epoch 144 loss   4.3622 lr 1.75e-04
epoch 145 loss   4.6187 lr 1.69e-04 val EPE 14.139 D1 80.89%
epoch 146 loss   4.4268 lr 1.63e-04
epoch 147 loss   4.2554 lr 1.58e-04
epoch 148 loss   4.6944 lr 1.52e-04
epoch 149 loss   4.5126 lr 1.46e-04
epoch 150 loss   4.3285 lr 1.41e-04 val EPE 14.221 D1 81.08%
epoch 151 loss   4.4719 lr 1.36e-04
epoch 152 loss   4.3401 lr 1.30e-04
epoch 153 loss   4.2868 lr 1.25e-04
epoch 154 loss   4.4684 lr 1.20e-04
epoch 155 loss   4.3572 lr 1.15e-04 val EPE 13.225 D1 78.72%
epoch 156 loss   3.9349 lr 1.10e-04
epoch 157 loss   4.3310 lr 1.05e-04
epoch 158 loss   4.1037 lr 1.00e-04
epoch 159 loss   4.3801 lr 9.55e-05
epoch 160 loss   4.2061 lr 9.09e-05 val EPE 13.613 D1 79.20%
epoch 161 loss   4.3083 lr 8.65e-05
epoch 162 loss   3.9438 lr 8.21e-05
epoch 163 loss   4.5231 lr 7.78e-05
epoch 164 loss   4.4360 lr 7.37e-05
epoch 165 loss   4.4323 lr 6.96e-05 val EPE 13.225 D1 78.45%
epoch 166 loss   4.1149 lr 6.57e-05
epoch 167 loss   4.2450 lr 6.18e-05
epoch 168 loss   4.2485 lr 5.81e-05
epoch 169 loss   4.2669 lr 5.45e-05
epoch 170 loss   4.3165 lr 5.10e-05 val EPE 13.446 D1 79.04%
epoch 171 loss   3.9996 lr 4.76e-05
epoch 172 loss   4.0724 lr 4.43e-05
epoch 173 loss   3.9385 lr 4.11e-05
epoch 174 loss   4.4733 lr 3.81e-05
epoch 175 loss   4.2726 lr 3.51e-05 val EPE 13.749 D1 79.64%
epoch 176 loss   4.2833 lr 3.23e-05
epoch 177 loss   4.0461 lr 2.96e-05
epoch 178 loss   4.0198 lr 2.70e-05
epoch 179 loss   4.0524 lr 2.45e-05
epoch 180 loss   4.4847 lr 2.21e-05 val EPE 13.480 D1 79.34%
epoch 181 loss   4.1997 lr 1.99e-05
epoch 182 loss   4.2143 lr 1.77e-05
epoch 183 loss   3.9543 lr 1.57e-05
epoch 184 loss   4.0730 lr 1.38e-05
epoch 185 loss   4.1379 lr 1.20e-05 val EPE 13.499 D1 78.94%
epoch 186 loss   4.0185 lr 1.04e-05
epoch 187 loss   4.1166 lr 8.86e-06
epoch 188 loss   4.1451 lr 7.45e-06
epoch 189 loss   4.0836 lr 6.16e-06
epoch 190 loss   4.2460 lr 4.99e-06 val EPE 13.249 D1 78.25%
epoch 191 loss   4.1686 lr 3.94e-06
epoch 192 loss   4.0954 lr 3.02e-06
epoch 193 loss   3.8900 lr 2.22e-06
epoch 194 loss   4.1730 lr 1.54e-06
epoch 195 loss   4.0724 lr 9.87e-07 val EPE 13.370 D1 78.78%
epoch 196 loss   4.1011 lr 5.55e-07
epoch 197 loss   4.1283 lr 2.47e-07
epoch 198 loss   4.0806 lr 6.17e-08
epoch 199 loss   4.1303 lr 0.00e+00 val EPE 13.367 D1 78.76%
ARM D done: wall 3567.8s best10 EPE 13.2249 @epoch 155
