integrity guard: {"param_count": 397954, "param_count_ok": true, "all_ok": true}
init: {"source": "/kaggle/working/repo/checkpoints/armp_stage1_best.pth", "strict": true, "sha256": "3ae6fb3be6b2bda9287b325ccbe6d1397744c8f20ef5e56c046176d9f1a29be7", "n_keys": 70, "param_count": 397954}
/kaggle/working/repo/stage_e_recipe/run/scripts/finetune_pilot.py:303: UserWarning: Converting a tensor with requires_grad=True to a scalar may lead to unexpected behavior.
Consider using tensor.detach() first. (Triggered internally at /pytorch/torch/csrc/autograd/generated/python_variable_methods.cpp:836.)
  epoch_loss += float(loss)
epoch   0 loss   2.3780 lr 1.00e-03 val EPE 3.426 D1 27.26%
epoch   1 loss   1.7433 lr 1.00e-03
epoch   2 loss   1.6529 lr 1.00e-03
epoch   3 loss   1.6289 lr 1.00e-03
epoch   4 loss   1.4617 lr 1.00e-03
epoch   5 loss   1.4218 lr 9.99e-04 val EPE 2.163 D1 14.05%
epoch   6 loss   1.5330 lr 9.99e-04
epoch   7 loss   1.3813 lr 9.99e-04
epoch   8 loss   1.6163 lr 9.99e-04
epoch   9 loss   1.5389 lr 9.98e-04
epoch  10 loss   1.4843 lr 9.98e-04 val EPE 2.052 D1 13.83%
epoch  11 loss   1.2584 lr 9.98e-04
epoch  12 loss   1.1009 lr 9.97e-04
epoch  13 loss   1.5250 lr 9.97e-04
epoch  14 loss   1.3241 lr 9.97e-04
epoch  15 loss   1.1956 lr 9.96e-04 val EPE 2.439 D1 17.06%
epoch  16 loss   1.1090 lr 9.96e-04
epoch  17 loss   1.1790 lr 9.95e-04
epoch  18 loss   1.3088 lr 9.94e-04
epoch  19 loss   1.5205 lr 9.94e-04
epoch  20 loss   1.1034 lr 9.93e-04 val EPE 2.178 D1 13.35%
epoch  21 loss   1.1087 lr 9.93e-04
epoch  22 loss   1.3516 lr 9.92e-04
epoch  23 loss   1.3371 lr 9.91e-04
epoch  24 loss   1.1023 lr 9.90e-04
epoch  25 loss   1.2167 lr 9.90e-04 val EPE 2.305 D1 14.13%
epoch  26 loss   1.1436 lr 9.89e-04
epoch  27 loss   1.1635 lr 9.88e-04
epoch  28 loss   1.0303 lr 9.87e-04
epoch  29 loss   0.9564 lr 9.86e-04
epoch  30 loss   1.2828 lr 9.85e-04 val EPE 2.205 D1 12.75%
epoch  31 loss   1.1346 lr 9.84e-04
epoch  32 loss   1.4809 lr 9.83e-04
epoch  33 loss   1.1950 lr 9.82e-04
epoch  34 loss   1.3757 lr 9.81e-04
epoch  35 loss   1.0473 lr 9.80e-04 val EPE 1.974 D1 11.35%
epoch  36 loss   1.1252 lr 9.79e-04
epoch  37 loss   1.1024 lr 9.78e-04
epoch  38 loss   1.0392 lr 9.77e-04
epoch  39 loss   0.9918 lr 9.76e-04
epoch  40 loss   1.1020 lr 9.74e-04 val EPE 2.063 D1 11.42%
epoch  41 loss   1.2481 lr 9.73e-04
epoch  42 loss   1.2914 lr 9.72e-04
epoch  43 loss   1.0585 lr 9.70e-04
epoch  44 loss   0.9791 lr 9.69e-04
epoch  45 loss   0.9960 lr 9.68e-04 val EPE 1.914 D1 11.41%
epoch  46 loss   1.0881 lr 9.66e-04
epoch  47 loss   1.1300 lr 9.65e-04
epoch  48 loss   1.0644 lr 9.63e-04
epoch  49 loss   1.1276 lr 9.62e-04
epoch  50 loss   1.0905 lr 9.60e-04 val EPE 1.879 D1 11.05%
epoch  51 loss   1.1444 lr 9.59e-04
epoch  52 loss   0.9284 lr 9.57e-04
epoch  53 loss   1.0911 lr 9.56e-04
epoch  54 loss   1.1453 lr 9.54e-04
epoch  55 loss   1.0404 lr 9.52e-04 val EPE 2.204 D1 14.02%
epoch  56 loss   1.0677 lr 9.51e-04
epoch  57 loss   1.2544 lr 9.49e-04
epoch  58 loss   1.0331 lr 9.47e-04
epoch  59 loss   1.0371 lr 9.46e-04
epoch  60 loss   1.0489 lr 9.44e-04 val EPE 1.933 D1 11.56%
epoch  61 loss   1.0683 lr 9.42e-04
epoch  62 loss   1.3954 lr 9.40e-04
epoch  63 loss   1.0736 lr 9.38e-04
epoch  64 loss   1.1527 lr 9.36e-04
epoch  65 loss   1.4167 lr 9.34e-04 val EPE 2.298 D1 12.73%
epoch  66 loss   1.1713 lr 9.32e-04
epoch  67 loss   1.2691 lr 9.30e-04
epoch  68 loss   1.3530 lr 9.28e-04
epoch  69 loss   1.2740 lr 9.26e-04
epoch  70 loss   0.9665 lr 9.24e-04 val EPE 2.084 D1 12.25%
epoch  71 loss   1.0518 lr 9.22e-04
epoch  72 loss   0.9533 lr 9.20e-04
epoch  73 loss   0.9098 lr 9.18e-04
epoch  74 loss   1.1119 lr 9.16e-04
epoch  75 loss   0.9483 lr 9.14e-04 val EPE 2.536 D1 14.01%
epoch  76 loss   0.9580 lr 9.11e-04
epoch  77 loss   0.8740 lr 9.09e-04
epoch  78 loss   0.9170 lr 9.07e-04
epoch  79 loss   0.9256 lr 9.05e-04
epoch  80 loss   0.9860 lr 9.02e-04 val EPE 1.943 D1 11.65%
epoch  81 loss   0.9957 lr 9.00e-04
epoch  82 loss   1.1228 lr 8.97e-04
epoch  83 loss   0.9834 lr 8.95e-04
epoch  84 loss   1.0898 lr 8.93e-04
epoch  85 loss   1.1225 lr 8.90e-04 val EPE 1.955 D1 11.23%
epoch  86 loss   1.0759 lr 8.88e-04
epoch  87 loss   1.1185 lr 8.85e-04
epoch  88 loss   0.9539 lr 8.83e-04
epoch  89 loss   1.1266 lr 8.80e-04
epoch  90 loss   0.9353 lr 8.78e-04 val EPE 2.057 D1 10.93%
epoch  91 loss   1.0663 lr 8.75e-04
epoch  92 loss   0.8826 lr 8.72e-04
epoch  93 loss   0.9764 lr 8.70e-04
epoch  94 loss   0.8919 lr 8.67e-04
epoch  95 loss   0.9161 lr 8.64e-04 val EPE 2.063 D1 11.67%
epoch  96 loss   0.9452 lr 8.62e-04
epoch  97 loss   1.0328 lr 8.59e-04
epoch  98 loss   0.9977 lr 8.56e-04
epoch  99 loss   1.2525 lr 8.54e-04
epoch 100 loss   1.2355 lr 8.51e-04 val EPE 3.189 D1 26.75%
epoch 101 loss   1.1929 lr 8.48e-04
epoch 102 loss   1.1738 lr 8.45e-04
epoch 103 loss   1.0907 lr 8.42e-04
epoch 104 loss   1.0345 lr 8.39e-04
epoch 105 loss   1.0071 lr 8.37e-04 val EPE 1.975 D1 11.47%
epoch 106 loss   0.8341 lr 8.34e-04
epoch 107 loss   0.9156 lr 8.31e-04
epoch 108 loss   0.9605 lr 8.28e-04
epoch 109 loss   1.0480 lr 8.25e-04
epoch 110 loss   0.9389 lr 8.22e-04 val EPE 2.033 D1 12.63%
epoch 111 loss   1.0180 lr 8.19e-04
epoch 112 loss   0.9449 lr 8.16e-04
epoch 113 loss   0.9275 lr 8.13e-04
epoch 114 loss   0.9563 lr 8.10e-04
epoch 115 loss   1.0363 lr 8.06e-04 val EPE 1.897 D1 10.80%
epoch 116 loss   0.9777 lr 8.03e-04
epoch 117 loss   0.8092 lr 8.00e-04
epoch 118 loss   1.2957 lr 7.97e-04
epoch 119 loss   1.0812 lr 7.94e-04
epoch 120 loss   1.0199 lr 7.91e-04 val EPE 1.857 D1 10.26%
epoch 121 loss   0.8680 lr 7.88e-04
epoch 122 loss   0.9450 lr 7.84e-04
epoch 123 loss   0.9008 lr 7.81e-04
epoch 124 loss   0.9591 lr 7.78e-04
epoch 125 loss   1.0834 lr 7.75e-04 val EPE 1.873 D1 10.32%
epoch 126 loss   0.8713 lr 7.71e-04
epoch 127 loss   0.9898 lr 7.68e-04
epoch 128 loss   0.8225 lr 7.65e-04
epoch 129 loss   0.9387 lr 7.61e-04
epoch 130 loss   0.8605 lr 7.58e-04 val EPE 1.980 D1 11.16%
epoch 131 loss   1.0808 lr 7.55e-04
epoch 132 loss   0.8854 lr 7.51e-04
epoch 133 loss   0.8262 lr 7.48e-04
epoch 134 loss   0.8420 lr 7.44e-04
epoch 135 loss   0.7858 lr 7.41e-04 val EPE 1.752 D1 10.31%
epoch 136 loss   1.0378 lr 7.37e-04
epoch 137 loss   0.7623 lr 7.34e-04
epoch 138 loss   0.9728 lr 7.30e-04
epoch 139 loss   0.8355 lr 7.27e-04
epoch 140 loss   0.9653 lr 7.23e-04 val EPE 1.880 D1 11.23%
epoch 141 loss   0.9362 lr 7.20e-04
epoch 142 loss   0.8388 lr 7.16e-04
epoch 143 loss   0.9872 lr 7.13e-04
epoch 144 loss   0.8474 lr 7.09e-04
epoch 145 loss   0.9325 lr 7.06e-04 val EPE 1.630 D1 9.10%
epoch 146 loss   0.9033 lr 7.02e-04
epoch 147 loss   0.9407 lr 6.99e-04
epoch 148 loss   0.7960 lr 6.95e-04
epoch 149 loss   0.9481 lr 6.91e-04
epoch 150 loss   0.8555 lr 6.88e-04 val EPE 1.749 D1 9.16%
epoch 151 loss   0.8962 lr 6.84e-04
epoch 152 loss   0.8529 lr 6.80e-04
epoch 153 loss   1.0033 lr 6.77e-04
epoch 154 loss   1.3033 lr 6.73e-04
epoch 155 loss   1.0465 lr 6.69e-04 val EPE 2.136 D1 12.10%
epoch 156 loss   1.0825 lr 6.66e-04
epoch 157 loss   0.8553 lr 6.62e-04
epoch 158 loss   0.7725 lr 6.58e-04
epoch 159 loss   0.9620 lr 6.55e-04
epoch 160 loss   0.9294 lr 6.51e-04 val EPE 1.760 D1 9.89%
epoch 161 loss   0.7683 lr 6.47e-04
epoch 162 loss   0.8251 lr 6.43e-04
epoch 163 loss   1.1348 lr 6.39e-04
epoch 164 loss   0.8536 lr 6.36e-04
epoch 165 loss   0.8062 lr 6.32e-04 val EPE 1.612 D1 9.07%
epoch 166 loss   0.9155 lr 6.28e-04
epoch 167 loss   0.7135 lr 6.24e-04
epoch 168 loss   0.7807 lr 6.21e-04
epoch 169 loss   0.9006 lr 6.17e-04
epoch 170 loss   0.8241 lr 6.13e-04 val EPE 1.710 D1 9.62%
epoch 171 loss   1.0946 lr 6.09e-04
epoch 172 loss   0.8951 lr 6.05e-04
epoch 173 loss   0.8654 lr 6.01e-04
epoch 174 loss   0.9142 lr 5.98e-04
epoch 175 loss   0.7763 lr 5.94e-04 val EPE 1.660 D1 9.17%
epoch 176 loss   0.8685 lr 5.90e-04
epoch 177 loss   0.9867 lr 5.86e-04
epoch 178 loss   0.8207 lr 5.82e-04
epoch 179 loss   0.7756 lr 5.78e-04
epoch 180 loss   0.8590 lr 5.74e-04 val EPE 1.706 D1 9.30%
epoch 181 loss   1.0389 lr 5.70e-04
epoch 182 loss   0.8627 lr 5.67e-04
epoch 183 loss   0.8512 lr 5.63e-04
epoch 184 loss   0.9252 lr 5.59e-04
epoch 185 loss   0.9121 lr 5.55e-04 val EPE 1.737 D1 9.54%
epoch 186 loss   0.9720 lr 5.51e-04
epoch 187 loss   0.7757 lr 5.47e-04
epoch 188 loss   0.8245 lr 5.43e-04
epoch 189 loss   0.8113 lr 5.39e-04
epoch 190 loss   0.8129 lr 5.35e-04 val EPE 1.794 D1 10.03%
epoch 191 loss   0.7802 lr 5.31e-04
epoch 192 loss   0.9075 lr 5.27e-04
epoch 193 loss   0.8622 lr 5.24e-04
epoch 194 loss   0.8087 lr 5.20e-04
epoch 195 loss   0.7089 lr 5.16e-04 val EPE 1.665 D1 9.49%
epoch 196 loss   0.8701 lr 5.12e-04
epoch 197 loss   0.9078 lr 5.08e-04
epoch 198 loss   0.8217 lr 5.04e-04
epoch 199 loss   0.8430 lr 5.00e-04
epoch 200 loss   0.7701 lr 4.96e-04 val EPE 1.702 D1 9.51%
epoch 201 loss   0.8285 lr 4.92e-04
epoch 202 loss   0.8546 lr 4.88e-04
epoch 203 loss   0.8958 lr 4.84e-04
epoch 204 loss   0.9119 lr 4.80e-04
epoch 205 loss   0.7558 lr 4.76e-04 val EPE 1.853 D1 9.56%
epoch 206 loss   0.8644 lr 4.73e-04
epoch 207 loss   0.6868 lr 4.69e-04
epoch 208 loss   0.7418 lr 4.65e-04
epoch 209 loss   0.9227 lr 4.61e-04
epoch 210 loss   0.8479 lr 4.57e-04 val EPE 1.668 D1 9.31%
epoch 211 loss   0.9477 lr 4.53e-04
epoch 212 loss   0.7769 lr 4.49e-04
epoch 213 loss   0.8436 lr 4.45e-04
epoch 214 loss   0.8575 lr 4.41e-04
epoch 215 loss   0.8716 lr 4.37e-04 val EPE 1.742 D1 9.24%
epoch 216 loss   0.7711 lr 4.33e-04
epoch 217 loss   0.8000 lr 4.30e-04
epoch 218 loss   0.8595 lr 4.26e-04
epoch 219 loss   0.7566 lr 4.22e-04
epoch 220 loss   0.7188 lr 4.18e-04 val EPE 1.812 D1 9.55%
epoch 221 loss   0.9225 lr 4.14e-04
epoch 222 loss   0.7537 lr 4.10e-04
epoch 223 loss   0.8217 lr 4.06e-04
epoch 224 loss   0.9114 lr 4.02e-04
epoch 225 loss   0.7592 lr 3.99e-04 val EPE 1.746 D1 9.15%
epoch 226 loss   0.8133 lr 3.95e-04
epoch 227 loss   0.8350 lr 3.91e-04
epoch 228 loss   0.7658 lr 3.87e-04
epoch 229 loss   0.7386 lr 3.83e-04
epoch 230 loss   0.8399 lr 3.79e-04 val EPE 1.876 D1 10.50%
epoch 231 loss   0.8521 lr 3.76e-04
epoch 232 loss   0.8153 lr 3.72e-04
epoch 233 loss   0.8276 lr 3.68e-04
epoch 234 loss   0.7861 lr 3.64e-04
epoch 235 loss   0.8267 lr 3.61e-04 val EPE 1.905 D1 10.38%
epoch 236 loss   0.6630 lr 3.57e-04
epoch 237 loss   0.6267 lr 3.53e-04
epoch 238 loss   0.7707 lr 3.49e-04
epoch 239 loss   0.7366 lr 3.45e-04
epoch 240 loss   0.7413 lr 3.42e-04 val EPE 1.698 D1 9.11%
epoch 241 loss   1.1436 lr 3.38e-04
epoch 242 loss   0.7242 lr 3.34e-04
epoch 243 loss   0.7125 lr 3.31e-04
epoch 244 loss   0.8777 lr 3.27e-04
epoch 245 loss   0.7740 lr 3.23e-04 val EPE 2.009 D1 11.20%
epoch 246 loss   0.7955 lr 3.20e-04
epoch 247 loss   0.7656 lr 3.16e-04
epoch 248 loss   0.8014 lr 3.12e-04
epoch 249 loss   0.6582 lr 3.09e-04
epoch 250 loss   0.7487 lr 3.05e-04 val EPE 1.687 D1 9.47%
epoch 251 loss   0.6225 lr 3.01e-04
epoch 252 loss   0.9824 lr 2.98e-04
epoch 253 loss   0.8177 lr 2.94e-04
epoch 254 loss   0.7598 lr 2.91e-04
epoch 255 loss   0.9819 lr 2.87e-04 val EPE 1.988 D1 11.75%
epoch 256 loss   0.8291 lr 2.84e-04
epoch 257 loss   0.6946 lr 2.80e-04
epoch 258 loss   0.7691 lr 2.77e-04
epoch 259 loss   0.8227 lr 2.73e-04
epoch 260 loss   0.7939 lr 2.70e-04 val EPE 1.660 D1 9.02%
epoch 261 loss   0.7363 lr 2.66e-04
epoch 262 loss   0.7818 lr 2.63e-04
epoch 263 loss   0.7451 lr 2.59e-04
epoch 264 loss   0.7736 lr 2.56e-04
epoch 265 loss   0.6667 lr 2.52e-04 val EPE 1.628 D1 8.84%
epoch 266 loss   0.7142 lr 2.49e-04
epoch 267 loss   0.6936 lr 2.45e-04
epoch 268 loss   0.8789 lr 2.42e-04
epoch 269 loss   0.7087 lr 2.39e-04
epoch 270 loss   0.6923 lr 2.35e-04 val EPE 1.528 D1 8.46%
epoch 271 loss   0.9324 lr 2.32e-04
epoch 272 loss   0.7385 lr 2.29e-04
epoch 273 loss   0.7030 lr 2.25e-04
epoch 274 loss   0.6633 lr 2.22e-04
epoch 275 loss   0.6587 lr 2.19e-04 val EPE 1.704 D1 9.34%
epoch 276 loss   0.7099 lr 2.16e-04
epoch 277 loss   0.6970 lr 2.12e-04
epoch 278 loss   0.7192 lr 2.09e-04
epoch 279 loss   0.9810 lr 2.06e-04
epoch 280 loss   0.6915 lr 2.03e-04 val EPE 1.666 D1 8.93%
epoch 281 loss   0.7084 lr 2.00e-04
epoch 282 loss   0.7568 lr 1.97e-04
epoch 283 loss   0.7920 lr 1.94e-04
epoch 284 loss   0.8334 lr 1.90e-04
epoch 285 loss   0.6023 lr 1.87e-04 val EPE 1.705 D1 9.20%
epoch 286 loss   0.7363 lr 1.84e-04
epoch 287 loss   0.7867 lr 1.81e-04
epoch 288 loss   0.7030 lr 1.78e-04
epoch 289 loss   0.6210 lr 1.75e-04
epoch 290 loss   0.6791 lr 1.72e-04 val EPE 1.582 D1 8.68%
epoch 291 loss   0.6455 lr 1.69e-04
epoch 292 loss   0.5565 lr 1.66e-04
epoch 293 loss   0.6679 lr 1.63e-04
epoch 294 loss   0.6386 lr 1.61e-04
epoch 295 loss   0.7249 lr 1.58e-04 val EPE 1.612 D1 8.55%
epoch 296 loss   0.7311 lr 1.55e-04
epoch 297 loss   0.8178 lr 1.52e-04
epoch 298 loss   0.6728 lr 1.49e-04
epoch 299 loss   0.6227 lr 1.46e-04
epoch 300 loss   0.6899 lr 1.44e-04 val EPE 1.596 D1 8.74%
epoch 301 loss   0.6848 lr 1.41e-04
epoch 302 loss   0.7191 lr 1.38e-04
epoch 303 loss   0.7512 lr 1.36e-04
epoch 304 loss   0.6733 lr 1.33e-04
epoch 305 loss   0.6916 lr 1.30e-04 val EPE 1.565 D1 8.49%
epoch 306 loss   0.7477 lr 1.28e-04
epoch 307 loss   0.6575 lr 1.25e-04
epoch 308 loss   0.6405 lr 1.22e-04
epoch 309 loss   0.7145 lr 1.20e-04
epoch 310 loss   0.8631 lr 1.17e-04 val EPE 1.607 D1 8.83%
epoch 311 loss   0.6303 lr 1.15e-04
epoch 312 loss   0.6481 lr 1.12e-04
epoch 313 loss   0.6423 lr 1.10e-04
epoch 314 loss   0.6699 lr 1.07e-04
epoch 315 loss   0.7174 lr 1.05e-04 val EPE 1.639 D1 8.93%
epoch 316 loss   0.7077 lr 1.03e-04
epoch 317 loss   0.6401 lr 1.00e-04
epoch 318 loss   0.6831 lr 9.78e-05
epoch 319 loss   0.6765 lr 9.55e-05
epoch 320 loss   0.7685 lr 9.32e-05 val EPE 1.529 D1 8.51%
epoch 321 loss   0.6510 lr 9.09e-05
epoch 322 loss   0.7899 lr 8.87e-05
epoch 323 loss   0.7592 lr 8.65e-05
epoch 324 loss   0.6754 lr 8.43e-05
epoch 325 loss   0.7160 lr 8.21e-05 val EPE 1.580 D1 8.38%
epoch 326 loss   0.6873 lr 8.00e-05
epoch 327 loss   0.7400 lr 7.78e-05
epoch 328 loss   0.7251 lr 7.57e-05
epoch 329 loss   0.6787 lr 7.37e-05
epoch 330 loss   0.6850 lr 7.16e-05 val EPE 1.733 D1 9.34%
epoch 331 loss   0.6059 lr 6.96e-05
epoch 332 loss   0.5652 lr 6.76e-05
epoch 333 loss   0.6752 lr 6.57e-05
epoch 334 loss   0.6790 lr 6.38e-05
epoch 335 loss   0.5992 lr 6.18e-05 val EPE 1.650 D1 8.90%
epoch 336 loss   0.6446 lr 6.00e-05
epoch 337 loss   0.5674 lr 5.81e-05
epoch 338 loss   0.6643 lr 5.63e-05
epoch 339 loss   0.6936 lr 5.45e-05
epoch 340 loss   0.5801 lr 5.27e-05 val EPE 1.622 D1 8.76%
epoch 341 loss   0.6482 lr 5.10e-05
epoch 342 loss   0.6363 lr 4.93e-05
epoch 343 loss   0.5976 lr 4.76e-05
epoch 344 loss   0.6174 lr 4.59e-05
epoch 345 loss   0.5855 lr 4.43e-05 val EPE 1.570 D1 8.31%
epoch 346 loss   0.6039 lr 4.27e-05
epoch 347 loss   0.6757 lr 4.11e-05
epoch 348 loss   0.6363 lr 3.96e-05
epoch 349 loss   0.5902 lr 3.81e-05
epoch 350 loss   0.7104 lr 3.66e-05 val EPE 1.601 D1 8.45%
epoch 351 loss   0.6173 lr 3.51e-05
epoch 352 loss   0.7237 lr 3.37e-05
epoch 353 loss   0.6160 lr 3.23e-05
epoch 354 loss   0.6431 lr 3.09e-05
epoch 355 loss   0.6756 lr 2.96e-05 val EPE 1.577 D1 8.47%
epoch 356 loss   0.6198 lr 2.82e-05
epoch 357 loss   0.6524 lr 2.70e-05
epoch 358 loss   0.6097 lr 2.57e-05
epoch 359 loss   0.6376 lr 2.45e-05
epoch 360 loss   0.7953 lr 2.33e-05 val EPE 1.554 D1 8.23%
epoch 361 loss   0.6435 lr 2.21e-05
epoch 362 loss   0.6523 lr 2.10e-05
epoch 363 loss   0.5761 lr 1.99e-05
epoch 364 loss   0.6433 lr 1.88e-05
epoch 365 loss   0.6538 lr 1.77e-05 val EPE 1.542 D1 8.33%
epoch 366 loss   0.5589 lr 1.67e-05
epoch 367 loss   0.6147 lr 1.57e-05
epoch 368 loss   0.5946 lr 1.47e-05
epoch 369 loss   0.5949 lr 1.38e-05
epoch 370 loss   0.6119 lr 1.29e-05 val EPE 1.548 D1 8.35%
epoch 371 loss   0.6051 lr 1.20e-05
epoch 372 loss   0.6637 lr 1.12e-05
epoch 373 loss   0.6693 lr 1.04e-05
epoch 374 loss   0.5988 lr 9.61e-06
epoch 375 loss   0.6813 lr 8.86e-06 val EPE 1.579 D1 8.49%
epoch 376 loss   0.7139 lr 8.14e-06
epoch 377 loss   0.6234 lr 7.45e-06
epoch 378 loss   0.7582 lr 6.79e-06
epoch 379 loss   0.6134 lr 6.16e-06
epoch 380 loss   0.6866 lr 5.56e-06 val EPE 1.563 D1 8.43%
epoch 381 loss   0.7332 lr 4.99e-06
epoch 382 loss   0.5527 lr 4.45e-06
epoch 383 loss   0.5778 lr 3.94e-06
epoch 384 loss   0.6661 lr 3.47e-06
epoch 385 loss   0.6650 lr 3.02e-06 val EPE 1.565 D1 8.39%
epoch 386 loss   0.6557 lr 2.60e-06
epoch 387 loss   0.6202 lr 2.22e-06
epoch 388 loss   0.6064 lr 1.86e-06
epoch 389 loss   0.6184 lr 1.54e-06
epoch 390 loss   0.7163 lr 1.25e-06 val EPE 1.554 D1 8.37%
epoch 391 loss   0.5795 lr 9.87e-07
epoch 392 loss   0.6370 lr 7.55e-07
epoch 393 loss   0.6264 lr 5.55e-07
epoch 394 loss   0.6302 lr 3.85e-07
epoch 395 loss   0.6014 lr 2.47e-07 val EPE 1.560 D1 8.38%
epoch 396 loss   0.6982 lr 1.39e-07
epoch 397 loss   0.6957 lr 6.17e-08
epoch 398 loss   0.5535 lr 1.54e-08
epoch 399 loss   0.6365 lr 0.00e+00 val EPE 1.559 D1 8.38%
P2A seed 2 done: wall 9257.5s best10 EPE 1.5279 @epoch 270
