[{"stream_name":"stdout","time":7.23665586,"data":"{\"python\": \"3.12.13\", \"torch\": \"2.10.0+cu128\", \"cuda\": \"12.8\", \"cudnn\": 91002, \"gpu\": \"Tesla T4\", \"device_count\": 2}\n"}
,{"stream_name":"stdout","time":7.236706582,"data":"+ /usr/bin/python3 /kaggle/working/repo/stage_e_recipe/run/scripts/run_arm.py --arm armp --init /kaggle/working/repo/checkpoints/armp_stage1_best.pth --outdir /kaggle/working/repo/stage_e_recipe/run/armp --seed 2 --epochs 400 --timeout_s 18000.0\n"}
,{"stream_name":"stdout","time":7.326336732,"data":"RUN arm=armp init=/kaggle/working/repo/checkpoints/armp_stage1_best.pth pid=20 cmd=['/usr/bin/python3', '/kaggle/working/repo/stage_e_recipe/run/scripts/finetune_pilot.py', '--init', '/kaggle/working/repo/checkpoints/armp_stage1_best.pth', '--arm', 'armp']\n"}
,{"stream_name":"stdout","time":9.616254174,"data":"integrity guard: {\"param_count\": 397954, \"param_count_ok\": true, \"all_ok\": true}\n"}
,{"stream_name":"stdout","time":9.628356437,"data":"init: {\"source\": \"/kaggle/working/repo/checkpoints/armp_stage1_best.pth\", \"strict\": true, \"sha256\": \"3ae6fb3be6b2bda9287b325ccbe6d1397744c8f20ef5e56c046176d9f1a29be7\", \"n_keys\": 70, \"param_count\": 397954}\n"}
,{"stream_name":"stdout","time":16.24516013,"data":"/kaggle/working/repo/stage_e_recipe/run/scripts/finetune_pilot.py:303: UserWarning: Converting a tensor with requires_grad=True to a scalar may lead to unexpected behavior.\n"}
,{"stream_name":"stdout","time":16.245208463,"data":"Consider using tensor.detach() first. (Triggered internally at /pytorch/torch/csrc/autograd/generated/python_variable_methods.cpp:836.)\n"}
,{"stream_name":"stdout","time":16.245215538,"data":"  epoch_loss += float(loss)\n"}
,{"stream_name":"stdout","time":44.075593258,"data":"epoch   0 loss   2.3780 lr 1.00e-03 val EPE 3.426 D1 27.26%\n"}
,{"stream_name":"stdout","time":65.836122328,"data":"epoch   1 loss   1.7433 lr 1.00e-03\n"}
,{"stream_name":"stdout","time":88.029344715,"data":"epoch   2 loss   1.6529 lr 1.00e-03\n"}
,{"stream_name":"stdout","time":110.673355888,"data":"epoch   3 loss   1.6289 lr 1.00e-03\n"}
,{"stream_name":"stdout","time":133.709894036,"data":"epoch   4 loss   1.4617 lr 1.00e-03\n"}
,{"stream_name":"stdout","time":157.826764037,"data":"epoch   5 loss   1.4218 lr 9.99e-04 val EPE 2.163 D1 14.05%\n"}
,{"stream_name":"stdout","time":180.421435042,"data":"epoch   6 loss   1.5330 lr 9.99e-04\n"}
,{"stream_name":"stdout","time":203.335049691,"data":"epoch   7 loss   1.3813 lr 9.99e-04\n"}
,{"stream_name":"stdout","time":226.540168226,"data":"epoch   8 loss   1.6163 lr 9.99e-04\n"}
,{"stream_name":"stdout","time":249.930039322,"data":"epoch   9 loss   1.5389 lr 9.98e-04\n"}
,{"stream_name":"stdout","time":274.468251305,"data":"epoch  10 loss   1.4843 lr 9.98e-04 val EPE 2.052 D1 13.83%\n"}
,{"stream_name":"stdout","time":297.484009646,"data":"epoch  11 loss   1.2584 lr 9.98e-04\n"}
,{"stream_name":"stdout","time":320.353804444,"data":"epoch  12 loss   1.1009 lr 9.97e-04\n"}
,{"stream_name":"stdout","time":343.177948636,"data":"epoch  13 loss   1.5250 lr 9.97e-04\n"}
,{"stream_name":"stdout","time":366.106727,"data":"epoch  14 loss   1.3241 lr 9.97e-04\n"}
,{"stream_name":"stdout","time":390.343036848,"data":"epoch  15 loss   1.1956 lr 9.96e-04 val EPE 2.439 D1 17.06%\n"}
,{"stream_name":"stdout","time":413.156036208,"data":"epoch  16 loss   1.1090 lr 9.96e-04\n"}
,{"stream_name":"stdout","time":436.053469896,"data":"epoch  17 loss   1.1790 lr 9.95e-04\n"}
,{"stream_name":"stdout","time":458.940371954,"data":"epoch  18 loss   1.3088 lr 9.94e-04\n"}
,{"stream_name":"stdout","time":481.773413756,"data":"epoch  19 loss   1.5205 lr 9.94e-04\n"}
,{"stream_name":"stdout","time":505.943667995,"data":"epoch  20 loss   1.1034 lr 9.93e-04 val EPE 2.178 D1 13.35%\n"}
,{"stream_name":"stdout","time":528.847713201,"data":"epoch  21 loss   1.1087 lr 9.93e-04\n"}
,{"stream_name":"stdout","time":551.838551635,"data":"epoch  22 loss   1.3516 lr 9.92e-04\n"}
,{"stream_name":"stdout","time":574.701986963,"data":"epoch  23 loss   1.3371 lr 9.91e-04\n"}
,{"stream_name":"stdout","time":597.590083487,"data":"epoch  24 loss   1.1023 lr 9.90e-04\n"}
,{"stream_name":"stdout","time":621.824425863,"data":"epoch  25 loss   1.2167 lr 9.90e-04 val EPE 2.305 D1 14.13%\n"}
,{"stream_name":"stdout","time":644.735460762,"data":"epoch  26 loss   1.1436 lr 9.89e-04\n"}
,{"stream_name":"stdout","time":667.656931718,"data":"epoch  27 loss   1.1635 lr 9.88e-04\n"}
,{"stream_name":"stdout","time":690.57000441,"data":"epoch  28 loss   1.0303 lr 9.87e-04\n"}
,{"stream_name":"stdout","time":713.451466985,"data":"epoch  29 loss   0.9564 lr 9.86e-04\n"}
,{"stream_name":"stdout","time":737.678173561,"data":"epoch  30 loss   1.2828 lr 9.85e-04 val EPE 2.205 D1 12.75%\n"}
,{"stream_name":"stdout","time":760.587788189,"data":"epoch  31 loss   1.1346 lr 9.84e-04\n"}
,{"stream_name":"stdout","time":783.455318142,"data":"epoch  32 loss   1.4809 lr 9.83e-04\n"}
,{"stream_name":"stdout","time":806.497505162,"data":"epoch  33 loss   1.1950 lr 9.82e-04\n"}
,{"stream_name":"stdout","time":829.424332528,"data":"epoch  34 loss   1.3757 lr 9.81e-04\n"}
,{"stream_name":"stdout","time":853.555535912,"data":"epoch  35 loss   1.0473 lr 9.80e-04 val EPE 1.974 D1 11.35%\n"}
,{"stream_name":"stdout","time":876.35444073,"data":"epoch  36 loss   1.1252 lr 9.79e-04\n"}
,{"stream_name":"stdout","time":899.152635393,"data":"epoch  37 loss   1.1024 lr 9.78e-04\n"}
,{"stream_name":"stdout","time":921.986326933,"data":"epoch  38 loss   1.0392 lr 9.77e-04\n"}
,{"stream_name":"stdout","time":944.787909719,"data":"epoch  39 loss   0.9918 lr 9.76e-04\n"}
,{"stream_name":"stdout","time":969.011721152,"data":"epoch  40 loss   1.1020 lr 9.74e-04 val EPE 2.063 D1 11.42%\n"}
,{"stream_name":"stdout","time":991.978131235,"data":"epoch  41 loss   1.2481 lr 9.73e-04\n"}
,{"stream_name":"stdout","time":1014.814313918,"data":"epoch  42 loss   1.2914 lr 9.72e-04\n"}
,{"stream_name":"stdout","time":1037.622446547,"data":"epoch  43 loss   1.0585 lr 9.70e-04\n"}
,{"stream_name":"stdout","time":1060.489437805,"data":"epoch  44 loss   0.9791 lr 9.69e-04\n"}
,{"stream_name":"stdout","time":1084.717797714,"data":"epoch  45 loss   0.9960 lr 9.68e-04 val EPE 1.914 D1 11.41%\n"}
,{"stream_name":"stdout","time":1107.797792307,"data":"epoch  46 loss   1.0881 lr 9.66e-04\n"}
,{"stream_name":"stdout","time":1130.791904052,"data":"epoch  47 loss   1.1300 lr 9.65e-04\n"}
,{"stream_name":"stdout","time":1153.672539364,"data":"epoch  48 loss   1.0644 lr 9.63e-04\n"}
,{"stream_name":"stdout","time":1176.519169397,"data":"epoch  49 loss   1.1276 lr 9.62e-04\n"}
,{"stream_name":"stdout","time":1200.835704798,"data":"epoch  50 loss   1.0905 lr 9.60e-04 val EPE 1.879 D1 11.05%\n"}
,{"stream_name":"stdout","time":1223.670045158,"data":"epoch  51 loss   1.1444 lr 9.59e-04\n"}
,{"stream_name":"stdout","time":1246.479406704,"data":"epoch  52 loss   0.9284 lr 9.57e-04\n"}
,{"stream_name":"stdout","time":1269.448633147,"data":"epoch  53 loss   1.0911 lr 9.56e-04\n"}
,{"stream_name":"stdout","time":1292.200805479,"data":"epoch  54 loss   1.1453 lr 9.54e-04\n"}
,{"stream_name":"stdout","time":1316.401577959,"data":"epoch  55 loss   1.0404 lr 9.52e-04 val EPE 2.204 D1 14.02%\n"}
,{"stream_name":"stdout","time":1339.343639706,"data":"epoch  56 loss   1.0677 lr 9.51e-04\n"}
,{"stream_name":"stdout","time":1362.197006243,"data":"epoch  57 loss   1.2544 lr 9.49e-04\n"}
,{"stream_name":"stdout","time":1385.043355701,"data":"epoch  58 loss   1.0331 lr 9.47e-04\n"}
,{"stream_name":"stdout","time":1407.961545829,"data":"epoch  59 loss   1.0371 lr 9.46e-04\n"}
,{"stream_name":"stdout","time":1432.268759388,"data":"epoch  60 loss   1.0489 lr 9.44e-04 val EPE 1.933 D1 11.56%\n"}
,{"stream_name":"stdout","time":1455.140108668,"data":"epoch  61 loss   1.0683 lr 9.42e-04\n"}
,{"stream_name":"stdout","time":1477.995554381,"data":"epoch  62 loss   1.3954 lr 9.40e-04\n"}
,{"stream_name":"stdout","time":1500.795962587,"data":"epoch  63 loss   1.0736 lr 9.38e-04\n"}
,{"stream_name":"stdout","time":1523.618301208,"data":"epoch  64 loss   1.1527 lr 9.36e-04\n"}
,{"stream_name":"stdout","time":1547.912327519,"data":"epoch  65 loss   1.4167 lr 9.34e-04 val EPE 2.298 D1 12.73%\n"}
,{"stream_name":"stdout","time":1570.869987355,"data":"epoch  66 loss   1.1713 lr 9.32e-04\n"}
,{"stream_name":"stdout","time":1593.644617795,"data":"epoch  67 loss   1.2691 lr 9.30e-04\n"}
,{"stream_name":"stdout","time":1616.440204698,"data":"epoch  68 loss   1.3530 lr 9.28e-04\n"}
,{"stream_name":"stdout","time":1639.334125072,"data":"epoch  69 loss   1.2740 lr 9.26e-04\n"}
,{"stream_name":"stdout","time":1663.506524531,"data":"epoch  70 loss   0.9665 lr 9.24e-04 val EPE 2.084 D1 12.25%\n"}
,{"stream_name":"stdout","time":1686.234871759,"data":"epoch  71 loss   1.0518 lr 9.22e-04\n"}
,{"stream_name":"stdout","time":1709.013313396,"data":"epoch  72 loss   0.9533 lr 9.20e-04\n"}
,{"stream_name":"stdout","time":1731.909751491,"data":"epoch  73 loss   0.9098 lr 9.18e-04\n"}
,{"stream_name":"stdout","time":1754.736154922,"data":"epoch  74 loss   1.1119 lr 9.16e-04\n"}
,{"stream_name":"stdout","time":1778.786250819,"data":"epoch  75 loss   0.9483 lr 9.14e-04 val EPE 2.536 D1 14.01%\n"}
,{"stream_name":"stdout","time":1801.630742774,"data":"epoch  76 loss   0.9580 lr 9.11e-04\n"}
,{"stream_name":"stdout","time":1824.441731451,"data":"epoch  77 loss   0.8740 lr 9.09e-04\n"}
,{"stream_name":"stdout","time":1847.145766041,"data":"epoch  78 loss   0.9170 lr 9.07e-04\n"}
,{"stream_name":"stdout","time":1869.883530778,"data":"epoch  79 loss   0.9256 lr 9.05e-04\n"}
,{"stream_name":"stdout","time":1893.94261314,"data":"epoch  80 loss   0.9860 lr 9.02e-04 val EPE 1.943 D1 11.65%\n"}
,{"stream_name":"stdout","time":1916.739990426,"data":"epoch  81 loss   0.9957 lr 9.00e-04\n"}
,{"stream_name":"stdout","time":1939.429682003,"data":"epoch  82 loss   1.1228 lr 8.97e-04\n"}
,{"stream_name":"stdout","time":1962.21937072,"data":"epoch  83 loss   0.9834 lr 8.95e-04\n"}
,{"stream_name":"stdout","time":1985.088882813,"data":"epoch  84 loss   1.0898 lr 8.93e-04\n"}
,{"stream_name":"stdout","time":2009.229487064,"data":"epoch  85 loss   1.1225 lr 8.90e-04 val EPE 1.955 D1 11.23%\n"}
,{"stream_name":"stdout","time":2032.029394026,"data":"epoch  86 loss   1.0759 lr 8.88e-04\n"}
,{"stream_name":"stdout","time":2054.871714893,"data":"epoch  87 loss   1.1185 lr 8.85e-04\n"}
,{"stream_name":"stdout","time":2077.684573364,"data":"epoch  88 loss   0.9539 lr 8.83e-04\n"}
,{"stream_name":"stdout","time":2100.406461568,"data":"epoch  89 loss   1.1266 lr 8.80e-04\n"}
,{"stream_name":"stdout","time":2124.420191169,"data":"epoch  90 loss   0.9353 lr 8.78e-04 val EPE 2.057 D1 10.93%\n"}
,{"stream_name":"stdout","time":2147.17564276,"data":"epoch  91 loss   1.0663 lr 8.75e-04\n"}
,{"stream_name":"stdout","time":2169.937481898,"data":"epoch  92 loss   0.8826 lr 8.72e-04\n"}
,{"stream_name":"stdout","time":2192.790867895,"data":"epoch  93 loss   0.9764 lr 8.70e-04\n"}
,{"stream_name":"stdout","time":2215.596544827,"data":"epoch  94 loss   0.8919 lr 8.67e-04\n"}
,{"stream_name":"stdout","time":2239.786530519,"data":"epoch  95 loss   0.9161 lr 8.64e-04 val EPE 2.063 D1 11.67%\n"}
,{"stream_name":"stdout","time":2262.52573569,"data":"epoch  96 loss   0.9452 lr 8.62e-04\n"}
,{"stream_name":"stdout","time":2285.356623153,"data":"epoch  97 loss   1.0328 lr 8.59e-04\n"}
,{"stream_name":"stdout","time":2308.138317858,"data":"epoch  98 loss   0.9977 lr 8.56e-04\n"}
,{"stream_name":"stdout","time":2331.003279241,"data":"epoch  99 loss   1.2525 lr 8.54e-04\n"}
,{"stream_name":"stdout","time":2355.277256543,"data":"epoch 100 loss   1.2355 lr 8.51e-04 val EPE 3.189 D1 26.75%\n"}
,{"stream_name":"stdout","time":2378.11748188,"data":"epoch 101 loss   1.1929 lr 8.48e-04\n"}
,{"stream_name":"stdout","time":2400.951481474,"data":"epoch 102 loss   1.1738 lr 8.45e-04\n"}
,{"stream_name":"stdout","time":2423.73896433,"data":"epoch 103 loss   1.0907 lr 8.42e-04\n"}
,{"stream_name":"stdout","time":2446.46477854,"data":"epoch 104 loss   1.0345 lr 8.39e-04\n"}
,{"stream_name":"stdout","time":2470.582801661,"data":"epoch 105 loss   1.0071 lr 8.37e-04 val EPE 1.975 D1 11.47%\n"}
,{"stream_name":"stdout","time":2493.358547767,"data":"epoch 106 loss   0.8341 lr 8.34e-04\n"}
,{"stream_name":"stdout","time":2516.110906976,"data":"epoch 107 loss   0.9156 lr 8.31e-04\n"}
,{"stream_name":"stdout","time":2538.955743488,"data":"epoch 108 loss   0.9605 lr 8.28e-04\n"}
,{"stream_name":"stdout","time":2561.661688495,"data":"epoch 109 loss   1.0480 lr 8.25e-04\n"}
,{"stream_name":"stdout","time":2585.690939475,"data":"epoch 110 loss   0.9389 lr 8.22e-04 val EPE 2.033 D1 12.63%\n"}
,{"stream_name":"stdout","time":2608.424738171,"data":"epoch 111 loss   1.0180 lr 8.19e-04\n"}
,{"stream_name":"stdout","time":2631.124654333,"data":"epoch 112 loss   0.9449 lr 8.16e-04\n"}
,{"stream_name":"stdout","time":2653.901728545,"data":"epoch 113 loss   0.9275 lr 8.13e-04\n"}
,{"stream_name":"stdout","time":2676.738664272,"data":"epoch 114 loss   0.9563 lr 8.10e-04\n"}
,{"stream_name":"stdout","time":2700.827682181,"data":"epoch 115 loss   1.0363 lr 8.06e-04 val EPE 1.897 D1 10.80%\n"}
,{"stream_name":"stdout","time":2723.656353049,"data":"epoch 116 loss   0.9777 lr 8.03e-04\n"}
,{"stream_name":"stdout","time":2746.362375187,"data":"epoch 117 loss   0.8092 lr 8.00e-04\n"}
,{"stream_name":"stdout","time":2769.115142321,"data":"epoch 118 loss   1.2957 lr 7.97e-04\n"}
,{"stream_name":"stdout","time":2791.923166887,"data":"epoch 119 loss   1.0812 lr 7.94e-04\n"}
,{"stream_name":"stdout","time":2816.024671047,"data":"epoch 120 loss   1.0199 lr 7.91e-04 val EPE 1.857 D1 10.26%\n"}
,{"stream_name":"stdout","time":2838.782976698,"data":"epoch 121 loss   0.8680 lr 7.88e-04\n"}
,{"stream_name":"stdout","time":2861.58993161,"data":"epoch 122 loss   0.9450 lr 7.84e-04\n"}
,{"stream_name":"stdout","time":2884.346482086,"data":"epoch 123 loss   0.9008 lr 7.81e-04\n"}
,{"stream_name":"stdout","time":2907.150141571,"data":"epoch 124 loss   0.9591 lr 7.78e-04\n"}
,{"stream_name":"stdout","time":2931.206278391,"data":"epoch 125 loss   1.0834 lr 7.75e-04 val EPE 1.873 D1 10.32%\n"}
,{"stream_name":"stdout","time":2954.020679796,"data":"epoch 126 loss   0.8713 lr 7.71e-04\n"}
,{"stream_name":"stdout","time":2976.859245185,"data":"epoch 127 loss   0.9898 lr 7.68e-04\n"}
,{"stream_name":"stdout","time":3000.534186742,"data":"epoch 128 loss   0.8225 lr 7.65e-04\n"}
,{"stream_name":"stdout","time":3023.570834111,"data":"epoch 129 loss   0.9387 lr 7.61e-04\n"}
,{"stream_name":"stdout","time":3047.78021565,"data":"epoch 130 loss   0.8605 lr 7.58e-04 val EPE 1.980 D1 11.16%\n"}
,{"stream_name":"stdout","time":3070.602055867,"data":"epoch 131 loss   1.0808 lr 7.55e-04\n"}
,{"stream_name":"stdout","time":3093.368043413,"data":"epoch 132 loss   0.8854 lr 7.51e-04\n"}
,{"stream_name":"stdout","time":3116.087858417,"data":"epoch 133 loss   0.8262 lr 7.48e-04\n"}
,{"stream_name":"stdout","time":3138.820208924,"data":"epoch 134 loss   0.8420 lr 7.44e-04\n"}
,{"stream_name":"stdout","time":3162.89711077,"data":"epoch 135 loss   0.7858 lr 7.41e-04 val EPE 1.752 D1 10.31%\n"}
,{"stream_name":"stdout","time":3185.650394266,"data":"epoch 136 loss   1.0378 lr 7.37e-04\n"}
,{"stream_name":"stdout","time":3208.556924554,"data":"epoch 137 loss   0.7623 lr 7.34e-04\n"}
,{"stream_name":"stdout","time":3231.407244971,"data":"epoch 138 loss   0.9728 lr 7.30e-04\n"}
,{"stream_name":"stdout","time":3254.160694781,"data":"epoch 139 loss   0.8355 lr 7.27e-04\n"}
,{"stream_name":"stdout","time":3278.481387805,"data":"epoch 140 loss   0.9653 lr 7.23e-04 val EPE 1.880 D1 11.23%\n"}
,{"stream_name":"stdout","time":3301.289177072,"data":"epoch 141 loss   0.9362 lr 7.20e-04\n"}
,{"stream_name":"stdout","time":3324.025037288,"data":"epoch 142 loss   0.8388 lr 7.16e-04\n"}
,{"stream_name":"stdout","time":3346.728514278,"data":"epoch 143 loss   0.9872 lr 7.13e-04\n"}
,{"stream_name":"stdout","time":3369.568119598,"data":"epoch 144 loss   0.8474 lr 7.09e-04\n"}
,{"stream_name":"stdout","time":3393.686307488,"data":"epoch 145 loss   0.9325 lr 7.06e-04 val EPE 1.630 D1 9.10%\n"}
,{"stream_name":"stdout","time":3416.458930411,"data":"epoch 146 loss   0.9033 lr 7.02e-04\n"}
,{"stream_name":"stdout","time":3439.285470981,"data":"epoch 147 loss   0.9407 lr 6.99e-04\n"}
,{"stream_name":"stdout","time":3462.157427226,"data":"epoch 148 loss   0.7960 lr 6.95e-04\n"}
,{"stream_name":"stdout","time":3484.975161641,"data":"epoch 149 loss   0.9481 lr 6.91e-04\n"}
,{"stream_name":"stdout","time":3509.149845784,"data":"epoch 150 loss   0.8555 lr 6.88e-04 val EPE 1.749 D1 9.16%\n"}
,{"stream_name":"stdout","time":3531.925008721,"data":"epoch 151 loss   0.8962 lr 6.84e-04\n"}
,{"stream_name":"stdout","time":3554.72531503,"data":"epoch 152 loss   0.8529 lr 6.80e-04\n"}
,{"stream_name":"stdout","time":3577.454534805,"data":"epoch 153 loss   1.0033 lr 6.77e-04\n"}
,{"stream_name":"stdout","time":3600.224451669,"data":"epoch 154 loss   1.3033 lr 6.73e-04\n"}
,{"stream_name":"stdout","time":3624.360482014,"data":"epoch 155 loss   1.0465 lr 6.69e-04 val EPE 2.136 D1 12.10%\n"}
,{"stream_name":"stdout","time":3647.173396054,"data":"epoch 156 loss   1.0825 lr 6.66e-04\n"}
,{"stream_name":"stdout","time":3669.932682004,"data":"epoch 157 loss   0.8553 lr 6.62e-04\n"}
,{"stream_name":"stdout","time":3692.726647724,"data":"epoch 158 loss   0.7725 lr 6.58e-04\n"}
,{"stream_name":"stdout","time":3715.536242706,"data":"epoch 159 loss   0.9620 lr 6.55e-04\n"}
,{"stream_name":"stdout","time":3739.728871522,"data":"epoch 160 loss   0.9294 lr 6.51e-04 val EPE 1.760 D1 9.89%\n"}
,{"stream_name":"stdout","time":3762.532781662,"data":"epoch 161 loss   0.7683 lr 6.47e-04\n"}
,{"stream_name":"stdout","time":3785.360820338,"data":"epoch 162 loss   0.8251 lr 6.43e-04\n"}
,{"stream_name":"stdout","time":3808.160643924,"data":"epoch 163 loss   1.1348 lr 6.39e-04\n"}
,{"stream_name":"stdout","time":3831.019400053,"data":"epoch 164 loss   0.8536 lr 6.36e-04\n"}
,{"stream_name":"stdout","time":3855.22801048,"data":"epoch 165 loss   0.8062 lr 6.32e-04 val EPE 1.612 D1 9.07%\n"}
,{"stream_name":"stdout","time":3878.09924586,"data":"epoch 166 loss   0.9155 lr 6.28e-04\n"}
,{"stream_name":"stdout","time":3901.005101012,"data":"epoch 167 loss   0.7135 lr 6.24e-04\n"}
,{"stream_name":"stdout","time":3923.913983205,"data":"epoch 168 loss   0.7807 lr 6.21e-04\n"}
,{"stream_name":"stdout","time":3946.725305019,"data":"epoch 169 loss   0.9006 lr 6.17e-04\n"}
,{"stream_name":"stdout","time":3970.834402847,"data":"epoch 170 loss   0.8241 lr 6.13e-04 val EPE 1.710 D1 9.62%\n"}
,{"stream_name":"stdout","time":3993.646844228,"data":"epoch 171 loss   1.0946 lr 6.09e-04\n"}
,{"stream_name":"stdout","time":4016.472633714,"data":"epoch 172 loss   0.8951 lr 6.05e-04\n"}
,{"stream_name":"stdout","time":4039.266671666,"data":"epoch 173 loss   0.8654 lr 6.01e-04\n"}
,{"stream_name":"stdout","time":4062.099659023,"data":"epoch 174 loss   0.9142 lr 5.98e-04\n"}
,{"stream_name":"stdout","time":4086.29397267,"data":"epoch 175 loss   0.7763 lr 5.94e-04 val EPE 1.660 D1 9.17%\n"}
,{"stream_name":"stdout","time":4109.069644298,"data":"epoch 176 loss   0.8685 lr 5.90e-04\n"}
,{"stream_name":"stdout","time":4131.903831951,"data":"epoch 177 loss   0.9867 lr 5.86e-04\n"}
,{"stream_name":"stdout","time":4154.767282062,"data":"epoch 178 loss   0.8207 lr 5.82e-04\n"}
,{"stream_name":"stdout","time":4177.645813958,"data":"epoch 179 loss   0.7756 lr 5.78e-04\n"}
,{"stream_name":"stdout","time":4201.869164022,"data":"epoch 180 loss   0.8590 lr 5.74e-04 val EPE 1.706 D1 9.30%\n"}
,{"stream_name":"stdout","time":4224.732594816,"data":"epoch 181 loss   1.0389 lr 5.70e-04\n"}
,{"stream_name":"stdout","time":4247.501627743,"data":"epoch 182 loss   0.8627 lr 5.67e-04\n"}
,{"stream_name":"stdout","time":4270.299140578,"data":"epoch 183 loss   0.8512 lr 5.63e-04\n"}
,{"stream_name":"stdout","time":4293.194734564,"data":"epoch 184 loss   0.9252 lr 5.59e-04\n"}
,{"stream_name":"stdout","time":4317.334214856,"data":"epoch 185 loss   0.9121 lr 5.55e-04 val EPE 1.737 D1 9.54%\n"}
,{"stream_name":"stdout","time":4340.176104194,"data":"epoch 186 loss   0.9720 lr 5.51e-04\n"}
,{"stream_name":"stdout","time":4363.079441677,"data":"epoch 187 loss   0.7757 lr 5.47e-04\n"}
,{"stream_name":"stdout","time":4385.863940551,"data":"epoch 188 loss   0.8245 lr 5.43e-04\n"}
,{"stream_name":"stdout","time":4408.778184797,"data":"epoch 189 loss   0.8113 lr 5.39e-04\n"}
,{"stream_name":"stdout","time":4432.99803375,"data":"epoch 190 loss   0.8129 lr 5.35e-04 val EPE 1.794 D1 10.03%\n"}
,{"stream_name":"stdout","time":4455.829060216,"data":"epoch 191 loss   0.7802 lr 5.31e-04\n"}
,{"stream_name":"stdout","time":4478.621891802,"data":"epoch 192 loss   0.9075 lr 5.27e-04\n"}
,{"stream_name":"stdout","time":4501.459169835,"data":"epoch 193 loss   0.8622 lr 5.24e-04\n"}
,{"stream_name":"stdout","time":4524.271405663,"data":"epoch 194 loss   0.8087 lr 5.20e-04\n"}
,{"stream_name":"stdout","time":4548.399072454,"data":"epoch 195 loss   0.7089 lr 5.16e-04 val EPE 1.665 D1 9.49%\n"}
,{"stream_name":"stdout","time":4571.171085479,"data":"epoch 196 loss   0.8701 lr 5.12e-04\n"}
,{"stream_name":"stdout","time":4593.943521736,"data":"epoch 197 loss   0.9078 lr 5.08e-04\n"}
,{"stream_name":"stdout","time":4616.714539642,"data":"epoch 198 loss   0.8217 lr 5.04e-04\n"}
,{"stream_name":"stdout","time":4639.660373486,"data":"epoch 199 loss   0.8430 lr 5.00e-04\n"}
,{"stream_name":"stdout","time":4663.941970682,"data":"epoch 200 loss   0.7701 lr 4.96e-04 val EPE 1.702 D1 9.51%\n"}
,{"stream_name":"stdout","time":4686.549470911,"data":"epoch 201 loss   0.8285 lr 4.92e-04\n"}
,{"stream_name":"stdout","time":4709.240287905,"data":"epoch 202 loss   0.8546 lr 4.88e-04\n"}
,{"stream_name":"stdout","time":4731.856134746,"data":"epoch 203 loss   0.8958 lr 4.84e-04\n"}
,{"stream_name":"stdout","time":4754.437159999,"data":"epoch 204 loss   0.9119 lr 4.80e-04\n"}
,{"stream_name":"stdout","time":4778.410413698,"data":"epoch 205 loss   0.7558 lr 4.76e-04 val EPE 1.853 D1 9.56%\n"}
,{"stream_name":"stdout","time":4801.126181057,"data":"epoch 206 loss   0.8644 lr 4.73e-04\n"}
,{"stream_name":"stdout","time":4823.90185775,"data":"epoch 207 loss   0.6868 lr 4.69e-04\n"}
,{"stream_name":"stdout","time":4846.712898204,"data":"epoch 208 loss   0.7418 lr 4.65e-04\n"}
,{"stream_name":"stdout","time":4869.531218782,"data":"epoch 209 loss   0.9227 lr 4.61e-04\n"}
,{"stream_name":"stdout","time":4893.739784917,"data":"epoch 210 loss   0.8479 lr 4.57e-04 val EPE 1.668 D1 9.31%\n"}
,{"stream_name":"stdout","time":4916.557831707,"data":"epoch 211 loss   0.9477 lr 4.53e-04\n"}
,{"stream_name":"stdout","time":4939.153184302,"data":"epoch 212 loss   0.7769 lr 4.49e-04\n"}
,{"stream_name":"stdout","time":4961.811665038,"data":"epoch 213 loss   0.8436 lr 4.45e-04\n"}
,{"stream_name":"stdout","time":4984.456848014,"data":"epoch 214 loss   0.8575 lr 4.41e-04\n"}
,{"stream_name":"stdout","time":5008.609372304,"data":"epoch 215 loss   0.8716 lr 4.37e-04 val EPE 1.742 D1 9.24%\n"}
,{"stream_name":"stdout","time":5031.357896237,"data":"epoch 216 loss   0.7711 lr 4.33e-04\n"}
,{"stream_name":"stdout","time":5054.023369209,"data":"epoch 217 loss   0.8000 lr 4.30e-04\n"}
,{"stream_name":"stdout","time":5076.702346133,"data":"epoch 218 loss   0.8595 lr 4.26e-04\n"}
,{"stream_name":"stdout","time":5099.468216571,"data":"epoch 219 loss   0.7566 lr 4.22e-04\n"}
,{"stream_name":"stdout","time":5123.504584194,"data":"epoch 220 loss   0.7188 lr 4.18e-04 val EPE 1.812 D1 9.55%\n"}
,{"stream_name":"stdout","time":5146.207640752,"data":"epoch 221 loss   0.9225 lr 4.14e-04\n"}
,{"stream_name":"stdout","time":5168.992605184,"data":"epoch 222 loss   0.7537 lr 4.10e-04\n"}
,{"stream_name":"stdout","time":5191.856208769,"data":"epoch 223 loss   0.8217 lr 4.06e-04\n"}
,{"stream_name":"stdout","time":5214.55939922,"data":"epoch 224 loss   0.9114 lr 4.02e-04\n"}
,{"stream_name":"stdout","time":5238.596965773,"data":"epoch 225 loss   0.7592 lr 3.99e-04 val EPE 1.746 D1 9.15%\n"}
,{"stream_name":"stdout","time":5261.280555795,"data":"epoch 226 loss   0.8133 lr 3.95e-04\n"}
,{"stream_name":"stdout","time":5283.905060656,"data":"epoch 227 loss   0.8350 lr 3.91e-04\n"}
,{"stream_name":"stdout","time":5306.549330479,"data":"epoch 228 loss   0.7658 lr 3.87e-04\n"}
,{"stream_name":"stdout","time":5329.250183143,"data":"epoch 229 loss   0.7386 lr 3.83e-04\n"}
,{"stream_name":"stdout","time":5353.229171249,"data":"epoch 230 loss   0.8399 lr 3.79e-04 val EPE 1.876 D1 10.50%\n"}
,{"stream_name":"stdout","time":5375.852045784,"data":"epoch 231 loss   0.8521 lr 3.76e-04\n"}
,{"stream_name":"stdout","time":5398.517557391,"data":"epoch 232 loss   0.8153 lr 3.72e-04\n"}
,{"stream_name":"stdout","time":5421.125354759,"data":"epoch 233 loss   0.8276 lr 3.68e-04\n"}
,{"stream_name":"stdout","time":5443.80537788,"data":"epoch 234 loss   0.7861 lr 3.64e-04\n"}
,{"stream_name":"stdout","time":5467.87964418,"data":"epoch 235 loss   0.8267 lr 3.61e-04 val EPE 1.905 D1 10.38%\n"}
,{"stream_name":"stdout","time":5490.616874021,"data":"epoch 236 loss   0.6630 lr 3.57e-04\n"}
,{"stream_name":"stdout","time":5513.273779264,"data":"epoch 237 loss   0.6267 lr 3.53e-04\n"}
,{"stream_name":"stdout","time":5536.065130171,"data":"epoch 238 loss   0.7707 lr 3.49e-04\n"}
,{"stream_name":"stdout","time":5558.776145232,"data":"epoch 239 loss   0.7366 lr 3.45e-04\n"}
,{"stream_name":"stdout","time":5582.785518284,"data":"epoch 240 loss   0.7413 lr 3.42e-04 val EPE 1.698 D1 9.11%\n"}
,{"stream_name":"stdout","time":5605.499914225,"data":"epoch 241 loss   1.1436 lr 3.38e-04\n"}
,{"stream_name":"stdout","time":5628.199462866,"data":"epoch 242 loss   0.7242 lr 3.34e-04\n"}
,{"stream_name":"stdout","time":5650.950270343,"data":"epoch 243 loss   0.7125 lr 3.31e-04\n"}
,{"stream_name":"stdout","time":5673.583255636,"data":"epoch 244 loss   0.8777 lr 3.27e-04\n"}
,{"stream_name":"stdout","time":5697.428123156,"data":"epoch 245 loss   0.7740 lr 3.23e-04 val EPE 2.009 D1 11.20%\n"}
,{"stream_name":"stdout","time":5720.045398171,"data":"epoch 246 loss   0.7955 lr 3.20e-04\n"}
,{"stream_name":"stdout","time":5742.64795429,"data":"epoch 247 loss   0.7656 lr 3.16e-04\n"}
,{"stream_name":"stdout","time":5765.342268344,"data":"epoch 248 loss   0.8014 lr 3.12e-04\n"}
,{"stream_name":"stdout","time":5787.978374822,"data":"epoch 249 loss   0.6582 lr 3.09e-04\n"}
,{"stream_name":"stdout","time":5812.086805662,"data":"epoch 250 loss   0.7487 lr 3.05e-04 val EPE 1.687 D1 9.47%\n"}
,{"stream_name":"stdout","time":5834.798576928,"data":"epoch 251 loss   0.6225 lr 3.01e-04\n"}
,{"stream_name":"stdout","time":5857.498860925,"data":"epoch 252 loss   0.9824 lr 2.98e-04\n"}
,{"stream_name":"stdout","time":5880.196569261,"data":"epoch 253 loss   0.8177 lr 2.94e-04\n"}
,{"stream_name":"stdout","time":5902.887376145,"data":"epoch 254 loss   0.7598 lr 2.91e-04\n"}
,{"stream_name":"stdout","time":5926.961244445,"data":"epoch 255 loss   0.9819 lr 2.87e-04 val EPE 1.988 D1 11.75%\n"}
,{"stream_name":"stdout","time":5949.660702773,"data":"epoch 256 loss   0.8291 lr 2.84e-04\n"}
,{"stream_name":"stdout","time":5972.387317959,"data":"epoch 257 loss   0.6946 lr 2.80e-04\n"}
,{"stream_name":"stdout","time":5995.122600561,"data":"epoch 258 loss   0.7691 lr 2.77e-04\n"}
,{"stream_name":"stdout","time":6017.771888019,"data":"epoch 259 loss   0.8227 lr 2.73e-04\n"}
,{"stream_name":"stdout","time":6041.822482019,"data":"epoch 260 loss   0.7939 lr 2.70e-04 val EPE 1.660 D1 9.02%\n"}
,{"stream_name":"stdout","time":6064.562339812,"data":"epoch 261 loss   0.7363 lr 2.66e-04\n"}
,{"stream_name":"stdout","time":6087.334649436,"data":"epoch 262 loss   0.7818 lr 2.63e-04\n"}
,{"stream_name":"stdout","time":6109.955646543,"data":"epoch 263 loss   0.7451 lr 2.59e-04\n"}
,{"stream_name":"stdout","time":6132.659190773,"data":"epoch 264 loss   0.7736 lr 2.56e-04\n"}
,{"stream_name":"stdout","time":6156.817508904,"data":"epoch 265 loss   0.6667 lr 2.52e-04 val EPE 1.628 D1 8.84%\n"}
,{"stream_name":"stdout","time":6179.587757047,"data":"epoch 266 loss   0.7142 lr 2.49e-04\n"}
,{"stream_name":"stdout","time":6202.240593323,"data":"epoch 267 loss   0.6936 lr 2.45e-04\n"}
,{"stream_name":"stdout","time":6225.044170592,"data":"epoch 268 loss   0.8789 lr 2.42e-04\n"}
,{"stream_name":"stdout","time":6247.810300983,"data":"epoch 269 loss   0.7087 lr 2.39e-04\n"}
,{"stream_name":"stdout","time":6271.937328642,"data":"epoch 270 loss   0.6923 lr 2.35e-04 val EPE 1.528 D1 8.46%\n"}
,{"stream_name":"stdout","time":6294.865116026,"data":"epoch 271 loss   0.9324 lr 2.32e-04\n"}
,{"stream_name":"stdout","time":6317.631261983,"data":"epoch 272 loss   0.7385 lr 2.29e-04\n"}
,{"stream_name":"stdout","time":6340.37855967,"data":"epoch 273 loss   0.7030 lr 2.25e-04\n"}
,{"stream_name":"stdout","time":6363.227028093,"data":"epoch 274 loss   0.6633 lr 2.22e-04\n"}
,{"stream_name":"stdout","time":6387.360872412,"data":"epoch 275 loss   0.6587 lr 2.19e-04 val EPE 1.704 D1 9.34%\n"}
,{"stream_name":"stdout","time":6410.152290422,"data":"epoch 276 loss   0.7099 lr 2.16e-04\n"}
,{"stream_name":"stdout","time":6432.954296465,"data":"epoch 277 loss   0.6970 lr 2.12e-04\n"}
,{"stream_name":"stdout","time":6455.734860751,"data":"epoch 278 loss   0.7192 lr 2.09e-04\n"}
,{"stream_name":"stdout","time":6478.556579447,"data":"epoch 279 loss   0.9810 lr 2.06e-04\n"}
,{"stream_name":"stdout","time":6502.734867092,"data":"epoch 280 loss   0.6915 lr 2.03e-04 val EPE 1.666 D1 8.93%\n"}
,{"stream_name":"stdout","time":6525.573325502,"data":"epoch 281 loss   0.7084 lr 2.00e-04\n"}
,{"stream_name":"stdout","time":6548.397044938,"data":"epoch 282 loss   0.7568 lr 1.97e-04\n"}
,{"stream_name":"stdout","time":6571.194986903,"data":"epoch 283 loss   0.7920 lr 1.94e-04\n"}
,{"stream_name":"stdout","time":6593.956682663,"data":"epoch 284 loss   0.8334 lr 1.90e-04\n"}
,{"stream_name":"stdout","time":6618.290965908,"data":"epoch 285 loss   0.6023 lr 1.87e-04 val EPE 1.705 D1 9.20%\n"}
,{"stream_name":"stdout","time":6641.447936663,"data":"epoch 286 loss   0.7363 lr 1.84e-04\n"}
,{"stream_name":"stdout","time":6664.556530131,"data":"epoch 287 loss   0.7867 lr 1.81e-04\n"}
,{"stream_name":"stdout","time":6688.066160756,"data":"epoch 288 loss   0.7030 lr 1.78e-04\n"}
,{"stream_name":"stdout","time":6711.511397567,"data":"epoch 289 loss   0.6210 lr 1.75e-04\n"}
,{"stream_name":"stdout","time":6736.217926793,"data":"epoch 290 loss   0.6791 lr 1.72e-04 val EPE 1.582 D1 8.68%\n"}
,{"stream_name":"stdout","time":6759.647975794,"data":"epoch 291 loss   0.6455 lr 1.69e-04\n"}
,{"stream_name":"stdout","time":6782.730292041,"data":"epoch 292 loss   0.5565 lr 1.66e-04\n"}
,{"stream_name":"stdout","time":6805.665437761,"data":"epoch 293 loss   0.6679 lr 1.63e-04\n"}
,{"stream_name":"stdout","time":6828.700516445,"data":"epoch 294 loss   0.6386 lr 1.61e-04\n"}
,{"stream_name":"stdout","time":6853.069922513,"data":"epoch 295 loss   0.7249 lr 1.58e-04 val EPE 1.612 D1 8.55%\n"}
,{"stream_name":"stdout","time":6876.060515203,"data":"epoch 296 loss   0.7311 lr 1.55e-04\n"}
,{"stream_name":"stdout","time":6898.989816087,"data":"epoch 297 loss   0.8178 lr 1.52e-04\n"}
,{"stream_name":"stdout","time":6921.941617342,"data":"epoch 298 loss   0.6728 lr 1.49e-04\n"}
,{"stream_name":"stdout","time":6945.005241682,"data":"epoch 299 loss   0.6227 lr 1.46e-04\n"}
,{"stream_name":"stdout","time":6969.315412331,"data":"epoch 300 loss   0.6899 lr 1.44e-04 val EPE 1.596 D1 8.74%\n"}
,{"stream_name":"stdout","time":6992.260523232,"data":"epoch 301 loss   0.6848 lr 1.41e-04\n"}
,{"stream_name":"stdout","time":7015.270267029,"data":"epoch 302 loss   0.7191 lr 1.38e-04\n"}
,{"stream_name":"stdout","time":7038.145645161,"data":"epoch 303 loss   0.7512 lr 1.36e-04\n"}
,{"stream_name":"stdout","time":7061.093084803,"data":"epoch 304 loss   0.6733 lr 1.33e-04\n"}
,{"stream_name":"stdout","time":7085.404211133,"data":"epoch 305 loss   0.6916 lr 1.30e-04 val EPE 1.565 D1 8.49%\n"}
,{"stream_name":"stdout","time":7108.199534072,"data":"epoch 306 loss   0.7477 lr 1.28e-04\n"}
,{"stream_name":"stdout","time":7131.137556692,"data":"epoch 307 loss   0.6575 lr 1.25e-04\n"}
,{"stream_name":"stdout","time":7153.994458341,"data":"epoch 308 loss   0.6405 lr 1.22e-04\n"}
,{"stream_name":"stdout","time":7176.943160735,"data":"epoch 309 loss   0.7145 lr 1.20e-04\n"}
,{"stream_name":"stdout","time":7201.269176907,"data":"epoch 310 loss   0.8631 lr 1.17e-04 val EPE 1.607 D1 8.83%\n"}
,{"stream_name":"stdout","time":7224.217128051,"data":"epoch 311 loss   0.6303 lr 1.15e-04\n"}
,{"stream_name":"stdout","time":7247.129025286,"data":"epoch 312 loss   0.6481 lr 1.12e-04\n"}
,{"stream_name":"stdout","time":7270.033338917,"data":"epoch 313 loss   0.6423 lr 1.10e-04\n"}
,{"stream_name":"stdout","time":7293.032832197,"data":"epoch 314 loss   0.6699 lr 1.07e-04\n"}
,{"stream_name":"stdout","time":7317.295552651,"data":"epoch 315 loss   0.7174 lr 1.05e-04 val EPE 1.639 D1 8.93%\n"}
,{"stream_name":"stdout","time":7340.264184116,"data":"epoch 316 loss   0.7077 lr 1.03e-04\n"}
,{"stream_name":"stdout","time":7363.20485559,"data":"epoch 317 loss   0.6401 lr 1.00e-04\n"}
,{"stream_name":"stdout","time":7386.129071716,"data":"epoch 318 loss   0.6831 lr 9.78e-05\n"}
,{"stream_name":"stdout","time":7408.953560534,"data":"epoch 319 loss   0.6765 lr 9.55e-05\n"}
,{"stream_name":"stdout","time":7433.168038253,"data":"epoch 320 loss   0.7685 lr 9.32e-05 val EPE 1.529 D1 8.51%\n"}
,{"stream_name":"stdout","time":7456.013462065,"data":"epoch 321 loss   0.6510 lr 9.09e-05\n"}
,{"stream_name":"stdout","time":7479.013437162,"data":"epoch 322 loss   0.7899 lr 8.87e-05\n"}
,{"stream_name":"stdout","time":7502.032839212,"data":"epoch 323 loss   0.7592 lr 8.65e-05\n"}
,{"stream_name":"stdout","time":7525.017304982,"data":"epoch 324 loss   0.6754 lr 8.43e-05\n"}
,{"stream_name":"stdout","time":7549.328430566,"data":"epoch 325 loss   0.7160 lr 8.21e-05 val EPE 1.580 D1 8.38%\n"}
,{"stream_name":"stdout","time":7572.253799446,"data":"epoch 326 loss   0.6873 lr 8.00e-05\n"}
,{"stream_name":"stdout","time":7595.196630745,"data":"epoch 327 loss   0.7400 lr 7.78e-05\n"}
,{"stream_name":"stdout","time":7617.974129015,"data":"epoch 328 loss   0.7251 lr 7.57e-05\n"}
,{"stream_name":"stdout","time":7641.045089753,"data":"epoch 329 loss   0.6787 lr 7.37e-05\n"}
,{"stream_name":"stdout","time":7665.416590547,"data":"epoch 330 loss   0.6850 lr 7.16e-05 val EPE 1.733 D1 9.34%\n"}
,{"stream_name":"stdout","time":7688.408208758,"data":"epoch 331 loss   0.6059 lr 6.96e-05\n"}
,{"stream_name":"stdout","time":7711.408926753,"data":"epoch 332 loss   0.5652 lr 6.76e-05\n"}
,{"stream_name":"stdout","time":7734.59048138,"data":"epoch 333 loss   0.6752 lr 6.57e-05\n"}
,{"stream_name":"stdout","time":7757.541643461,"data":"epoch 334 loss   0.6790 lr 6.38e-05\n"}
,{"stream_name":"stdout","time":7781.903992805,"data":"epoch 335 loss   0.5992 lr 6.18e-05 val EPE 1.650 D1 8.90%\n"}
,{"stream_name":"stdout","time":7804.899979389,"data":"epoch 336 loss   0.6446 lr 6.00e-05\n"}
,{"stream_name":"stdout","time":7827.951752024,"data":"epoch 337 loss   0.5674 lr 5.81e-05\n"}
,{"stream_name":"stdout","time":7850.922231871,"data":"epoch 338 loss   0.6643 lr 5.63e-05\n"}
,{"stream_name":"stdout","time":7873.829532872,"data":"epoch 339 loss   0.6936 lr 5.45e-05\n"}
,{"stream_name":"stdout","time":7898.179671882,"data":"epoch 340 loss   0.5801 lr 5.27e-05 val EPE 1.622 D1 8.76%\n"}
,{"stream_name":"stdout","time":7921.171303212,"data":"epoch 341 loss   0.6482 lr 5.10e-05\n"}
,{"stream_name":"stdout","time":7944.11795461,"data":"epoch 342 loss   0.6363 lr 4.93e-05\n"}
,{"stream_name":"stdout","time":7967.115307655,"data":"epoch 343 loss   0.5976 lr 4.76e-05\n"}
,{"stream_name":"stdout","time":7989.966675124,"data":"epoch 344 loss   0.6174 lr 4.59e-05\n"}
,{"stream_name":"stdout","time":8014.052217185,"data":"epoch 345 loss   0.5855 lr 4.43e-05 val EPE 1.570 D1 8.31%\n"}
,{"stream_name":"stdout","time":8036.909603415,"data":"epoch 346 loss   0.6039 lr 4.27e-05\n"}
,{"stream_name":"stdout","time":8059.747625412,"data":"epoch 347 loss   0.6757 lr 4.11e-05\n"}
,{"stream_name":"stdout","time":8082.579403103,"data":"epoch 348 loss   0.6363 lr 3.96e-05\n"}
,{"stream_name":"stdout","time":8105.37105068,"data":"epoch 349 loss   0.5902 lr 3.81e-05\n"}
,{"stream_name":"stdout","time":8129.587259632,"data":"epoch 350 loss   0.7104 lr 3.66e-05 val EPE 1.601 D1 8.45%\n"}
,{"stream_name":"stdout","time":8152.447726214,"data":"epoch 351 loss   0.6173 lr 3.51e-05\n"}
,{"stream_name":"stdout","time":8175.328136275,"data":"epoch 352 loss   0.7237 lr 3.37e-05\n"}
,{"stream_name":"stdout","time":8198.179430664,"data":"epoch 353 loss   0.6160 lr 3.23e-05\n"}
,{"stream_name":"stdout","time":8221.157465849,"data":"epoch 354 loss   0.6431 lr 3.09e-05\n"}
,{"stream_name":"stdout","time":8245.384870111,"data":"epoch 355 loss   0.6756 lr 2.96e-05 val EPE 1.577 D1 8.47%\n"}
,{"stream_name":"stdout","time":8268.346200876,"data":"epoch 356 loss   0.6198 lr 2.82e-05\n"}
,{"stream_name":"stdout","time":8291.311150694,"data":"epoch 357 loss   0.6524 lr 2.70e-05\n"}
,{"stream_name":"stdout","time":8314.465264472,"data":"epoch 358 loss   0.6097 lr 2.57e-05\n"}
,{"stream_name":"stdout","time":8337.471332949,"data":"epoch 359 loss   0.6376 lr 2.45e-05\n"}
,{"stream_name":"stdout","time":8362.06859864,"data":"epoch 360 loss   0.7953 lr 2.33e-05 val EPE 1.554 D1 8.23%\n"}
,{"stream_name":"stdout","time":8384.998119378,"data":"epoch 361 loss   0.6435 lr 2.21e-05\n"}
,{"stream_name":"stdout","time":8407.889386523,"data":"epoch 362 loss   0.6523 lr 2.10e-05\n"}
,{"stream_name":"stdout","time":8430.719018817,"data":"epoch 363 loss   0.5761 lr 1.99e-05\n"}
,{"stream_name":"stdout","time":8453.496520039,"data":"epoch 364 loss   0.6433 lr 1.88e-05\n"}
,{"stream_name":"stdout","time":8477.676147049,"data":"epoch 365 loss   0.6538 lr 1.77e-05 val EPE 1.542 D1 8.33%\n"}
,{"stream_name":"stdout","time":8500.526615843,"data":"epoch 366 loss   0.5589 lr 1.67e-05\n"}
,{"stream_name":"stdout","time":8523.41447284,"data":"epoch 367 loss   0.6147 lr 1.57e-05\n"}
,{"stream_name":"stdout","time":8546.265582687,"data":"epoch 368 loss   0.5946 lr 1.47e-05\n"}
,{"stream_name":"stdout","time":8569.181510498,"data":"epoch 369 loss   0.5949 lr 1.38e-05\n"}
,{"stream_name":"stdout","time":8593.244015514,"data":"epoch 370 loss   0.6119 lr 1.29e-05 val EPE 1.548 D1 8.35%\n"}
,{"stream_name":"stdout","time":8615.996346844,"data":"epoch 371 loss   0.6051 lr 1.20e-05\n"}
,{"stream_name":"stdout","time":8638.948295786,"data":"epoch 372 loss   0.6637 lr 1.12e-05\n"}
,{"stream_name":"stdout","time":8661.676044304,"data":"epoch 373 loss   0.6693 lr 1.04e-05\n"}
,{"stream_name":"stdout","time":8684.421884092,"data":"epoch 374 loss   0.5988 lr 9.61e-06\n"}
,{"stream_name":"stdout","time":8708.571126028,"data":"epoch 375 loss   0.6813 lr 8.86e-06 val EPE 1.579 D1 8.49%\n"}
,{"stream_name":"stdout","time":8731.483455344,"data":"epoch 376 loss   0.7139 lr 8.14e-06\n"}
,{"stream_name":"stdout","time":8754.302167774,"data":"epoch 377 loss   0.6234 lr 7.45e-06\n"}
,{"stream_name":"stdout","time":8777.135664305,"data":"epoch 378 loss   0.7582 lr 6.79e-06\n"}
,{"stream_name":"stdout","time":8799.967528646,"data":"epoch 379 loss   0.6134 lr 6.16e-06\n"}
,{"stream_name":"stdout","time":8824.178030789,"data":"epoch 380 loss   0.6866 lr 5.56e-06 val EPE 1.563 D1 8.43%\n"}
,{"stream_name":"stdout","time":8847.0811961,"data":"epoch 381 loss   0.7332 lr 4.99e-06\n"}
,{"stream_name":"stdout","time":8870.384972218,"data":"epoch 382 loss   0.5527 lr 4.45e-06\n"}
,{"stream_name":"stdout","time":8893.406324469,"data":"epoch 383 loss   0.5778 lr 3.94e-06\n"}
,{"stream_name":"stdout","time":8916.359434451,"data":"epoch 384 loss   0.6661 lr 3.47e-06\n"}
,{"stream_name":"stdout","time":8940.612452496,"data":"epoch 385 loss   0.6650 lr 3.02e-06 val EPE 1.565 D1 8.39%\n"}
,{"stream_name":"stdout","time":8963.409861981,"data":"epoch 386 loss   0.6557 lr 2.60e-06\n"}
,{"stream_name":"stdout","time":8986.574415999,"data":"epoch 387 loss   0.6202 lr 2.22e-06\n"}
,{"stream_name":"stdout","time":9009.967669057,"data":"epoch 388 loss   0.6064 lr 1.86e-06\n"}
,{"stream_name":"stdout","time":9033.405606441,"data":"epoch 389 loss   0.6184 lr 1.54e-06\n"}
,{"stream_name":"stdout","time":9058.324290518,"data":"epoch 390 loss   0.7163 lr 1.25e-06 val EPE 1.554 D1 8.37%\n"}
,{"stream_name":"stdout","time":9081.970886533,"data":"epoch 391 loss   0.5795 lr 9.87e-07\n"}
,{"stream_name":"stdout","time":9105.651449993,"data":"epoch 392 loss   0.6370 lr 7.55e-07\n"}
,{"stream_name":"stdout","time":9129.113008151,"data":"epoch 393 loss   0.6264 lr 5.55e-07\n"}
,{"stream_name":"stdout","time":9152.618794707,"data":"epoch 394 loss   0.6302 lr 3.85e-07\n"}
,{"stream_name":"stdout","time":9177.483213681,"data":"epoch 395 loss   0.6014 lr 2.47e-07 val EPE 1.560 D1 8.38%\n"}
,{"stream_name":"stdout","time":9200.879886192,"data":"epoch 396 loss   0.6982 lr 1.39e-07\n"}
,{"stream_name":"stdout","time":9224.067920816,"data":"epoch 397 loss   0.6957 lr 6.17e-08\n"}
,{"stream_name":"stdout","time":9247.432658106,"data":"epoch 398 loss   0.5535 lr 1.54e-08\n"}
,{"stream_name":"stdout","time":9271.982407271,"data":"epoch 399 loss   0.6365 lr 0.00e+00 val EPE 1.559 D1 8.38%\n"}
,{"stream_name":"stdout","time":9272.013182847,"data":"P2A seed 2 done: wall 9257.5s best10 EPE 1.5279 @epoch 270\n"}
,{"stream_name":"stdout","time":9274.172463766,"data":"STOP[armp]: epochs_incomplete {\"rows\": 400}\n"}
,{"stream_name":"stderr","time":9274.188737368,"data":"E0 STOPPED: {\"arm\": \"armp\", \"status\": \"STOPPED\", \"reason\": \"epochs_incomplete\", \"detail\": {\"rows\": 400}, \"utc\": \"2026-09-22T02:45:22Z\"}\n"}
,{"stream_name":"stderr","time":9276.722520856,"data":"/usr/local/lib/python3.12/dist-packages/mistune.py:435: SyntaxWarning: invalid escape sequence '\\|'\n"}
,{"stream_name":"stderr","time":9276.722559534,"data":"  cells[i][c] = re.sub('\\\\\\\\\\|', '|', cell)\n"}
,{"stream_name":"stderr","time":9276.946735349,"data":"/usr/local/lib/python3.12/dist-packages/nbconvert/filters/filter_links.py:36: SyntaxWarning: invalid escape sequence '\\_'\n"}
,{"stream_name":"stderr","time":9276.946771339,"data":"  text = re.sub(r'_', '\\_', text) # Escape underscores in display text\n"}
,{"stream_name":"stderr","time":9277.573366782,"data":"[NbConvertApp] Converting notebook __script__.ipynb to html\n"}
,{"stream_name":"stderr","time":9278.773343987,"data":"[NbConvertApp] Writing 308962 bytes to __results__.html\n"}
]