integrity guard: {"param_count": 397954, "param_count_ok": true, "all_ok": true}
epoch   0 loss  13.1604 lr 1.00e-03 val EPE 17.863 D1 88.89%
epoch   1 loss  11.8463 lr 1.00e-03
epoch   2 loss  10.5358 lr 9.99e-04
epoch   3 loss  10.1653 lr 9.99e-04
epoch   4 loss   9.6235 lr 9.98e-04
epoch   5 loss   6.5163 lr 9.98e-04 val EPE 9.235 D1 65.60%
epoch   6 loss   6.3410 lr 9.97e-04
epoch   7 loss   5.8749 lr 9.96e-04
epoch   8 loss   5.1102 lr 9.95e-04
epoch   9 loss   4.6023 lr 9.94e-04
epoch  10 loss   3.8772 lr 9.93e-04 val EPE 7.025 D1 57.63%
epoch  11 loss   3.8037 lr 9.91e-04
epoch  12 loss   3.6946 lr 9.90e-04
epoch  13 loss   3.7029 lr 9.88e-04
epoch  14 loss   3.6768 lr 9.86e-04
epoch  15 loss   3.1754 lr 9.84e-04 val EPE 5.730 D1 46.01%
epoch  16 loss   3.9987 lr 9.82e-04
epoch  17 loss   3.2803 lr 9.80e-04
epoch  18 loss   3.4604 lr 9.78e-04
epoch  19 loss   3.4969 lr 9.76e-04
epoch  20 loss   3.3733 lr 9.73e-04 val EPE 5.137 D1 36.64%
epoch  21 loss   3.0037 lr 9.70e-04
epoch  22 loss   3.3753 lr 9.68e-04
epoch  23 loss   3.1360 lr 9.65e-04
epoch  24 loss   3.2572 lr 9.62e-04
epoch  25 loss   2.8286 lr 9.59e-04 val EPE 4.556 D1 33.93%
epoch  26 loss   3.0790 lr 9.56e-04
epoch  27 loss   2.7836 lr 9.52e-04
epoch  28 loss   2.8966 lr 9.49e-04
epoch  29 loss   3.0260 lr 9.46e-04
epoch  30 loss   2.4936 lr 9.42e-04 val EPE 5.322 D1 53.32%
epoch  31 loss   2.6925 lr 9.38e-04
epoch  32 loss   2.6439 lr 9.34e-04
epoch  33 loss   3.0839 lr 9.30e-04
epoch  34 loss   2.1828 lr 9.26e-04
epoch  35 loss   2.2737 lr 9.22e-04 val EPE 5.017 D1 52.57%
epoch  36 loss   2.0509 lr 9.18e-04
epoch  37 loss   1.9609 lr 9.14e-04
epoch  38 loss   1.9379 lr 9.09e-04
epoch  39 loss   2.5649 lr 9.05e-04
epoch  40 loss   2.4481 lr 9.00e-04 val EPE 3.392 D1 25.14%
epoch  41 loss   2.1662 lr 8.95e-04
epoch  42 loss   2.0050 lr 8.90e-04
epoch  43 loss   2.2608 lr 8.85e-04
epoch  44 loss   2.1702 lr 8.80e-04
epoch  45 loss   2.4000 lr 8.75e-04 val EPE 3.664 D1 28.10%
epoch  46 loss   2.2727 lr 8.70e-04
epoch  47 loss   2.0799 lr 8.64e-04
epoch  48 loss   1.8982 lr 8.59e-04
epoch  49 loss   1.9513 lr 8.54e-04
epoch  50 loss   1.7653 lr 8.48e-04 val EPE 4.330 D1 44.73%
epoch  51 loss   1.8799 lr 8.42e-04
epoch  52 loss   2.0187 lr 8.37e-04
epoch  53 loss   1.7058 lr 8.31e-04
epoch  54 loss   1.9256 lr 8.25e-04
epoch  55 loss   2.0092 lr 8.19e-04 val EPE 3.252 D1 25.13%
epoch  56 loss   1.8917 lr 8.13e-04
epoch  57 loss   1.8394 lr 8.06e-04
epoch  58 loss   1.5174 lr 8.00e-04
epoch  59 loss   1.7183 lr 7.94e-04
epoch  60 loss   1.8922 lr 7.88e-04 val EPE 4.209 D1 42.52%
epoch  61 loss   1.8563 lr 7.81e-04
epoch  62 loss   2.0874 lr 7.75e-04
epoch  63 loss   1.8937 lr 7.68e-04
epoch  64 loss   1.7125 lr 7.61e-04
epoch  65 loss   1.9916 lr 7.55e-04 val EPE 2.855 D1 19.23%
epoch  66 loss   2.0094 lr 7.48e-04
epoch  67 loss   1.7010 lr 7.41e-04
epoch  68 loss   1.6519 lr 7.34e-04
epoch  69 loss   1.9120 lr 7.27e-04
epoch  70 loss   1.7652 lr 7.20e-04 val EPE 2.645 D1 18.31%
epoch  71 loss   1.7492 lr 7.13e-04
epoch  72 loss   1.4763 lr 7.06e-04
epoch  73 loss   1.8177 lr 6.99e-04
epoch  74 loss   1.8750 lr 6.91e-04
epoch  75 loss   1.7649 lr 6.84e-04 val EPE 3.172 D1 22.78%
epoch  76 loss   1.6719 lr 6.77e-04
epoch  77 loss   1.6282 lr 6.69e-04
epoch  78 loss   1.7867 lr 6.62e-04
epoch  79 loss   1.5532 lr 6.55e-04
epoch  80 loss   1.5853 lr 6.47e-04 val EPE 2.573 D1 17.08%
epoch  81 loss   1.7148 lr 6.39e-04
epoch  82 loss   1.7372 lr 6.32e-04
epoch  83 loss   1.4273 lr 6.24e-04
epoch  84 loss   1.3829 lr 6.17e-04
epoch  85 loss   1.4130 lr 6.09e-04 val EPE 2.633 D1 16.83%
epoch  86 loss   1.5120 lr 6.01e-04
epoch  87 loss   1.7853 lr 5.94e-04
epoch  88 loss   1.8029 lr 5.86e-04
epoch  89 loss   1.7557 lr 5.78e-04
epoch  90 loss   2.0249 lr 5.70e-04 val EPE 3.713 D1 27.70%
epoch  91 loss   1.7211 lr 5.63e-04
epoch  92 loss   1.6231 lr 5.55e-04
epoch  93 loss   1.2253 lr 5.47e-04
epoch  94 loss   1.4859 lr 5.39e-04
epoch  95 loss   1.4370 lr 5.31e-04 val EPE 2.767 D1 16.63%
epoch  96 loss   1.3319 lr 5.24e-04
epoch  97 loss   1.2977 lr 5.16e-04
epoch  98 loss   1.3751 lr 5.08e-04
epoch  99 loss   1.2732 lr 5.00e-04
epoch 100 loss   1.3923 lr 4.92e-04 val EPE 2.525 D1 16.93%
epoch 101 loss   1.4758 lr 4.84e-04
epoch 102 loss   1.3899 lr 4.76e-04
epoch 103 loss   1.4999 lr 4.69e-04
epoch 104 loss   1.5462 lr 4.61e-04
epoch 105 loss   1.2596 lr 4.53e-04 val EPE 2.381 D1 14.61%
epoch 106 loss   1.1898 lr 4.45e-04
epoch 107 loss   1.2875 lr 4.37e-04
epoch 108 loss   1.1146 lr 4.30e-04
epoch 109 loss   1.4491 lr 4.22e-04
epoch 110 loss   1.2295 lr 4.14e-04 val EPE 2.412 D1 16.05%
epoch 111 loss   1.2615 lr 4.06e-04
epoch 112 loss   1.3517 lr 3.99e-04
epoch 113 loss   1.3329 lr 3.91e-04
epoch 114 loss   1.3744 lr 3.83e-04
epoch 115 loss   1.1484 lr 3.76e-04 val EPE 2.265 D1 14.66%
epoch 116 loss   1.2689 lr 3.68e-04
epoch 117 loss   1.1692 lr 3.61e-04
epoch 118 loss   1.2599 lr 3.53e-04
epoch 119 loss   1.5028 lr 3.45e-04
epoch 120 loss   1.1621 lr 3.38e-04 val EPE 2.138 D1 12.83%
epoch 121 loss   1.0466 lr 3.31e-04
epoch 122 loss   1.1000 lr 3.23e-04
epoch 123 loss   1.1387 lr 3.16e-04
epoch 124 loss   1.4669 lr 3.09e-04
epoch 125 loss   1.1159 lr 3.01e-04 val EPE 2.108 D1 13.48%
epoch 126 loss   1.2378 lr 2.94e-04
epoch 127 loss   1.2587 lr 2.87e-04
epoch 128 loss   1.1017 lr 2.80e-04
epoch 129 loss   1.0992 lr 2.73e-04
epoch 130 loss   1.0766 lr 2.66e-04 val EPE 2.153 D1 13.63%
epoch 131 loss   0.9541 lr 2.59e-04
epoch 132 loss   1.1716 lr 2.52e-04
epoch 133 loss   1.1554 lr 2.45e-04
epoch 134 loss   1.1563 lr 2.39e-04
epoch 135 loss   1.1301 lr 2.32e-04 val EPE 2.158 D1 13.06%
epoch 136 loss   1.1528 lr 2.25e-04
epoch 137 loss   1.1136 lr 2.19e-04
epoch 138 loss   1.2407 lr 2.12e-04
epoch 139 loss   1.2713 lr 2.06e-04
epoch 140 loss   1.2452 lr 2.00e-04 val EPE 2.253 D1 13.58%
epoch 141 loss   1.0699 lr 1.94e-04
epoch 142 loss   1.1982 lr 1.87e-04
epoch 143 loss   1.0960 lr 1.81e-04
epoch 144 loss   1.0812 lr 1.75e-04
epoch 145 loss   1.0889 lr 1.69e-04 val EPE 2.028 D1 12.24%
epoch 146 loss   0.8948 lr 1.63e-04
epoch 147 loss   1.1948 lr 1.58e-04
epoch 148 loss   1.0504 lr 1.52e-04
epoch 149 loss   1.2814 lr 1.46e-04
epoch 150 loss   0.9831 lr 1.41e-04 val EPE 1.981 D1 12.16%
epoch 151 loss   0.9363 lr 1.36e-04
epoch 152 loss   0.9973 lr 1.30e-04
epoch 153 loss   0.9966 lr 1.25e-04
epoch 154 loss   1.1710 lr 1.20e-04
epoch 155 loss   1.1454 lr 1.15e-04 val EPE 1.997 D1 12.46%
epoch 156 loss   0.9635 lr 1.10e-04
epoch 157 loss   1.0663 lr 1.05e-04
epoch 158 loss   1.0377 lr 1.00e-04
epoch 159 loss   0.9568 lr 9.55e-05
epoch 160 loss   0.9899 lr 9.09e-05 val EPE 2.130 D1 12.54%
epoch 161 loss   1.0129 lr 8.65e-05
epoch 162 loss   1.0343 lr 8.21e-05
epoch 163 loss   1.0560 lr 7.78e-05
epoch 164 loss   0.9260 lr 7.37e-05
epoch 165 loss   1.1478 lr 6.96e-05 val EPE 2.122 D1 12.37%
epoch 166 loss   0.9691 lr 6.57e-05
epoch 167 loss   0.8967 lr 6.18e-05
epoch 168 loss   1.0203 lr 5.81e-05
epoch 169 loss   0.9948 lr 5.45e-05
epoch 170 loss   1.0034 lr 5.10e-05 val EPE 2.026 D1 11.77%
epoch 171 loss   0.8519 lr 4.76e-05
epoch 172 loss   1.0829 lr 4.43e-05
epoch 173 loss   0.8375 lr 4.11e-05
epoch 174 loss   0.9901 lr 3.81e-05
epoch 175 loss   0.9401 lr 3.51e-05 val EPE 2.118 D1 12.45%
epoch 176 loss   1.1226 lr 3.23e-05
epoch 177 loss   0.9218 lr 2.96e-05
epoch 178 loss   0.8470 lr 2.70e-05
epoch 179 loss   0.9322 lr 2.45e-05
epoch 180 loss   1.0884 lr 2.21e-05 val EPE 1.977 D1 11.84%
epoch 181 loss   0.9269 lr 1.99e-05
epoch 182 loss   0.9394 lr 1.77e-05
epoch 183 loss   0.9436 lr 1.57e-05
epoch 184 loss   0.9080 lr 1.38e-05
epoch 185 loss   1.0025 lr 1.20e-05 val EPE 2.049 D1 12.04%
epoch 186 loss   0.8437 lr 1.04e-05
epoch 187 loss   0.9469 lr 8.86e-06
epoch 188 loss   0.8877 lr 7.45e-06
epoch 189 loss   0.9397 lr 6.16e-06
epoch 190 loss   0.8760 lr 4.99e-06 val EPE 2.016 D1 11.75%
epoch 191 loss   0.8902 lr 3.94e-06
epoch 192 loss   0.9537 lr 3.02e-06
epoch 193 loss   0.9924 lr 2.22e-06
epoch 194 loss   0.9619 lr 1.54e-06
epoch 195 loss   0.9224 lr 9.87e-07 val EPE 1.998 D1 11.70%
epoch 196 loss   1.0791 lr 5.55e-07
epoch 197 loss   0.9036 lr 2.47e-07
epoch 198 loss   0.9192 lr 6.17e-08
epoch 199 loss   1.0086 lr 0.00e+00 val EPE 1.998 D1 11.70%
P2A seed 0 done: wall 3829.4s best10 EPE 1.9771 @epoch 180
