integrity guard: {"param_count": 397954, "param_count_ok": true, "all_ok": true}
epoch   0 loss  12.2698 lr 1.00e-03 val EPE 18.505 D1 86.49%
epoch   1 loss  11.8296 lr 1.00e-03
epoch   2 loss  11.6098 lr 9.99e-04
epoch   3 loss  11.0977 lr 9.99e-04
epoch   4 loss   9.1549 lr 9.98e-04
epoch   5 loss   7.5047 lr 9.98e-04 val EPE 11.494 D1 75.27%
epoch   6 loss   6.8172 lr 9.97e-04
epoch   7 loss   5.8080 lr 9.96e-04
epoch   8 loss   5.4235 lr 9.95e-04
epoch   9 loss   4.7211 lr 9.94e-04
epoch  10 loss   4.1308 lr 9.93e-04 val EPE 6.593 D1 56.00%
epoch  11 loss   3.7440 lr 9.91e-04
epoch  12 loss   3.8336 lr 9.90e-04
epoch  13 loss   4.4850 lr 9.88e-04
epoch  14 loss   3.7947 lr 9.86e-04
epoch  15 loss   3.3432 lr 9.84e-04 val EPE 5.881 D1 44.55%
epoch  16 loss   3.3071 lr 9.82e-04
epoch  17 loss   3.6298 lr 9.80e-04
epoch  18 loss   3.1334 lr 9.78e-04
epoch  19 loss   2.8228 lr 9.76e-04
epoch  20 loss   3.3928 lr 9.73e-04 val EPE 5.166 D1 39.41%
epoch  21 loss   2.9865 lr 9.70e-04
epoch  22 loss   3.0046 lr 9.68e-04
epoch  23 loss   3.1989 lr 9.65e-04
epoch  24 loss   3.3695 lr 9.62e-04
epoch  25 loss   3.2905 lr 9.59e-04 val EPE 5.811 D1 51.45%
epoch  26 loss   2.8424 lr 9.56e-04
epoch  27 loss   3.2451 lr 9.52e-04
epoch  28 loss   3.0223 lr 9.49e-04
epoch  29 loss   3.1175 lr 9.46e-04
epoch  30 loss   2.5826 lr 9.42e-04 val EPE 3.997 D1 29.94%
epoch  31 loss   2.6416 lr 9.38e-04
epoch  32 loss   2.4107 lr 9.34e-04
epoch  33 loss   2.2151 lr 9.30e-04
epoch  34 loss   2.7071 lr 9.26e-04
epoch  35 loss   2.3811 lr 9.22e-04 val EPE 4.414 D1 30.67%
epoch  36 loss   2.4898 lr 9.18e-04
epoch  37 loss   2.2949 lr 9.14e-04
epoch  38 loss   2.8621 lr 9.09e-04
epoch  39 loss   2.5127 lr 9.05e-04
epoch  40 loss   2.3202 lr 9.00e-04 val EPE 3.504 D1 27.66%
epoch  41 loss   2.0292 lr 8.95e-04
epoch  42 loss   2.3294 lr 8.90e-04
epoch  43 loss   2.0936 lr 8.85e-04
epoch  44 loss   1.8060 lr 8.80e-04
epoch  45 loss   2.2519 lr 8.75e-04 val EPE 4.052 D1 35.37%
epoch  46 loss   2.3685 lr 8.70e-04
epoch  47 loss   2.5075 lr 8.64e-04
epoch  48 loss   2.5278 lr 8.59e-04
epoch  49 loss   2.2215 lr 8.54e-04
epoch  50 loss   1.9109 lr 8.48e-04 val EPE 3.337 D1 23.57%
epoch  51 loss   1.9345 lr 8.42e-04
epoch  52 loss   1.9799 lr 8.37e-04
epoch  53 loss   1.8077 lr 8.31e-04
epoch  54 loss   1.9424 lr 8.25e-04
epoch  55 loss   1.7676 lr 8.19e-04 val EPE 2.833 D1 19.58%
epoch  56 loss   2.2624 lr 8.13e-04
epoch  57 loss   1.8972 lr 8.06e-04
epoch  58 loss   2.0213 lr 8.00e-04
epoch  59 loss   1.9884 lr 7.94e-04
epoch  60 loss   2.0407 lr 7.88e-04 val EPE 2.939 D1 19.65%
epoch  61 loss   1.9678 lr 7.81e-04
epoch  62 loss   1.8561 lr 7.75e-04
epoch  63 loss   1.8705 lr 7.68e-04
epoch  64 loss   1.9233 lr 7.61e-04
epoch  65 loss   1.7667 lr 7.55e-04 val EPE 3.465 D1 27.50%
epoch  66 loss   1.8839 lr 7.48e-04
epoch  67 loss   1.9261 lr 7.41e-04
epoch  68 loss   2.0659 lr 7.34e-04
epoch  69 loss   1.9337 lr 7.27e-04
epoch  70 loss   1.7289 lr 7.20e-04 val EPE 2.836 D1 18.82%
epoch  71 loss   2.1435 lr 7.13e-04
epoch  72 loss   1.6993 lr 7.06e-04
epoch  73 loss   1.8413 lr 6.99e-04
epoch  74 loss   1.7537 lr 6.91e-04
epoch  75 loss   1.8017 lr 6.84e-04 val EPE 2.700 D1 18.09%
epoch  76 loss   1.7685 lr 6.77e-04
epoch  77 loss   1.7092 lr 6.69e-04
epoch  78 loss   1.4397 lr 6.62e-04
epoch  79 loss   1.5308 lr 6.55e-04
epoch  80 loss   1.4567 lr 6.47e-04 val EPE 2.595 D1 16.59%
epoch  81 loss   1.4770 lr 6.39e-04
epoch  82 loss   1.4409 lr 6.32e-04
epoch  83 loss   1.6803 lr 6.24e-04
epoch  84 loss   1.6505 lr 6.17e-04
epoch  85 loss   1.6665 lr 6.09e-04 val EPE 2.669 D1 18.33%
epoch  86 loss   1.6220 lr 6.01e-04
epoch  87 loss   1.6771 lr 5.94e-04
epoch  88 loss   1.4180 lr 5.86e-04
epoch  89 loss   1.4611 lr 5.78e-04
epoch  90 loss   1.9389 lr 5.70e-04 val EPE 3.429 D1 27.78%
epoch  91 loss   1.7315 lr 5.63e-04
epoch  92 loss   1.4440 lr 5.55e-04
epoch  93 loss   1.2523 lr 5.47e-04
epoch  94 loss   1.3287 lr 5.39e-04
epoch  95 loss   1.4776 lr 5.31e-04 val EPE 2.807 D1 17.24%
epoch  96 loss   1.4633 lr 5.24e-04
epoch  97 loss   1.6115 lr 5.16e-04
epoch  98 loss   1.3699 lr 5.08e-04
epoch  99 loss   1.2231 lr 5.00e-04
epoch 100 loss   1.7483 lr 4.92e-04 val EPE 2.397 D1 15.42%
epoch 101 loss   1.3774 lr 4.84e-04
epoch 102 loss   1.0701 lr 4.76e-04
epoch 103 loss   1.3037 lr 4.69e-04
epoch 104 loss   1.2114 lr 4.61e-04
epoch 105 loss   1.1890 lr 4.53e-04 val EPE 2.593 D1 15.48%
epoch 106 loss   1.2510 lr 4.45e-04
epoch 107 loss   1.1068 lr 4.37e-04
epoch 108 loss   1.2970 lr 4.30e-04
epoch 109 loss   1.4683 lr 4.22e-04
epoch 110 loss   1.2898 lr 4.14e-04 val EPE 2.356 D1 14.17%
epoch 111 loss   1.2771 lr 4.06e-04
epoch 112 loss   1.3941 lr 3.99e-04
epoch 113 loss   1.5321 lr 3.91e-04
epoch 114 loss   1.4569 lr 3.83e-04
epoch 115 loss   1.6090 lr 3.76e-04 val EPE 2.368 D1 14.97%
epoch 116 loss   1.1215 lr 3.68e-04
epoch 117 loss   1.6347 lr 3.61e-04
epoch 118 loss   1.3529 lr 3.53e-04
epoch 119 loss   1.3178 lr 3.45e-04
epoch 120 loss   1.3949 lr 3.38e-04 val EPE 2.328 D1 14.83%
epoch 121 loss   1.1293 lr 3.31e-04
epoch 122 loss   1.2908 lr 3.23e-04
epoch 123 loss   1.1800 lr 3.16e-04
epoch 124 loss   1.2110 lr 3.09e-04
epoch 125 loss   1.4838 lr 3.01e-04 val EPE 2.239 D1 13.70%
epoch 126 loss   1.4579 lr 2.94e-04
epoch 127 loss   1.1705 lr 2.87e-04
epoch 128 loss   1.0530 lr 2.80e-04
epoch 129 loss   1.1533 lr 2.73e-04
epoch 130 loss   1.3291 lr 2.66e-04 val EPE 2.382 D1 15.58%
epoch 131 loss   0.9262 lr 2.59e-04
epoch 132 loss   1.0243 lr 2.52e-04
epoch 133 loss   1.0495 lr 2.45e-04
epoch 134 loss   1.2864 lr 2.39e-04
epoch 135 loss   1.0993 lr 2.32e-04 val EPE 2.190 D1 13.21%
epoch 136 loss   1.0731 lr 2.25e-04
epoch 137 loss   1.1331 lr 2.19e-04
epoch 138 loss   1.1765 lr 2.12e-04
epoch 139 loss   1.1483 lr 2.06e-04
epoch 140 loss   1.0529 lr 2.00e-04 val EPE 2.252 D1 13.91%
epoch 141 loss   0.9872 lr 1.94e-04
epoch 142 loss   1.1143 lr 1.87e-04
epoch 143 loss   1.1724 lr 1.81e-04
epoch 144 loss   1.0976 lr 1.75e-04
epoch 145 loss   1.2447 lr 1.69e-04 val EPE 2.229 D1 13.09%
epoch 146 loss   1.1250 lr 1.63e-04
epoch 147 loss   1.0798 lr 1.58e-04
epoch 148 loss   1.0550 lr 1.52e-04
epoch 149 loss   0.9841 lr 1.46e-04
epoch 150 loss   0.9248 lr 1.41e-04 val EPE 2.205 D1 13.09%
epoch 151 loss   1.1218 lr 1.36e-04
epoch 152 loss   1.0604 lr 1.30e-04
epoch 153 loss   1.0323 lr 1.25e-04
epoch 154 loss   1.0648 lr 1.20e-04
epoch 155 loss   1.1251 lr 1.15e-04 val EPE 2.143 D1 13.05%
epoch 156 loss   0.9899 lr 1.10e-04
epoch 157 loss   1.0781 lr 1.05e-04
epoch 158 loss   1.0403 lr 1.00e-04
epoch 159 loss   0.9772 lr 9.55e-05
epoch 160 loss   0.9356 lr 9.09e-05 val EPE 2.135 D1 12.97%
epoch 161 loss   1.0729 lr 8.65e-05
epoch 162 loss   0.9646 lr 8.21e-05
epoch 163 loss   1.0049 lr 7.78e-05
epoch 164 loss   1.2475 lr 7.37e-05
epoch 165 loss   0.9380 lr 6.96e-05 val EPE 2.127 D1 12.48%
epoch 166 loss   1.0775 lr 6.57e-05
epoch 167 loss   1.2029 lr 6.18e-05
epoch 168 loss   1.0457 lr 5.81e-05
epoch 169 loss   0.8371 lr 5.45e-05
epoch 170 loss   1.0207 lr 5.10e-05 val EPE 2.025 D1 11.93%
epoch 171 loss   1.0382 lr 4.76e-05
epoch 172 loss   0.9599 lr 4.43e-05
epoch 173 loss   0.9641 lr 4.11e-05
epoch 174 loss   0.9529 lr 3.81e-05
epoch 175 loss   0.9725 lr 3.51e-05 val EPE 2.109 D1 12.20%
epoch 176 loss   1.1389 lr 3.23e-05
epoch 177 loss   1.0425 lr 2.96e-05
epoch 178 loss   1.1904 lr 2.70e-05
epoch 179 loss   0.8759 lr 2.45e-05
epoch 180 loss   0.9353 lr 2.21e-05 val EPE 2.130 D1 12.25%
epoch 181 loss   1.0051 lr 1.99e-05
epoch 182 loss   0.8262 lr 1.77e-05
epoch 183 loss   0.9794 lr 1.57e-05
epoch 184 loss   0.8747 lr 1.38e-05
epoch 185 loss   0.9103 lr 1.20e-05 val EPE 2.042 D1 11.71%
epoch 186 loss   0.9650 lr 1.04e-05
epoch 187 loss   0.7962 lr 8.86e-06
epoch 188 loss   0.9583 lr 7.45e-06
epoch 189 loss   1.0737 lr 6.16e-06
epoch 190 loss   0.9507 lr 4.99e-06 val EPE 2.080 D1 11.86%
epoch 191 loss   0.9554 lr 3.94e-06
epoch 192 loss   1.0408 lr 3.02e-06
epoch 193 loss   0.9242 lr 2.22e-06
epoch 194 loss   0.9428 lr 1.54e-06
epoch 195 loss   0.9241 lr 9.87e-07 val EPE 2.076 D1 11.84%
epoch 196 loss   1.0936 lr 5.55e-07
epoch 197 loss   0.9555 lr 2.47e-07
epoch 198 loss   1.0105 lr 6.17e-08
epoch 199 loss   1.0057 lr 0.00e+00 val EPE 2.069 D1 11.80%
P2A seed 1 done: wall 3865.2s best10 EPE 2.0248 @epoch 170
