[{"stream_name":"stdout","time":6.731379729,"data":"{\"python\": \"3.12.13\", \"torch\": \"2.10.0+cu128\", \"cuda\": \"12.8\", \"cudnn\": 91002, \"gpu\": \"Tesla T4\", \"device_count\": 2}\n"}
,{"stream_name":"stdout","time":6.731464122,"data":"+ /usr/bin/python3 /kaggle/working/repo/stage_e_recipe/run/scripts/run_arm.py --arm armp --init /kaggle/input/datasets/vishnuvardhanksece/stage-e-e4-init/e4_pretrain_best.pth --outdir /kaggle/working/repo/stage_e_recipe/run/armp --seed 0 --epochs 200 --timeout_s 18000.0\n"}
,{"stream_name":"stdout","time":6.822812094,"data":"RUN arm=armp init=/kaggle/input/datasets/vishnuvardhanksece/stage-e-e4-init/e4_pretrain_best.pth pid=20 cmd=['/usr/bin/python3', '/kaggle/working/repo/stage_e_recipe/run/scripts/finetune_pilot.py', '--init', '/kaggle/input/datasets/vishnuvardhanksece/stage-e-e4-init/e4_pretrain_best.pth', '--arm', 'armp']\n"}
,{"stream_name":"stdout","time":9.036843721,"data":"integrity guard: {\"param_count\": 397954, \"param_count_ok\": true, \"all_ok\": true}\n"}
,{"stream_name":"stdout","time":9.050511786,"data":"init: {\"source\": \"/kaggle/input/datasets/vishnuvardhanksece/stage-e-e4-init/e4_pretrain_best.pth\", \"strict\": true, \"sha256\": \"4c16fbe32724d0c1157aa91b0503f67e7e1576faf597325d62c87510aa6b829f\", \"n_keys\": 70, \"param_count\": 397954}\n"}
,{"stream_name":"stdout","time":15.516945267,"data":"/kaggle/working/repo/stage_e_recipe/run/scripts/finetune_pilot.py:303: UserWarning: Converting a tensor with requires_grad=True to a scalar may lead to unexpected behavior.\n"}
,{"stream_name":"stdout","time":15.516996832,"data":"Consider using tensor.detach() first. (Triggered internally at /pytorch/torch/csrc/autograd/generated/python_variable_methods.cpp:836.)\n"}
,{"stream_name":"stdout","time":15.517000443,"data":"  epoch_loss += float(loss)\n"}
,{"stream_name":"stdout","time":41.436953918,"data":"epoch   0 loss   1.9208 lr 1.00e-03 val EPE 2.293 D1 15.85%\n"}
,{"stream_name":"stdout","time":62.653975324,"data":"epoch   1 loss   1.6264 lr 1.00e-03\n"}
,{"stream_name":"stdout","time":84.077261484,"data":"epoch   2 loss   1.3189 lr 9.99e-04\n"}
,{"stream_name":"stdout","time":106.062639331,"data":"epoch   3 loss   1.4253 lr 9.99e-04\n"}
,{"stream_name":"stdout","time":128.550341506,"data":"epoch   4 loss   1.2316 lr 9.98e-04\n"}
,{"stream_name":"stdout","time":151.977549016,"data":"epoch   5 loss   1.1858 lr 9.98e-04 val EPE 2.078 D1 13.36%\n"}
,{"stream_name":"stdout","time":173.66246254,"data":"epoch   6 loss   1.4289 lr 9.97e-04\n"}
,{"stream_name":"stdout","time":195.562065893,"data":"epoch   7 loss   1.1941 lr 9.96e-04\n"}
,{"stream_name":"stdout","time":217.415463529,"data":"epoch   8 loss   1.3578 lr 9.95e-04\n"}
,{"stream_name":"stdout","time":239.212553758,"data":"epoch   9 loss   1.3412 lr 9.94e-04\n"}
,{"stream_name":"stdout","time":262.18280381,"data":"epoch  10 loss   1.1324 lr 9.93e-04 val EPE 2.144 D1 14.40%\n"}
,{"stream_name":"stdout","time":283.930924372,"data":"epoch  11 loss   1.1240 lr 9.91e-04\n"}
,{"stream_name":"stdout","time":305.674876607,"data":"epoch  12 loss   1.2820 lr 9.90e-04\n"}
,{"stream_name":"stdout","time":327.37914711,"data":"epoch  13 loss   1.1421 lr 9.88e-04\n"}
,{"stream_name":"stdout","time":349.385648889,"data":"epoch  14 loss   1.1201 lr 9.86e-04\n"}
,{"stream_name":"stdout","time":372.516788994,"data":"epoch  15 loss   1.1260 lr 9.84e-04 val EPE 2.064 D1 12.80%\n"}
,{"stream_name":"stdout","time":394.227978629,"data":"epoch  16 loss   1.3911 lr 9.82e-04\n"}
,{"stream_name":"stdout","time":415.918011764,"data":"epoch  17 loss   1.2683 lr 9.80e-04\n"}
,{"stream_name":"stdout","time":437.678989721,"data":"epoch  18 loss   1.2112 lr 9.78e-04\n"}
,{"stream_name":"stdout","time":459.359076491,"data":"epoch  19 loss   1.5076 lr 9.76e-04\n"}
,{"stream_name":"stdout","time":482.326507201,"data":"epoch  20 loss   1.4162 lr 9.73e-04 val EPE 3.159 D1 23.78%\n"}
,{"stream_name":"stdout","time":504.06846246,"data":"epoch  21 loss   1.3921 lr 9.70e-04\n"}
,{"stream_name":"stdout","time":525.817461891,"data":"epoch  22 loss   1.3715 lr 9.68e-04\n"}
,{"stream_name":"stdout","time":547.537589745,"data":"epoch  23 loss   1.1479 lr 9.65e-04\n"}
,{"stream_name":"stdout","time":569.352011902,"data":"epoch  24 loss   1.3254 lr 9.62e-04\n"}
,{"stream_name":"stdout","time":592.530260365,"data":"epoch  25 loss   1.1110 lr 9.59e-04 val EPE 1.939 D1 11.94%\n"}
,{"stream_name":"stdout","time":614.226497077,"data":"epoch  26 loss   1.5098 lr 9.56e-04\n"}
,{"stream_name":"stdout","time":635.902557113,"data":"epoch  27 loss   1.1131 lr 9.52e-04\n"}
,{"stream_name":"stdout","time":657.610882857,"data":"epoch  28 loss   1.2708 lr 9.49e-04\n"}
,{"stream_name":"stdout","time":679.390204603,"data":"epoch  29 loss   1.2651 lr 9.46e-04\n"}
,{"stream_name":"stdout","time":702.435188581,"data":"epoch  30 loss   1.0657 lr 9.42e-04 val EPE 2.271 D1 14.35%\n"}
,{"stream_name":"stdout","time":724.379608391,"data":"epoch  31 loss   1.3393 lr 9.38e-04\n"}
,{"stream_name":"stdout","time":746.719066789,"data":"epoch  32 loss   1.3415 lr 9.34e-04\n"}
,{"stream_name":"stdout","time":768.936229119,"data":"epoch  33 loss   1.2931 lr 9.30e-04\n"}
,{"stream_name":"stdout","time":791.129270887,"data":"epoch  34 loss   0.9908 lr 9.26e-04\n"}
,{"stream_name":"stdout","time":814.976763567,"data":"epoch  35 loss   1.0619 lr 9.22e-04 val EPE 2.404 D1 15.26%\n"}
,{"stream_name":"stdout","time":837.425296177,"data":"epoch  36 loss   1.0121 lr 9.18e-04\n"}
,{"stream_name":"stdout","time":859.639250508,"data":"epoch  37 loss   0.9067 lr 9.14e-04\n"}
,{"stream_name":"stdout","time":881.799677356,"data":"epoch  38 loss   0.9548 lr 9.09e-04\n"}
,{"stream_name":"stdout","time":903.869712495,"data":"epoch  39 loss   1.0206 lr 9.05e-04\n"}
,{"stream_name":"stdout","time":926.92972038,"data":"epoch  40 loss   1.2374 lr 9.00e-04 val EPE 1.932 D1 11.66%\n"}
,{"stream_name":"stdout","time":948.546046167,"data":"epoch  41 loss   1.2882 lr 8.95e-04\n"}
,{"stream_name":"stdout","time":970.261537228,"data":"epoch  42 loss   1.0859 lr 8.90e-04\n"}
,{"stream_name":"stdout","time":992.071429435,"data":"epoch  43 loss   1.1015 lr 8.85e-04\n"}
,{"stream_name":"stdout","time":1013.748610034,"data":"epoch  44 loss   1.1903 lr 8.80e-04\n"}
,{"stream_name":"stdout","time":1036.740853076,"data":"epoch  45 loss   1.2552 lr 8.75e-04 val EPE 1.946 D1 12.59%\n"}
,{"stream_name":"stdout","time":1058.476322529,"data":"epoch  46 loss   1.2467 lr 8.70e-04\n"}
,{"stream_name":"stdout","time":1080.613349854,"data":"epoch  47 loss   1.3124 lr 8.64e-04\n"}
,{"stream_name":"stdout","time":1102.572503476,"data":"epoch  48 loss   1.1827 lr 8.59e-04\n"}
,{"stream_name":"stdout","time":1124.66429938,"data":"epoch  49 loss   1.1548 lr 8.54e-04\n"}
,{"stream_name":"stdout","time":1147.86533546,"data":"epoch  50 loss   1.0158 lr 8.48e-04 val EPE 2.157 D1 13.84%\n"}
,{"stream_name":"stdout","time":1169.934861508,"data":"epoch  51 loss   1.1065 lr 8.42e-04\n"}
,{"stream_name":"stdout","time":1192.051860378,"data":"epoch  52 loss   1.1963 lr 8.37e-04\n"}
,{"stream_name":"stdout","time":1214.246561909,"data":"epoch  53 loss   0.9492 lr 8.31e-04\n"}
,{"stream_name":"stdout","time":1236.410495641,"data":"epoch  54 loss   0.9773 lr 8.25e-04\n"}
,{"stream_name":"stdout","time":1259.756091772,"data":"epoch  55 loss   1.0698 lr 8.19e-04 val EPE 1.780 D1 10.64%\n"}
,{"stream_name":"stdout","time":1281.876328084,"data":"epoch  56 loss   0.9834 lr 8.13e-04\n"}
,{"stream_name":"stdout","time":1303.990863005,"data":"epoch  57 loss   1.0520 lr 8.06e-04\n"}
,{"stream_name":"stdout","time":1326.019646185,"data":"epoch  58 loss   0.8970 lr 8.00e-04\n"}
,{"stream_name":"stdout","time":1348.2026997,"data":"epoch  59 loss   1.0852 lr 7.94e-04\n"}
,{"stream_name":"stdout","time":1371.562477529,"data":"epoch  60 loss   1.3208 lr 7.88e-04 val EPE 2.679 D1 22.95%\n"}
,{"stream_name":"stdout","time":1393.415387546,"data":"epoch  61 loss   1.0528 lr 7.81e-04\n"}
,{"stream_name":"stdout","time":1415.292678204,"data":"epoch  62 loss   1.1561 lr 7.75e-04\n"}
,{"stream_name":"stdout","time":1437.198707746,"data":"epoch  63 loss   0.9536 lr 7.68e-04\n"}
,{"stream_name":"stdout","time":1459.009384377,"data":"epoch  64 loss   0.9730 lr 7.61e-04\n"}
,{"stream_name":"stdout","time":1482.150354621,"data":"epoch  65 loss   0.9646 lr 7.55e-04 val EPE 1.960 D1 11.98%\n"}
,{"stream_name":"stdout","time":1503.903073972,"data":"epoch  66 loss   1.0948 lr 7.48e-04\n"}
,{"stream_name":"stdout","time":1525.646703777,"data":"epoch  67 loss   0.9319 lr 7.41e-04\n"}
,{"stream_name":"stdout","time":1547.438823819,"data":"epoch  68 loss   0.9139 lr 7.34e-04\n"}
,{"stream_name":"stdout","time":1569.212674407,"data":"epoch  69 loss   1.1326 lr 7.27e-04\n"}
,{"stream_name":"stdout","time":1592.315563508,"data":"epoch  70 loss   1.0248 lr 7.20e-04 val EPE 1.783 D1 10.74%\n"}
,{"stream_name":"stdout","time":1614.041356326,"data":"epoch  71 loss   0.9607 lr 7.13e-04\n"}
,{"stream_name":"stdout","time":1635.867395849,"data":"epoch  72 loss   0.9056 lr 7.06e-04\n"}
,{"stream_name":"stdout","time":1657.768688036,"data":"epoch  73 loss   1.0804 lr 6.99e-04\n"}
,{"stream_name":"stdout","time":1679.557814547,"data":"epoch  74 loss   1.0718 lr 6.91e-04\n"}
,{"stream_name":"stdout","time":1702.695131504,"data":"epoch  75 loss   0.9679 lr 6.84e-04 val EPE 1.973 D1 11.89%\n"}
,{"stream_name":"stdout","time":1724.8017219,"data":"epoch  76 loss   0.9295 lr 6.77e-04\n"}
,{"stream_name":"stdout","time":1746.780025183,"data":"epoch  77 loss   0.9478 lr 6.69e-04\n"}
,{"stream_name":"stdout","time":1768.721795574,"data":"epoch  78 loss   1.0056 lr 6.62e-04\n"}
,{"stream_name":"stdout","time":1790.744341449,"data":"epoch  79 loss   0.9177 lr 6.55e-04\n"}
,{"stream_name":"stdout","time":1813.89003508,"data":"epoch  80 loss   0.9812 lr 6.47e-04 val EPE 1.884 D1 10.93%\n"}
,{"stream_name":"stdout","time":1836.124971381,"data":"epoch  81 loss   1.0456 lr 6.39e-04\n"}
,{"stream_name":"stdout","time":1858.396733505,"data":"epoch  82 loss   1.0022 lr 6.32e-04\n"}
,{"stream_name":"stdout","time":1880.449885748,"data":"epoch  83 loss   0.8828 lr 6.24e-04\n"}
,{"stream_name":"stdout","time":1902.319379178,"data":"epoch  84 loss   0.8936 lr 6.17e-04\n"}
,{"stream_name":"stdout","time":1925.553895765,"data":"epoch  85 loss   0.8628 lr 6.09e-04 val EPE 1.746 D1 10.18%\n"}
,{"stream_name":"stdout","time":1947.446994996,"data":"epoch  86 loss   0.8395 lr 6.01e-04\n"}
,{"stream_name":"stdout","time":1969.523944486,"data":"epoch  87 loss   1.0099 lr 5.94e-04\n"}
,{"stream_name":"stdout","time":1991.440754635,"data":"epoch  88 loss   1.0209 lr 5.86e-04\n"}
,{"stream_name":"stdout","time":2013.386804687,"data":"epoch  89 loss   1.0505 lr 5.78e-04\n"}
,{"stream_name":"stdout","time":2036.531184573,"data":"epoch  90 loss   1.1840 lr 5.70e-04 val EPE 2.833 D1 16.65%\n"}
,{"stream_name":"stdout","time":2058.392739543,"data":"epoch  91 loss   1.1758 lr 5.63e-04\n"}
,{"stream_name":"stdout","time":2080.349725822,"data":"epoch  92 loss   1.0765 lr 5.55e-04\n"}
,{"stream_name":"stdout","time":2102.469006006,"data":"epoch  93 loss   0.7607 lr 5.47e-04\n"}
,{"stream_name":"stdout","time":2124.210692407,"data":"epoch  94 loss   1.0229 lr 5.39e-04\n"}
,{"stream_name":"stdout","time":2147.180856607,"data":"epoch  95 loss   0.9033 lr 5.31e-04 val EPE 1.893 D1 10.44%\n"}
,{"stream_name":"stdout","time":2169.015903851,"data":"epoch  96 loss   0.7865 lr 5.24e-04\n"}
,{"stream_name":"stdout","time":2190.857503018,"data":"epoch  97 loss   0.7887 lr 5.16e-04\n"}
,{"stream_name":"stdout","time":2212.804017927,"data":"epoch  98 loss   0.8913 lr 5.08e-04\n"}
,{"stream_name":"stdout","time":2234.630736522,"data":"epoch  99 loss   0.8293 lr 5.00e-04\n"}
,{"stream_name":"stdout","time":2257.674835342,"data":"epoch 100 loss   0.8472 lr 4.92e-04 val EPE 1.714 D1 9.71%\n"}
,{"stream_name":"stdout","time":2279.560353909,"data":"epoch 101 loss   1.0099 lr 4.84e-04\n"}
,{"stream_name":"stdout","time":2301.405600693,"data":"epoch 102 loss   1.0077 lr 4.76e-04\n"}
,{"stream_name":"stdout","time":2323.120424774,"data":"epoch 103 loss   1.0718 lr 4.69e-04\n"}
,{"stream_name":"stdout","time":2344.954734795,"data":"epoch 104 loss   1.0952 lr 4.61e-04\n"}
,{"stream_name":"stdout","time":2368.202823518,"data":"epoch 105 loss   0.8390 lr 4.53e-04 val EPE 1.695 D1 9.32%\n"}
,{"stream_name":"stdout","time":2390.049306939,"data":"epoch 106 loss   0.8049 lr 4.45e-04\n"}
,{"stream_name":"stdout","time":2411.988230321,"data":"epoch 107 loss   0.8383 lr 4.37e-04\n"}
,{"stream_name":"stdout","time":2434.087062324,"data":"epoch 108 loss   0.7698 lr 4.30e-04\n"}
,{"stream_name":"stdout","time":2456.391535728,"data":"epoch 109 loss   0.9637 lr 4.22e-04\n"}
,{"stream_name":"stdout","time":2479.85602122,"data":"epoch 110 loss   0.8312 lr 4.14e-04 val EPE 1.735 D1 10.37%\n"}
,{"stream_name":"stdout","time":2501.900954354,"data":"epoch 111 loss   0.7493 lr 4.06e-04\n"}
,{"stream_name":"stdout","time":2523.913382186,"data":"epoch 112 loss   0.9272 lr 3.99e-04\n"}
,{"stream_name":"stdout","time":2545.964179956,"data":"epoch 113 loss   0.9613 lr 3.91e-04\n"}
,{"stream_name":"stdout","time":2567.974343971,"data":"epoch 114 loss   0.8968 lr 3.83e-04\n"}
,{"stream_name":"stdout","time":2591.313829877,"data":"epoch 115 loss   0.7756 lr 3.76e-04 val EPE 1.611 D1 9.61%\n"}
,{"stream_name":"stdout","time":2613.207205988,"data":"epoch 116 loss   0.8875 lr 3.68e-04\n"}
,{"stream_name":"stdout","time":2635.284687652,"data":"epoch 117 loss   0.7953 lr 3.61e-04\n"}
,{"stream_name":"stdout","time":2657.347416248,"data":"epoch 118 loss   0.8548 lr 3.53e-04\n"}
,{"stream_name":"stdout","time":2679.21221334,"data":"epoch 119 loss   0.9335 lr 3.45e-04\n"}
,{"stream_name":"stdout","time":2702.492456812,"data":"epoch 120 loss   0.7881 lr 3.38e-04 val EPE 1.822 D1 10.35%\n"}
,{"stream_name":"stdout","time":2724.647598177,"data":"epoch 121 loss   0.7482 lr 3.31e-04\n"}
,{"stream_name":"stdout","time":2746.591654721,"data":"epoch 122 loss   0.7785 lr 3.23e-04\n"}
,{"stream_name":"stdout","time":2768.457179056,"data":"epoch 123 loss   0.7735 lr 3.16e-04\n"}
,{"stream_name":"stdout","time":2790.324667513,"data":"epoch 124 loss   0.9627 lr 3.09e-04\n"}
,{"stream_name":"stdout","time":2813.538454967,"data":"epoch 125 loss   0.7927 lr 3.01e-04 val EPE 1.599 D1 8.98%\n"}
,{"stream_name":"stdout","time":2835.423357094,"data":"epoch 126 loss   0.9045 lr 2.94e-04\n"}
,{"stream_name":"stdout","time":2857.222273473,"data":"epoch 127 loss   0.8504 lr 2.87e-04\n"}
,{"stream_name":"stdout","time":2879.274350076,"data":"epoch 128 loss   0.7334 lr 2.80e-04\n"}
,{"stream_name":"stdout","time":2901.142539959,"data":"epoch 129 loss   0.7712 lr 2.73e-04\n"}
,{"stream_name":"stdout","time":2924.251245394,"data":"epoch 130 loss   0.7272 lr 2.66e-04 val EPE 1.630 D1 8.73%\n"}
,{"stream_name":"stdout","time":2946.096869425,"data":"epoch 131 loss   0.6611 lr 2.59e-04\n"}
,{"stream_name":"stdout","time":2967.966962497,"data":"epoch 132 loss   0.8023 lr 2.52e-04\n"}
,{"stream_name":"stdout","time":2989.730209612,"data":"epoch 133 loss   0.8027 lr 2.45e-04\n"}
,{"stream_name":"stdout","time":3011.603074134,"data":"epoch 134 loss   0.7637 lr 2.39e-04\n"}
,{"stream_name":"stdout","time":3034.850826427,"data":"epoch 135 loss   0.7971 lr 2.32e-04 val EPE 1.837 D1 10.31%\n"}
,{"stream_name":"stdout","time":3056.659573029,"data":"epoch 136 loss   0.7895 lr 2.25e-04\n"}
,{"stream_name":"stdout","time":3078.421026272,"data":"epoch 137 loss   0.7686 lr 2.19e-04\n"}
,{"stream_name":"stdout","time":3100.183587368,"data":"epoch 138 loss   0.8830 lr 2.12e-04\n"}
,{"stream_name":"stdout","time":3121.98453769,"data":"epoch 139 loss   0.8773 lr 2.06e-04\n"}
,{"stream_name":"stdout","time":3145.041960402,"data":"epoch 140 loss   0.7885 lr 2.00e-04 val EPE 1.629 D1 8.50%\n"}
,{"stream_name":"stdout","time":3166.923602456,"data":"epoch 141 loss   0.7365 lr 1.94e-04\n"}
,{"stream_name":"stdout","time":3188.76062146,"data":"epoch 142 loss   0.8508 lr 1.87e-04\n"}
,{"stream_name":"stdout","time":3210.505247778,"data":"epoch 143 loss   0.7595 lr 1.81e-04\n"}
,{"stream_name":"stdout","time":3232.26217262,"data":"epoch 144 loss   0.7758 lr 1.75e-04\n"}
,{"stream_name":"stdout","time":3255.361655356,"data":"epoch 145 loss   0.7621 lr 1.69e-04 val EPE 1.677 D1 9.25%\n"}
,{"stream_name":"stdout","time":3277.078457682,"data":"epoch 146 loss   0.6227 lr 1.63e-04\n"}
,{"stream_name":"stdout","time":3298.771479532,"data":"epoch 147 loss   0.8817 lr 1.58e-04\n"}
,{"stream_name":"stdout","time":3320.50649373,"data":"epoch 148 loss   0.7574 lr 1.52e-04\n"}
,{"stream_name":"stdout","time":3342.248768741,"data":"epoch 149 loss   0.9214 lr 1.46e-04\n"}
,{"stream_name":"stdout","time":3365.221763936,"data":"epoch 150 loss   0.7023 lr 1.41e-04 val EPE 1.621 D1 8.57%\n"}
,{"stream_name":"stdout","time":3386.916622283,"data":"epoch 151 loss   0.6502 lr 1.36e-04\n"}
,{"stream_name":"stdout","time":3408.58298737,"data":"epoch 152 loss   0.7000 lr 1.30e-04\n"}
,{"stream_name":"stdout","time":3430.317961391,"data":"epoch 153 loss   0.7366 lr 1.25e-04\n"}
,{"stream_name":"stdout","time":3451.9800961,"data":"epoch 154 loss   0.8290 lr 1.20e-04\n"}
,{"stream_name":"stdout","time":3475.041546068,"data":"epoch 155 loss   0.8084 lr 1.15e-04 val EPE 1.598 D1 8.83%\n"}
,{"stream_name":"stdout","time":3496.853178737,"data":"epoch 156 loss   0.7092 lr 1.10e-04\n"}
,{"stream_name":"stdout","time":3518.494357095,"data":"epoch 157 loss   0.7723 lr 1.05e-04\n"}
,{"stream_name":"stdout","time":3540.182474763,"data":"epoch 158 loss   0.7609 lr 1.00e-04\n"}
,{"stream_name":"stdout","time":3561.915389073,"data":"epoch 159 loss   0.7253 lr 9.55e-05\n"}
,{"stream_name":"stdout","time":3584.959075641,"data":"epoch 160 loss   0.7282 lr 9.09e-05 val EPE 1.709 D1 9.24%\n"}
,{"stream_name":"stdout","time":3606.683435767,"data":"epoch 161 loss   0.7188 lr 8.65e-05\n"}
,{"stream_name":"stdout","time":3628.443292168,"data":"epoch 162 loss   0.7433 lr 8.21e-05\n"}
,{"stream_name":"stdout","time":3650.155587124,"data":"epoch 163 loss   0.7314 lr 7.78e-05\n"}
,{"stream_name":"stdout","time":3671.874617794,"data":"epoch 164 loss   0.7018 lr 7.37e-05\n"}
,{"stream_name":"stdout","time":3694.853507332,"data":"epoch 165 loss   0.8102 lr 6.96e-05 val EPE 1.625 D1 8.63%\n"}
,{"stream_name":"stdout","time":3716.639517452,"data":"epoch 166 loss   0.7076 lr 6.57e-05\n"}
,{"stream_name":"stdout","time":3738.483167223,"data":"epoch 167 loss   0.6941 lr 6.18e-05\n"}
,{"stream_name":"stdout","time":3760.111594322,"data":"epoch 168 loss   0.7497 lr 5.81e-05\n"}
,{"stream_name":"stdout","time":3781.755011559,"data":"epoch 169 loss   0.7507 lr 5.45e-05\n"}
,{"stream_name":"stdout","time":3804.705012258,"data":"epoch 170 loss   0.7330 lr 5.10e-05 val EPE 1.662 D1 8.92%\n"}
,{"stream_name":"stdout","time":3826.372563242,"data":"epoch 171 loss   0.6547 lr 4.76e-05\n"}
,{"stream_name":"stdout","time":3848.154131899,"data":"epoch 172 loss   0.7922 lr 4.43e-05\n"}
,{"stream_name":"stdout","time":3869.818973451,"data":"epoch 173 loss   0.6069 lr 4.11e-05\n"}
,{"stream_name":"stdout","time":3891.474502482,"data":"epoch 174 loss   0.7267 lr 3.81e-05\n"}
,{"stream_name":"stdout","time":3914.406410729,"data":"epoch 175 loss   0.7019 lr 3.51e-05 val EPE 1.701 D1 9.04%\n"}
,{"stream_name":"stdout","time":3936.071958242,"data":"epoch 176 loss   0.8013 lr 3.23e-05\n"}
,{"stream_name":"stdout","time":3957.81449849,"data":"epoch 177 loss   0.6702 lr 2.96e-05\n"}
,{"stream_name":"stdout","time":3979.661370247,"data":"epoch 178 loss   0.6325 lr 2.70e-05\n"}
,{"stream_name":"stdout","time":4001.292455865,"data":"epoch 179 loss   0.6971 lr 2.45e-05\n"}
,{"stream_name":"stdout","time":4024.287092692,"data":"epoch 180 loss   0.8013 lr 2.21e-05 val EPE 1.612 D1 8.64%\n"}
,{"stream_name":"stdout","time":4046.063459516,"data":"epoch 181 loss   0.6654 lr 1.99e-05\n"}
,{"stream_name":"stdout","time":4067.735650474,"data":"epoch 182 loss   0.6921 lr 1.77e-05\n"}
,{"stream_name":"stdout","time":4089.546432909,"data":"epoch 183 loss   0.7448 lr 1.57e-05\n"}
,{"stream_name":"stdout","time":4111.33475024,"data":"epoch 184 loss   0.6920 lr 1.38e-05\n"}
,{"stream_name":"stdout","time":4134.293336414,"data":"epoch 185 loss   0.7176 lr 1.20e-05 val EPE 1.610 D1 8.68%\n"}
,{"stream_name":"stdout","time":4156.025310082,"data":"epoch 186 loss   0.6285 lr 1.04e-05\n"}
,{"stream_name":"stdout","time":4177.702764311,"data":"epoch 187 loss   0.7071 lr 8.86e-06\n"}
,{"stream_name":"stdout","time":4199.331553802,"data":"epoch 188 loss   0.6839 lr 7.45e-06\n"}
,{"stream_name":"stdout","time":4221.00581694,"data":"epoch 189 loss   0.6853 lr 6.16e-06\n"}
,{"stream_name":"stdout","time":4243.967585837,"data":"epoch 190 loss   0.6772 lr 4.99e-06 val EPE 1.627 D1 8.68%\n"}
,{"stream_name":"stdout","time":4265.656975007,"data":"epoch 191 loss   0.6953 lr 3.94e-06\n"}
,{"stream_name":"stdout","time":4287.325602523,"data":"epoch 192 loss   0.7181 lr 3.02e-06\n"}
,{"stream_name":"stdout","time":4308.989468151,"data":"epoch 193 loss   0.7305 lr 2.22e-06\n"}
,{"stream_name":"stdout","time":4330.620234616,"data":"epoch 194 loss   0.7040 lr 1.54e-06\n"}
,{"stream_name":"stdout","time":4353.612538367,"data":"epoch 195 loss   0.6557 lr 9.87e-07 val EPE 1.605 D1 8.55%\n"}
,{"stream_name":"stdout","time":4375.262432333,"data":"epoch 196 loss   0.8023 lr 5.55e-07\n"}
,{"stream_name":"stdout","time":4396.849898524,"data":"epoch 197 loss   0.6551 lr 2.47e-07\n"}
,{"stream_name":"stdout","time":4418.527302166,"data":"epoch 198 loss   0.7020 lr 6.17e-08\n"}
,{"stream_name":"stdout","time":4441.506296127,"data":"epoch 199 loss   0.7550 lr 0.00e+00 val EPE 1.601 D1 8.54%\n"}
,{"stream_name":"stdout","time":4441.533065986,"data":"P2A seed 0 done: wall 4427.7s best10 EPE 1.5984 @epoch 155\n"}
,{"stream_name":"stdout","time":4443.421601217,"data":"STOP[armp]: wrong_checkpoint_resume {\"init_record\": {\"source\": \"/kaggle/input/datasets/vishnuvardhanksece/stage-e-e4-init/e4_pretrain_best.pth\", \"strict\": true, \"sha256\": \"4c16fbe32724d0c1157aa91b0503f67e7e1576faf597325d62c87510aa6b829f\", \"n_keys\": 70, \"param_count\": 397954}}\n"}
,{"stream_name":"stderr","time":4443.437566548,"data":"E4 STOPPED: {\"arm\": \"armp\", \"status\": \"STOPPED\", \"reason\": \"wrong_checkpoint_resume\", \"detail\": {\"init_record\": {\"source\": \"/kaggle/input/datasets/vishnuvardhanksece/stage-e-e4-init/e4_pretrain_best.pth\", \"strict\": true, \"sha256\": \"4c16fbe32724d0c1157aa91b0503f67e7e1576faf597325d62c87510aa6b829f\", \"n_keys\": 70, \"param_count\": 397954}}, \"utc\": \"2026-09-23T17:18:56Z\"}\n"}
,{"stream_name":"stderr","time":4445.823215304,"data":"/usr/local/lib/python3.12/dist-packages/mistune.py:435: SyntaxWarning: invalid escape sequence '\\|'\n"}
,{"stream_name":"stderr","time":4445.82324255,"data":"  cells[i][c] = re.sub('\\\\\\\\\\|', '|', cell)\n"}
,{"stream_name":"stderr","time":4446.039476569,"data":"/usr/local/lib/python3.12/dist-packages/nbconvert/filters/filter_links.py:36: SyntaxWarning: invalid escape sequence '\\_'\n"}
,{"stream_name":"stderr","time":4446.039502518,"data":"  text = re.sub(r'_', '\\_', text) # Escape underscores in display text\n"}
,{"stream_name":"stderr","time":4446.685473293,"data":"[NbConvertApp] Converting notebook __script__.ipynb to html\n"}
,{"stream_name":"stderr","time":4447.772242183,"data":"[NbConvertApp] Writing 312822 bytes to __results__.html\n"}
]