Output file downloaded to stage_b_armp/20260919T035455Z_kaggle_seed2/kernel_output_entrycheck\entrycheck/init_armp/integrity_guard.json
Output file downloaded to stage_b_armp/20260919T035455Z_kaggle_seed2/kernel_output_entrycheck\entrycheck/init_armp/p2a_best.pth
Output file downloaded to stage_b_armp/20260919T035455Z_kaggle_seed2/kernel_output_entrycheck\entrycheck/init_armp/p2a_final.pth
Output file downloaded to stage_b_armp/20260919T035455Z_kaggle_seed2/kernel_output_entrycheck\entrycheck/init_armp/p2a_record.json
Output file downloaded to stage_b_armp/20260919T035455Z_kaggle_seed2/kernel_output_entrycheck\entrycheck/init_armp/stdout.log
Output file downloaded to stage_b_armp/20260919T035455Z_kaggle_seed2/kernel_output_entrycheck\entrycheck/init_armp/training_log.jsonl
Output file downloaded to stage_b_armp/20260919T035455Z_kaggle_seed2/kernel_output_entrycheck\entrycheck/init_random/integrity_guard.json
Output file downloaded to stage_b_armp/20260919T035455Z_kaggle_seed2/kernel_output_entrycheck\entrycheck/init_random/p2a_best.pth
Output file downloaded to stage_b_armp/20260919T035455Z_kaggle_seed2/kernel_output_entrycheck\entrycheck/init_random/p2a_final.pth
Output file downloaded to stage_b_armp/20260919T035455Z_kaggle_seed2/kernel_output_entrycheck\entrycheck/init_random/p2a_record.json
Output file downloaded to stage_b_armp/20260919T035455Z_kaggle_seed2/kernel_output_entrycheck\entrycheck/init_random/stdout.log
Output file downloaded to stage_b_armp/20260919T035455Z_kaggle_seed2/kernel_output_entrycheck\entrycheck/init_random/training_log.jsonl
Output file downloaded to stage_b_armp/20260919T035455Z_kaggle_seed2/kernel_output_entrycheck\entrycheck_result.json
Output file downloaded to stage_b_armp/20260919T035455Z_kaggle_seed2/kernel_output_entrycheck\repo/checkpoints/armp_stage1_best.pth
Output file downloaded to stage_b_armp/20260919T035455Z_kaggle_seed2/kernel_output_entrycheck\repo/configs/seed2.json
Output file downloaded to stage_b_armp/20260919T035455Z_kaggle_seed2/kernel_output_entrycheck\repo/phase1/harness/__pycache__/determinism.cpython-312.pyc
Output file downloaded to stage_b_armp/20260919T035455Z_kaggle_seed2/kernel_output_entrycheck\repo/phase1/harness/determinism.py
Output file downloaded to stage_b_armp/20260919T035455Z_kaggle_seed2/kernel_output_entrycheck\repo/phase1/harness/frozen_eval.py
Output file downloaded to stage_b_armp/20260919T035455Z_kaggle_seed2/kernel_output_entrycheck\repo/phase1/runs/arm_v/arm_v_best.pth
Output file downloaded to stage_b_armp/20260919T035455Z_kaggle_seed2/kernel_output_entrycheck\repo/src/__init__.py
Output file downloaded to stage_b_armp/20260919T035455Z_kaggle_seed2/kernel_output_entrycheck\repo/src/__pycache__/__init__.cpython-312.pyc
Output file downloaded to stage_b_armp/20260919T035455Z_kaggle_seed2/kernel_output_entrycheck\repo/src/datasets/__init__.py
Output file downloaded to stage_b_armp/20260919T035455Z_kaggle_seed2/kernel_output_entrycheck\repo/src/datasets/__pycache__/__init__.cpython-312.pyc
Output file downloaded to stage_b_armp/20260919T035455Z_kaggle_seed2/kernel_output_entrycheck\repo/src/datasets/__pycache__/kitti2015.cpython-312.pyc
Output file downloaded to stage_b_armp/20260919T035455Z_kaggle_seed2/kernel_output_entrycheck\repo/src/datasets/kitti2015.py
Output file downloaded to stage_b_armp/20260919T035455Z_kaggle_seed2/kernel_output_entrycheck\repo/src/evaluation/__init__.py
Output file downloaded to stage_b_armp/20260919T035455Z_kaggle_seed2/kernel_output_entrycheck\repo/src/evaluation/__pycache__/__init__.cpython-312.pyc
Output file downloaded to stage_b_armp/20260919T035455Z_kaggle_seed2/kernel_output_entrycheck\repo/src/evaluation/__pycache__/metrics.cpython-312.pyc
Output file downloaded to stage_b_armp/20260919T035455Z_kaggle_seed2/kernel_output_entrycheck\repo/src/evaluation/metrics.py
Output file downloaded to stage_b_armp/20260919T035455Z_kaggle_seed2/kernel_output_entrycheck\repo/src/losses/__init__.py
Output file downloaded to stage_b_armp/20260919T035455Z_kaggle_seed2/kernel_output_entrycheck\repo/src/losses/__pycache__/__init__.cpython-312.pyc
Output file downloaded to stage_b_armp/20260919T035455Z_kaggle_seed2/kernel_output_entrycheck\repo/src/losses/__pycache__/disparity.cpython-312.pyc
Output file downloaded to stage_b_armp/20260919T035455Z_kaggle_seed2/kernel_output_entrycheck\repo/src/losses/disparity.py
Output file downloaded to stage_b_armp/20260919T035455Z_kaggle_seed2/kernel_output_entrycheck\repo/src/models/__init__.py
Output file downloaded to stage_b_armp/20260919T035455Z_kaggle_seed2/kernel_output_entrycheck\repo/src/models/__pycache__/__init__.cpython-312.pyc
Output file downloaded to stage_b_armp/20260919T035455Z_kaggle_seed2/kernel_output_entrycheck\repo/src/models/stereonet/__init__.py
Output file downloaded to stage_b_armp/20260919T035455Z_kaggle_seed2/kernel_output_entrycheck\repo/src/models/stereonet/__pycache__/__init__.cpython-312.pyc
Output file downloaded to stage_b_armp/20260919T035455Z_kaggle_seed2/kernel_output_entrycheck\repo/src/models/stereonet/__pycache__/aggregation.cpython-312.pyc
Output file downloaded to stage_b_armp/20260919T035455Z_kaggle_seed2/kernel_output_entrycheck\repo/src/models/stereonet/__pycache__/blocks.cpython-312.pyc
Output file downloaded to stage_b_armp/20260919T035455Z_kaggle_seed2/kernel_output_entrycheck\repo/src/models/stereonet/__pycache__/cost_volume.cpython-312.pyc
Output file downloaded to stage_b_armp/20260919T035455Z_kaggle_seed2/kernel_output_entrycheck\repo/src/models/stereonet/__pycache__/excitation.cpython-312.pyc
Output file downloaded to stage_b_armp/20260919T035455Z_kaggle_seed2/kernel_output_entrycheck\repo/src/models/stereonet/__pycache__/feature_extractor.cpython-312.pyc
Output file downloaded to stage_b_armp/20260919T035455Z_kaggle_seed2/kernel_output_entrycheck\repo/src/models/stereonet/__pycache__/refinement.cpython-312.pyc
Output file downloaded to stage_b_armp/20260919T035455Z_kaggle_seed2/kernel_output_entrycheck\repo/src/models/stereonet/__pycache__/regression.cpython-312.pyc
Output file downloaded to stage_b_armp/20260919T035455Z_kaggle_seed2/kernel_output_entrycheck\repo/src/models/stereonet/__pycache__/stereonet.cpython-312.pyc
Output file downloaded to stage_b_armp/20260919T035455Z_kaggle_seed2/kernel_output_entrycheck\repo/src/models/stereonet/aggregation.py
Output file downloaded to stage_b_armp/20260919T035455Z_kaggle_seed2/kernel_output_entrycheck\repo/src/models/stereonet/blocks.py
Output file downloaded to stage_b_armp/20260919T035455Z_kaggle_seed2/kernel_output_entrycheck\repo/src/models/stereonet/cost_volume.py
Output file downloaded to stage_b_armp/20260919T035455Z_kaggle_seed2/kernel_output_entrycheck\repo/src/models/stereonet/excitation.py
Output file downloaded to stage_b_armp/20260919T035455Z_kaggle_seed2/kernel_output_entrycheck\repo/src/models/stereonet/feature_extractor.py
Output file downloaded to stage_b_armp/20260919T035455Z_kaggle_seed2/kernel_output_entrycheck\repo/src/models/stereonet/refinement.py
Output file downloaded to stage_b_armp/20260919T035455Z_kaggle_seed2/kernel_output_entrycheck\repo/src/models/stereonet/regression.py
Output file downloaded to stage_b_armp/20260919T035455Z_kaggle_seed2/kernel_output_entrycheck\repo/src/models/stereonet/stereonet.py
Output file downloaded to stage_b_armp/20260919T035455Z_kaggle_seed2/kernel_output_entrycheck\repo/stage_b_armp/seed2/scripts/eval_tier2.py
Output file downloaded to stage_b_armp/20260919T035455Z_kaggle_seed2/kernel_output_entrycheck\repo/stage_b_armp/seed2/scripts/finetune_pilot.py
Output file downloaded to stage_b_armp/20260919T035455Z_kaggle_seed2/kernel_output_entrycheck\repo/stage_b_armp/seed2/scripts/run_arm.py
Output file downloaded to stage_b_armp/20260919T035455Z_kaggle_seed2/kernel_output_entrycheck\repo/stage_b_armp/seed2/scripts/run_pilot.py
Kernel log downloaded to stage_b_armp/20260919T035455Z_kaggle_seed2/kernel_output_entrycheck\arm-p-tier-2-seed-2-entrypoint-gate-fix-3.log 
