EXP-CORRESPONDENCE-GEOM-002
device=cuda torch=2.7.0+cu128 numpy=2.5.1
freeze verified: construction a9e8f250bfef4960 | mask b274ce037a1fbd69
scenes [1, 2, 3, 4] ['000161_10.png', '000162_10.png', '000163_10.png', '000164_10.png']
mask retained=145152 (frozen 145152) OK
done NEG_shift_none 000161_10.png Slope_h=-1.15218 Slope_v=-1.10121  m_h=7.603 2.563 2.558 2.628 2.724 2.627 2.537
done NEG_shift_none 000162_10.png Slope_h=-1.19685 Slope_v=-1.04768  m_h=7.603 2.456 2.477 2.482 2.457 2.406 2.340
done NEG_shift_none 000163_10.png Slope_h=-1.11143 Slope_v=-1.03473  m_h=7.603 2.793 2.809 2.851 2.853 2.781 2.708
done NEG_shift_none 000164_10.png Slope_h=-1.24684 Slope_v=-1.13572  m_h=7.603 2.228 2.229 2.236 2.214 2.191 2.166
done POS_6b_seed0   000161_10.png Slope_h=+1.20877 Slope_v=+1.28266  m_h=1.703 2.325 4.047 5.808 7.225 8.572 7.693
done POS_6b_seed0   000162_10.png Slope_h=+1.24266 Slope_v=+1.34247  m_h=1.604 2.331 4.034 5.811 7.287 8.584 7.810
done POS_6b_seed0   000163_10.png Slope_h=+1.24982 Slope_v=+1.38772  m_h=1.598 2.323 4.039 5.786 7.256 8.576 7.937
done POS_6b_seed0   000164_10.png Slope_h=+1.20757 Slope_v=+1.38362  m_h=1.624 2.332 4.035 5.807 7.243 8.504 7.448
done POS_6b_seed1   000161_10.png Slope_h=+0.87088 Slope_v=+0.85894  m_h=1.619 1.972 3.081 4.292 5.416 6.078 6.699
done POS_6b_seed1   000162_10.png Slope_h=+0.86377 Slope_v=+0.84611  m_h=1.627 1.965 3.066 4.276 5.411 6.064 6.646
done POS_6b_seed1   000163_10.png Slope_h=+0.86494 Slope_v=+0.86940  m_h=1.632 1.966 3.056 4.278 5.392 6.076 6.686
done POS_6b_seed1   000164_10.png Slope_h=+0.85277 Slope_v=+0.80595  m_h=1.655 1.962 3.058 4.260 5.383 6.051 6.619
done POS_6b_seed2   000161_10.png Slope_h=+1.00712 Slope_v=+1.14189  m_h=1.460 2.042 3.451 4.832 6.208 6.778 6.691
done POS_6b_seed2   000162_10.png Slope_h=+1.00355 Slope_v=+1.15883  m_h=1.454 2.038 3.456 4.840 6.242 6.733 6.624
done POS_6b_seed2   000163_10.png Slope_h=+1.03617 Slope_v=+1.21772  m_h=1.416 2.041 3.454 4.836 6.226 6.928 6.838
done POS_6b_seed2   000164_10.png Slope_h=+1.00277 Slope_v=+1.15175  m_h=1.429 2.045 3.445 4.831 6.190 6.775 6.535
forwards=208 (expected 208)
units PASS 3/12  C1=12 C2=4 C3=3 C4=12
VERDICT: SYNTHETIC-CORRESPONDENCE-NOT-DEMONSTRATED
wall_clock_s=13.66
