RUN arm=control init=random pid=22 cmd=['/usr/bin/python3', '/kaggle/working/repo/stage_b_armp/seed1/scripts/finetune_pilot.py', '--init', 'random', '--arm', 'control']
integrity guard: {"param_count": 397954, "param_count_ok": true, "all_ok": true}
init: {"source": "random", "note": "PyTorch defaults, random (P2A recipe)"}
/kaggle/working/repo/stage_b_armp/seed1/scripts/finetune_pilot.py:303: UserWarning: Converting a tensor with requires_grad=True to a scalar may lead to unexpected behavior.
Consider using tensor.detach() first. (Triggered internally at /pytorch/torch/csrc/autograd/generated/python_variable_methods.cpp:836.)
  epoch_loss += float(loss)
epoch   0 loss  12.3470 lr 1.00e-03 val EPE 18.874 D1 86.35%
epoch   1 loss  11.5789 lr 1.00e-03
epoch   2 loss  11.2718 lr 9.99e-04
epoch   3 loss  10.9979 lr 9.99e-04
epoch   4 loss   8.4319 lr 9.98e-04
epoch   5 loss   6.8108 lr 9.98e-04 val EPE 11.559 D1 73.46%
epoch   6 loss   6.4625 lr 9.97e-04
epoch   7 loss   5.7961 lr 9.96e-04
epoch   8 loss   7.0055 lr 9.95e-04
epoch   9 loss   5.4414 lr 9.94e-04
epoch  10 loss   4.5227 lr 9.93e-04 val EPE 7.468 D1 55.88%
epoch  11 loss   3.8722 lr 9.91e-04
epoch  12 loss   4.1485 lr 9.90e-04
epoch  13 loss   4.6970 lr 9.88e-04
epoch  14 loss   4.0329 lr 9.86e-04
epoch  15 loss   3.4528 lr 9.84e-04 val EPE 6.917 D1 58.84%
epoch  16 loss   3.6377 lr 9.82e-04
epoch  17 loss   3.6007 lr 9.80e-04
epoch  18 loss   3.3479 lr 9.78e-04
epoch  19 loss   3.1224 lr 9.76e-04
epoch  20 loss   3.0970 lr 9.73e-04 val EPE 5.292 D1 42.01%
epoch  21 loss   3.4475 lr 9.70e-04
epoch  22 loss   3.4258 lr 9.68e-04
epoch  23 loss   3.2636 lr 9.65e-04
epoch  24 loss   3.5615 lr 9.62e-04
epoch  25 loss   3.3263 lr 9.59e-04 val EPE 5.040 D1 38.95%
epoch  26 loss   2.9202 lr 9.56e-04
epoch  27 loss   3.5640 lr 9.52e-04
epoch  28 loss   3.1501 lr 9.49e-04
epoch  29 loss   3.4110 lr 9.46e-04
epoch  30 loss   2.7205 lr 9.42e-04 val EPE 4.687 D1 36.06%
epoch  31 loss   2.7265 lr 9.38e-04
epoch  32 loss   2.7183 lr 9.34e-04
epoch  33 loss   2.4259 lr 9.30e-04
epoch  34 loss   2.7681 lr 9.26e-04
epoch  35 loss   2.5996 lr 9.22e-04 val EPE 4.893 D1 43.80%
epoch  36 loss   2.5215 lr 9.18e-04
epoch  37 loss   2.2698 lr 9.14e-04
epoch  38 loss   2.5517 lr 9.09e-04
epoch  39 loss   2.5582 lr 9.05e-04
epoch  40 loss   2.3613 lr 9.00e-04 val EPE 4.275 D1 38.23%
epoch  41 loss   2.1582 lr 8.95e-04
epoch  42 loss   2.3544 lr 8.90e-04
epoch  43 loss   2.1929 lr 8.85e-04
epoch  44 loss   2.0747 lr 8.80e-04
epoch  45 loss   2.2707 lr 8.75e-04 val EPE 4.234 D1 39.74%
epoch  46 loss   2.2591 lr 8.70e-04
epoch  47 loss   2.3161 lr 8.64e-04
epoch  48 loss   2.4949 lr 8.59e-04
epoch  49 loss   2.0989 lr 8.54e-04
epoch  50 loss   1.8640 lr 8.48e-04 val EPE 2.973 D1 20.13%
epoch  51 loss   1.8939 lr 8.42e-04
epoch  52 loss   1.8165 lr 8.37e-04
epoch  53 loss   1.8689 lr 8.31e-04
epoch  54 loss   2.0653 lr 8.25e-04
epoch  55 loss   1.8688 lr 8.19e-04 val EPE 3.118 D1 22.18%
epoch  56 loss   2.2971 lr 8.13e-04
epoch  57 loss   2.0153 lr 8.06e-04
epoch  58 loss   2.0819 lr 8.00e-04
epoch  59 loss   2.1431 lr 7.94e-04
epoch  60 loss   1.9936 lr 7.88e-04 val EPE 3.114 D1 21.16%
epoch  61 loss   1.9847 lr 7.81e-04
epoch  62 loss   1.7858 lr 7.75e-04
epoch  63 loss   1.8088 lr 7.68e-04
epoch  64 loss   1.7909 lr 7.61e-04
epoch  65 loss   1.8304 lr 7.55e-04 val EPE 2.863 D1 20.30%
epoch  66 loss   1.8970 lr 7.48e-04
epoch  67 loss   1.8333 lr 7.41e-04
epoch  68 loss   2.1667 lr 7.34e-04
epoch  69 loss   2.1192 lr 7.27e-04
epoch  70 loss   1.7396 lr 7.20e-04 val EPE 2.805 D1 18.70%
epoch  71 loss   2.0816 lr 7.13e-04
epoch  72 loss   1.7380 lr 7.06e-04
epoch  73 loss   1.7153 lr 6.99e-04
epoch  74 loss   1.6536 lr 6.91e-04
epoch  75 loss   1.8620 lr 6.84e-04 val EPE 2.460 D1 16.33%
epoch  76 loss   1.7385 lr 6.77e-04
epoch  77 loss   1.6703 lr 6.69e-04
epoch  78 loss   1.3981 lr 6.62e-04
epoch  79 loss   1.5604 lr 6.55e-04
epoch  80 loss   1.4961 lr 6.47e-04 val EPE 2.631 D1 16.26%
epoch  81 loss   1.4661 lr 6.39e-04
epoch  82 loss   1.4538 lr 6.32e-04
epoch  83 loss   1.6617 lr 6.24e-04
epoch  84 loss   1.6386 lr 6.17e-04
epoch  85 loss   1.6438 lr 6.09e-04 val EPE 2.403 D1 15.39%
epoch  86 loss   1.6033 lr 6.01e-04
epoch  87 loss   1.7750 lr 5.94e-04
epoch  88 loss   1.4314 lr 5.86e-04
epoch  89 loss   1.5011 lr 5.78e-04
epoch  90 loss   1.9580 lr 5.70e-04 val EPE 3.538 D1 33.19%
epoch  91 loss   1.7039 lr 5.63e-04
epoch  92 loss   1.4096 lr 5.55e-04
epoch  93 loss   1.2613 lr 5.47e-04
epoch  94 loss   1.3010 lr 5.39e-04
epoch  95 loss   1.4431 lr 5.31e-04 val EPE 2.548 D1 15.11%
epoch  96 loss   1.4628 lr 5.24e-04
epoch  97 loss   1.6092 lr 5.16e-04
epoch  98 loss   1.3896 lr 5.08e-04
epoch  99 loss   1.3185 lr 5.00e-04
epoch 100 loss   1.8429 lr 4.92e-04 val EPE 2.405 D1 15.42%
epoch 101 loss   1.3525 lr 4.84e-04
epoch 102 loss   1.0810 lr 4.76e-04
epoch 103 loss   1.3148 lr 4.69e-04
epoch 104 loss   1.2735 lr 4.61e-04
epoch 105 loss   1.2517 lr 4.53e-04 val EPE 2.999 D1 19.69%
epoch 106 loss   1.2247 lr 4.45e-04
epoch 107 loss   1.0710 lr 4.37e-04
epoch 108 loss   1.2941 lr 4.30e-04
epoch 109 loss   1.3659 lr 4.22e-04
epoch 110 loss   1.3362 lr 4.14e-04 val EPE 2.174 D1 12.82%
epoch 111 loss   1.2560 lr 4.06e-04
epoch 112 loss   1.3847 lr 3.99e-04
epoch 113 loss   1.4956 lr 3.91e-04
epoch 114 loss   1.4479 lr 3.83e-04
epoch 115 loss   1.6088 lr 3.76e-04 val EPE 2.215 D1 14.17%
epoch 116 loss   1.1448 lr 3.68e-04
epoch 117 loss   1.6968 lr 3.61e-04
epoch 118 loss   1.3580 lr 3.53e-04
epoch 119 loss   1.2779 lr 3.45e-04
epoch 120 loss   1.4010 lr 3.38e-04 val EPE 2.271 D1 14.27%
epoch 121 loss   1.1601 lr 3.31e-04
epoch 122 loss   1.2807 lr 3.23e-04
epoch 123 loss   1.2252 lr 3.16e-04
epoch 124 loss   1.2455 lr 3.09e-04
epoch 125 loss   1.6444 lr 3.01e-04 val EPE 2.257 D1 14.30%
epoch 126 loss   1.5220 lr 2.94e-04
epoch 127 loss   1.1769 lr 2.87e-04
epoch 128 loss   1.0618 lr 2.80e-04
epoch 129 loss   1.1537 lr 2.73e-04
epoch 130 loss   1.3425 lr 2.66e-04 val EPE 2.247 D1 14.70%
epoch 131 loss   0.9298 lr 2.59e-04
epoch 132 loss   1.0160 lr 2.52e-04
epoch 133 loss   1.0400 lr 2.45e-04
epoch 134 loss   1.2886 lr 2.39e-04
epoch 135 loss   1.0982 lr 2.32e-04 val EPE 2.190 D1 13.18%
epoch 136 loss   1.0841 lr 2.25e-04
epoch 137 loss   1.1254 lr 2.19e-04
epoch 138 loss   1.1438 lr 2.12e-04
epoch 139 loss   1.1376 lr 2.06e-04
epoch 140 loss   1.1507 lr 2.00e-04 val EPE 2.220 D1 13.46%
epoch 141 loss   1.0022 lr 1.94e-04
epoch 142 loss   1.1161 lr 1.87e-04
epoch 143 loss   1.1529 lr 1.81e-04
epoch 144 loss   1.1119 lr 1.75e-04
epoch 145 loss   1.2517 lr 1.69e-04 val EPE 2.113 D1 13.30%
epoch 146 loss   1.1535 lr 1.63e-04
epoch 147 loss   1.0929 lr 1.58e-04
epoch 148 loss   1.0315 lr 1.52e-04
epoch 149 loss   1.0027 lr 1.46e-04
epoch 150 loss   0.9254 lr 1.41e-04 val EPE 2.132 D1 12.95%
epoch 151 loss   1.2133 lr 1.36e-04
epoch 152 loss   1.1253 lr 1.30e-04
epoch 153 loss   1.0459 lr 1.25e-04
epoch 154 loss   1.0594 lr 1.20e-04
epoch 155 loss   1.1549 lr 1.15e-04 val EPE 2.170 D1 13.47%
epoch 156 loss   1.0236 lr 1.10e-04
epoch 157 loss   1.0865 lr 1.05e-04
epoch 158 loss   1.0720 lr 1.00e-04
epoch 159 loss   1.0112 lr 9.55e-05
epoch 160 loss   0.9662 lr 9.09e-05 val EPE 2.025 D1 12.75%
epoch 161 loss   1.0663 lr 8.65e-05
epoch 162 loss   0.9627 lr 8.21e-05
epoch 163 loss   1.0126 lr 7.78e-05
epoch 164 loss   1.2494 lr 7.37e-05
epoch 165 loss   0.9234 lr 6.96e-05 val EPE 2.029 D1 11.96%
epoch 166 loss   1.0724 lr 6.57e-05
epoch 167 loss   1.2171 lr 6.18e-05
epoch 168 loss   1.0356 lr 5.81e-05
epoch 169 loss   0.8457 lr 5.45e-05
epoch 170 loss   1.0124 lr 5.10e-05 val EPE 1.931 D1 11.79%
epoch 171 loss   1.0737 lr 4.76e-05
epoch 172 loss   0.9450 lr 4.43e-05
epoch 173 loss   0.9554 lr 4.11e-05
epoch 174 loss   0.9439 lr 3.81e-05
epoch 175 loss   0.9828 lr 3.51e-05 val EPE 2.039 D1 12.16%
epoch 176 loss   1.1929 lr 3.23e-05
epoch 177 loss   1.0127 lr 2.96e-05
epoch 178 loss   1.1682 lr 2.70e-05
epoch 179 loss   0.8457 lr 2.45e-05
epoch 180 loss   0.9199 lr 2.21e-05 val EPE 2.024 D1 11.66%
epoch 181 loss   1.0004 lr 1.99e-05
epoch 182 loss   0.8133 lr 1.77e-05
epoch 183 loss   0.9777 lr 1.57e-05
epoch 184 loss   0.8859 lr 1.38e-05
epoch 185 loss   0.9138 lr 1.20e-05 val EPE 1.962 D1 11.48%
epoch 186 loss   0.9629 lr 1.04e-05
epoch 187 loss   0.8100 lr 8.86e-06
epoch 188 loss   0.9603 lr 7.45e-06
epoch 189 loss   1.1153 lr 6.16e-06
epoch 190 loss   0.9607 lr 4.99e-06 val EPE 2.026 D1 11.58%
epoch 191 loss   0.9425 lr 3.94e-06
epoch 192 loss   0.9965 lr 3.02e-06
epoch 193 loss   0.9254 lr 2.22e-06
epoch 194 loss   0.9386 lr 1.54e-06
epoch 195 loss   0.9252 lr 9.87e-07 val EPE 2.003 D1 11.58%
epoch 196 loss   1.0830 lr 5.55e-07
epoch 197 loss   0.9467 lr 2.47e-07
epoch 198 loss   0.9941 lr 6.17e-08
epoch 199 loss   1.0139 lr 0.00e+00 val EPE 1.996 D1 11.56%
P2A seed 1 done: wall 4522.1s best10 EPE 1.9309 @epoch 170
ARM control COMPLETE wall=4532.2s best10=1.9309@170 final_lr=0.00e+00
